  Determinando los proyectos que se van a restaurar...
  Todos los proyectos est├ín actualizados para la restauraci├│n.
  HealthPetsAPI -> C:\Users\betom\OneDrive\Escritorio\veterinaria\Helpetd2.0\HealthPetsAPI Back end\bin\Debug\net8.0\HealthPetsAPI.dll
C:\Users\betom\OneDrive\Escritorio\veterinaria\Helpetd2.0\HealthPetsfrontend\FrontEndHealthPets\pruevasession.xaml.cs(7,22): warning CS8981: El nombre de tipo 'pruevasession' solo contiene caracteres ASCII en min├║sculas. Estos nombres pueden quedar reservados para el idioma. [C:\Users\betom\OneDrive\Escritorio\veterinaria\Helpetd2.0\HealthPetsfrontend\FrontEndHealthPets\FrontEndHealthPets.csproj::TargetFramework=net8.0-maccatalyst]
C:\Users\betom\OneDrive\Escritorio\veterinaria\Helpetd2.0\HealthPetsfrontend\FrontEndHealthPets\obj\Debug\net8.0-maccatalyst\maccatalyst-x64\Microsoft.Maui.Controls.SourceGen\Microsoft.Maui.Controls.SourceGen.CodeBehindGenerator\pruevasession.xaml.sg.cs(15,23): warning CS8981: El nombre de tipo 'pruevasession' solo contiene caracteres ASCII en min├║sculas. Estos nombres pueden quedar reservados para el idioma. [C:\Users\betom\OneDrive\Escritorio\veterinaria\Helpetd2.0\HealthPetsfrontend\FrontEndHealthPets\FrontEndHealthPets.csproj::TargetFramework=net8.0-maccatalyst]
C:\Users\betom\OneDrive\Escritorio\veterinaria\Helpetd2.0\HealthPetsfrontend\FrontEndHealthPets\ViewModels\VetScheduleManagementViewModel.cs(168,23): warning CS8618: El elemento propiedad "DayName" que no acepta valores NULL debe contener un valor distinto de NULL al salir del constructor. Considere la posibilidad de agregar el modificador "required'"o declarar el propiedad como un valor que acepta valores NULL. [C:\Users\betom\OneDrive\Escritorio\veterinaria\Helpetd2.0\HealthPetsfrontend\FrontEndHealthPets\FrontEndHealthPets.csproj::TargetFramework=net8.0-maccatalyst]
C:\Users\betom\OneDrive\Escritorio\veterinaria\Helpetd2.0\HealthPetsfrontend\FrontEndHealthPets\ViewModels\VetScheduleManagementViewModel.cs(172,23): warning CS8618: El elemento propiedad "TimeRange" que no acepta valores NULL debe contener un valor distinto de NULL al salir del constructor. Considere la posibilidad de agregar el modificador "required'"o declarar el propiedad como un valor que acepta valores NULL. [C:\Users\betom\OneDrive\Escritorio\veterinaria\Helpetd2.0\HealthPetsfrontend\FrontEndHealthPets\FrontEndHealthPets.csproj::TargetFramework=net8.0-maccatalyst]
C:\Users\betom\OneDrive\Escritorio\veterinaria\Helpetd2.0\HealthPetsfrontend\FrontEndHealthPets\ViewModels\VetScheduleManagementViewModel.cs(173,23): warning CS8618: El elemento propiedad "SlotInfo" que no acepta valores NULL debe contener un valor distinto de NULL al salir del constructor. Considere la posibilidad de agregar el modificador "required'"o declarar el propiedad como un valor que acepta valores NULL. [C:\Users\betom\OneDrive\Escritorio\veterinaria\Helpetd2.0\HealthPetsfrontend\FrontEndHealthPets\FrontEndHealthPets.csproj::TargetFramework=net8.0-maccatalyst]
C:\Users\betom\OneDrive\Escritorio\veterinaria\Helpetd2.0\HealthPetsfrontend\FrontEndHealthPets\Datos\Pagina_Flyout_Items.cs(12,23): warning CS8618: El elemento propiedad "Titulo" que no acepta valores NULL debe contener un valor distinto de NULL al salir del constructor. Considere la posibilidad de agregar el modificador "required'"o declarar el propiedad como un valor que acepta valores NULL. [C:\Users\betom\OneDrive\Escritorio\veterinaria\Helpetd2.0\HealthPetsfrontend\FrontEndHealthPets\FrontEndHealthPets.csproj::TargetFramework=net8.0-maccatalyst]
C:\Users\betom\OneDrive\Escritorio\veterinaria\Helpetd2.0\HealthPetsfrontend\FrontEndHealthPets\Datos\Pagina_Flyout_Items.cs(14,23): warning CS8618: El elemento propiedad "Icono" que no acepta valores NULL debe contener un valor distinto de NULL al salir del constructor. Considere la posibilidad de agregar el modificador "required'"o declarar el propiedad como un valor que acepta valores NULL. [C:\Users\betom\OneDrive\Escritorio\veterinaria\Helpetd2.0\HealthPetsfrontend\FrontEndHealthPets\FrontEndHealthPets.csproj::TargetFramework=net8.0-maccatalyst]
C:\Users\betom\OneDrive\Escritorio\veterinaria\Helpetd2.0\HealthPetsfrontend\FrontEndHealthPets\Entidades\Response\Res_ObtenerBreeds.cs(12,49): warning CS8618: El elemento propiedad "Breeds" que no acepta valores NULL debe contener un valor distinto de NULL al salir del constructor. Considere la posibilidad de agregar el modificador "required'"o declarar el propiedad como un valor que acepta valores NULL. [C:\Users\betom\OneDrive\Escritorio\veterinaria\Helpetd2.0\HealthPetsfrontend\FrontEndHealthPets\FrontEndHealthPets.csproj::TargetFramework=net8.0-maccatalyst]
C:\Users\betom\OneDrive\Escritorio\veterinaria\Helpetd2.0\HealthPetsfrontend\FrontEndHealthPets\Entidades\Response\Res_Login.cs(13,33): warning CS8618: El elemento propiedad "Registro_Usuario" que no acepta valores NULL debe contener un valor distinto de NULL al salir del constructor. Considere la posibilidad de agregar el modificador "required'"o declarar el propiedad como un valor que acepta valores NULL. [C:\Users\betom\OneDrive\Escritorio\veterinaria\Helpetd2.0\HealthPetsfrontend\FrontEndHealthPets\FrontEndHealthPets.csproj::TargetFramework=net8.0-maccatalyst]
C:\Users\betom\OneDrive\Escritorio\veterinaria\Helpetd2.0\HealthPetsfrontend\FrontEndHealthPets\Entidades\Response\Res_Base.cs(14,23): warning CS8618: El elemento propiedad "Error" que no acepta valores NULL debe contener un valor distinto de NULL al salir del constructor. Considere la posibilidad de agregar el modificador "required'"o declarar el propiedad como un valor que acepta valores NULL. [C:\Users\betom\OneDrive\Escritorio\veterinaria\Helpetd2.0\HealthPetsfrontend\FrontEndHealthPets\FrontEndHealthPets.csproj::TargetFramework=net8.0-maccatalyst]
C:\Users\betom\OneDrive\Escritorio\veterinaria\Helpetd2.0\HealthPetsfrontend\FrontEndHealthPets\Entidades\Request\Req_Usuario.cs(12,33): warning CS8618: El elemento propiedad "registro_Usuario" que no acepta valores NULL debe contener un valor distinto de NULL al salir del constructor. Considere la posibilidad de agregar el modificador "required'"o declarar el propiedad como un valor que acepta valores NULL. [C:\Users\betom\OneDrive\Escritorio\veterinaria\Helpetd2.0\HealthPetsfrontend\FrontEndHealthPets\FrontEndHealthPets.csproj::TargetFramework=net8.0-maccatalyst]
C:\Users\betom\OneDrive\Escritorio\veterinaria\Helpetd2.0\HealthPetsfrontend\FrontEndHealthPets\Entidades\Request\Req_Login.cs(11,23): warning CS8618: El elemento propiedad "Correo_Electronico" que no acepta valores NULL debe contener un valor distinto de NULL al salir del constructor. Considere la posibilidad de agregar el modificador "required'"o declarar el propiedad como un valor que acepta valores NULL. [C:\Users\betom\OneDrive\Escritorio\veterinaria\Helpetd2.0\HealthPetsfrontend\FrontEndHealthPets\FrontEndHealthPets.csproj::TargetFramework=net8.0-maccatalyst]
C:\Users\betom\OneDrive\Escritorio\veterinaria\Helpetd2.0\HealthPetsfrontend\FrontEndHealthPets\Entidades\Request\Req_Login.cs(12,23): warning CS8618: El elemento propiedad "Contrasena" que no acepta valores NULL debe contener un valor distinto de NULL al salir del constructor. Considere la posibilidad de agregar el modificador "required'"o declarar el propiedad como un valor que acepta valores NULL. [C:\Users\betom\OneDrive\Escritorio\veterinaria\Helpetd2.0\HealthPetsfrontend\FrontEndHealthPets\FrontEndHealthPets.csproj::TargetFramework=net8.0-maccatalyst]
C:\Users\betom\OneDrive\Escritorio\veterinaria\Helpetd2.0\HealthPetsfrontend\FrontEndHealthPets\Entidades\Entitys\Registro_Usuario.cs(14,23): warning CS8618: El elemento propiedad "Nombre" que no acepta valores NULL debe contener un valor distinto de NULL al salir del constructor. Considere la posibilidad de agregar el modificador "required'"o declarar el propiedad como un valor que acepta valores NULL. [C:\Users\betom\OneDrive\Escritorio\veterinaria\Helpetd2.0\HealthPetsfrontend\FrontEndHealthPets\FrontEndHealthPets.csproj::TargetFramework=net8.0-maccatalyst]
C:\Users\betom\OneDrive\Escritorio\veterinaria\Helpetd2.0\HealthPetsfrontend\FrontEndHealthPets\Entidades\Entitys\Registro_Usuario.cs(15,23): warning CS8618: El elemento propiedad "Apellidos" que no acepta valores NULL debe contener un valor distinto de NULL al salir del constructor. Considere la posibilidad de agregar el modificador "required'"o declarar el propiedad como un valor que acepta valores NULL. [C:\Users\betom\OneDrive\Escritorio\veterinaria\Helpetd2.0\HealthPetsfrontend\FrontEndHealthPets\FrontEndHealthPets.csproj::TargetFramework=net8.0-maccatalyst]
C:\Users\betom\OneDrive\Escritorio\veterinaria\Helpetd2.0\HealthPetsfrontend\FrontEndHealthPets\Entidades\Entitys\Registro_Usuario.cs(16,23): warning CS8618: El elemento propiedad "Correo_Electronico" que no acepta valores NULL debe contener un valor distinto de NULL al salir del constructor. Considere la posibilidad de agregar el modificador "required'"o declarar el propiedad como un valor que acepta valores NULL. [C:\Users\betom\OneDrive\Escritorio\veterinaria\Helpetd2.0\HealthPetsfrontend\FrontEndHealthPets\FrontEndHealthPets.csproj::TargetFramework=net8.0-maccatalyst]
C:\Users\betom\OneDrive\Escritorio\veterinaria\Helpetd2.0\HealthPetsfrontend\FrontEndHealthPets\Entidades\Entitys\Registro_Usuario.cs(18,23): warning CS8618: El elemento propiedad "Confirmacion_Correo_Electronico" que no acepta valores NULL debe contener un valor distinto de NULL al salir del constructor. Considere la posibilidad de agregar el modificador "required'"o declarar el propiedad como un valor que acepta valores NULL. [C:\Users\betom\OneDrive\Escritorio\veterinaria\Helpetd2.0\HealthPetsfrontend\FrontEndHealthPets\FrontEndHealthPets.csproj::TargetFramework=net8.0-maccatalyst]
C:\Users\betom\OneDrive\Escritorio\veterinaria\Helpetd2.0\HealthPetsfrontend\FrontEndHealthPets\Entidades\Entitys\Registro_Usuario.cs(19,23): warning CS8618: El elemento propiedad "Password" que no acepta valores NULL debe contener un valor distinto de NULL al salir del constructor. Considere la posibilidad de agregar el modificador "required'"o declarar el propiedad como un valor que acepta valores NULL. [C:\Users\betom\OneDrive\Escritorio\veterinaria\Helpetd2.0\HealthPetsfrontend\FrontEndHealthPets\FrontEndHealthPets.csproj::TargetFramework=net8.0-maccatalyst]
C:\Users\betom\OneDrive\Escritorio\veterinaria\Helpetd2.0\HealthPetsfrontend\FrontEndHealthPets\Entidades\Entitys\Registro_Usuario.cs(21,23): warning CS8618: El elemento propiedad "Confirmar_Password" que no acepta valores NULL debe contener un valor distinto de NULL al salir del constructor. Considere la posibilidad de agregar el modificador "required'"o declarar el propiedad como un valor que acepta valores NULL. [C:\Users\betom\OneDrive\Escritorio\veterinaria\Helpetd2.0\HealthPetsfrontend\FrontEndHealthPets\FrontEndHealthPets.csproj::TargetFramework=net8.0-maccatalyst]
C:\Users\betom\OneDrive\Escritorio\veterinaria\Helpetd2.0\HealthPetsfrontend\FrontEndHealthPets\Entidades\Entitys\Registro_Usuario.cs(23,23): warning CS8618: El elemento propiedad "numero_verificacion" que no acepta valores NULL debe contener un valor distinto de NULL al salir del constructor. Considere la posibilidad de agregar el modificador "required'"o declarar el propiedad como un valor que acepta valores NULL. [C:\Users\betom\OneDrive\Escritorio\veterinaria\Helpetd2.0\HealthPetsfrontend\FrontEndHealthPets\FrontEndHealthPets.csproj::TargetFramework=net8.0-maccatalyst]
C:\Users\betom\OneDrive\Escritorio\veterinaria\Helpetd2.0\HealthPetsfrontend\FrontEndHealthPets\Entidades\Entitys\Registro_Usuario.cs(25,23): warning CS8618: El elemento propiedad "token" que no acepta valores NULL debe contener un valor distinto de NULL al salir del constructor. Considere la posibilidad de agregar el modificador "required'"o declarar el propiedad como un valor que acepta valores NULL. [C:\Users\betom\OneDrive\Escritorio\veterinaria\Helpetd2.0\HealthPetsfrontend\FrontEndHealthPets\FrontEndHealthPets.csproj::TargetFramework=net8.0-maccatalyst]
C:\Users\betom\OneDrive\Escritorio\veterinaria\Helpetd2.0\HealthPetsfrontend\FrontEndHealthPets\Entidades\Entitys\Razas_Perros.cs(12,23): warning CS8618: El elemento propiedad "Nombre" que no acepta valores NULL debe contener un valor distinto de NULL al salir del constructor. Considere la posibilidad de agregar el modificador "required'"o declarar el propiedad como un valor que acepta valores NULL. [C:\Users\betom\OneDrive\Escritorio\veterinaria\Helpetd2.0\HealthPetsfrontend\FrontEndHealthPets\FrontEndHealthPets.csproj::TargetFramework=net8.0-maccatalyst]
C:\Users\betom\OneDrive\Escritorio\veterinaria\Helpetd2.0\HealthPetsfrontend\FrontEndHealthPets\Entidades\Entitys\Razas_Perros.cs(13,23): warning CS8618: El elemento propiedad "Descripcion" que no acepta valores NULL debe contener un valor distinto de NULL al salir del constructor. Considere la posibilidad de agregar el modificador "required'"o declarar el propiedad como un valor que acepta valores NULL. [C:\Users\betom\OneDrive\Escritorio\veterinaria\Helpetd2.0\HealthPetsfrontend\FrontEndHealthPets\FrontEndHealthPets.csproj::TargetFramework=net8.0-maccatalyst]
C:\Users\betom\OneDrive\Escritorio\veterinaria\Helpetd2.0\HealthPetsfrontend\FrontEndHealthPets\Entidades\Entitys\Sesion.cs(12,30): warning CS8618: El elemento propiedad "nombre" que no acepta valores NULL debe contener un valor distinto de NULL al salir del constructor. Considere la posibilidad de agregar el modificador "required'"o declarar el propiedad como un valor que acepta valores NULL. [C:\Users\betom\OneDrive\Escritorio\veterinaria\Helpetd2.0\HealthPetsfrontend\FrontEndHealthPets\FrontEndHealthPets.csproj::TargetFramework=net8.0-maccatalyst]
C:\Users\betom\OneDrive\Escritorio\veterinaria\Helpetd2.0\HealthPetsfrontend\FrontEndHealthPets\Entidades\Entitys\Sesion.cs(13,30): warning CS8618: El elemento propiedad "apellidos" que no acepta valores NULL debe contener un valor distinto de NULL al salir del constructor. Considere la posibilidad de agregar el modificador "required'"o declarar el propiedad como un valor que acepta valores NULL. [C:\Users\betom\OneDrive\Escritorio\veterinaria\Helpetd2.0\HealthPetsfrontend\FrontEndHealthPets\FrontEndHealthPets.csproj::TargetFramework=net8.0-maccatalyst]
C:\Users\betom\OneDrive\Escritorio\veterinaria\Helpetd2.0\HealthPetsfrontend\FrontEndHealthPets\Entidades\Entitys\Sesion.cs(15,30): warning CS8618: El elemento propiedad "Correo_Electronico" que no acepta valores NULL debe contener un valor distinto de NULL al salir del constructor. Considere la posibilidad de agregar el modificador "required'"o declarar el propiedad como un valor que acepta valores NULL. [C:\Users\betom\OneDrive\Escritorio\veterinaria\Helpetd2.0\HealthPetsfrontend\FrontEndHealthPets\FrontEndHealthPets.csproj::TargetFramework=net8.0-maccatalyst]
C:\Users\betom\OneDrive\Escritorio\veterinaria\Helpetd2.0\HealthPetsfrontend\FrontEndHealthPets\Entidades\Entitys\Sesion.cs(17,30): warning CS8618: El elemento propiedad "Password" que no acepta valores NULL debe contener un valor distinto de NULL al salir del constructor. Considere la posibilidad de agregar el modificador "required'"o declarar el propiedad como un valor que acepta valores NULL. [C:\Users\betom\OneDrive\Escritorio\veterinaria\Helpetd2.0\HealthPetsfrontend\FrontEndHealthPets\FrontEndHealthPets.csproj::TargetFramework=net8.0-maccatalyst]
C:\Users\betom\OneDrive\Escritorio\veterinaria\Helpetd2.0\HealthPetsfrontend\FrontEndHealthPets\Entidades\Entitys\Sesion.cs(19,30): warning CS8618: El elemento propiedad "token" que no acepta valores NULL debe contener un valor distinto de NULL al salir del constructor. Considere la posibilidad de agregar el modificador "required'"o declarar el propiedad como un valor que acepta valores NULL. [C:\Users\betom\OneDrive\Escritorio\veterinaria\Helpetd2.0\HealthPetsfrontend\FrontEndHealthPets\FrontEndHealthPets.csproj::TargetFramework=net8.0-maccatalyst]
C:\Users\betom\OneDrive\Escritorio\veterinaria\Helpetd2.0\HealthPetsfrontend\FrontEndHealthPets\ViewModels\VetScheduleManagementViewModel.cs(76,23): warning CS8602: Desreferencia de una referencia posiblemente NULL. [C:\Users\betom\OneDrive\Escritorio\veterinaria\Helpetd2.0\HealthPetsfrontend\FrontEndHealthPets\FrontEndHealthPets.csproj::TargetFramework=net8.0-maccatalyst]
C:\Users\betom\OneDrive\Escritorio\veterinaria\Helpetd2.0\HealthPetsfrontend\FrontEndHealthPets\ViewModels\VetScheduleManagementViewModel.cs(76,23): warning CS8602: Desreferencia de una referencia posiblemente NULL. [C:\Users\betom\OneDrive\Escritorio\veterinaria\Helpetd2.0\HealthPetsfrontend\FrontEndHealthPets\FrontEndHealthPets.csproj::TargetFramework=net8.0-maccatalyst]
C:\Users\betom\OneDrive\Escritorio\veterinaria\Helpetd2.0\HealthPetsfrontend\FrontEndHealthPets\ViewModels\VetScheduleManagementViewModel.cs(89,23): warning CS8602: Desreferencia de una referencia posiblemente NULL. [C:\Users\betom\OneDrive\Escritorio\veterinaria\Helpetd2.0\HealthPetsfrontend\FrontEndHealthPets\FrontEndHealthPets.csproj::TargetFramework=net8.0-maccatalyst]
C:\Users\betom\OneDrive\Escritorio\veterinaria\Helpetd2.0\HealthPetsfrontend\FrontEndHealthPets\ViewModels\VetScheduleManagementViewModel.cs(89,23): warning CS8602: Desreferencia de una referencia posiblemente NULL. [C:\Users\betom\OneDrive\Escritorio\veterinaria\Helpetd2.0\HealthPetsfrontend\FrontEndHealthPets\FrontEndHealthPets.csproj::TargetFramework=net8.0-maccatalyst]
C:\Users\betom\OneDrive\Escritorio\veterinaria\Helpetd2.0\HealthPetsfrontend\FrontEndHealthPets\ViewModels\VetScheduleManagementViewModel.cs(95,23): warning CS8602: Desreferencia de una referencia posiblemente NULL. [C:\Users\betom\OneDrive\Escritorio\veterinaria\Helpetd2.0\HealthPetsfrontend\FrontEndHealthPets\FrontEndHealthPets.csproj::TargetFramework=net8.0-maccatalyst]
C:\Users\betom\OneDrive\Escritorio\veterinaria\Helpetd2.0\HealthPetsfrontend\FrontEndHealthPets\ViewModels\VetScheduleManagementViewModel.cs(95,23): warning CS8602: Desreferencia de una referencia posiblemente NULL. [C:\Users\betom\OneDrive\Escritorio\veterinaria\Helpetd2.0\HealthPetsfrontend\FrontEndHealthPets\FrontEndHealthPets.csproj::TargetFramework=net8.0-maccatalyst]
C:\Users\betom\OneDrive\Escritorio\veterinaria\Helpetd2.0\HealthPetsfrontend\FrontEndHealthPets\ViewModels\VetScheduleManagementViewModel.cs(108,27): warning CS8602: Desreferencia de una referencia posiblemente NULL. [C:\Users\betom\OneDrive\Escritorio\veterinaria\Helpetd2.0\HealthPetsfrontend\FrontEndHealthPets\FrontEndHealthPets.csproj::TargetFramework=net8.0-maccatalyst]
C:\Users\betom\OneDrive\Escritorio\veterinaria\Helpetd2.0\HealthPetsfrontend\FrontEndHealthPets\ViewModels\VetScheduleManagementViewModel.cs(108,27): warning CS8602: Desreferencia de una referencia posiblemente NULL. [C:\Users\betom\OneDrive\Escritorio\veterinaria\Helpetd2.0\HealthPetsfrontend\FrontEndHealthPets\FrontEndHealthPets.csproj::TargetFramework=net8.0-maccatalyst]
C:\Users\betom\OneDrive\Escritorio\veterinaria\Helpetd2.0\HealthPetsfrontend\FrontEndHealthPets\ViewModels\VetScheduleManagementViewModel.cs(113,27): warning CS8602: Desreferencia de una referencia posiblemente NULL. [C:\Users\betom\OneDrive\Escritorio\veterinaria\Helpetd2.0\HealthPetsfrontend\FrontEndHealthPets\FrontEndHealthPets.csproj::TargetFramework=net8.0-maccatalyst]
C:\Users\betom\OneDrive\Escritorio\veterinaria\Helpetd2.0\HealthPetsfrontend\FrontEndHealthPets\ViewModels\VetScheduleManagementViewModel.cs(113,27): warning CS8602: Desreferencia de una referencia posiblemente NULL. [C:\Users\betom\OneDrive\Escritorio\veterinaria\Helpetd2.0\HealthPetsfrontend\FrontEndHealthPets\FrontEndHealthPets.csproj::TargetFramework=net8.0-maccatalyst]
C:\Users\betom\OneDrive\Escritorio\veterinaria\Helpetd2.0\HealthPetsfrontend\FrontEndHealthPets\ViewModels\VetScheduleManagementViewModel.cs(118,23): warning CS8602: Desreferencia de una referencia posiblemente NULL. [C:\Users\betom\OneDrive\Escritorio\veterinaria\Helpetd2.0\HealthPetsfrontend\FrontEndHealthPets\FrontEndHealthPets.csproj::TargetFramework=net8.0-maccatalyst]
C:\Users\betom\OneDrive\Escritorio\veterinaria\Helpetd2.0\HealthPetsfrontend\FrontEndHealthPets\ViewModels\VetScheduleManagementViewModel.cs(118,23): warning CS8602: Desreferencia de una referencia posiblemente NULL. [C:\Users\betom\OneDrive\Escritorio\veterinaria\Helpetd2.0\HealthPetsfrontend\FrontEndHealthPets\FrontEndHealthPets.csproj::TargetFramework=net8.0-maccatalyst]
C:\Users\betom\OneDrive\Escritorio\veterinaria\Helpetd2.0\HealthPetsfrontend\FrontEndHealthPets\ViewModels\VetScheduleManagementViewModel.cs(131,34): warning CS8602: Desreferencia de una referencia posiblemente NULL. [C:\Users\betom\OneDrive\Escritorio\veterinaria\Helpetd2.0\HealthPetsfrontend\FrontEndHealthPets\FrontEndHealthPets.csproj::TargetFramework=net8.0-maccatalyst]
C:\Users\betom\OneDrive\Escritorio\veterinaria\Helpetd2.0\HealthPetsfrontend\FrontEndHealthPets\ViewModels\VetScheduleManagementViewModel.cs(131,34): warning CS8602: Desreferencia de una referencia posiblemente NULL. [C:\Users\betom\OneDrive\Escritorio\veterinaria\Helpetd2.0\HealthPetsfrontend\FrontEndHealthPets\FrontEndHealthPets.csproj::TargetFramework=net8.0-maccatalyst]
C:\Users\betom\OneDrive\Escritorio\veterinaria\Helpetd2.0\HealthPetsfrontend\FrontEndHealthPets\ViewModels\VetProfileEditViewModel.cs(34,16): warning CS8618: El elemento campo "name" que no acepta valores NULL debe contener un valor distinto de NULL al salir del constructor. Considere la posibilidad de agregar el modificador "required'"o declarar el campo como un valor que acepta valores NULL. [C:\Users\betom\OneDrive\Escritorio\veterinaria\Helpetd2.0\HealthPetsfrontend\FrontEndHealthPets\FrontEndHealthPets.csproj::TargetFramework=net8.0-maccatalyst]
C:\Users\betom\OneDrive\Escritorio\veterinaria\Helpetd2.0\HealthPetsfrontend\FrontEndHealthPets\ViewModels\VetProfileEditViewModel.cs(34,16): warning CS8618: El elemento campo "specialty" que no acepta valores NULL debe contener un valor distinto de NULL al salir del constructor. Considere la posibilidad de agregar el modificador "required'"o declarar el campo como un valor que acepta valores NULL. [C:\Users\betom\OneDrive\Escritorio\veterinaria\Helpetd2.0\HealthPetsfrontend\FrontEndHealthPets\FrontEndHealthPets.csproj::TargetFramework=net8.0-maccatalyst]
C:\Users\betom\OneDrive\Escritorio\veterinaria\Helpetd2.0\HealthPetsfrontend\FrontEndHealthPets\ViewModels\VetProfileEditViewModel.cs(34,16): warning CS8618: El elemento campo "description" que no acepta valores NULL debe contener un valor distinto de NULL al salir del constructor. Considere la posibilidad de agregar el modificador "required'"o declarar el campo como un valor que acepta valores NULL. [C:\Users\betom\OneDrive\Escritorio\veterinaria\Helpetd2.0\HealthPetsfrontend\FrontEndHealthPets\FrontEndHealthPets.csproj::TargetFramework=net8.0-maccatalyst]
C:\Users\betom\OneDrive\Escritorio\veterinaria\Helpetd2.0\HealthPetsfrontend\FrontEndHealthPets\ViewModels\VetProfileEditViewModel.cs(34,16): warning CS8618: El elemento campo "phone" que no acepta valores NULL debe contener un valor distinto de NULL al salir del constructor. Considere la posibilidad de agregar el modificador "required'"o declarar el campo como un valor que acepta valores NULL. [C:\Users\betom\OneDrive\Escritorio\veterinaria\Helpetd2.0\HealthPetsfrontend\FrontEndHealthPets\FrontEndHealthPets.csproj::TargetFramework=net8.0-maccatalyst]
C:\Users\betom\OneDrive\Escritorio\veterinaria\Helpetd2.0\HealthPetsfrontend\FrontEndHealthPets\ViewModels\VetProfileEditViewModel.cs(34,16): warning CS8618: El elemento campo "consultationPrice" que no acepta valores NULL debe contener un valor distinto de NULL al salir del constructor. Considere la posibilidad de agregar el modificador "required'"o declarar el campo como un valor que acepta valores NULL. [C:\Users\betom\OneDrive\Escritorio\veterinaria\Helpetd2.0\HealthPetsfrontend\FrontEndHealthPets\FrontEndHealthPets.csproj::TargetFramework=net8.0-maccatalyst]
C:\Users\betom\OneDrive\Escritorio\veterinaria\Helpetd2.0\HealthPetsfrontend\FrontEndHealthPets\ViewModels\VetProfileEditViewModel.cs(34,16): warning CS8618: El elemento campo "profileImageUrl" que no acepta valores NULL debe contener un valor distinto de NULL al salir del constructor. Considere la posibilidad de agregar el modificador "required'"o declarar el campo como un valor que acepta valores NULL. [C:\Users\betom\OneDrive\Escritorio\veterinaria\Helpetd2.0\HealthPetsfrontend\FrontEndHealthPets\FrontEndHealthPets.csproj::TargetFramework=net8.0-maccatalyst]
C:\Users\betom\OneDrive\Escritorio\veterinaria\Helpetd2.0\HealthPetsfrontend\FrontEndHealthPets\Modelos\DogApiService.cs(22,20): warning CS8603: Posible tipo de valor devuelto de referencia nulo. [C:\Users\betom\OneDrive\Escritorio\veterinaria\Helpetd2.0\HealthPetsfrontend\FrontEndHealthPets\FrontEndHealthPets.csproj::TargetFramework=net8.0-maccatalyst]
C:\Users\betom\OneDrive\Escritorio\veterinaria\Helpetd2.0\HealthPetsfrontend\FrontEndHealthPets\Modelos\DogApiService.cs(29,20): warning CS8603: Posible tipo de valor devuelto de referencia nulo. [C:\Users\betom\OneDrive\Escritorio\veterinaria\Helpetd2.0\HealthPetsfrontend\FrontEndHealthPets\FrontEndHealthPets.csproj::TargetFramework=net8.0-maccatalyst]
C:\Users\betom\OneDrive\Escritorio\veterinaria\Helpetd2.0\HealthPetsfrontend\FrontEndHealthPets\ViewModels\VetProfileEditViewModel.cs(60,33): warning CS8601: Posible asignaci├│n de referencia nula. [C:\Users\betom\OneDrive\Escritorio\veterinaria\Helpetd2.0\HealthPetsfrontend\FrontEndHealthPets\FrontEndHealthPets.csproj::TargetFramework=net8.0-maccatalyst]
C:\Users\betom\OneDrive\Escritorio\veterinaria\Helpetd2.0\HealthPetsfrontend\FrontEndHealthPets\ViewModels\VetProfileEditViewModel.cs(61,35): warning CS8601: Posible asignaci├│n de referencia nula. [C:\Users\betom\OneDrive\Escritorio\veterinaria\Helpetd2.0\HealthPetsfrontend\FrontEndHealthPets\FrontEndHealthPets.csproj::TargetFramework=net8.0-maccatalyst]
C:\Users\betom\OneDrive\Escritorio\veterinaria\Helpetd2.0\HealthPetsfrontend\FrontEndHealthPets\ViewModels\VetProfileEditViewModel.cs(62,29): warning CS8601: Posible asignaci├│n de referencia nula. [C:\Users\betom\OneDrive\Escritorio\veterinaria\Helpetd2.0\HealthPetsfrontend\FrontEndHealthPets\FrontEndHealthPets.csproj::TargetFramework=net8.0-maccatalyst]
C:\Users\betom\OneDrive\Escritorio\veterinaria\Helpetd2.0\HealthPetsfrontend\FrontEndHealthPets\ViewModels\VetProfileEditViewModel.cs(64,39): warning CS8601: Posible asignaci├│n de referencia nula. [C:\Users\betom\OneDrive\Escritorio\veterinaria\Helpetd2.0\HealthPetsfrontend\FrontEndHealthPets\FrontEndHealthPets.csproj::TargetFramework=net8.0-maccatalyst]
C:\Users\betom\OneDrive\Escritorio\veterinaria\Helpetd2.0\HealthPetsfrontend\FrontEndHealthPets\Modelos\UsuarioViewModel.cs(12,23): warning CS8618: El elemento propiedad "Nombre" que no acepta valores NULL debe contener un valor distinto de NULL al salir del constructor. Considere la posibilidad de agregar el modificador "required'"o declarar el propiedad como un valor que acepta valores NULL. [C:\Users\betom\OneDrive\Escritorio\veterinaria\Helpetd2.0\HealthPetsfrontend\FrontEndHealthPets\FrontEndHealthPets.csproj::TargetFramework=net8.0-maccatalyst]
C:\Users\betom\OneDrive\Escritorio\veterinaria\Helpetd2.0\HealthPetsfrontend\FrontEndHealthPets\Modelos\UsuarioViewModel.cs(13,23): warning CS8618: El elemento propiedad "Apellido" que no acepta valores NULL debe contener un valor distinto de NULL al salir del constructor. Considere la posibilidad de agregar el modificador "required'"o declarar el propiedad como un valor que acepta valores NULL. [C:\Users\betom\OneDrive\Escritorio\veterinaria\Helpetd2.0\HealthPetsfrontend\FrontEndHealthPets\FrontEndHealthPets.csproj::TargetFramework=net8.0-maccatalyst]
C:\Users\betom\OneDrive\Escritorio\veterinaria\Helpetd2.0\HealthPetsfrontend\FrontEndHealthPets\Modelos\UsuarioViewModel.cs(14,23): warning CS8618: El elemento propiedad "CorreoElectronico" que no acepta valores NULL debe contener un valor distinto de NULL al salir del constructor. Considere la posibilidad de agregar el modificador "required'"o declarar el propiedad como un valor que acepta valores NULL. [C:\Users\betom\OneDrive\Escritorio\veterinaria\Helpetd2.0\HealthPetsfrontend\FrontEndHealthPets\FrontEndHealthPets.csproj::TargetFramework=net8.0-maccatalyst]
C:\Users\betom\OneDrive\Escritorio\veterinaria\Helpetd2.0\HealthPetsfrontend\FrontEndHealthPets\Modelos\UsuarioViewModel.cs(16,23): warning CS8618: El elemento propiedad "Password" que no acepta valores NULL debe contener un valor distinto de NULL al salir del constructor. Considere la posibilidad de agregar el modificador "required'"o declarar el propiedad como un valor que acepta valores NULL. [C:\Users\betom\OneDrive\Escritorio\veterinaria\Helpetd2.0\HealthPetsfrontend\FrontEndHealthPets\FrontEndHealthPets.csproj::TargetFramework=net8.0-maccatalyst]
C:\Users\betom\OneDrive\Escritorio\veterinaria\Helpetd2.0\HealthPetsfrontend\FrontEndHealthPets\Modelos\UsuarioViewModel.cs(18,23): warning CS8618: El elemento propiedad "Passwoord" que no acepta valores NULL debe contener un valor distinto de NULL al salir del constructor. Considere la posibilidad de agregar el modificador "required'"o declarar el propiedad como un valor que acepta valores NULL. [C:\Users\betom\OneDrive\Escritorio\veterinaria\Helpetd2.0\HealthPetsfrontend\FrontEndHealthPets\FrontEndHealthPets.csproj::TargetFramework=net8.0-maccatalyst]
C:\Users\betom\OneDrive\Escritorio\veterinaria\Helpetd2.0\HealthPetsfrontend\FrontEndHealthPets\ViewModels\VetProfileEditViewModel.cs(109,31): warning CS8602: Desreferencia de una referencia posiblemente NULL. [C:\Users\betom\OneDrive\Escritorio\veterinaria\Helpetd2.0\HealthPetsfrontend\FrontEndHealthPets\FrontEndHealthPets.csproj::TargetFramework=net8.0-maccatalyst]
C:\Users\betom\OneDrive\Escritorio\veterinaria\Helpetd2.0\HealthPetsfrontend\FrontEndHealthPets\ViewModels\VetProfileEditViewModel.cs(109,31): warning CS8602: Desreferencia de una referencia posiblemente NULL. [C:\Users\betom\OneDrive\Escritorio\veterinaria\Helpetd2.0\HealthPetsfrontend\FrontEndHealthPets\FrontEndHealthPets.csproj::TargetFramework=net8.0-maccatalyst]
C:\Users\betom\OneDrive\Escritorio\veterinaria\Helpetd2.0\HealthPetsfrontend\FrontEndHealthPets\ViewModels\VetProfileEditViewModel.cs(113,31): warning CS8602: Desreferencia de una referencia posiblemente NULL. [C:\Users\betom\OneDrive\Escritorio\veterinaria\Helpetd2.0\HealthPetsfrontend\FrontEndHealthPets\FrontEndHealthPets.csproj::TargetFramework=net8.0-maccatalyst]
C:\Users\betom\OneDrive\Escritorio\veterinaria\Helpetd2.0\HealthPetsfrontend\FrontEndHealthPets\ViewModels\VetProfileEditViewModel.cs(113,31): warning CS8602: Desreferencia de una referencia posiblemente NULL. [C:\Users\betom\OneDrive\Escritorio\veterinaria\Helpetd2.0\HealthPetsfrontend\FrontEndHealthPets\FrontEndHealthPets.csproj::TargetFramework=net8.0-maccatalyst]
C:\Users\betom\OneDrive\Escritorio\veterinaria\Helpetd2.0\HealthPetsfrontend\FrontEndHealthPets\ViewModels\VetProfileEditViewModel.cs(119,23): warning CS8602: Desreferencia de una referencia posiblemente NULL. [C:\Users\betom\OneDrive\Escritorio\veterinaria\Helpetd2.0\HealthPetsfrontend\FrontEndHealthPets\FrontEndHealthPets.csproj::TargetFramework=net8.0-maccatalyst]
C:\Users\betom\OneDrive\Escritorio\veterinaria\Helpetd2.0\HealthPetsfrontend\FrontEndHealthPets\ViewModels\VetProfileEditViewModel.cs(119,23): warning CS8602: Desreferencia de una referencia posiblemente NULL. [C:\Users\betom\OneDrive\Escritorio\veterinaria\Helpetd2.0\HealthPetsfrontend\FrontEndHealthPets\FrontEndHealthPets.csproj::TargetFramework=net8.0-maccatalyst]
C:\Users\betom\OneDrive\Escritorio\veterinaria\Helpetd2.0\HealthPetsfrontend\FrontEndHealthPets\ViewModels\VetProfileEditViewModel.cs(132,23): warning CS8602: Desreferencia de una referencia posiblemente NULL. [C:\Users\betom\OneDrive\Escritorio\veterinaria\Helpetd2.0\HealthPetsfrontend\FrontEndHealthPets\FrontEndHealthPets.csproj::TargetFramework=net8.0-maccatalyst]
C:\Users\betom\OneDrive\Escritorio\veterinaria\Helpetd2.0\HealthPetsfrontend\FrontEndHealthPets\ViewModels\VetProfileEditViewModel.cs(132,23): warning CS8602: Desreferencia de una referencia posiblemente NULL. [C:\Users\betom\OneDrive\Escritorio\veterinaria\Helpetd2.0\HealthPetsfrontend\FrontEndHealthPets\FrontEndHealthPets.csproj::TargetFramework=net8.0-maccatalyst]
C:\Users\betom\OneDrive\Escritorio\veterinaria\Helpetd2.0\HealthPetsfrontend\FrontEndHealthPets\ViewModels\VetProfileEditViewModel.cs(148,27): warning CS8602: Desreferencia de una referencia posiblemente NULL. [C:\Users\betom\OneDrive\Escritorio\veterinaria\Helpetd2.0\HealthPetsfrontend\FrontEndHealthPets\FrontEndHealthPets.csproj::TargetFramework=net8.0-maccatalyst]
C:\Users\betom\OneDrive\Escritorio\veterinaria\Helpetd2.0\HealthPetsfrontend\FrontEndHealthPets\ViewModels\VetProfileEditViewModel.cs(148,27): warning CS8602: Desreferencia de una referencia posiblemente NULL. [C:\Users\betom\OneDrive\Escritorio\veterinaria\Helpetd2.0\HealthPetsfrontend\FrontEndHealthPets\FrontEndHealthPets.csproj::TargetFramework=net8.0-maccatalyst]
C:\Users\betom\OneDrive\Escritorio\veterinaria\Helpetd2.0\HealthPetsfrontend\FrontEndHealthPets\ViewModels\VetProfileEditViewModel.cs(152,27): warning CS8602: Desreferencia de una referencia posiblemente NULL. [C:\Users\betom\OneDrive\Escritorio\veterinaria\Helpetd2.0\HealthPetsfrontend\FrontEndHealthPets\FrontEndHealthPets.csproj::TargetFramework=net8.0-maccatalyst]
C:\Users\betom\OneDrive\Escritorio\veterinaria\Helpetd2.0\HealthPetsfrontend\FrontEndHealthPets\ViewModels\VetProfileEditViewModel.cs(152,27): warning CS8602: Desreferencia de una referencia posiblemente NULL. [C:\Users\betom\OneDrive\Escritorio\veterinaria\Helpetd2.0\HealthPetsfrontend\FrontEndHealthPets\FrontEndHealthPets.csproj::TargetFramework=net8.0-maccatalyst]
C:\Users\betom\OneDrive\Escritorio\veterinaria\Helpetd2.0\HealthPetsfrontend\FrontEndHealthPets\ViewModels\VetProfileEditViewModel.cs(157,23): warning CS8602: Desreferencia de una referencia posiblemente NULL. [C:\Users\betom\OneDrive\Escritorio\veterinaria\Helpetd2.0\HealthPetsfrontend\FrontEndHealthPets\FrontEndHealthPets.csproj::TargetFramework=net8.0-maccatalyst]
C:\Users\betom\OneDrive\Escritorio\veterinaria\Helpetd2.0\HealthPetsfrontend\FrontEndHealthPets\ViewModels\VetProfileEditViewModel.cs(157,23): warning CS8602: Desreferencia de una referencia posiblemente NULL. [C:\Users\betom\OneDrive\Escritorio\veterinaria\Helpetd2.0\HealthPetsfrontend\FrontEndHealthPets\FrontEndHealthPets.csproj::TargetFramework=net8.0-maccatalyst]
C:\Users\betom\OneDrive\Escritorio\veterinaria\Helpetd2.0\HealthPetsfrontend\FrontEndHealthPets\Models\VetSchedule.cs(18,23): warning CS8618: El elemento propiedad "DayName" que no acepta valores NULL debe contener un valor distinto de NULL al salir del constructor. Considere la posibilidad de agregar el modificador "required'"o declarar el propiedad como un valor que acepta valores NULL. [C:\Users\betom\OneDrive\Escritorio\veterinaria\Helpetd2.0\HealthPetsfrontend\FrontEndHealthPets\FrontEndHealthPets.csproj::TargetFramework=net8.0-maccatalyst]
C:\Users\betom\OneDrive\Escritorio\veterinaria\Helpetd2.0\HealthPetsfrontend\FrontEndHealthPets\Models\Veterinarian.cs(12,23): warning CS8618: El elemento propiedad "Name" que no acepta valores NULL debe contener un valor distinto de NULL al salir del constructor. Considere la posibilidad de agregar el modificador "required'"o declarar el propiedad como un valor que acepta valores NULL. [C:\Users\betom\OneDrive\Escritorio\veterinaria\Helpetd2.0\HealthPetsfrontend\FrontEndHealthPets\FrontEndHealthPets.csproj::TargetFramework=net8.0-maccatalyst]
C:\Users\betom\OneDrive\Escritorio\veterinaria\Helpetd2.0\HealthPetsfrontend\FrontEndHealthPets\Models\Veterinarian.cs(15,23): warning CS8618: El elemento propiedad "Email" que no acepta valores NULL debe contener un valor distinto de NULL al salir del constructor. Considere la posibilidad de agregar el modificador "required'"o declarar el propiedad como un valor que acepta valores NULL. [C:\Users\betom\OneDrive\Escritorio\veterinaria\Helpetd2.0\HealthPetsfrontend\FrontEndHealthPets\FrontEndHealthPets.csproj::TargetFramework=net8.0-maccatalyst]
C:\Users\betom\OneDrive\Escritorio\veterinaria\Helpetd2.0\HealthPetsfrontend\FrontEndHealthPets\Models\VetAppointment.cs(15,23): warning CS8618: El elemento propiedad "VeterinarianName" que no acepta valores NULL debe contener un valor distinto de NULL al salir del constructor. Considere la posibilidad de agregar el modificador "required'"o declarar el propiedad como un valor que acepta valores NULL. [C:\Users\betom\OneDrive\Escritorio\veterinaria\Helpetd2.0\HealthPetsfrontend\FrontEndHealthPets\FrontEndHealthPets.csproj::TargetFramework=net8.0-maccatalyst]
C:\Users\betom\OneDrive\Escritorio\veterinaria\Helpetd2.0\HealthPetsfrontend\FrontEndHealthPets\Models\VetAppointment.cs(21,23): warning CS8618: El elemento propiedad "UserName" que no acepta valores NULL debe contener un valor distinto de NULL al salir del constructor. Considere la posibilidad de agregar el modificador "required'"o declarar el propiedad como un valor que acepta valores NULL. [C:\Users\betom\OneDrive\Escritorio\veterinaria\Helpetd2.0\HealthPetsfrontend\FrontEndHealthPets\FrontEndHealthPets.csproj::TargetFramework=net8.0-maccatalyst]
C:\Users\betom\OneDrive\Escritorio\veterinaria\Helpetd2.0\HealthPetsfrontend\FrontEndHealthPets\Models\VetAppointment.cs(33,23): warning CS8618: El elemento propiedad "Status" que no acepta valores NULL debe contener un valor distinto de NULL al salir del constructor. Considere la posibilidad de agregar el modificador "required'"o declarar el propiedad como un valor que acepta valores NULL. [C:\Users\betom\OneDrive\Escritorio\veterinaria\Helpetd2.0\HealthPetsfrontend\FrontEndHealthPets\FrontEndHealthPets.csproj::TargetFramework=net8.0-maccatalyst]
C:\Users\betom\OneDrive\Escritorio\veterinaria\Helpetd2.0\HealthPetsfrontend\FrontEndHealthPets\Models\BathRecord.cs(10,23): warning CS8618: El elemento propiedad "Notes" que no acepta valores NULL debe contener un valor distinto de NULL al salir del constructor. Considere la posibilidad de agregar el modificador "required'"o declarar el propiedad como un valor que acepta valores NULL. [C:\Users\betom\OneDrive\Escritorio\veterinaria\Helpetd2.0\HealthPetsfrontend\FrontEndHealthPets\FrontEndHealthPets.csproj::TargetFramework=net8.0-maccatalyst]
C:\Users\betom\OneDrive\Escritorio\veterinaria\Helpetd2.0\HealthPetsfrontend\FrontEndHealthPets\Models\BathRecord.cs(11,23): warning CS8618: El elemento propiedad "GroomerName" que no acepta valores NULL debe contener un valor distinto de NULL al salir del constructor. Considere la posibilidad de agregar el modificador "required'"o declarar el propiedad como un valor que acepta valores NULL. [C:\Users\betom\OneDrive\Escritorio\veterinaria\Helpetd2.0\HealthPetsfrontend\FrontEndHealthPets\FrontEndHealthPets.csproj::TargetFramework=net8.0-maccatalyst]
C:\Users\betom\OneDrive\Escritorio\veterinaria\Helpetd2.0\HealthPetsfrontend\FrontEndHealthPets\Pages\SettingsPage.xaml.cs(134,17): warning CS8602: Desreferencia de una referencia posiblemente NULL. [C:\Users\betom\OneDrive\Escritorio\veterinaria\Helpetd2.0\HealthPetsfrontend\FrontEndHealthPets\FrontEndHealthPets.csproj::TargetFramework=net8.0-maccatalyst]
C:\Users\betom\OneDrive\Escritorio\veterinaria\Helpetd2.0\HealthPetsfrontend\FrontEndHealthPets\Paginas\FlyPaginas\RazasAnimales.xaml.cs(14,9): warning CS4014: Como esta llamada no es 'awaited', la ejecuci├│n del m├®todo actual continuar├í antes de que se complete la llamada. Puede aplicar el operador 'await' al resultado de la llamada. [C:\Users\betom\OneDrive\Escritorio\veterinaria\Helpetd2.0\HealthPetsfrontend\FrontEndHealthPets\FrontEndHealthPets.csproj::TargetFramework=net8.0-maccatalyst]
C:\Users\betom\OneDrive\Escritorio\veterinaria\Helpetd2.0\HealthPetsfrontend\FrontEndHealthPets\Paginas\FlyPaginas\RazasAnimales.xaml.cs(10,12): warning CS8618: El elemento campo "_breeds" que no acepta valores NULL debe contener un valor distinto de NULL al salir del constructor. Considere la posibilidad de agregar el modificador "required'"o declarar el campo como un valor que acepta valores NULL. [C:\Users\betom\OneDrive\Escritorio\veterinaria\Helpetd2.0\HealthPetsfrontend\FrontEndHealthPets\FrontEndHealthPets.csproj::TargetFramework=net8.0-maccatalyst]
C:\Users\betom\OneDrive\Escritorio\veterinaria\Helpetd2.0\HealthPetsfrontend\FrontEndHealthPets\ViewModels\BathControlViewModel.cs(18,16): warning CS8618: El elemento campo "_selectedPet" que no acepta valores NULL debe contener un valor distinto de NULL al salir del constructor. Considere la posibilidad de agregar el modificador "required'"o declarar el campo como un valor que acepta valores NULL. [C:\Users\betom\OneDrive\Escritorio\veterinaria\Helpetd2.0\HealthPetsfrontend\FrontEndHealthPets\FrontEndHealthPets.csproj::TargetFramework=net8.0-maccatalyst]
C:\Users\betom\OneDrive\Escritorio\veterinaria\Helpetd2.0\HealthPetsfrontend\FrontEndHealthPets\ViewModels\BathControlViewModel.cs(64,25): warning CS4014: Como esta llamada no es 'awaited', la ejecuci├│n del m├®todo actual continuar├í antes de que se complete la llamada. Puede aplicar el operador 'await' al resultado de la llamada. [C:\Users\betom\OneDrive\Escritorio\veterinaria\Helpetd2.0\HealthPetsfrontend\FrontEndHealthPets\FrontEndHealthPets.csproj::TargetFramework=net8.0-maccatalyst]
C:\Users\betom\OneDrive\Escritorio\veterinaria\Helpetd2.0\HealthPetsfrontend\FrontEndHealthPets\ViewModels\BathControlViewModel.cs(120,23): warning CS8602: Desreferencia de una referencia posiblemente NULL. [C:\Users\betom\OneDrive\Escritorio\veterinaria\Helpetd2.0\HealthPetsfrontend\FrontEndHealthPets\FrontEndHealthPets.csproj::TargetFramework=net8.0-maccatalyst]
C:\Users\betom\OneDrive\Escritorio\veterinaria\Helpetd2.0\HealthPetsfrontend\FrontEndHealthPets\ViewModels\BathControlViewModel.cs(120,23): warning CS8602: Desreferencia de una referencia posiblemente NULL. [C:\Users\betom\OneDrive\Escritorio\veterinaria\Helpetd2.0\HealthPetsfrontend\FrontEndHealthPets\FrontEndHealthPets.csproj::TargetFramework=net8.0-maccatalyst]
C:\Users\betom\OneDrive\Escritorio\veterinaria\Helpetd2.0\HealthPetsfrontend\FrontEndHealthPets\ViewModels\BathControlViewModel.cs(154,23): warning CS8602: Desreferencia de una referencia posiblemente NULL. [C:\Users\betom\OneDrive\Escritorio\veterinaria\Helpetd2.0\HealthPetsfrontend\FrontEndHealthPets\FrontEndHealthPets.csproj::TargetFramework=net8.0-maccatalyst]
C:\Users\betom\OneDrive\Escritorio\veterinaria\Helpetd2.0\HealthPetsfrontend\FrontEndHealthPets\ViewModels\BathControlViewModel.cs(154,23): warning CS8602: Desreferencia de una referencia posiblemente NULL. [C:\Users\betom\OneDrive\Escritorio\veterinaria\Helpetd2.0\HealthPetsfrontend\FrontEndHealthPets\FrontEndHealthPets.csproj::TargetFramework=net8.0-maccatalyst]
C:\Users\betom\OneDrive\Escritorio\veterinaria\Helpetd2.0\HealthPetsfrontend\FrontEndHealthPets\ViewModels\BathControlViewModel.cs(159,36): warning CS8602: Desreferencia de una referencia posiblemente NULL. [C:\Users\betom\OneDrive\Escritorio\veterinaria\Helpetd2.0\HealthPetsfrontend\FrontEndHealthPets\FrontEndHealthPets.csproj::TargetFramework=net8.0-maccatalyst]
C:\Users\betom\OneDrive\Escritorio\veterinaria\Helpetd2.0\HealthPetsfrontend\FrontEndHealthPets\ViewModels\BathControlViewModel.cs(159,36): warning CS8602: Desreferencia de una referencia posiblemente NULL. [C:\Users\betom\OneDrive\Escritorio\veterinaria\Helpetd2.0\HealthPetsfrontend\FrontEndHealthPets\FrontEndHealthPets.csproj::TargetFramework=net8.0-maccatalyst]
C:\Users\betom\OneDrive\Escritorio\veterinaria\Helpetd2.0\HealthPetsfrontend\FrontEndHealthPets\ViewModels\BathControlViewModel.cs(179,34): warning CS8602: Desreferencia de una referencia posiblemente NULL. [C:\Users\betom\OneDrive\Escritorio\veterinaria\Helpetd2.0\HealthPetsfrontend\FrontEndHealthPets\FrontEndHealthPets.csproj::TargetFramework=net8.0-maccatalyst]
C:\Users\betom\OneDrive\Escritorio\veterinaria\Helpetd2.0\HealthPetsfrontend\FrontEndHealthPets\ViewModels\BathControlViewModel.cs(179,34): warning CS8602: Desreferencia de una referencia posiblemente NULL. [C:\Users\betom\OneDrive\Escritorio\veterinaria\Helpetd2.0\HealthPetsfrontend\FrontEndHealthPets\FrontEndHealthPets.csproj::TargetFramework=net8.0-maccatalyst]
C:\Users\betom\OneDrive\Escritorio\veterinaria\Helpetd2.0\HealthPetsfrontend\FrontEndHealthPets\ViewModels\ForgotPasswordViewModel.cs(18,16): warning CS8618: El elemento campo "email" que no acepta valores NULL debe contener un valor distinto de NULL al salir del constructor. Considere la posibilidad de agregar el modificador "required'"o declarar el campo como un valor que acepta valores NULL. [C:\Users\betom\OneDrive\Escritorio\veterinaria\Helpetd2.0\HealthPetsfrontend\FrontEndHealthPets\FrontEndHealthPets.csproj::TargetFramework=net8.0-maccatalyst]
C:\Users\betom\OneDrive\Escritorio\veterinaria\Helpetd2.0\HealthPetsfrontend\FrontEndHealthPets\ViewModels\ForgotPasswordViewModel.cs(31,23): warning CS8602: Desreferencia de una referencia posiblemente NULL. [C:\Users\betom\OneDrive\Escritorio\veterinaria\Helpetd2.0\HealthPetsfrontend\FrontEndHealthPets\FrontEndHealthPets.csproj::TargetFramework=net8.0-maccatalyst]
C:\Users\betom\OneDrive\Escritorio\veterinaria\Helpetd2.0\HealthPetsfrontend\FrontEndHealthPets\ViewModels\ForgotPasswordViewModel.cs(31,23): warning CS8602: Desreferencia de una referencia posiblemente NULL. [C:\Users\betom\OneDrive\Escritorio\veterinaria\Helpetd2.0\HealthPetsfrontend\FrontEndHealthPets\FrontEndHealthPets.csproj::TargetFramework=net8.0-maccatalyst]
C:\Users\betom\OneDrive\Escritorio\veterinaria\Helpetd2.0\HealthPetsfrontend\FrontEndHealthPets\ViewModels\ForgotPasswordViewModel.cs(42,27): warning CS8602: Desreferencia de una referencia posiblemente NULL. [C:\Users\betom\OneDrive\Escritorio\veterinaria\Helpetd2.0\HealthPetsfrontend\FrontEndHealthPets\FrontEndHealthPets.csproj::TargetFramework=net8.0-maccatalyst]
C:\Users\betom\OneDrive\Escritorio\veterinaria\Helpetd2.0\HealthPetsfrontend\FrontEndHealthPets\ViewModels\ForgotPasswordViewModel.cs(42,27): warning CS8602: Desreferencia de una referencia posiblemente NULL. [C:\Users\betom\OneDrive\Escritorio\veterinaria\Helpetd2.0\HealthPetsfrontend\FrontEndHealthPets\FrontEndHealthPets.csproj::TargetFramework=net8.0-maccatalyst]
C:\Users\betom\OneDrive\Escritorio\veterinaria\Helpetd2.0\HealthPetsfrontend\FrontEndHealthPets\ViewModels\ForgotPasswordViewModel.cs(52,27): warning CS8602: Desreferencia de una referencia posiblemente NULL. [C:\Users\betom\OneDrive\Escritorio\veterinaria\Helpetd2.0\HealthPetsfrontend\FrontEndHealthPets\FrontEndHealthPets.csproj::TargetFramework=net8.0-maccatalyst]
C:\Users\betom\OneDrive\Escritorio\veterinaria\Helpetd2.0\HealthPetsfrontend\FrontEndHealthPets\ViewModels\ForgotPasswordViewModel.cs(52,27): warning CS8602: Desreferencia de una referencia posiblemente NULL. [C:\Users\betom\OneDrive\Escritorio\veterinaria\Helpetd2.0\HealthPetsfrontend\FrontEndHealthPets\FrontEndHealthPets.csproj::TargetFramework=net8.0-maccatalyst]
C:\Users\betom\OneDrive\Escritorio\veterinaria\Helpetd2.0\HealthPetsfrontend\FrontEndHealthPets\ViewModels\ForgotPasswordViewModel.cs(57,23): warning CS8602: Desreferencia de una referencia posiblemente NULL. [C:\Users\betom\OneDrive\Escritorio\veterinaria\Helpetd2.0\HealthPetsfrontend\FrontEndHealthPets\FrontEndHealthPets.csproj::TargetFramework=net8.0-maccatalyst]
C:\Users\betom\OneDrive\Escritorio\veterinaria\Helpetd2.0\HealthPetsfrontend\FrontEndHealthPets\ViewModels\ForgotPasswordViewModel.cs(57,23): warning CS8602: Desreferencia de una referencia posiblemente NULL. [C:\Users\betom\OneDrive\Escritorio\veterinaria\Helpetd2.0\HealthPetsfrontend\FrontEndHealthPets\FrontEndHealthPets.csproj::TargetFramework=net8.0-maccatalyst]
C:\Users\betom\OneDrive\Escritorio\veterinaria\Helpetd2.0\HealthPetsfrontend\FrontEndHealthPets\Paginas\FlyPaginas\PaginaFlyMenu.xaml.cs(184,17): warning CS8602: Desreferencia de una referencia posiblemente NULL. [C:\Users\betom\OneDrive\Escritorio\veterinaria\Helpetd2.0\HealthPetsfrontend\FrontEndHealthPets\FrontEndHealthPets.csproj::TargetFramework=net8.0-maccatalyst]
C:\Users\betom\OneDrive\Escritorio\veterinaria\Helpetd2.0\HealthPetsfrontend\FrontEndHealthPets\ViewModels\MyAppointmentsViewModel.cs(43,23): warning CS8602: Desreferencia de una referencia posiblemente NULL. [C:\Users\betom\OneDrive\Escritorio\veterinaria\Helpetd2.0\HealthPetsfrontend\FrontEndHealthPets\FrontEndHealthPets.csproj::TargetFramework=net8.0-maccatalyst]
C:\Users\betom\OneDrive\Escritorio\veterinaria\Helpetd2.0\HealthPetsfrontend\FrontEndHealthPets\ViewModels\MyAppointmentsViewModel.cs(43,23): warning CS8602: Desreferencia de una referencia posiblemente NULL. [C:\Users\betom\OneDrive\Escritorio\veterinaria\Helpetd2.0\HealthPetsfrontend\FrontEndHealthPets\FrontEndHealthPets.csproj::TargetFramework=net8.0-maccatalyst]
C:\Users\betom\OneDrive\Escritorio\veterinaria\Helpetd2.0\HealthPetsfrontend\FrontEndHealthPets\ViewModels\MyAppointmentsViewModel.cs(57,34): warning CS8602: Desreferencia de una referencia posiblemente NULL. [C:\Users\betom\OneDrive\Escritorio\veterinaria\Helpetd2.0\HealthPetsfrontend\FrontEndHealthPets\FrontEndHealthPets.csproj::TargetFramework=net8.0-maccatalyst]
C:\Users\betom\OneDrive\Escritorio\veterinaria\Helpetd2.0\HealthPetsfrontend\FrontEndHealthPets\ViewModels\MyAppointmentsViewModel.cs(57,34): warning CS8602: Desreferencia de una referencia posiblemente NULL. [C:\Users\betom\OneDrive\Escritorio\veterinaria\Helpetd2.0\HealthPetsfrontend\FrontEndHealthPets\FrontEndHealthPets.csproj::TargetFramework=net8.0-maccatalyst]
C:\Users\betom\OneDrive\Escritorio\veterinaria\Helpetd2.0\HealthPetsfrontend\FrontEndHealthPets\ViewModels\PetDetailViewModel.cs(45,16): warning CS8618: El elemento campo "_pet" que no acepta valores NULL debe contener un valor distinto de NULL al salir del constructor. Considere la posibilidad de agregar el modificador "required'"o declarar el campo como un valor que acepta valores NULL. [C:\Users\betom\OneDrive\Escritorio\veterinaria\Helpetd2.0\HealthPetsfrontend\FrontEndHealthPets\FrontEndHealthPets.csproj::TargetFramework=net8.0-maccatalyst]
C:\Users\betom\OneDrive\Escritorio\veterinaria\Helpetd2.0\HealthPetsfrontend\FrontEndHealthPets\ViewModels\PetDetailViewModel.cs(69,23): warning CS8601: Posible asignaci├│n de referencia nula. [C:\Users\betom\OneDrive\Escritorio\veterinaria\Helpetd2.0\HealthPetsfrontend\FrontEndHealthPets\FrontEndHealthPets.csproj::TargetFramework=net8.0-maccatalyst]
C:\Users\betom\OneDrive\Escritorio\veterinaria\Helpetd2.0\HealthPetsfrontend\FrontEndHealthPets\ViewModels\PetProfileViewModel.cs(107,30): warning CS0168: La variable 'ex' se ha declarado pero nunca se usa [C:\Users\betom\OneDrive\Escritorio\veterinaria\Helpetd2.0\HealthPetsfrontend\FrontEndHealthPets\FrontEndHealthPets.csproj::TargetFramework=net8.0-maccatalyst]
C:\Users\betom\OneDrive\Escritorio\veterinaria\Helpetd2.0\HealthPetsfrontend\FrontEndHealthPets\ViewModels\ResetPasswordViewModel.cs(28,16): warning CS8618: El elemento campo "email" que no acepta valores NULL debe contener un valor distinto de NULL al salir del constructor. Considere la posibilidad de agregar el modificador "required'"o declarar el campo como un valor que acepta valores NULL. [C:\Users\betom\OneDrive\Escritorio\veterinaria\Helpetd2.0\HealthPetsfrontend\FrontEndHealthPets\FrontEndHealthPets.csproj::TargetFramework=net8.0-maccatalyst]
C:\Users\betom\OneDrive\Escritorio\veterinaria\Helpetd2.0\HealthPetsfrontend\FrontEndHealthPets\ViewModels\ResetPasswordViewModel.cs(28,16): warning CS8618: El elemento campo "code" que no acepta valores NULL debe contener un valor distinto de NULL al salir del constructor. Considere la posibilidad de agregar el modificador "required'"o declarar el campo como un valor que acepta valores NULL. [C:\Users\betom\OneDrive\Escritorio\veterinaria\Helpetd2.0\HealthPetsfrontend\FrontEndHealthPets\FrontEndHealthPets.csproj::TargetFramework=net8.0-maccatalyst]
C:\Users\betom\OneDrive\Escritorio\veterinaria\Helpetd2.0\HealthPetsfrontend\FrontEndHealthPets\ViewModels\ResetPasswordViewModel.cs(28,16): warning CS8618: El elemento campo "newPassword" que no acepta valores NULL debe contener un valor distinto de NULL al salir del constructor. Considere la posibilidad de agregar el modificador "required'"o declarar el campo como un valor que acepta valores NULL. [C:\Users\betom\OneDrive\Escritorio\veterinaria\Helpetd2.0\HealthPetsfrontend\FrontEndHealthPets\FrontEndHealthPets.csproj::TargetFramework=net8.0-maccatalyst]
C:\Users\betom\OneDrive\Escritorio\veterinaria\Helpetd2.0\HealthPetsfrontend\FrontEndHealthPets\ViewModels\ResetPasswordViewModel.cs(28,16): warning CS8618: El elemento campo "confirmPassword" que no acepta valores NULL debe contener un valor distinto de NULL al salir del constructor. Considere la posibilidad de agregar el modificador "required'"o declarar el campo como un valor que acepta valores NULL. [C:\Users\betom\OneDrive\Escritorio\veterinaria\Helpetd2.0\HealthPetsfrontend\FrontEndHealthPets\FrontEndHealthPets.csproj::TargetFramework=net8.0-maccatalyst]
C:\Users\betom\OneDrive\Escritorio\veterinaria\Helpetd2.0\HealthPetsfrontend\FrontEndHealthPets\ViewModels\PetProfileViewModel.cs(229,34): warning CS8602: Desreferencia de una referencia posiblemente NULL. [C:\Users\betom\OneDrive\Escritorio\veterinaria\Helpetd2.0\HealthPetsfrontend\FrontEndHealthPets\FrontEndHealthPets.csproj::TargetFramework=net8.0-maccatalyst]
C:\Users\betom\OneDrive\Escritorio\veterinaria\Helpetd2.0\HealthPetsfrontend\FrontEndHealthPets\ViewModels\PetProfileViewModel.cs(229,34): warning CS8602: Desreferencia de una referencia posiblemente NULL. [C:\Users\betom\OneDrive\Escritorio\veterinaria\Helpetd2.0\HealthPetsfrontend\FrontEndHealthPets\FrontEndHealthPets.csproj::TargetFramework=net8.0-maccatalyst]
C:\Users\betom\OneDrive\Escritorio\veterinaria\Helpetd2.0\HealthPetsfrontend\FrontEndHealthPets\ViewModels\ResenasViewModel.cs(100,29): warning CS8601: Posible asignaci├│n de referencia nula. [C:\Users\betom\OneDrive\Escritorio\veterinaria\Helpetd2.0\HealthPetsfrontend\FrontEndHealthPets\FrontEndHealthPets.csproj::TargetFramework=net8.0-maccatalyst]
C:\Users\betom\OneDrive\Escritorio\veterinaria\Helpetd2.0\HealthPetsfrontend\FrontEndHealthPets\ViewModels\VaccinationViewModel.cs(24,16): warning CS8618: El elemento campo "selectedPet" que no acepta valores NULL debe contener un valor distinto de NULL al salir del constructor. Considere la posibilidad de agregar el modificador "required'"o declarar el campo como un valor que acepta valores NULL. [C:\Users\betom\OneDrive\Escritorio\veterinaria\Helpetd2.0\HealthPetsfrontend\FrontEndHealthPets\FrontEndHealthPets.csproj::TargetFramework=net8.0-maccatalyst]
C:\Users\betom\OneDrive\Escritorio\veterinaria\Helpetd2.0\HealthPetsfrontend\FrontEndHealthPets\ViewModels\VeterinarianProfileViewModel.cs(46,16): warning CS8618: El elemento campo "veterinarian" que no acepta valores NULL debe contener un valor distinto de NULL al salir del constructor. Considere la posibilidad de agregar el modificador "required'"o declarar el campo como un valor que acepta valores NULL. [C:\Users\betom\OneDrive\Escritorio\veterinaria\Helpetd2.0\HealthPetsfrontend\FrontEndHealthPets\FrontEndHealthPets.csproj::TargetFramework=net8.0-maccatalyst]
C:\Users\betom\OneDrive\Escritorio\veterinaria\Helpetd2.0\HealthPetsfrontend\FrontEndHealthPets\ViewModels\VeterinarianProfileViewModel.cs(46,16): warning CS8618: El elemento campo "selectedSlot" que no acepta valores NULL debe contener un valor distinto de NULL al salir del constructor. Considere la posibilidad de agregar el modificador "required'"o declarar el campo como un valor que acepta valores NULL. [C:\Users\betom\OneDrive\Escritorio\veterinaria\Helpetd2.0\HealthPetsfrontend\FrontEndHealthPets\FrontEndHealthPets.csproj::TargetFramework=net8.0-maccatalyst]
C:\Users\betom\OneDrive\Escritorio\veterinaria\Helpetd2.0\HealthPetsfrontend\FrontEndHealthPets\ViewModels\VeterinarianProfileViewModel.cs(46,16): warning CS8618: El elemento campo "selectedPet" que no acepta valores NULL debe contener un valor distinto de NULL al salir del constructor. Considere la posibilidad de agregar el modificador "required'"o declarar el campo como un valor que acepta valores NULL. [C:\Users\betom\OneDrive\Escritorio\veterinaria\Helpetd2.0\HealthPetsfrontend\FrontEndHealthPets\FrontEndHealthPets.csproj::TargetFramework=net8.0-maccatalyst]
C:\Users\betom\OneDrive\Escritorio\veterinaria\Helpetd2.0\HealthPetsfrontend\FrontEndHealthPets\ViewModels\VeterinarianProfileViewModel.cs(46,16): warning CS8618: El elemento campo "reason" que no acepta valores NULL debe contener un valor distinto de NULL al salir del constructor. Considere la posibilidad de agregar el modificador "required'"o declarar el campo como un valor que acepta valores NULL. [C:\Users\betom\OneDrive\Escritorio\veterinaria\Helpetd2.0\HealthPetsfrontend\FrontEndHealthPets\FrontEndHealthPets.csproj::TargetFramework=net8.0-maccatalyst]
C:\Users\betom\OneDrive\Escritorio\veterinaria\Helpetd2.0\HealthPetsfrontend\FrontEndHealthPets\ViewModels\VeterinarianProfileViewModel.cs(46,16): warning CS8618: El elemento campo "notes" que no acepta valores NULL debe contener un valor distinto de NULL al salir del constructor. Considere la posibilidad de agregar el modificador "required'"o declarar el campo como un valor que acepta valores NULL. [C:\Users\betom\OneDrive\Escritorio\veterinaria\Helpetd2.0\HealthPetsfrontend\FrontEndHealthPets\FrontEndHealthPets.csproj::TargetFramework=net8.0-maccatalyst]
C:\Users\betom\OneDrive\Escritorio\veterinaria\Helpetd2.0\HealthPetsfrontend\FrontEndHealthPets\ViewModels\VeterinarianProfileViewModel.cs(74,32): warning CS8601: Posible asignaci├│n de referencia nula. [C:\Users\betom\OneDrive\Escritorio\veterinaria\Helpetd2.0\HealthPetsfrontend\FrontEndHealthPets\FrontEndHealthPets.csproj::TargetFramework=net8.0-maccatalyst]
C:\Users\betom\OneDrive\Escritorio\veterinaria\Helpetd2.0\HealthPetsfrontend\FrontEndHealthPets\ViewModels\VeterinariansViewModel.cs(22,16): warning CS8618: El elemento campo "searchText" que no acepta valores NULL debe contener un valor distinto de NULL al salir del constructor. Considere la posibilidad de agregar el modificador "required'"o declarar el campo como un valor que acepta valores NULL. [C:\Users\betom\OneDrive\Escritorio\veterinaria\Helpetd2.0\HealthPetsfrontend\FrontEndHealthPets\FrontEndHealthPets.csproj::TargetFramework=net8.0-maccatalyst]
C:\Users\betom\OneDrive\Escritorio\veterinaria\Helpetd2.0\HealthPetsfrontend\FrontEndHealthPets\ViewModels\VeterinarianProfileViewModel.cs(102,32): warning CS8625: No se puede convertir un literal NULL en un tipo de referencia que no acepta valores NULL. [C:\Users\betom\OneDrive\Escritorio\veterinaria\Helpetd2.0\HealthPetsfrontend\FrontEndHealthPets\FrontEndHealthPets.csproj::TargetFramework=net8.0-maccatalyst]
C:\Users\betom\OneDrive\Escritorio\veterinaria\Helpetd2.0\HealthPetsfrontend\FrontEndHealthPets\ViewModels\VeterinariansViewModel.cs(48,23): warning CS8602: Desreferencia de una referencia posiblemente NULL. [C:\Users\betom\OneDrive\Escritorio\veterinaria\Helpetd2.0\HealthPetsfrontend\FrontEndHealthPets\FrontEndHealthPets.csproj::TargetFramework=net8.0-maccatalyst]
C:\Users\betom\OneDrive\Escritorio\veterinaria\Helpetd2.0\HealthPetsfrontend\FrontEndHealthPets\ViewModels\VeterinariansViewModel.cs(48,23): warning CS8602: Desreferencia de una referencia posiblemente NULL. [C:\Users\betom\OneDrive\Escritorio\veterinaria\Helpetd2.0\HealthPetsfrontend\FrontEndHealthPets\FrontEndHealthPets.csproj::TargetFramework=net8.0-maccatalyst]
C:\Users\betom\OneDrive\Escritorio\veterinaria\Helpetd2.0\HealthPetsfrontend\FrontEndHealthPets\ViewModels\VeterinariansViewModel.cs(90,23): warning CS8602: Desreferencia de una referencia posiblemente NULL. [C:\Users\betom\OneDrive\Escritorio\veterinaria\Helpetd2.0\HealthPetsfrontend\FrontEndHealthPets\FrontEndHealthPets.csproj::TargetFramework=net8.0-maccatalyst]
C:\Users\betom\OneDrive\Escritorio\veterinaria\Helpetd2.0\HealthPetsfrontend\FrontEndHealthPets\ViewModels\VeterinariansViewModel.cs(90,23): warning CS8602: Desreferencia de una referencia posiblemente NULL. [C:\Users\betom\OneDrive\Escritorio\veterinaria\Helpetd2.0\HealthPetsfrontend\FrontEndHealthPets\FrontEndHealthPets.csproj::TargetFramework=net8.0-maccatalyst]
C:\Users\betom\OneDrive\Escritorio\veterinaria\Helpetd2.0\HealthPetsfrontend\FrontEndHealthPets\ViewModels\VeterinarianProfileViewModel.cs(121,23): warning CS8602: Desreferencia de una referencia posiblemente NULL. [C:\Users\betom\OneDrive\Escritorio\veterinaria\Helpetd2.0\HealthPetsfrontend\FrontEndHealthPets\FrontEndHealthPets.csproj::TargetFramework=net8.0-maccatalyst]
C:\Users\betom\OneDrive\Escritorio\veterinaria\Helpetd2.0\HealthPetsfrontend\FrontEndHealthPets\ViewModels\VeterinarianProfileViewModel.cs(121,23): warning CS8602: Desreferencia de una referencia posiblemente NULL. [C:\Users\betom\OneDrive\Escritorio\veterinaria\Helpetd2.0\HealthPetsfrontend\FrontEndHealthPets\FrontEndHealthPets.csproj::TargetFramework=net8.0-maccatalyst]
C:\Users\betom\OneDrive\Escritorio\veterinaria\Helpetd2.0\HealthPetsfrontend\FrontEndHealthPets\ViewModels\VeterinarianProfileViewModel.cs(127,23): warning CS8602: Desreferencia de una referencia posiblemente NULL. [C:\Users\betom\OneDrive\Escritorio\veterinaria\Helpetd2.0\HealthPetsfrontend\FrontEndHealthPets\FrontEndHealthPets.csproj::TargetFramework=net8.0-maccatalyst]
C:\Users\betom\OneDrive\Escritorio\veterinaria\Helpetd2.0\HealthPetsfrontend\FrontEndHealthPets\ViewModels\VeterinarianProfileViewModel.cs(127,23): warning CS8602: Desreferencia de una referencia posiblemente NULL. [C:\Users\betom\OneDrive\Escritorio\veterinaria\Helpetd2.0\HealthPetsfrontend\FrontEndHealthPets\FrontEndHealthPets.csproj::TargetFramework=net8.0-maccatalyst]
C:\Users\betom\OneDrive\Escritorio\veterinaria\Helpetd2.0\HealthPetsfrontend\FrontEndHealthPets\ViewModels\VeterinarianProfileViewModel.cs(148,27): warning CS8602: Desreferencia de una referencia posiblemente NULL. [C:\Users\betom\OneDrive\Escritorio\veterinaria\Helpetd2.0\HealthPetsfrontend\FrontEndHealthPets\FrontEndHealthPets.csproj::TargetFramework=net8.0-maccatalyst]
C:\Users\betom\OneDrive\Escritorio\veterinaria\Helpetd2.0\HealthPetsfrontend\FrontEndHealthPets\ViewModels\VeterinarianProfileViewModel.cs(148,27): warning CS8602: Desreferencia de una referencia posiblemente NULL. [C:\Users\betom\OneDrive\Escritorio\veterinaria\Helpetd2.0\HealthPetsfrontend\FrontEndHealthPets\FrontEndHealthPets.csproj::TargetFramework=net8.0-maccatalyst]
C:\Users\betom\OneDrive\Escritorio\veterinaria\Helpetd2.0\HealthPetsfrontend\FrontEndHealthPets\ViewModels\VeterinarianProfileViewModel.cs(153,27): warning CS8602: Desreferencia de una referencia posiblemente NULL. [C:\Users\betom\OneDrive\Escritorio\veterinaria\Helpetd2.0\HealthPetsfrontend\FrontEndHealthPets\FrontEndHealthPets.csproj::TargetFramework=net8.0-maccatalyst]
C:\Users\betom\OneDrive\Escritorio\veterinaria\Helpetd2.0\HealthPetsfrontend\FrontEndHealthPets\ViewModels\VeterinarianProfileViewModel.cs(153,27): warning CS8602: Desreferencia de una referencia posiblemente NULL. [C:\Users\betom\OneDrive\Escritorio\veterinaria\Helpetd2.0\HealthPetsfrontend\FrontEndHealthPets\FrontEndHealthPets.csproj::TargetFramework=net8.0-maccatalyst]
C:\Users\betom\OneDrive\Escritorio\veterinaria\Helpetd2.0\HealthPetsfrontend\FrontEndHealthPets\ViewModels\VeterinarianProfileViewModel.cs(158,23): warning CS8602: Desreferencia de una referencia posiblemente NULL. [C:\Users\betom\OneDrive\Escritorio\veterinaria\Helpetd2.0\HealthPetsfrontend\FrontEndHealthPets\FrontEndHealthPets.csproj::TargetFramework=net8.0-maccatalyst]
C:\Users\betom\OneDrive\Escritorio\veterinaria\Helpetd2.0\HealthPetsfrontend\FrontEndHealthPets\ViewModels\VeterinarianProfileViewModel.cs(158,23): warning CS8602: Desreferencia de una referencia posiblemente NULL. [C:\Users\betom\OneDrive\Escritorio\veterinaria\Helpetd2.0\HealthPetsfrontend\FrontEndHealthPets\FrontEndHealthPets.csproj::TargetFramework=net8.0-maccatalyst]
C:\Users\betom\OneDrive\Escritorio\veterinaria\Helpetd2.0\HealthPetsfrontend\FrontEndHealthPets\Services\HistorialClinicoService.cs(47,33): warning CS8601: Posible asignaci├│n de referencia nula. [C:\Users\betom\OneDrive\Escritorio\veterinaria\Helpetd2.0\HealthPetsfrontend\FrontEndHealthPets\FrontEndHealthPets.csproj::TargetFramework=net8.0-maccatalyst]
C:\Users\betom\OneDrive\Escritorio\veterinaria\Helpetd2.0\HealthPetsfrontend\FrontEndHealthPets\ViewModels\ResetPasswordViewModel.cs(41,23): warning CS8602: Desreferencia de una referencia posiblemente NULL. [C:\Users\betom\OneDrive\Escritorio\veterinaria\Helpetd2.0\HealthPetsfrontend\FrontEndHealthPets\FrontEndHealthPets.csproj::TargetFramework=net8.0-maccatalyst]
C:\Users\betom\OneDrive\Escritorio\veterinaria\Helpetd2.0\HealthPetsfrontend\FrontEndHealthPets\ViewModels\ResetPasswordViewModel.cs(41,23): warning CS8602: Desreferencia de una referencia posiblemente NULL. [C:\Users\betom\OneDrive\Escritorio\veterinaria\Helpetd2.0\HealthPetsfrontend\FrontEndHealthPets\FrontEndHealthPets.csproj::TargetFramework=net8.0-maccatalyst]
C:\Users\betom\OneDrive\Escritorio\veterinaria\Helpetd2.0\HealthPetsfrontend\FrontEndHealthPets\ViewModels\ResetPasswordViewModel.cs(47,23): warning CS8602: Desreferencia de una referencia posiblemente NULL. [C:\Users\betom\OneDrive\Escritorio\veterinaria\Helpetd2.0\HealthPetsfrontend\FrontEndHealthPets\FrontEndHealthPets.csproj::TargetFramework=net8.0-maccatalyst]
C:\Users\betom\OneDrive\Escritorio\veterinaria\Helpetd2.0\HealthPetsfrontend\FrontEndHealthPets\ViewModels\ResetPasswordViewModel.cs(47,23): warning CS8602: Desreferencia de una referencia posiblemente NULL. [C:\Users\betom\OneDrive\Escritorio\veterinaria\Helpetd2.0\HealthPetsfrontend\FrontEndHealthPets\FrontEndHealthPets.csproj::TargetFramework=net8.0-maccatalyst]
C:\Users\betom\OneDrive\Escritorio\veterinaria\Helpetd2.0\HealthPetsfrontend\FrontEndHealthPets\ViewModels\ResetPasswordViewModel.cs(58,27): warning CS8602: Desreferencia de una referencia posiblemente NULL. [C:\Users\betom\OneDrive\Escritorio\veterinaria\Helpetd2.0\HealthPetsfrontend\FrontEndHealthPets\FrontEndHealthPets.csproj::TargetFramework=net8.0-maccatalyst]
C:\Users\betom\OneDrive\Escritorio\veterinaria\Helpetd2.0\HealthPetsfrontend\FrontEndHealthPets\ViewModels\ResetPasswordViewModel.cs(58,27): warning CS8602: Desreferencia de una referencia posiblemente NULL. [C:\Users\betom\OneDrive\Escritorio\veterinaria\Helpetd2.0\HealthPetsfrontend\FrontEndHealthPets\FrontEndHealthPets.csproj::TargetFramework=net8.0-maccatalyst]
C:\Users\betom\OneDrive\Escritorio\veterinaria\Helpetd2.0\HealthPetsfrontend\FrontEndHealthPets\ViewModels\ResetPasswordViewModel.cs(66,27): warning CS8602: Desreferencia de una referencia posiblemente NULL. [C:\Users\betom\OneDrive\Escritorio\veterinaria\Helpetd2.0\HealthPetsfrontend\FrontEndHealthPets\FrontEndHealthPets.csproj::TargetFramework=net8.0-maccatalyst]
C:\Users\betom\OneDrive\Escritorio\veterinaria\Helpetd2.0\HealthPetsfrontend\FrontEndHealthPets\ViewModels\ResetPasswordViewModel.cs(66,27): warning CS8602: Desreferencia de una referencia posiblemente NULL. [C:\Users\betom\OneDrive\Escritorio\veterinaria\Helpetd2.0\HealthPetsfrontend\FrontEndHealthPets\FrontEndHealthPets.csproj::TargetFramework=net8.0-maccatalyst]
C:\Users\betom\OneDrive\Escritorio\veterinaria\Helpetd2.0\HealthPetsfrontend\FrontEndHealthPets\ViewModels\ResetPasswordViewModel.cs(71,23): warning CS8602: Desreferencia de una referencia posiblemente NULL. [C:\Users\betom\OneDrive\Escritorio\veterinaria\Helpetd2.0\HealthPetsfrontend\FrontEndHealthPets\FrontEndHealthPets.csproj::TargetFramework=net8.0-maccatalyst]
C:\Users\betom\OneDrive\Escritorio\veterinaria\Helpetd2.0\HealthPetsfrontend\FrontEndHealthPets\ViewModels\ResetPasswordViewModel.cs(71,23): warning CS8602: Desreferencia de una referencia posiblemente NULL. [C:\Users\betom\OneDrive\Escritorio\veterinaria\Helpetd2.0\HealthPetsfrontend\FrontEndHealthPets\FrontEndHealthPets.csproj::TargetFramework=net8.0-maccatalyst]
C:\Users\betom\OneDrive\Escritorio\veterinaria\Helpetd2.0\HealthPetsfrontend\FrontEndHealthPets\ViewModels\SettingsViewModel.cs(86,16): warning CS8618: El elemento campo "_userName" que no acepta valores NULL debe contener un valor distinto de NULL al salir del constructor. Considere la posibilidad de agregar el modificador "required'"o declarar el campo como un valor que acepta valores NULL. [C:\Users\betom\OneDrive\Escritorio\veterinaria\Helpetd2.0\HealthPetsfrontend\FrontEndHealthPets\FrontEndHealthPets.csproj::TargetFramework=net8.0-maccatalyst]
C:\Users\betom\OneDrive\Escritorio\veterinaria\Helpetd2.0\HealthPetsfrontend\FrontEndHealthPets\ViewModels\SettingsViewModel.cs(86,16): warning CS8618: El elemento campo "_userEmail" que no acepta valores NULL debe contener un valor distinto de NULL al salir del constructor. Considere la posibilidad de agregar el modificador "required'"o declarar el campo como un valor que acepta valores NULL. [C:\Users\betom\OneDrive\Escritorio\veterinaria\Helpetd2.0\HealthPetsfrontend\FrontEndHealthPets\FrontEndHealthPets.csproj::TargetFramework=net8.0-maccatalyst]
C:\Users\betom\OneDrive\Escritorio\veterinaria\Helpetd2.0\HealthPetsfrontend\FrontEndHealthPets\ViewModels\SettingsViewModel.cs(86,16): warning CS8618: El elemento campo "_appVersion" que no acepta valores NULL debe contener un valor distinto de NULL al salir del constructor. Considere la posibilidad de agregar el modificador "required'"o declarar el campo como un valor que acepta valores NULL. [C:\Users\betom\OneDrive\Escritorio\veterinaria\Helpetd2.0\HealthPetsfrontend\FrontEndHealthPets\FrontEndHealthPets.csproj::TargetFramework=net8.0-maccatalyst]
C:\Users\betom\OneDrive\Escritorio\veterinaria\Helpetd2.0\HealthPetsfrontend\FrontEndHealthPets\Services\PetService.cs(244,33): warning CS1998: El m├®todo asincr├│nico carece de operadores "await" y se ejecutar├í de forma sincr├│nica. Puede usar el operador 'await' para esperar llamadas API que no sean de bloqueo o 'await Task.Run(...)' para hacer tareas enlazadas a la CPU en un subproceso en segundo plano. [C:\Users\betom\OneDrive\Escritorio\veterinaria\Helpetd2.0\HealthPetsfrontend\FrontEndHealthPets\FrontEndHealthPets.csproj::TargetFramework=net8.0-maccatalyst]
C:\Users\betom\OneDrive\Escritorio\veterinaria\Helpetd2.0\HealthPetsfrontend\FrontEndHealthPets\Services\PetService.cs(271,29): warning CS8601: Posible asignaci├│n de referencia nula. [C:\Users\betom\OneDrive\Escritorio\veterinaria\Helpetd2.0\HealthPetsfrontend\FrontEndHealthPets\FrontEndHealthPets.csproj::TargetFramework=net8.0-maccatalyst]
C:\Users\betom\OneDrive\Escritorio\veterinaria\Helpetd2.0\HealthPetsfrontend\FrontEndHealthPets\Paginas\IngresarMascotas.xaml.cs(43,36): warning CA1416: Se puede acceder a este sitio de llamada en "MacCatalyst" 13.1 y versiones posteriores. "Permissions.Photos" solo se admite en "ios" 14.0 y versiones posteriores, "maccatalyst" 14.0 y versiones posteriores, "macOS/OSX" 11.0 y versiones posteriores, "tvos" 14.0 y versiones posteriores. (https://learn.microsoft.com/dotnet/fundamentals/code-analysis/quality-rules/ca1416) [C:\Users\betom\OneDrive\Escritorio\veterinaria\Helpetd2.0\HealthPetsfrontend\FrontEndHealthPets\FrontEndHealthPets.csproj::TargetFramework=net8.0-maccatalyst]
C:\Users\betom\OneDrive\Escritorio\veterinaria\Helpetd2.0\HealthPetsfrontend\FrontEndHealthPets\Paginas\IngresarMascotas.xaml.cs(40,36): warning CA1416: Se puede acceder a este sitio de llamada en "MacCatalyst" 13.1 y versiones posteriores. "Permissions.Photos" solo se admite en "ios" 14.0 y versiones posteriores, "maccatalyst" 14.0 y versiones posteriores, "macOS/OSX" 11.0 y versiones posteriores, "tvos" 14.0 y versiones posteriores. (https://learn.microsoft.com/dotnet/fundamentals/code-analysis/quality-rules/ca1416) [C:\Users\betom\OneDrive\Escritorio\veterinaria\Helpetd2.0\HealthPetsfrontend\FrontEndHealthPets\FrontEndHealthPets.csproj::TargetFramework=net8.0-maccatalyst]
C:\Users\betom\OneDrive\Escritorio\veterinaria\Helpetd2.0\HealthPetsfrontend\FrontEndHealthPets\pruevasession.xaml.cs(7,22): warning CS8981: El nombre de tipo 'pruevasession' solo contiene caracteres ASCII en min├║sculas. Estos nombres pueden quedar reservados para el idioma. [C:\Users\betom\OneDrive\Escritorio\veterinaria\Helpetd2.0\HealthPetsfrontend\FrontEndHealthPets\FrontEndHealthPets.csproj::TargetFramework=net8.0-ios]
C:\Users\betom\OneDrive\Escritorio\veterinaria\Helpetd2.0\HealthPetsfrontend\FrontEndHealthPets\obj\Debug\net8.0-ios\iossimulator-x64\Microsoft.Maui.Controls.SourceGen\Microsoft.Maui.Controls.SourceGen.CodeBehindGenerator\pruevasession.xaml.sg.cs(15,23): warning CS8981: El nombre de tipo 'pruevasession' solo contiene caracteres ASCII en min├║sculas. Estos nombres pueden quedar reservados para el idioma. [C:\Users\betom\OneDrive\Escritorio\veterinaria\Helpetd2.0\HealthPetsfrontend\FrontEndHealthPets\FrontEndHealthPets.csproj::TargetFramework=net8.0-ios]
C:\Users\betom\OneDrive\Escritorio\veterinaria\Helpetd2.0\HealthPetsfrontend\FrontEndHealthPets\ViewModels\VetScheduleManagementViewModel.cs(168,23): warning CS8618: El elemento propiedad "DayName" que no acepta valores NULL debe contener un valor distinto de NULL al salir del constructor. Considere la posibilidad de agregar el modificador "required'"o declarar el propiedad como un valor que acepta valores NULL. [C:\Users\betom\OneDrive\Escritorio\veterinaria\Helpetd2.0\HealthPetsfrontend\FrontEndHealthPets\FrontEndHealthPets.csproj::TargetFramework=net8.0-ios]
C:\Users\betom\OneDrive\Escritorio\veterinaria\Helpetd2.0\HealthPetsfrontend\FrontEndHealthPets\ViewModels\VetScheduleManagementViewModel.cs(172,23): warning CS8618: El elemento propiedad "TimeRange" que no acepta valores NULL debe contener un valor distinto de NULL al salir del constructor. Considere la posibilidad de agregar el modificador "required'"o declarar el propiedad como un valor que acepta valores NULL. [C:\Users\betom\OneDrive\Escritorio\veterinaria\Helpetd2.0\HealthPetsfrontend\FrontEndHealthPets\FrontEndHealthPets.csproj::TargetFramework=net8.0-ios]
C:\Users\betom\OneDrive\Escritorio\veterinaria\Helpetd2.0\HealthPetsfrontend\FrontEndHealthPets\ViewModels\VetScheduleManagementViewModel.cs(173,23): warning CS8618: El elemento propiedad "SlotInfo" que no acepta valores NULL debe contener un valor distinto de NULL al salir del constructor. Considere la posibilidad de agregar el modificador "required'"o declarar el propiedad como un valor que acepta valores NULL. [C:\Users\betom\OneDrive\Escritorio\veterinaria\Helpetd2.0\HealthPetsfrontend\FrontEndHealthPets\FrontEndHealthPets.csproj::TargetFramework=net8.0-ios]
C:\Users\betom\OneDrive\Escritorio\veterinaria\Helpetd2.0\HealthPetsfrontend\FrontEndHealthPets\ViewModels\VetScheduleManagementViewModel.cs(76,23): warning CS8602: Desreferencia de una referencia posiblemente NULL. [C:\Users\betom\OneDrive\Escritorio\veterinaria\Helpetd2.0\HealthPetsfrontend\FrontEndHealthPets\FrontEndHealthPets.csproj::TargetFramework=net8.0-ios]
C:\Users\betom\OneDrive\Escritorio\veterinaria\Helpetd2.0\HealthPetsfrontend\FrontEndHealthPets\ViewModels\VetScheduleManagementViewModel.cs(76,23): warning CS8602: Desreferencia de una referencia posiblemente NULL. [C:\Users\betom\OneDrive\Escritorio\veterinaria\Helpetd2.0\HealthPetsfrontend\FrontEndHealthPets\FrontEndHealthPets.csproj::TargetFramework=net8.0-ios]
C:\Users\betom\OneDrive\Escritorio\veterinaria\Helpetd2.0\HealthPetsfrontend\FrontEndHealthPets\Datos\Pagina_Flyout_Items.cs(12,23): warning CS8618: El elemento propiedad "Titulo" que no acepta valores NULL debe contener un valor distinto de NULL al salir del constructor. Considere la posibilidad de agregar el modificador "required'"o declarar el propiedad como un valor que acepta valores NULL. [C:\Users\betom\OneDrive\Escritorio\veterinaria\Helpetd2.0\HealthPetsfrontend\FrontEndHealthPets\FrontEndHealthPets.csproj::TargetFramework=net8.0-ios]
C:\Users\betom\OneDrive\Escritorio\veterinaria\Helpetd2.0\HealthPetsfrontend\FrontEndHealthPets\Datos\Pagina_Flyout_Items.cs(14,23): warning CS8618: El elemento propiedad "Icono" que no acepta valores NULL debe contener un valor distinto de NULL al salir del constructor. Considere la posibilidad de agregar el modificador "required'"o declarar el propiedad como un valor que acepta valores NULL. [C:\Users\betom\OneDrive\Escritorio\veterinaria\Helpetd2.0\HealthPetsfrontend\FrontEndHealthPets\FrontEndHealthPets.csproj::TargetFramework=net8.0-ios]
C:\Users\betom\OneDrive\Escritorio\veterinaria\Helpetd2.0\HealthPetsfrontend\FrontEndHealthPets\ViewModels\VetScheduleManagementViewModel.cs(89,23): warning CS8602: Desreferencia de una referencia posiblemente NULL. [C:\Users\betom\OneDrive\Escritorio\veterinaria\Helpetd2.0\HealthPetsfrontend\FrontEndHealthPets\FrontEndHealthPets.csproj::TargetFramework=net8.0-ios]
C:\Users\betom\OneDrive\Escritorio\veterinaria\Helpetd2.0\HealthPetsfrontend\FrontEndHealthPets\ViewModels\VetScheduleManagementViewModel.cs(89,23): warning CS8602: Desreferencia de una referencia posiblemente NULL. [C:\Users\betom\OneDrive\Escritorio\veterinaria\Helpetd2.0\HealthPetsfrontend\FrontEndHealthPets\FrontEndHealthPets.csproj::TargetFramework=net8.0-ios]
C:\Users\betom\OneDrive\Escritorio\veterinaria\Helpetd2.0\HealthPetsfrontend\FrontEndHealthPets\ViewModels\VetScheduleManagementViewModel.cs(95,23): warning CS8602: Desreferencia de una referencia posiblemente NULL. [C:\Users\betom\OneDrive\Escritorio\veterinaria\Helpetd2.0\HealthPetsfrontend\FrontEndHealthPets\FrontEndHealthPets.csproj::TargetFramework=net8.0-ios]
C:\Users\betom\OneDrive\Escritorio\veterinaria\Helpetd2.0\HealthPetsfrontend\FrontEndHealthPets\ViewModels\VetScheduleManagementViewModel.cs(95,23): warning CS8602: Desreferencia de una referencia posiblemente NULL. [C:\Users\betom\OneDrive\Escritorio\veterinaria\Helpetd2.0\HealthPetsfrontend\FrontEndHealthPets\FrontEndHealthPets.csproj::TargetFramework=net8.0-ios]
C:\Users\betom\OneDrive\Escritorio\veterinaria\Helpetd2.0\HealthPetsfrontend\FrontEndHealthPets\ViewModels\VetScheduleManagementViewModel.cs(108,27): warning CS8602: Desreferencia de una referencia posiblemente NULL. [C:\Users\betom\OneDrive\Escritorio\veterinaria\Helpetd2.0\HealthPetsfrontend\FrontEndHealthPets\FrontEndHealthPets.csproj::TargetFramework=net8.0-ios]
C:\Users\betom\OneDrive\Escritorio\veterinaria\Helpetd2.0\HealthPetsfrontend\FrontEndHealthPets\ViewModels\VetScheduleManagementViewModel.cs(108,27): warning CS8602: Desreferencia de una referencia posiblemente NULL. [C:\Users\betom\OneDrive\Escritorio\veterinaria\Helpetd2.0\HealthPetsfrontend\FrontEndHealthPets\FrontEndHealthPets.csproj::TargetFramework=net8.0-ios]
C:\Users\betom\OneDrive\Escritorio\veterinaria\Helpetd2.0\HealthPetsfrontend\FrontEndHealthPets\ViewModels\VetScheduleManagementViewModel.cs(113,27): warning CS8602: Desreferencia de una referencia posiblemente NULL. [C:\Users\betom\OneDrive\Escritorio\veterinaria\Helpetd2.0\HealthPetsfrontend\FrontEndHealthPets\FrontEndHealthPets.csproj::TargetFramework=net8.0-ios]
C:\Users\betom\OneDrive\Escritorio\veterinaria\Helpetd2.0\HealthPetsfrontend\FrontEndHealthPets\ViewModels\VetScheduleManagementViewModel.cs(113,27): warning CS8602: Desreferencia de una referencia posiblemente NULL. [C:\Users\betom\OneDrive\Escritorio\veterinaria\Helpetd2.0\HealthPetsfrontend\FrontEndHealthPets\FrontEndHealthPets.csproj::TargetFramework=net8.0-ios]
C:\Users\betom\OneDrive\Escritorio\veterinaria\Helpetd2.0\HealthPetsfrontend\FrontEndHealthPets\ViewModels\VetScheduleManagementViewModel.cs(118,23): warning CS8602: Desreferencia de una referencia posiblemente NULL. [C:\Users\betom\OneDrive\Escritorio\veterinaria\Helpetd2.0\HealthPetsfrontend\FrontEndHealthPets\FrontEndHealthPets.csproj::TargetFramework=net8.0-ios]
C:\Users\betom\OneDrive\Escritorio\veterinaria\Helpetd2.0\HealthPetsfrontend\FrontEndHealthPets\ViewModels\VetScheduleManagementViewModel.cs(118,23): warning CS8602: Desreferencia de una referencia posiblemente NULL. [C:\Users\betom\OneDrive\Escritorio\veterinaria\Helpetd2.0\HealthPetsfrontend\FrontEndHealthPets\FrontEndHealthPets.csproj::TargetFramework=net8.0-ios]
C:\Users\betom\OneDrive\Escritorio\veterinaria\Helpetd2.0\HealthPetsfrontend\FrontEndHealthPets\Entidades\Response\Res_ObtenerBreeds.cs(12,49): warning CS8618: El elemento propiedad "Breeds" que no acepta valores NULL debe contener un valor distinto de NULL al salir del constructor. Considere la posibilidad de agregar el modificador "required'"o declarar el propiedad como un valor que acepta valores NULL. [C:\Users\betom\OneDrive\Escritorio\veterinaria\Helpetd2.0\HealthPetsfrontend\FrontEndHealthPets\FrontEndHealthPets.csproj::TargetFramework=net8.0-ios]
C:\Users\betom\OneDrive\Escritorio\veterinaria\Helpetd2.0\HealthPetsfrontend\FrontEndHealthPets\Entidades\Response\Res_Login.cs(13,33): warning CS8618: El elemento propiedad "Registro_Usuario" que no acepta valores NULL debe contener un valor distinto de NULL al salir del constructor. Considere la posibilidad de agregar el modificador "required'"o declarar el propiedad como un valor que acepta valores NULL. [C:\Users\betom\OneDrive\Escritorio\veterinaria\Helpetd2.0\HealthPetsfrontend\FrontEndHealthPets\FrontEndHealthPets.csproj::TargetFramework=net8.0-ios]
C:\Users\betom\OneDrive\Escritorio\veterinaria\Helpetd2.0\HealthPetsfrontend\FrontEndHealthPets\Entidades\Response\Res_Base.cs(14,23): warning CS8618: El elemento propiedad "Error" que no acepta valores NULL debe contener un valor distinto de NULL al salir del constructor. Considere la posibilidad de agregar el modificador "required'"o declarar el propiedad como un valor que acepta valores NULL. [C:\Users\betom\OneDrive\Escritorio\veterinaria\Helpetd2.0\HealthPetsfrontend\FrontEndHealthPets\FrontEndHealthPets.csproj::TargetFramework=net8.0-ios]
C:\Users\betom\OneDrive\Escritorio\veterinaria\Helpetd2.0\HealthPetsfrontend\FrontEndHealthPets\Entidades\Request\Req_Usuario.cs(12,33): warning CS8618: El elemento propiedad "registro_Usuario" que no acepta valores NULL debe contener un valor distinto de NULL al salir del constructor. Considere la posibilidad de agregar el modificador "required'"o declarar el propiedad como un valor que acepta valores NULL. [C:\Users\betom\OneDrive\Escritorio\veterinaria\Helpetd2.0\HealthPetsfrontend\FrontEndHealthPets\FrontEndHealthPets.csproj::TargetFramework=net8.0-ios]
C:\Users\betom\OneDrive\Escritorio\veterinaria\Helpetd2.0\HealthPetsfrontend\FrontEndHealthPets\Entidades\Entitys\Registro_Usuario.cs(14,23): warning CS8618: El elemento propiedad "Nombre" que no acepta valores NULL debe contener un valor distinto de NULL al salir del constructor. Considere la posibilidad de agregar el modificador "required'"o declarar el propiedad como un valor que acepta valores NULL. [C:\Users\betom\OneDrive\Escritorio\veterinaria\Helpetd2.0\HealthPetsfrontend\FrontEndHealthPets\FrontEndHealthPets.csproj::TargetFramework=net8.0-ios]
C:\Users\betom\OneDrive\Escritorio\veterinaria\Helpetd2.0\HealthPetsfrontend\FrontEndHealthPets\Entidades\Entitys\Registro_Usuario.cs(15,23): warning CS8618: El elemento propiedad "Apellidos" que no acepta valores NULL debe contener un valor distinto de NULL al salir del constructor. Considere la posibilidad de agregar el modificador "required'"o declarar el propiedad como un valor que acepta valores NULL. [C:\Users\betom\OneDrive\Escritorio\veterinaria\Helpetd2.0\HealthPetsfrontend\FrontEndHealthPets\FrontEndHealthPets.csproj::TargetFramework=net8.0-ios]
C:\Users\betom\OneDrive\Escritorio\veterinaria\Helpetd2.0\HealthPetsfrontend\FrontEndHealthPets\Entidades\Entitys\Registro_Usuario.cs(16,23): warning CS8618: El elemento propiedad "Correo_Electronico" que no acepta valores NULL debe contener un valor distinto de NULL al salir del constructor. Considere la posibilidad de agregar el modificador "required'"o declarar el propiedad como un valor que acepta valores NULL. [C:\Users\betom\OneDrive\Escritorio\veterinaria\Helpetd2.0\HealthPetsfrontend\FrontEndHealthPets\FrontEndHealthPets.csproj::TargetFramework=net8.0-ios]
C:\Users\betom\OneDrive\Escritorio\veterinaria\Helpetd2.0\HealthPetsfrontend\FrontEndHealthPets\Entidades\Entitys\Registro_Usuario.cs(18,23): warning CS8618: El elemento propiedad "Confirmacion_Correo_Electronico" que no acepta valores NULL debe contener un valor distinto de NULL al salir del constructor. Considere la posibilidad de agregar el modificador "required'"o declarar el propiedad como un valor que acepta valores NULL. [C:\Users\betom\OneDrive\Escritorio\veterinaria\Helpetd2.0\HealthPetsfrontend\FrontEndHealthPets\FrontEndHealthPets.csproj::TargetFramework=net8.0-ios]
C:\Users\betom\OneDrive\Escritorio\veterinaria\Helpetd2.0\HealthPetsfrontend\FrontEndHealthPets\Entidades\Entitys\Registro_Usuario.cs(19,23): warning CS8618: El elemento propiedad "Password" que no acepta valores NULL debe contener un valor distinto de NULL al salir del constructor. Considere la posibilidad de agregar el modificador "required'"o declarar el propiedad como un valor que acepta valores NULL. [C:\Users\betom\OneDrive\Escritorio\veterinaria\Helpetd2.0\HealthPetsfrontend\FrontEndHealthPets\FrontEndHealthPets.csproj::TargetFramework=net8.0-ios]
C:\Users\betom\OneDrive\Escritorio\veterinaria\Helpetd2.0\HealthPetsfrontend\FrontEndHealthPets\Entidades\Entitys\Registro_Usuario.cs(21,23): warning CS8618: El elemento propiedad "Confirmar_Password" que no acepta valores NULL debe contener un valor distinto de NULL al salir del constructor. Considere la posibilidad de agregar el modificador "required'"o declarar el propiedad como un valor que acepta valores NULL. [C:\Users\betom\OneDrive\Escritorio\veterinaria\Helpetd2.0\HealthPetsfrontend\FrontEndHealthPets\FrontEndHealthPets.csproj::TargetFramework=net8.0-ios]
C:\Users\betom\OneDrive\Escritorio\veterinaria\Helpetd2.0\HealthPetsfrontend\FrontEndHealthPets\Entidades\Entitys\Registro_Usuario.cs(23,23): warning CS8618: El elemento propiedad "numero_verificacion" que no acepta valores NULL debe contener un valor distinto de NULL al salir del constructor. Considere la posibilidad de agregar el modificador "required'"o declarar el propiedad como un valor que acepta valores NULL. [C:\Users\betom\OneDrive\Escritorio\veterinaria\Helpetd2.0\HealthPetsfrontend\FrontEndHealthPets\FrontEndHealthPets.csproj::TargetFramework=net8.0-ios]
C:\Users\betom\OneDrive\Escritorio\veterinaria\Helpetd2.0\HealthPetsfrontend\FrontEndHealthPets\Entidades\Entitys\Registro_Usuario.cs(25,23): warning CS8618: El elemento propiedad "token" que no acepta valores NULL debe contener un valor distinto de NULL al salir del constructor. Considere la posibilidad de agregar el modificador "required'"o declarar el propiedad como un valor que acepta valores NULL. [C:\Users\betom\OneDrive\Escritorio\veterinaria\Helpetd2.0\HealthPetsfrontend\FrontEndHealthPets\FrontEndHealthPets.csproj::TargetFramework=net8.0-ios]
C:\Users\betom\OneDrive\Escritorio\veterinaria\Helpetd2.0\HealthPetsfrontend\FrontEndHealthPets\Entidades\Entitys\Sesion.cs(12,30): warning CS8618: El elemento propiedad "nombre" que no acepta valores NULL debe contener un valor distinto de NULL al salir del constructor. Considere la posibilidad de agregar el modificador "required'"o declarar el propiedad como un valor que acepta valores NULL. [C:\Users\betom\OneDrive\Escritorio\veterinaria\Helpetd2.0\HealthPetsfrontend\FrontEndHealthPets\FrontEndHealthPets.csproj::TargetFramework=net8.0-ios]
C:\Users\betom\OneDrive\Escritorio\veterinaria\Helpetd2.0\HealthPetsfrontend\FrontEndHealthPets\Entidades\Entitys\Sesion.cs(13,30): warning CS8618: El elemento propiedad "apellidos" que no acepta valores NULL debe contener un valor distinto de NULL al salir del constructor. Considere la posibilidad de agregar el modificador "required'"o declarar el propiedad como un valor que acepta valores NULL. [C:\Users\betom\OneDrive\Escritorio\veterinaria\Helpetd2.0\HealthPetsfrontend\FrontEndHealthPets\FrontEndHealthPets.csproj::TargetFramework=net8.0-ios]
C:\Users\betom\OneDrive\Escritorio\veterinaria\Helpetd2.0\HealthPetsfrontend\FrontEndHealthPets\Entidades\Entitys\Sesion.cs(15,30): warning CS8618: El elemento propiedad "Correo_Electronico" que no acepta valores NULL debe contener un valor distinto de NULL al salir del constructor. Considere la posibilidad de agregar el modificador "required'"o declarar el propiedad como un valor que acepta valores NULL. [C:\Users\betom\OneDrive\Escritorio\veterinaria\Helpetd2.0\HealthPetsfrontend\FrontEndHealthPets\FrontEndHealthPets.csproj::TargetFramework=net8.0-ios]
C:\Users\betom\OneDrive\Escritorio\veterinaria\Helpetd2.0\HealthPetsfrontend\FrontEndHealthPets\Entidades\Entitys\Sesion.cs(17,30): warning CS8618: El elemento propiedad "Password" que no acepta valores NULL debe contener un valor distinto de NULL al salir del constructor. Considere la posibilidad de agregar el modificador "required'"o declarar el propiedad como un valor que acepta valores NULL. [C:\Users\betom\OneDrive\Escritorio\veterinaria\Helpetd2.0\HealthPetsfrontend\FrontEndHealthPets\FrontEndHealthPets.csproj::TargetFramework=net8.0-ios]
C:\Users\betom\OneDrive\Escritorio\veterinaria\Helpetd2.0\HealthPetsfrontend\FrontEndHealthPets\Entidades\Entitys\Sesion.cs(19,30): warning CS8618: El elemento propiedad "token" que no acepta valores NULL debe contener un valor distinto de NULL al salir del constructor. Considere la posibilidad de agregar el modificador "required'"o declarar el propiedad como un valor que acepta valores NULL. [C:\Users\betom\OneDrive\Escritorio\veterinaria\Helpetd2.0\HealthPetsfrontend\FrontEndHealthPets\FrontEndHealthPets.csproj::TargetFramework=net8.0-ios]
C:\Users\betom\OneDrive\Escritorio\veterinaria\Helpetd2.0\HealthPetsfrontend\FrontEndHealthPets\Entidades\Request\Req_Login.cs(11,23): warning CS8618: El elemento propiedad "Correo_Electronico" que no acepta valores NULL debe contener un valor distinto de NULL al salir del constructor. Considere la posibilidad de agregar el modificador "required'"o declarar el propiedad como un valor que acepta valores NULL. [C:\Users\betom\OneDrive\Escritorio\veterinaria\Helpetd2.0\HealthPetsfrontend\FrontEndHealthPets\FrontEndHealthPets.csproj::TargetFramework=net8.0-ios]
C:\Users\betom\OneDrive\Escritorio\veterinaria\Helpetd2.0\HealthPetsfrontend\FrontEndHealthPets\Entidades\Request\Req_Login.cs(12,23): warning CS8618: El elemento propiedad "Contrasena" que no acepta valores NULL debe contener un valor distinto de NULL al salir del constructor. Considere la posibilidad de agregar el modificador "required'"o declarar el propiedad como un valor que acepta valores NULL. [C:\Users\betom\OneDrive\Escritorio\veterinaria\Helpetd2.0\HealthPetsfrontend\FrontEndHealthPets\FrontEndHealthPets.csproj::TargetFramework=net8.0-ios]
C:\Users\betom\OneDrive\Escritorio\veterinaria\Helpetd2.0\HealthPetsfrontend\FrontEndHealthPets\Entidades\Entitys\Razas_Perros.cs(12,23): warning CS8618: El elemento propiedad "Nombre" que no acepta valores NULL debe contener un valor distinto de NULL al salir del constructor. Considere la posibilidad de agregar el modificador "required'"o declarar el propiedad como un valor que acepta valores NULL. [C:\Users\betom\OneDrive\Escritorio\veterinaria\Helpetd2.0\HealthPetsfrontend\FrontEndHealthPets\FrontEndHealthPets.csproj::TargetFramework=net8.0-ios]
C:\Users\betom\OneDrive\Escritorio\veterinaria\Helpetd2.0\HealthPetsfrontend\FrontEndHealthPets\Entidades\Entitys\Razas_Perros.cs(13,23): warning CS8618: El elemento propiedad "Descripcion" que no acepta valores NULL debe contener un valor distinto de NULL al salir del constructor. Considere la posibilidad de agregar el modificador "required'"o declarar el propiedad como un valor que acepta valores NULL. [C:\Users\betom\OneDrive\Escritorio\veterinaria\Helpetd2.0\HealthPetsfrontend\FrontEndHealthPets\FrontEndHealthPets.csproj::TargetFramework=net8.0-ios]
C:\Users\betom\OneDrive\Escritorio\veterinaria\Helpetd2.0\HealthPetsfrontend\FrontEndHealthPets\Modelos\DogApiService.cs(22,20): warning CS8603: Posible tipo de valor devuelto de referencia nulo. [C:\Users\betom\OneDrive\Escritorio\veterinaria\Helpetd2.0\HealthPetsfrontend\FrontEndHealthPets\FrontEndHealthPets.csproj::TargetFramework=net8.0-ios]
C:\Users\betom\OneDrive\Escritorio\veterinaria\Helpetd2.0\HealthPetsfrontend\FrontEndHealthPets\Modelos\UsuarioViewModel.cs(12,23): warning CS8618: El elemento propiedad "Nombre" que no acepta valores NULL debe contener un valor distinto de NULL al salir del constructor. Considere la posibilidad de agregar el modificador "required'"o declarar el propiedad como un valor que acepta valores NULL. [C:\Users\betom\OneDrive\Escritorio\veterinaria\Helpetd2.0\HealthPetsfrontend\FrontEndHealthPets\FrontEndHealthPets.csproj::TargetFramework=net8.0-ios]
C:\Users\betom\OneDrive\Escritorio\veterinaria\Helpetd2.0\HealthPetsfrontend\FrontEndHealthPets\Modelos\UsuarioViewModel.cs(13,23): warning CS8618: El elemento propiedad "Apellido" que no acepta valores NULL debe contener un valor distinto de NULL al salir del constructor. Considere la posibilidad de agregar el modificador "required'"o declarar el propiedad como un valor que acepta valores NULL. [C:\Users\betom\OneDrive\Escritorio\veterinaria\Helpetd2.0\HealthPetsfrontend\FrontEndHealthPets\FrontEndHealthPets.csproj::TargetFramework=net8.0-ios]
C:\Users\betom\OneDrive\Escritorio\veterinaria\Helpetd2.0\HealthPetsfrontend\FrontEndHealthPets\Modelos\UsuarioViewModel.cs(14,23): warning CS8618: El elemento propiedad "CorreoElectronico" que no acepta valores NULL debe contener un valor distinto de NULL al salir del constructor. Considere la posibilidad de agregar el modificador "required'"o declarar el propiedad como un valor que acepta valores NULL. [C:\Users\betom\OneDrive\Escritorio\veterinaria\Helpetd2.0\HealthPetsfrontend\FrontEndHealthPets\FrontEndHealthPets.csproj::TargetFramework=net8.0-ios]
C:\Users\betom\OneDrive\Escritorio\veterinaria\Helpetd2.0\HealthPetsfrontend\FrontEndHealthPets\Modelos\UsuarioViewModel.cs(16,23): warning CS8618: El elemento propiedad "Password" que no acepta valores NULL debe contener un valor distinto de NULL al salir del constructor. Considere la posibilidad de agregar el modificador "required'"o declarar el propiedad como un valor que acepta valores NULL. [C:\Users\betom\OneDrive\Escritorio\veterinaria\Helpetd2.0\HealthPetsfrontend\FrontEndHealthPets\FrontEndHealthPets.csproj::TargetFramework=net8.0-ios]
C:\Users\betom\OneDrive\Escritorio\veterinaria\Helpetd2.0\HealthPetsfrontend\FrontEndHealthPets\Modelos\UsuarioViewModel.cs(18,23): warning CS8618: El elemento propiedad "Passwoord" que no acepta valores NULL debe contener un valor distinto de NULL al salir del constructor. Considere la posibilidad de agregar el modificador "required'"o declarar el propiedad como un valor que acepta valores NULL. [C:\Users\betom\OneDrive\Escritorio\veterinaria\Helpetd2.0\HealthPetsfrontend\FrontEndHealthPets\FrontEndHealthPets.csproj::TargetFramework=net8.0-ios]
C:\Users\betom\OneDrive\Escritorio\veterinaria\Helpetd2.0\HealthPetsfrontend\FrontEndHealthPets\Modelos\DogApiService.cs(29,20): warning CS8603: Posible tipo de valor devuelto de referencia nulo. [C:\Users\betom\OneDrive\Escritorio\veterinaria\Helpetd2.0\HealthPetsfrontend\FrontEndHealthPets\FrontEndHealthPets.csproj::TargetFramework=net8.0-ios]
C:\Users\betom\OneDrive\Escritorio\veterinaria\Helpetd2.0\HealthPetsfrontend\FrontEndHealthPets\ViewModels\VetScheduleManagementViewModel.cs(131,34): warning CS8602: Desreferencia de una referencia posiblemente NULL. [C:\Users\betom\OneDrive\Escritorio\veterinaria\Helpetd2.0\HealthPetsfrontend\FrontEndHealthPets\FrontEndHealthPets.csproj::TargetFramework=net8.0-ios]
C:\Users\betom\OneDrive\Escritorio\veterinaria\Helpetd2.0\HealthPetsfrontend\FrontEndHealthPets\ViewModels\VetScheduleManagementViewModel.cs(131,34): warning CS8602: Desreferencia de una referencia posiblemente NULL. [C:\Users\betom\OneDrive\Escritorio\veterinaria\Helpetd2.0\HealthPetsfrontend\FrontEndHealthPets\FrontEndHealthPets.csproj::TargetFramework=net8.0-ios]
C:\Users\betom\OneDrive\Escritorio\veterinaria\Helpetd2.0\HealthPetsfrontend\FrontEndHealthPets\Models\VetSchedule.cs(18,23): warning CS8618: El elemento propiedad "DayName" que no acepta valores NULL debe contener un valor distinto de NULL al salir del constructor. Considere la posibilidad de agregar el modificador "required'"o declarar el propiedad como un valor que acepta valores NULL. [C:\Users\betom\OneDrive\Escritorio\veterinaria\Helpetd2.0\HealthPetsfrontend\FrontEndHealthPets\FrontEndHealthPets.csproj::TargetFramework=net8.0-ios]
C:\Users\betom\OneDrive\Escritorio\veterinaria\Helpetd2.0\HealthPetsfrontend\FrontEndHealthPets\Pages\SettingsPage.xaml.cs(134,17): warning CS8602: Desreferencia de una referencia posiblemente NULL. [C:\Users\betom\OneDrive\Escritorio\veterinaria\Helpetd2.0\HealthPetsfrontend\FrontEndHealthPets\FrontEndHealthPets.csproj::TargetFramework=net8.0-ios]
C:\Users\betom\OneDrive\Escritorio\veterinaria\Helpetd2.0\HealthPetsfrontend\FrontEndHealthPets\Models\BathRecord.cs(10,23): warning CS8618: El elemento propiedad "Notes" que no acepta valores NULL debe contener un valor distinto de NULL al salir del constructor. Considere la posibilidad de agregar el modificador "required'"o declarar el propiedad como un valor que acepta valores NULL. [C:\Users\betom\OneDrive\Escritorio\veterinaria\Helpetd2.0\HealthPetsfrontend\FrontEndHealthPets\FrontEndHealthPets.csproj::TargetFramework=net8.0-ios]
C:\Users\betom\OneDrive\Escritorio\veterinaria\Helpetd2.0\HealthPetsfrontend\FrontEndHealthPets\Models\BathRecord.cs(11,23): warning CS8618: El elemento propiedad "GroomerName" que no acepta valores NULL debe contener un valor distinto de NULL al salir del constructor. Considere la posibilidad de agregar el modificador "required'"o declarar el propiedad como un valor que acepta valores NULL. [C:\Users\betom\OneDrive\Escritorio\veterinaria\Helpetd2.0\HealthPetsfrontend\FrontEndHealthPets\FrontEndHealthPets.csproj::TargetFramework=net8.0-ios]
C:\Users\betom\OneDrive\Escritorio\veterinaria\Helpetd2.0\HealthPetsfrontend\FrontEndHealthPets\Paginas\FlyPaginas\RazasAnimales.xaml.cs(14,9): warning CS4014: Como esta llamada no es 'awaited', la ejecuci├│n del m├®todo actual continuar├í antes de que se complete la llamada. Puede aplicar el operador 'await' al resultado de la llamada. [C:\Users\betom\OneDrive\Escritorio\veterinaria\Helpetd2.0\HealthPetsfrontend\FrontEndHealthPets\FrontEndHealthPets.csproj::TargetFramework=net8.0-ios]
C:\Users\betom\OneDrive\Escritorio\veterinaria\Helpetd2.0\HealthPetsfrontend\FrontEndHealthPets\Paginas\FlyPaginas\RazasAnimales.xaml.cs(10,12): warning CS8618: El elemento campo "_breeds" que no acepta valores NULL debe contener un valor distinto de NULL al salir del constructor. Considere la posibilidad de agregar el modificador "required'"o declarar el campo como un valor que acepta valores NULL. [C:\Users\betom\OneDrive\Escritorio\veterinaria\Helpetd2.0\HealthPetsfrontend\FrontEndHealthPets\FrontEndHealthPets.csproj::TargetFramework=net8.0-ios]
C:\Users\betom\OneDrive\Escritorio\veterinaria\Helpetd2.0\HealthPetsfrontend\FrontEndHealthPets\ViewModels\BathControlViewModel.cs(18,16): warning CS8618: El elemento campo "_selectedPet" que no acepta valores NULL debe contener un valor distinto de NULL al salir del constructor. Considere la posibilidad de agregar el modificador "required'"o declarar el campo como un valor que acepta valores NULL. [C:\Users\betom\OneDrive\Escritorio\veterinaria\Helpetd2.0\HealthPetsfrontend\FrontEndHealthPets\FrontEndHealthPets.csproj::TargetFramework=net8.0-ios]
C:\Users\betom\OneDrive\Escritorio\veterinaria\Helpetd2.0\HealthPetsfrontend\FrontEndHealthPets\ViewModels\BathControlViewModel.cs(64,25): warning CS4014: Como esta llamada no es 'awaited', la ejecuci├│n del m├®todo actual continuar├í antes de que se complete la llamada. Puede aplicar el operador 'await' al resultado de la llamada. [C:\Users\betom\OneDrive\Escritorio\veterinaria\Helpetd2.0\HealthPetsfrontend\FrontEndHealthPets\FrontEndHealthPets.csproj::TargetFramework=net8.0-ios]
C:\Users\betom\OneDrive\Escritorio\veterinaria\Helpetd2.0\HealthPetsfrontend\FrontEndHealthPets\ViewModels\BathControlViewModel.cs(120,23): warning CS8602: Desreferencia de una referencia posiblemente NULL. [C:\Users\betom\OneDrive\Escritorio\veterinaria\Helpetd2.0\HealthPetsfrontend\FrontEndHealthPets\FrontEndHealthPets.csproj::TargetFramework=net8.0-ios]
C:\Users\betom\OneDrive\Escritorio\veterinaria\Helpetd2.0\HealthPetsfrontend\FrontEndHealthPets\ViewModels\BathControlViewModel.cs(120,23): warning CS8602: Desreferencia de una referencia posiblemente NULL. [C:\Users\betom\OneDrive\Escritorio\veterinaria\Helpetd2.0\HealthPetsfrontend\FrontEndHealthPets\FrontEndHealthPets.csproj::TargetFramework=net8.0-ios]
C:\Users\betom\OneDrive\Escritorio\veterinaria\Helpetd2.0\HealthPetsfrontend\FrontEndHealthPets\ViewModels\BathControlViewModel.cs(154,23): warning CS8602: Desreferencia de una referencia posiblemente NULL. [C:\Users\betom\OneDrive\Escritorio\veterinaria\Helpetd2.0\HealthPetsfrontend\FrontEndHealthPets\FrontEndHealthPets.csproj::TargetFramework=net8.0-ios]
C:\Users\betom\OneDrive\Escritorio\veterinaria\Helpetd2.0\HealthPetsfrontend\FrontEndHealthPets\ViewModels\BathControlViewModel.cs(154,23): warning CS8602: Desreferencia de una referencia posiblemente NULL. [C:\Users\betom\OneDrive\Escritorio\veterinaria\Helpetd2.0\HealthPetsfrontend\FrontEndHealthPets\FrontEndHealthPets.csproj::TargetFramework=net8.0-ios]
C:\Users\betom\OneDrive\Escritorio\veterinaria\Helpetd2.0\HealthPetsfrontend\FrontEndHealthPets\ViewModels\BathControlViewModel.cs(159,36): warning CS8602: Desreferencia de una referencia posiblemente NULL. [C:\Users\betom\OneDrive\Escritorio\veterinaria\Helpetd2.0\HealthPetsfrontend\FrontEndHealthPets\FrontEndHealthPets.csproj::TargetFramework=net8.0-ios]
C:\Users\betom\OneDrive\Escritorio\veterinaria\Helpetd2.0\HealthPetsfrontend\FrontEndHealthPets\ViewModels\BathControlViewModel.cs(159,36): warning CS8602: Desreferencia de una referencia posiblemente NULL. [C:\Users\betom\OneDrive\Escritorio\veterinaria\Helpetd2.0\HealthPetsfrontend\FrontEndHealthPets\FrontEndHealthPets.csproj::TargetFramework=net8.0-ios]
C:\Users\betom\OneDrive\Escritorio\veterinaria\Helpetd2.0\HealthPetsfrontend\FrontEndHealthPets\ViewModels\BathControlViewModel.cs(179,34): warning CS8602: Desreferencia de una referencia posiblemente NULL. [C:\Users\betom\OneDrive\Escritorio\veterinaria\Helpetd2.0\HealthPetsfrontend\FrontEndHealthPets\FrontEndHealthPets.csproj::TargetFramework=net8.0-ios]
C:\Users\betom\OneDrive\Escritorio\veterinaria\Helpetd2.0\HealthPetsfrontend\FrontEndHealthPets\ViewModels\BathControlViewModel.cs(179,34): warning CS8602: Desreferencia de una referencia posiblemente NULL. [C:\Users\betom\OneDrive\Escritorio\veterinaria\Helpetd2.0\HealthPetsfrontend\FrontEndHealthPets\FrontEndHealthPets.csproj::TargetFramework=net8.0-ios]
C:\Users\betom\OneDrive\Escritorio\veterinaria\Helpetd2.0\HealthPetsfrontend\FrontEndHealthPets\Paginas\FlyPaginas\PaginaFlyMenu.xaml.cs(184,17): warning CS8602: Desreferencia de una referencia posiblemente NULL. [C:\Users\betom\OneDrive\Escritorio\veterinaria\Helpetd2.0\HealthPetsfrontend\FrontEndHealthPets\FrontEndHealthPets.csproj::TargetFramework=net8.0-ios]
C:\Users\betom\OneDrive\Escritorio\veterinaria\Helpetd2.0\HealthPetsfrontend\FrontEndHealthPets\ViewModels\ForgotPasswordViewModel.cs(18,16): warning CS8618: El elemento campo "email" que no acepta valores NULL debe contener un valor distinto de NULL al salir del constructor. Considere la posibilidad de agregar el modificador "required'"o declarar el campo como un valor que acepta valores NULL. [C:\Users\betom\OneDrive\Escritorio\veterinaria\Helpetd2.0\HealthPetsfrontend\FrontEndHealthPets\FrontEndHealthPets.csproj::TargetFramework=net8.0-ios]
C:\Users\betom\OneDrive\Escritorio\veterinaria\Helpetd2.0\HealthPetsfrontend\FrontEndHealthPets\ViewModels\ForgotPasswordViewModel.cs(31,23): warning CS8602: Desreferencia de una referencia posiblemente NULL. [C:\Users\betom\OneDrive\Escritorio\veterinaria\Helpetd2.0\HealthPetsfrontend\FrontEndHealthPets\FrontEndHealthPets.csproj::TargetFramework=net8.0-ios]
C:\Users\betom\OneDrive\Escritorio\veterinaria\Helpetd2.0\HealthPetsfrontend\FrontEndHealthPets\ViewModels\ForgotPasswordViewModel.cs(31,23): warning CS8602: Desreferencia de una referencia posiblemente NULL. [C:\Users\betom\OneDrive\Escritorio\veterinaria\Helpetd2.0\HealthPetsfrontend\FrontEndHealthPets\FrontEndHealthPets.csproj::TargetFramework=net8.0-ios]
C:\Users\betom\OneDrive\Escritorio\veterinaria\Helpetd2.0\HealthPetsfrontend\FrontEndHealthPets\ViewModels\ForgotPasswordViewModel.cs(42,27): warning CS8602: Desreferencia de una referencia posiblemente NULL. [C:\Users\betom\OneDrive\Escritorio\veterinaria\Helpetd2.0\HealthPetsfrontend\FrontEndHealthPets\FrontEndHealthPets.csproj::TargetFramework=net8.0-ios]
C:\Users\betom\OneDrive\Escritorio\veterinaria\Helpetd2.0\HealthPetsfrontend\FrontEndHealthPets\ViewModels\ForgotPasswordViewModel.cs(42,27): warning CS8602: Desreferencia de una referencia posiblemente NULL. [C:\Users\betom\OneDrive\Escritorio\veterinaria\Helpetd2.0\HealthPetsfrontend\FrontEndHealthPets\FrontEndHealthPets.csproj::TargetFramework=net8.0-ios]
C:\Users\betom\OneDrive\Escritorio\veterinaria\Helpetd2.0\HealthPetsfrontend\FrontEndHealthPets\ViewModels\ForgotPasswordViewModel.cs(52,27): warning CS8602: Desreferencia de una referencia posiblemente NULL. [C:\Users\betom\OneDrive\Escritorio\veterinaria\Helpetd2.0\HealthPetsfrontend\FrontEndHealthPets\FrontEndHealthPets.csproj::TargetFramework=net8.0-ios]
C:\Users\betom\OneDrive\Escritorio\veterinaria\Helpetd2.0\HealthPetsfrontend\FrontEndHealthPets\ViewModels\ForgotPasswordViewModel.cs(52,27): warning CS8602: Desreferencia de una referencia posiblemente NULL. [C:\Users\betom\OneDrive\Escritorio\veterinaria\Helpetd2.0\HealthPetsfrontend\FrontEndHealthPets\FrontEndHealthPets.csproj::TargetFramework=net8.0-ios]
C:\Users\betom\OneDrive\Escritorio\veterinaria\Helpetd2.0\HealthPetsfrontend\FrontEndHealthPets\ViewModels\ForgotPasswordViewModel.cs(57,23): warning CS8602: Desreferencia de una referencia posiblemente NULL. [C:\Users\betom\OneDrive\Escritorio\veterinaria\Helpetd2.0\HealthPetsfrontend\FrontEndHealthPets\FrontEndHealthPets.csproj::TargetFramework=net8.0-ios]
C:\Users\betom\OneDrive\Escritorio\veterinaria\Helpetd2.0\HealthPetsfrontend\FrontEndHealthPets\ViewModels\ForgotPasswordViewModel.cs(57,23): warning CS8602: Desreferencia de una referencia posiblemente NULL. [C:\Users\betom\OneDrive\Escritorio\veterinaria\Helpetd2.0\HealthPetsfrontend\FrontEndHealthPets\FrontEndHealthPets.csproj::TargetFramework=net8.0-ios]
C:\Users\betom\OneDrive\Escritorio\veterinaria\Helpetd2.0\HealthPetsfrontend\FrontEndHealthPets\Services\HistorialClinicoService.cs(47,33): warning CS8601: Posible asignaci├│n de referencia nula. [C:\Users\betom\OneDrive\Escritorio\veterinaria\Helpetd2.0\HealthPetsfrontend\FrontEndHealthPets\FrontEndHealthPets.csproj::TargetFramework=net8.0-ios]
C:\Users\betom\OneDrive\Escritorio\veterinaria\Helpetd2.0\HealthPetsfrontend\FrontEndHealthPets\ViewModels\PetDetailViewModel.cs(45,16): warning CS8618: El elemento campo "_pet" que no acepta valores NULL debe contener un valor distinto de NULL al salir del constructor. Considere la posibilidad de agregar el modificador "required'"o declarar el campo como un valor que acepta valores NULL. [C:\Users\betom\OneDrive\Escritorio\veterinaria\Helpetd2.0\HealthPetsfrontend\FrontEndHealthPets\FrontEndHealthPets.csproj::TargetFramework=net8.0-ios]
C:\Users\betom\OneDrive\Escritorio\veterinaria\Helpetd2.0\HealthPetsfrontend\FrontEndHealthPets\ViewModels\PetDetailViewModel.cs(69,23): warning CS8601: Posible asignaci├│n de referencia nula. [C:\Users\betom\OneDrive\Escritorio\veterinaria\Helpetd2.0\HealthPetsfrontend\FrontEndHealthPets\FrontEndHealthPets.csproj::TargetFramework=net8.0-ios]
C:\Users\betom\OneDrive\Escritorio\veterinaria\Helpetd2.0\HealthPetsfrontend\FrontEndHealthPets\ViewModels\PetProfileViewModel.cs(107,30): warning CS0168: La variable 'ex' se ha declarado pero nunca se usa [C:\Users\betom\OneDrive\Escritorio\veterinaria\Helpetd2.0\HealthPetsfrontend\FrontEndHealthPets\FrontEndHealthPets.csproj::TargetFramework=net8.0-ios]
C:\Users\betom\OneDrive\Escritorio\veterinaria\Helpetd2.0\HealthPetsfrontend\FrontEndHealthPets\ViewModels\MyAppointmentsViewModel.cs(43,23): warning CS8602: Desreferencia de una referencia posiblemente NULL. [C:\Users\betom\OneDrive\Escritorio\veterinaria\Helpetd2.0\HealthPetsfrontend\FrontEndHealthPets\FrontEndHealthPets.csproj::TargetFramework=net8.0-ios]
C:\Users\betom\OneDrive\Escritorio\veterinaria\Helpetd2.0\HealthPetsfrontend\FrontEndHealthPets\ViewModels\MyAppointmentsViewModel.cs(43,23): warning CS8602: Desreferencia de una referencia posiblemente NULL. [C:\Users\betom\OneDrive\Escritorio\veterinaria\Helpetd2.0\HealthPetsfrontend\FrontEndHealthPets\FrontEndHealthPets.csproj::TargetFramework=net8.0-ios]
C:\Users\betom\OneDrive\Escritorio\veterinaria\Helpetd2.0\HealthPetsfrontend\FrontEndHealthPets\Models\VetAppointment.cs(15,23): warning CS8618: El elemento propiedad "VeterinarianName" que no acepta valores NULL debe contener un valor distinto de NULL al salir del constructor. Considere la posibilidad de agregar el modificador "required'"o declarar el propiedad como un valor que acepta valores NULL. [C:\Users\betom\OneDrive\Escritorio\veterinaria\Helpetd2.0\HealthPetsfrontend\FrontEndHealthPets\FrontEndHealthPets.csproj::TargetFramework=net8.0-ios]
C:\Users\betom\OneDrive\Escritorio\veterinaria\Helpetd2.0\HealthPetsfrontend\FrontEndHealthPets\Models\VetAppointment.cs(21,23): warning CS8618: El elemento propiedad "UserName" que no acepta valores NULL debe contener un valor distinto de NULL al salir del constructor. Considere la posibilidad de agregar el modificador "required'"o declarar el propiedad como un valor que acepta valores NULL. [C:\Users\betom\OneDrive\Escritorio\veterinaria\Helpetd2.0\HealthPetsfrontend\FrontEndHealthPets\FrontEndHealthPets.csproj::TargetFramework=net8.0-ios]
C:\Users\betom\OneDrive\Escritorio\veterinaria\Helpetd2.0\HealthPetsfrontend\FrontEndHealthPets\Models\VetAppointment.cs(33,23): warning CS8618: El elemento propiedad "Status" que no acepta valores NULL debe contener un valor distinto de NULL al salir del constructor. Considere la posibilidad de agregar el modificador "required'"o declarar el propiedad como un valor que acepta valores NULL. [C:\Users\betom\OneDrive\Escritorio\veterinaria\Helpetd2.0\HealthPetsfrontend\FrontEndHealthPets\FrontEndHealthPets.csproj::TargetFramework=net8.0-ios]
C:\Users\betom\OneDrive\Escritorio\veterinaria\Helpetd2.0\HealthPetsfrontend\FrontEndHealthPets\ViewModels\MyAppointmentsViewModel.cs(57,34): warning CS8602: Desreferencia de una referencia posiblemente NULL. [C:\Users\betom\OneDrive\Escritorio\veterinaria\Helpetd2.0\HealthPetsfrontend\FrontEndHealthPets\FrontEndHealthPets.csproj::TargetFramework=net8.0-ios]
C:\Users\betom\OneDrive\Escritorio\veterinaria\Helpetd2.0\HealthPetsfrontend\FrontEndHealthPets\ViewModels\MyAppointmentsViewModel.cs(57,34): warning CS8602: Desreferencia de una referencia posiblemente NULL. [C:\Users\betom\OneDrive\Escritorio\veterinaria\Helpetd2.0\HealthPetsfrontend\FrontEndHealthPets\FrontEndHealthPets.csproj::TargetFramework=net8.0-ios]
C:\Users\betom\OneDrive\Escritorio\veterinaria\Helpetd2.0\HealthPetsfrontend\FrontEndHealthPets\Models\Veterinarian.cs(12,23): warning CS8618: El elemento propiedad "Name" que no acepta valores NULL debe contener un valor distinto de NULL al salir del constructor. Considere la posibilidad de agregar el modificador "required'"o declarar el propiedad como un valor que acepta valores NULL. [C:\Users\betom\OneDrive\Escritorio\veterinaria\Helpetd2.0\HealthPetsfrontend\FrontEndHealthPets\FrontEndHealthPets.csproj::TargetFramework=net8.0-ios]
C:\Users\betom\OneDrive\Escritorio\veterinaria\Helpetd2.0\HealthPetsfrontend\FrontEndHealthPets\Models\Veterinarian.cs(15,23): warning CS8618: El elemento propiedad "Email" que no acepta valores NULL debe contener un valor distinto de NULL al salir del constructor. Considere la posibilidad de agregar el modificador "required'"o declarar el propiedad como un valor que acepta valores NULL. [C:\Users\betom\OneDrive\Escritorio\veterinaria\Helpetd2.0\HealthPetsfrontend\FrontEndHealthPets\FrontEndHealthPets.csproj::TargetFramework=net8.0-ios]
C:\Users\betom\OneDrive\Escritorio\veterinaria\Helpetd2.0\HealthPetsfrontend\FrontEndHealthPets\ViewModels\ResetPasswordViewModel.cs(28,16): warning CS8618: El elemento campo "email" que no acepta valores NULL debe contener un valor distinto de NULL al salir del constructor. Considere la posibilidad de agregar el modificador "required'"o declarar el campo como un valor que acepta valores NULL. [C:\Users\betom\OneDrive\Escritorio\veterinaria\Helpetd2.0\HealthPetsfrontend\FrontEndHealthPets\FrontEndHealthPets.csproj::TargetFramework=net8.0-ios]
C:\Users\betom\OneDrive\Escritorio\veterinaria\Helpetd2.0\HealthPetsfrontend\FrontEndHealthPets\ViewModels\ResetPasswordViewModel.cs(28,16): warning CS8618: El elemento campo "code" que no acepta valores NULL debe contener un valor distinto de NULL al salir del constructor. Considere la posibilidad de agregar el modificador "required'"o declarar el campo como un valor que acepta valores NULL. [C:\Users\betom\OneDrive\Escritorio\veterinaria\Helpetd2.0\HealthPetsfrontend\FrontEndHealthPets\FrontEndHealthPets.csproj::TargetFramework=net8.0-ios]
C:\Users\betom\OneDrive\Escritorio\veterinaria\Helpetd2.0\HealthPetsfrontend\FrontEndHealthPets\ViewModels\ResetPasswordViewModel.cs(28,16): warning CS8618: El elemento campo "newPassword" que no acepta valores NULL debe contener un valor distinto de NULL al salir del constructor. Considere la posibilidad de agregar el modificador "required'"o declarar el campo como un valor que acepta valores NULL. [C:\Users\betom\OneDrive\Escritorio\veterinaria\Helpetd2.0\HealthPetsfrontend\FrontEndHealthPets\FrontEndHealthPets.csproj::TargetFramework=net8.0-ios]
C:\Users\betom\OneDrive\Escritorio\veterinaria\Helpetd2.0\HealthPetsfrontend\FrontEndHealthPets\ViewModels\ResetPasswordViewModel.cs(28,16): warning CS8618: El elemento campo "confirmPassword" que no acepta valores NULL debe contener un valor distinto de NULL al salir del constructor. Considere la posibilidad de agregar el modificador "required'"o declarar el campo como un valor que acepta valores NULL. [C:\Users\betom\OneDrive\Escritorio\veterinaria\Helpetd2.0\HealthPetsfrontend\FrontEndHealthPets\FrontEndHealthPets.csproj::TargetFramework=net8.0-ios]
C:\Users\betom\OneDrive\Escritorio\veterinaria\Helpetd2.0\HealthPetsfrontend\FrontEndHealthPets\ViewModels\ResenasViewModel.cs(100,29): warning CS8601: Posible asignaci├│n de referencia nula. [C:\Users\betom\OneDrive\Escritorio\veterinaria\Helpetd2.0\HealthPetsfrontend\FrontEndHealthPets\FrontEndHealthPets.csproj::TargetFramework=net8.0-ios]
C:\Users\betom\OneDrive\Escritorio\veterinaria\Helpetd2.0\HealthPetsfrontend\FrontEndHealthPets\ViewModels\VaccinationViewModel.cs(24,16): warning CS8618: El elemento campo "selectedPet" que no acepta valores NULL debe contener un valor distinto de NULL al salir del constructor. Considere la posibilidad de agregar el modificador "required'"o declarar el campo como un valor que acepta valores NULL. [C:\Users\betom\OneDrive\Escritorio\veterinaria\Helpetd2.0\HealthPetsfrontend\FrontEndHealthPets\FrontEndHealthPets.csproj::TargetFramework=net8.0-ios]
C:\Users\betom\OneDrive\Escritorio\veterinaria\Helpetd2.0\HealthPetsfrontend\FrontEndHealthPets\ViewModels\SettingsViewModel.cs(86,16): warning CS8618: El elemento campo "_userName" que no acepta valores NULL debe contener un valor distinto de NULL al salir del constructor. Considere la posibilidad de agregar el modificador "required'"o declarar el campo como un valor que acepta valores NULL. [C:\Users\betom\OneDrive\Escritorio\veterinaria\Helpetd2.0\HealthPetsfrontend\FrontEndHealthPets\FrontEndHealthPets.csproj::TargetFramework=net8.0-ios]
C:\Users\betom\OneDrive\Escritorio\veterinaria\Helpetd2.0\HealthPetsfrontend\FrontEndHealthPets\ViewModels\SettingsViewModel.cs(86,16): warning CS8618: El elemento campo "_userEmail" que no acepta valores NULL debe contener un valor distinto de NULL al salir del constructor. Considere la posibilidad de agregar el modificador "required'"o declarar el campo como un valor que acepta valores NULL. [C:\Users\betom\OneDrive\Escritorio\veterinaria\Helpetd2.0\HealthPetsfrontend\FrontEndHealthPets\FrontEndHealthPets.csproj::TargetFramework=net8.0-ios]
C:\Users\betom\OneDrive\Escritorio\veterinaria\Helpetd2.0\HealthPetsfrontend\FrontEndHealthPets\ViewModels\SettingsViewModel.cs(86,16): warning CS8618: El elemento campo "_appVersion" que no acepta valores NULL debe contener un valor distinto de NULL al salir del constructor. Considere la posibilidad de agregar el modificador "required'"o declarar el campo como un valor que acepta valores NULL. [C:\Users\betom\OneDrive\Escritorio\veterinaria\Helpetd2.0\HealthPetsfrontend\FrontEndHealthPets\FrontEndHealthPets.csproj::TargetFramework=net8.0-ios]
C:\Users\betom\OneDrive\Escritorio\veterinaria\Helpetd2.0\HealthPetsfrontend\FrontEndHealthPets\ViewModels\VeterinarianProfileViewModel.cs(46,16): warning CS8618: El elemento campo "veterinarian" que no acepta valores NULL debe contener un valor distinto de NULL al salir del constructor. Considere la posibilidad de agregar el modificador "required'"o declarar el campo como un valor que acepta valores NULL. [C:\Users\betom\OneDrive\Escritorio\veterinaria\Helpetd2.0\HealthPetsfrontend\FrontEndHealthPets\FrontEndHealthPets.csproj::TargetFramework=net8.0-ios]
C:\Users\betom\OneDrive\Escritorio\veterinaria\Helpetd2.0\HealthPetsfrontend\FrontEndHealthPets\ViewModels\VeterinarianProfileViewModel.cs(46,16): warning CS8618: El elemento campo "selectedSlot" que no acepta valores NULL debe contener un valor distinto de NULL al salir del constructor. Considere la posibilidad de agregar el modificador "required'"o declarar el campo como un valor que acepta valores NULL. [C:\Users\betom\OneDrive\Escritorio\veterinaria\Helpetd2.0\HealthPetsfrontend\FrontEndHealthPets\FrontEndHealthPets.csproj::TargetFramework=net8.0-ios]
C:\Users\betom\OneDrive\Escritorio\veterinaria\Helpetd2.0\HealthPetsfrontend\FrontEndHealthPets\ViewModels\VeterinarianProfileViewModel.cs(46,16): warning CS8618: El elemento campo "selectedPet" que no acepta valores NULL debe contener un valor distinto de NULL al salir del constructor. Considere la posibilidad de agregar el modificador "required'"o declarar el campo como un valor que acepta valores NULL. [C:\Users\betom\OneDrive\Escritorio\veterinaria\Helpetd2.0\HealthPetsfrontend\FrontEndHealthPets\FrontEndHealthPets.csproj::TargetFramework=net8.0-ios]
C:\Users\betom\OneDrive\Escritorio\veterinaria\Helpetd2.0\HealthPetsfrontend\FrontEndHealthPets\ViewModels\VeterinarianProfileViewModel.cs(46,16): warning CS8618: El elemento campo "reason" que no acepta valores NULL debe contener un valor distinto de NULL al salir del constructor. Considere la posibilidad de agregar el modificador "required'"o declarar el campo como un valor que acepta valores NULL. [C:\Users\betom\OneDrive\Escritorio\veterinaria\Helpetd2.0\HealthPetsfrontend\FrontEndHealthPets\FrontEndHealthPets.csproj::TargetFramework=net8.0-ios]
C:\Users\betom\OneDrive\Escritorio\veterinaria\Helpetd2.0\HealthPetsfrontend\FrontEndHealthPets\ViewModels\VeterinarianProfileViewModel.cs(46,16): warning CS8618: El elemento campo "notes" que no acepta valores NULL debe contener un valor distinto de NULL al salir del constructor. Considere la posibilidad de agregar el modificador "required'"o declarar el campo como un valor que acepta valores NULL. [C:\Users\betom\OneDrive\Escritorio\veterinaria\Helpetd2.0\HealthPetsfrontend\FrontEndHealthPets\FrontEndHealthPets.csproj::TargetFramework=net8.0-ios]
C:\Users\betom\OneDrive\Escritorio\veterinaria\Helpetd2.0\HealthPetsfrontend\FrontEndHealthPets\ViewModels\VeterinarianProfileViewModel.cs(74,32): warning CS8601: Posible asignaci├│n de referencia nula. [C:\Users\betom\OneDrive\Escritorio\veterinaria\Helpetd2.0\HealthPetsfrontend\FrontEndHealthPets\FrontEndHealthPets.csproj::TargetFramework=net8.0-ios]
C:\Users\betom\OneDrive\Escritorio\veterinaria\Helpetd2.0\HealthPetsfrontend\FrontEndHealthPets\ViewModels\VeterinariansViewModel.cs(22,16): warning CS8618: El elemento campo "searchText" que no acepta valores NULL debe contener un valor distinto de NULL al salir del constructor. Considere la posibilidad de agregar el modificador "required'"o declarar el campo como un valor que acepta valores NULL. [C:\Users\betom\OneDrive\Escritorio\veterinaria\Helpetd2.0\HealthPetsfrontend\FrontEndHealthPets\FrontEndHealthPets.csproj::TargetFramework=net8.0-ios]
C:\Users\betom\OneDrive\Escritorio\veterinaria\Helpetd2.0\HealthPetsfrontend\FrontEndHealthPets\ViewModels\VeterinarianProfileViewModel.cs(102,32): warning CS8625: No se puede convertir un literal NULL en un tipo de referencia que no acepta valores NULL. [C:\Users\betom\OneDrive\Escritorio\veterinaria\Helpetd2.0\HealthPetsfrontend\FrontEndHealthPets\FrontEndHealthPets.csproj::TargetFramework=net8.0-ios]
C:\Users\betom\OneDrive\Escritorio\veterinaria\Helpetd2.0\HealthPetsfrontend\FrontEndHealthPets\ViewModels\ResetPasswordViewModel.cs(41,23): warning CS8602: Desreferencia de una referencia posiblemente NULL. [C:\Users\betom\OneDrive\Escritorio\veterinaria\Helpetd2.0\HealthPetsfrontend\FrontEndHealthPets\FrontEndHealthPets.csproj::TargetFramework=net8.0-ios]
C:\Users\betom\OneDrive\Escritorio\veterinaria\Helpetd2.0\HealthPetsfrontend\FrontEndHealthPets\ViewModels\ResetPasswordViewModel.cs(41,23): warning CS8602: Desreferencia de una referencia posiblemente NULL. [C:\Users\betom\OneDrive\Escritorio\veterinaria\Helpetd2.0\HealthPetsfrontend\FrontEndHealthPets\FrontEndHealthPets.csproj::TargetFramework=net8.0-ios]
C:\Users\betom\OneDrive\Escritorio\veterinaria\Helpetd2.0\HealthPetsfrontend\FrontEndHealthPets\ViewModels\ResetPasswordViewModel.cs(47,23): warning CS8602: Desreferencia de una referencia posiblemente NULL. [C:\Users\betom\OneDrive\Escritorio\veterinaria\Helpetd2.0\HealthPetsfrontend\FrontEndHealthPets\FrontEndHealthPets.csproj::TargetFramework=net8.0-ios]
C:\Users\betom\OneDrive\Escritorio\veterinaria\Helpetd2.0\HealthPetsfrontend\FrontEndHealthPets\ViewModels\ResetPasswordViewModel.cs(47,23): warning CS8602: Desreferencia de una referencia posiblemente NULL. [C:\Users\betom\OneDrive\Escritorio\veterinaria\Helpetd2.0\HealthPetsfrontend\FrontEndHealthPets\FrontEndHealthPets.csproj::TargetFramework=net8.0-ios]
C:\Users\betom\OneDrive\Escritorio\veterinaria\Helpetd2.0\HealthPetsfrontend\FrontEndHealthPets\ViewModels\ResetPasswordViewModel.cs(58,27): warning CS8602: Desreferencia de una referencia posiblemente NULL. [C:\Users\betom\OneDrive\Escritorio\veterinaria\Helpetd2.0\HealthPetsfrontend\FrontEndHealthPets\FrontEndHealthPets.csproj::TargetFramework=net8.0-ios]
C:\Users\betom\OneDrive\Escritorio\veterinaria\Helpetd2.0\HealthPetsfrontend\FrontEndHealthPets\ViewModels\ResetPasswordViewModel.cs(58,27): warning CS8602: Desreferencia de una referencia posiblemente NULL. [C:\Users\betom\OneDrive\Escritorio\veterinaria\Helpetd2.0\HealthPetsfrontend\FrontEndHealthPets\FrontEndHealthPets.csproj::TargetFramework=net8.0-ios]
C:\Users\betom\OneDrive\Escritorio\veterinaria\Helpetd2.0\HealthPetsfrontend\FrontEndHealthPets\ViewModels\ResetPasswordViewModel.cs(66,27): warning CS8602: Desreferencia de una referencia posiblemente NULL. [C:\Users\betom\OneDrive\Escritorio\veterinaria\Helpetd2.0\HealthPetsfrontend\FrontEndHealthPets\FrontEndHealthPets.csproj::TargetFramework=net8.0-ios]
C:\Users\betom\OneDrive\Escritorio\veterinaria\Helpetd2.0\HealthPetsfrontend\FrontEndHealthPets\ViewModels\ResetPasswordViewModel.cs(66,27): warning CS8602: Desreferencia de una referencia posiblemente NULL. [C:\Users\betom\OneDrive\Escritorio\veterinaria\Helpetd2.0\HealthPetsfrontend\FrontEndHealthPets\FrontEndHealthPets.csproj::TargetFramework=net8.0-ios]
C:\Users\betom\OneDrive\Escritorio\veterinaria\Helpetd2.0\HealthPetsfrontend\FrontEndHealthPets\ViewModels\ResetPasswordViewModel.cs(71,23): warning CS8602: Desreferencia de una referencia posiblemente NULL. [C:\Users\betom\OneDrive\Escritorio\veterinaria\Helpetd2.0\HealthPetsfrontend\FrontEndHealthPets\FrontEndHealthPets.csproj::TargetFramework=net8.0-ios]
C:\Users\betom\OneDrive\Escritorio\veterinaria\Helpetd2.0\HealthPetsfrontend\FrontEndHealthPets\ViewModels\ResetPasswordViewModel.cs(71,23): warning CS8602: Desreferencia de una referencia posiblemente NULL. [C:\Users\betom\OneDrive\Escritorio\veterinaria\Helpetd2.0\HealthPetsfrontend\FrontEndHealthPets\FrontEndHealthPets.csproj::TargetFramework=net8.0-ios]
C:\Users\betom\OneDrive\Escritorio\veterinaria\Helpetd2.0\HealthPetsfrontend\FrontEndHealthPets\Services\PetService.cs(244,33): warning CS1998: El m├®todo asincr├│nico carece de operadores "await" y se ejecutar├í de forma sincr├│nica. Puede usar el operador 'await' para esperar llamadas API que no sean de bloqueo o 'await Task.Run(...)' para hacer tareas enlazadas a la CPU en un subproceso en segundo plano. [C:\Users\betom\OneDrive\Escritorio\veterinaria\Helpetd2.0\HealthPetsfrontend\FrontEndHealthPets\FrontEndHealthPets.csproj::TargetFramework=net8.0-ios]
C:\Users\betom\OneDrive\Escritorio\veterinaria\Helpetd2.0\HealthPetsfrontend\FrontEndHealthPets\ViewModels\VeterinarianProfileViewModel.cs(121,23): warning CS8602: Desreferencia de una referencia posiblemente NULL. [C:\Users\betom\OneDrive\Escritorio\veterinaria\Helpetd2.0\HealthPetsfrontend\FrontEndHealthPets\FrontEndHealthPets.csproj::TargetFramework=net8.0-ios]
C:\Users\betom\OneDrive\Escritorio\veterinaria\Helpetd2.0\HealthPetsfrontend\FrontEndHealthPets\ViewModels\VeterinarianProfileViewModel.cs(121,23): warning CS8602: Desreferencia de una referencia posiblemente NULL. [C:\Users\betom\OneDrive\Escritorio\veterinaria\Helpetd2.0\HealthPetsfrontend\FrontEndHealthPets\FrontEndHealthPets.csproj::TargetFramework=net8.0-ios]
C:\Users\betom\OneDrive\Escritorio\veterinaria\Helpetd2.0\HealthPetsfrontend\FrontEndHealthPets\ViewModels\VeterinarianProfileViewModel.cs(127,23): warning CS8602: Desreferencia de una referencia posiblemente NULL. [C:\Users\betom\OneDrive\Escritorio\veterinaria\Helpetd2.0\HealthPetsfrontend\FrontEndHealthPets\FrontEndHealthPets.csproj::TargetFramework=net8.0-ios]
C:\Users\betom\OneDrive\Escritorio\veterinaria\Helpetd2.0\HealthPetsfrontend\FrontEndHealthPets\ViewModels\VeterinarianProfileViewModel.cs(127,23): warning CS8602: Desreferencia de una referencia posiblemente NULL. [C:\Users\betom\OneDrive\Escritorio\veterinaria\Helpetd2.0\HealthPetsfrontend\FrontEndHealthPets\FrontEndHealthPets.csproj::TargetFramework=net8.0-ios]
C:\Users\betom\OneDrive\Escritorio\veterinaria\Helpetd2.0\HealthPetsfrontend\FrontEndHealthPets\ViewModels\VeterinarianProfileViewModel.cs(148,27): warning CS8602: Desreferencia de una referencia posiblemente NULL. [C:\Users\betom\OneDrive\Escritorio\veterinaria\Helpetd2.0\HealthPetsfrontend\FrontEndHealthPets\FrontEndHealthPets.csproj::TargetFramework=net8.0-ios]
C:\Users\betom\OneDrive\Escritorio\veterinaria\Helpetd2.0\HealthPetsfrontend\FrontEndHealthPets\ViewModels\VeterinarianProfileViewModel.cs(148,27): warning CS8602: Desreferencia de una referencia posiblemente NULL. [C:\Users\betom\OneDrive\Escritorio\veterinaria\Helpetd2.0\HealthPetsfrontend\FrontEndHealthPets\FrontEndHealthPets.csproj::TargetFramework=net8.0-ios]
C:\Users\betom\OneDrive\Escritorio\veterinaria\Helpetd2.0\HealthPetsfrontend\FrontEndHealthPets\ViewModels\VeterinarianProfileViewModel.cs(153,27): warning CS8602: Desreferencia de una referencia posiblemente NULL. [C:\Users\betom\OneDrive\Escritorio\veterinaria\Helpetd2.0\HealthPetsfrontend\FrontEndHealthPets\FrontEndHealthPets.csproj::TargetFramework=net8.0-ios]
C:\Users\betom\OneDrive\Escritorio\veterinaria\Helpetd2.0\HealthPetsfrontend\FrontEndHealthPets\ViewModels\VeterinarianProfileViewModel.cs(153,27): warning CS8602: Desreferencia de una referencia posiblemente NULL. [C:\Users\betom\OneDrive\Escritorio\veterinaria\Helpetd2.0\HealthPetsfrontend\FrontEndHealthPets\FrontEndHealthPets.csproj::TargetFramework=net8.0-ios]
C:\Users\betom\OneDrive\Escritorio\veterinaria\Helpetd2.0\HealthPetsfrontend\FrontEndHealthPets\ViewModels\VeterinarianProfileViewModel.cs(158,23): warning CS8602: Desreferencia de una referencia posiblemente NULL. [C:\Users\betom\OneDrive\Escritorio\veterinaria\Helpetd2.0\HealthPetsfrontend\FrontEndHealthPets\FrontEndHealthPets.csproj::TargetFramework=net8.0-ios]
C:\Users\betom\OneDrive\Escritorio\veterinaria\Helpetd2.0\HealthPetsfrontend\FrontEndHealthPets\ViewModels\VeterinarianProfileViewModel.cs(158,23): warning CS8602: Desreferencia de una referencia posiblemente NULL. [C:\Users\betom\OneDrive\Escritorio\veterinaria\Helpetd2.0\HealthPetsfrontend\FrontEndHealthPets\FrontEndHealthPets.csproj::TargetFramework=net8.0-ios]
C:\Users\betom\OneDrive\Escritorio\veterinaria\Helpetd2.0\HealthPetsfrontend\FrontEndHealthPets\ViewModels\PetProfileViewModel.cs(229,34): warning CS8602: Desreferencia de una referencia posiblemente NULL. [C:\Users\betom\OneDrive\Escritorio\veterinaria\Helpetd2.0\HealthPetsfrontend\FrontEndHealthPets\FrontEndHealthPets.csproj::TargetFramework=net8.0-ios]
C:\Users\betom\OneDrive\Escritorio\veterinaria\Helpetd2.0\HealthPetsfrontend\FrontEndHealthPets\ViewModels\PetProfileViewModel.cs(229,34): warning CS8602: Desreferencia de una referencia posiblemente NULL. [C:\Users\betom\OneDrive\Escritorio\veterinaria\Helpetd2.0\HealthPetsfrontend\FrontEndHealthPets\FrontEndHealthPets.csproj::TargetFramework=net8.0-ios]
C:\Users\betom\OneDrive\Escritorio\veterinaria\Helpetd2.0\HealthPetsfrontend\FrontEndHealthPets\ViewModels\VeterinariansViewModel.cs(48,23): warning CS8602: Desreferencia de una referencia posiblemente NULL. [C:\Users\betom\OneDrive\Escritorio\veterinaria\Helpetd2.0\HealthPetsfrontend\FrontEndHealthPets\FrontEndHealthPets.csproj::TargetFramework=net8.0-ios]
C:\Users\betom\OneDrive\Escritorio\veterinaria\Helpetd2.0\HealthPetsfrontend\FrontEndHealthPets\ViewModels\VeterinariansViewModel.cs(48,23): warning CS8602: Desreferencia de una referencia posiblemente NULL. [C:\Users\betom\OneDrive\Escritorio\veterinaria\Helpetd2.0\HealthPetsfrontend\FrontEndHealthPets\FrontEndHealthPets.csproj::TargetFramework=net8.0-ios]
C:\Users\betom\OneDrive\Escritorio\veterinaria\Helpetd2.0\HealthPetsfrontend\FrontEndHealthPets\ViewModels\VeterinariansViewModel.cs(90,23): warning CS8602: Desreferencia de una referencia posiblemente NULL. [C:\Users\betom\OneDrive\Escritorio\veterinaria\Helpetd2.0\HealthPetsfrontend\FrontEndHealthPets\FrontEndHealthPets.csproj::TargetFramework=net8.0-ios]
C:\Users\betom\OneDrive\Escritorio\veterinaria\Helpetd2.0\HealthPetsfrontend\FrontEndHealthPets\ViewModels\VeterinariansViewModel.cs(90,23): warning CS8602: Desreferencia de una referencia posiblemente NULL. [C:\Users\betom\OneDrive\Escritorio\veterinaria\Helpetd2.0\HealthPetsfrontend\FrontEndHealthPets\FrontEndHealthPets.csproj::TargetFramework=net8.0-ios]
C:\Users\betom\OneDrive\Escritorio\veterinaria\Helpetd2.0\HealthPetsfrontend\FrontEndHealthPets\ViewModels\VetProfileEditViewModel.cs(34,16): warning CS8618: El elemento campo "name" que no acepta valores NULL debe contener un valor distinto de NULL al salir del constructor. Considere la posibilidad de agregar el modificador "required'"o declarar el campo como un valor que acepta valores NULL. [C:\Users\betom\OneDrive\Escritorio\veterinaria\Helpetd2.0\HealthPetsfrontend\FrontEndHealthPets\FrontEndHealthPets.csproj::TargetFramework=net8.0-ios]
C:\Users\betom\OneDrive\Escritorio\veterinaria\Helpetd2.0\HealthPetsfrontend\FrontEndHealthPets\ViewModels\VetProfileEditViewModel.cs(34,16): warning CS8618: El elemento campo "specialty" que no acepta valores NULL debe contener un valor distinto de NULL al salir del constructor. Considere la posibilidad de agregar el modificador "required'"o declarar el campo como un valor que acepta valores NULL. [C:\Users\betom\OneDrive\Escritorio\veterinaria\Helpetd2.0\HealthPetsfrontend\FrontEndHealthPets\FrontEndHealthPets.csproj::TargetFramework=net8.0-ios]
C:\Users\betom\OneDrive\Escritorio\veterinaria\Helpetd2.0\HealthPetsfrontend\FrontEndHealthPets\ViewModels\VetProfileEditViewModel.cs(34,16): warning CS8618: El elemento campo "description" que no acepta valores NULL debe contener un valor distinto de NULL al salir del constructor. Considere la posibilidad de agregar el modificador "required'"o declarar el campo como un valor que acepta valores NULL. [C:\Users\betom\OneDrive\Escritorio\veterinaria\Helpetd2.0\HealthPetsfrontend\FrontEndHealthPets\FrontEndHealthPets.csproj::TargetFramework=net8.0-ios]
C:\Users\betom\OneDrive\Escritorio\veterinaria\Helpetd2.0\HealthPetsfrontend\FrontEndHealthPets\ViewModels\VetProfileEditViewModel.cs(34,16): warning CS8618: El elemento campo "phone" que no acepta valores NULL debe contener un valor distinto de NULL al salir del constructor. Considere la posibilidad de agregar el modificador "required'"o declarar el campo como un valor que acepta valores NULL. [C:\Users\betom\OneDrive\Escritorio\veterinaria\Helpetd2.0\HealthPetsfrontend\FrontEndHealthPets\FrontEndHealthPets.csproj::TargetFramework=net8.0-ios]
C:\Users\betom\OneDrive\Escritorio\veterinaria\Helpetd2.0\HealthPetsfrontend\FrontEndHealthPets\ViewModels\VetProfileEditViewModel.cs(34,16): warning CS8618: El elemento campo "consultationPrice" que no acepta valores NULL debe contener un valor distinto de NULL al salir del constructor. Considere la posibilidad de agregar el modificador "required'"o declarar el campo como un valor que acepta valores NULL. [C:\Users\betom\OneDrive\Escritorio\veterinaria\Helpetd2.0\HealthPetsfrontend\FrontEndHealthPets\FrontEndHealthPets.csproj::TargetFramework=net8.0-ios]
C:\Users\betom\OneDrive\Escritorio\veterinaria\Helpetd2.0\HealthPetsfrontend\FrontEndHealthPets\ViewModels\VetProfileEditViewModel.cs(34,16): warning CS8618: El elemento campo "profileImageUrl" que no acepta valores NULL debe contener un valor distinto de NULL al salir del constructor. Considere la posibilidad de agregar el modificador "required'"o declarar el campo como un valor que acepta valores NULL. [C:\Users\betom\OneDrive\Escritorio\veterinaria\Helpetd2.0\HealthPetsfrontend\FrontEndHealthPets\FrontEndHealthPets.csproj::TargetFramework=net8.0-ios]
C:\Users\betom\OneDrive\Escritorio\veterinaria\Helpetd2.0\HealthPetsfrontend\FrontEndHealthPets\ViewModels\VetProfileEditViewModel.cs(60,33): warning CS8601: Posible asignaci├│n de referencia nula. [C:\Users\betom\OneDrive\Escritorio\veterinaria\Helpetd2.0\HealthPetsfrontend\FrontEndHealthPets\FrontEndHealthPets.csproj::TargetFramework=net8.0-ios]
C:\Users\betom\OneDrive\Escritorio\veterinaria\Helpetd2.0\HealthPetsfrontend\FrontEndHealthPets\ViewModels\VetProfileEditViewModel.cs(61,35): warning CS8601: Posible asignaci├│n de referencia nula. [C:\Users\betom\OneDrive\Escritorio\veterinaria\Helpetd2.0\HealthPetsfrontend\FrontEndHealthPets\FrontEndHealthPets.csproj::TargetFramework=net8.0-ios]
C:\Users\betom\OneDrive\Escritorio\veterinaria\Helpetd2.0\HealthPetsfrontend\FrontEndHealthPets\ViewModels\VetProfileEditViewModel.cs(62,29): warning CS8601: Posible asignaci├│n de referencia nula. [C:\Users\betom\OneDrive\Escritorio\veterinaria\Helpetd2.0\HealthPetsfrontend\FrontEndHealthPets\FrontEndHealthPets.csproj::TargetFramework=net8.0-ios]
C:\Users\betom\OneDrive\Escritorio\veterinaria\Helpetd2.0\HealthPetsfrontend\FrontEndHealthPets\ViewModels\VetProfileEditViewModel.cs(64,39): warning CS8601: Posible asignaci├│n de referencia nula. [C:\Users\betom\OneDrive\Escritorio\veterinaria\Helpetd2.0\HealthPetsfrontend\FrontEndHealthPets\FrontEndHealthPets.csproj::TargetFramework=net8.0-ios]
C:\Users\betom\OneDrive\Escritorio\veterinaria\Helpetd2.0\HealthPetsfrontend\FrontEndHealthPets\ViewModels\VetProfileEditViewModel.cs(109,31): warning CS8602: Desreferencia de una referencia posiblemente NULL. [C:\Users\betom\OneDrive\Escritorio\veterinaria\Helpetd2.0\HealthPetsfrontend\FrontEndHealthPets\FrontEndHealthPets.csproj::TargetFramework=net8.0-ios]
C:\Users\betom\OneDrive\Escritorio\veterinaria\Helpetd2.0\HealthPetsfrontend\FrontEndHealthPets\ViewModels\VetProfileEditViewModel.cs(109,31): warning CS8602: Desreferencia de una referencia posiblemente NULL. [C:\Users\betom\OneDrive\Escritorio\veterinaria\Helpetd2.0\HealthPetsfrontend\FrontEndHealthPets\FrontEndHealthPets.csproj::TargetFramework=net8.0-ios]
C:\Users\betom\OneDrive\Escritorio\veterinaria\Helpetd2.0\HealthPetsfrontend\FrontEndHealthPets\ViewModels\VetProfileEditViewModel.cs(113,31): warning CS8602: Desreferencia de una referencia posiblemente NULL. [C:\Users\betom\OneDrive\Escritorio\veterinaria\Helpetd2.0\HealthPetsfrontend\FrontEndHealthPets\FrontEndHealthPets.csproj::TargetFramework=net8.0-ios]
C:\Users\betom\OneDrive\Escritorio\veterinaria\Helpetd2.0\HealthPetsfrontend\FrontEndHealthPets\ViewModels\VetProfileEditViewModel.cs(113,31): warning CS8602: Desreferencia de una referencia posiblemente NULL. [C:\Users\betom\OneDrive\Escritorio\veterinaria\Helpetd2.0\HealthPetsfrontend\FrontEndHealthPets\FrontEndHealthPets.csproj::TargetFramework=net8.0-ios]
C:\Users\betom\OneDrive\Escritorio\veterinaria\Helpetd2.0\HealthPetsfrontend\FrontEndHealthPets\ViewModels\VetProfileEditViewModel.cs(119,23): warning CS8602: Desreferencia de una referencia posiblemente NULL. [C:\Users\betom\OneDrive\Escritorio\veterinaria\Helpetd2.0\HealthPetsfrontend\FrontEndHealthPets\FrontEndHealthPets.csproj::TargetFramework=net8.0-ios]
C:\Users\betom\OneDrive\Escritorio\veterinaria\Helpetd2.0\HealthPetsfrontend\FrontEndHealthPets\ViewModels\VetProfileEditViewModel.cs(119,23): warning CS8602: Desreferencia de una referencia posiblemente NULL. [C:\Users\betom\OneDrive\Escritorio\veterinaria\Helpetd2.0\HealthPetsfrontend\FrontEndHealthPets\FrontEndHealthPets.csproj::TargetFramework=net8.0-ios]
C:\Users\betom\OneDrive\Escritorio\veterinaria\Helpetd2.0\HealthPetsfrontend\FrontEndHealthPets\ViewModels\VetProfileEditViewModel.cs(132,23): warning CS8602: Desreferencia de una referencia posiblemente NULL. [C:\Users\betom\OneDrive\Escritorio\veterinaria\Helpetd2.0\HealthPetsfrontend\FrontEndHealthPets\FrontEndHealthPets.csproj::TargetFramework=net8.0-ios]
C:\Users\betom\OneDrive\Escritorio\veterinaria\Helpetd2.0\HealthPetsfrontend\FrontEndHealthPets\ViewModels\VetProfileEditViewModel.cs(132,23): warning CS8602: Desreferencia de una referencia posiblemente NULL. [C:\Users\betom\OneDrive\Escritorio\veterinaria\Helpetd2.0\HealthPetsfrontend\FrontEndHealthPets\FrontEndHealthPets.csproj::TargetFramework=net8.0-ios]
C:\Users\betom\OneDrive\Escritorio\veterinaria\Helpetd2.0\HealthPetsfrontend\FrontEndHealthPets\ViewModels\VetProfileEditViewModel.cs(148,27): warning CS8602: Desreferencia de una referencia posiblemente NULL. [C:\Users\betom\OneDrive\Escritorio\veterinaria\Helpetd2.0\HealthPetsfrontend\FrontEndHealthPets\FrontEndHealthPets.csproj::TargetFramework=net8.0-ios]
C:\Users\betom\OneDrive\Escritorio\veterinaria\Helpetd2.0\HealthPetsfrontend\FrontEndHealthPets\ViewModels\VetProfileEditViewModel.cs(148,27): warning CS8602: Desreferencia de una referencia posiblemente NULL. [C:\Users\betom\OneDrive\Escritorio\veterinaria\Helpetd2.0\HealthPetsfrontend\FrontEndHealthPets\FrontEndHealthPets.csproj::TargetFramework=net8.0-ios]
C:\Users\betom\OneDrive\Escritorio\veterinaria\Helpetd2.0\HealthPetsfrontend\FrontEndHealthPets\ViewModels\VetProfileEditViewModel.cs(152,27): warning CS8602: Desreferencia de una referencia posiblemente NULL. [C:\Users\betom\OneDrive\Escritorio\veterinaria\Helpetd2.0\HealthPetsfrontend\FrontEndHealthPets\FrontEndHealthPets.csproj::TargetFramework=net8.0-ios]
C:\Users\betom\OneDrive\Escritorio\veterinaria\Helpetd2.0\HealthPetsfrontend\FrontEndHealthPets\ViewModels\VetProfileEditViewModel.cs(152,27): warning CS8602: Desreferencia de una referencia posiblemente NULL. [C:\Users\betom\OneDrive\Escritorio\veterinaria\Helpetd2.0\HealthPetsfrontend\FrontEndHealthPets\FrontEndHealthPets.csproj::TargetFramework=net8.0-ios]
C:\Users\betom\OneDrive\Escritorio\veterinaria\Helpetd2.0\HealthPetsfrontend\FrontEndHealthPets\ViewModels\VetProfileEditViewModel.cs(157,23): warning CS8602: Desreferencia de una referencia posiblemente NULL. [C:\Users\betom\OneDrive\Escritorio\veterinaria\Helpetd2.0\HealthPetsfrontend\FrontEndHealthPets\FrontEndHealthPets.csproj::TargetFramework=net8.0-ios]
C:\Users\betom\OneDrive\Escritorio\veterinaria\Helpetd2.0\HealthPetsfrontend\FrontEndHealthPets\ViewModels\VetProfileEditViewModel.cs(157,23): warning CS8602: Desreferencia de una referencia posiblemente NULL. [C:\Users\betom\OneDrive\Escritorio\veterinaria\Helpetd2.0\HealthPetsfrontend\FrontEndHealthPets\FrontEndHealthPets.csproj::TargetFramework=net8.0-ios]
C:\Users\betom\OneDrive\Escritorio\veterinaria\Helpetd2.0\HealthPetsfrontend\FrontEndHealthPets\Services\PetService.cs(271,29): warning CS8601: Posible asignaci├│n de referencia nula. [C:\Users\betom\OneDrive\Escritorio\veterinaria\Helpetd2.0\HealthPetsfrontend\FrontEndHealthPets\FrontEndHealthPets.csproj::TargetFramework=net8.0-ios]
C:\Users\betom\OneDrive\Escritorio\veterinaria\Helpetd2.0\HealthPetsfrontend\FrontEndHealthPets\Paginas\IngresarMascotas.xaml.cs(43,36): warning CA1416: Se puede acceder a este sitio de llamada en "iOS" 11.0 y versiones posteriores, "maccatalyst" 11.0 y versiones posteriores. "Permissions.Photos" solo se admite en "ios" 14.0 y versiones posteriores, "maccatalyst" 14.0 y versiones posteriores, "macOS/OSX" 11.0 y versiones posteriores, "tvos" 14.0 y versiones posteriores. (https://learn.microsoft.com/dotnet/fundamentals/code-analysis/quality-rules/ca1416) [C:\Users\betom\OneDrive\Escritorio\veterinaria\Helpetd2.0\HealthPetsfrontend\FrontEndHealthPets\FrontEndHealthPets.csproj::TargetFramework=net8.0-ios]
C:\Users\betom\OneDrive\Escritorio\veterinaria\Helpetd2.0\HealthPetsfrontend\FrontEndHealthPets\Paginas\IngresarMascotas.xaml.cs(40,36): warning CA1416: Se puede acceder a este sitio de llamada en "iOS" 11.0 y versiones posteriores, "maccatalyst" 11.0 y versiones posteriores. "Permissions.Photos" solo se admite en "ios" 14.0 y versiones posteriores, "maccatalyst" 14.0 y versiones posteriores, "macOS/OSX" 11.0 y versiones posteriores, "tvos" 14.0 y versiones posteriores. (https://learn.microsoft.com/dotnet/fundamentals/code-analysis/quality-rules/ca1416) [C:\Users\betom\OneDrive\Escritorio\veterinaria\Helpetd2.0\HealthPetsfrontend\FrontEndHealthPets\FrontEndHealthPets.csproj::TargetFramework=net8.0-ios]
C:\Users\betom\OneDrive\Escritorio\veterinaria\Helpetd2.0\HealthPetsfrontend\FrontEndHealthPets\pruevasession.xaml.cs(7,22): warning CS8981: El nombre de tipo 'pruevasession' solo contiene caracteres ASCII en min├║sculas. Estos nombres pueden quedar reservados para el idioma. [C:\Users\betom\OneDrive\Escritorio\veterinaria\Helpetd2.0\HealthPetsfrontend\FrontEndHealthPets\FrontEndHealthPets.csproj::TargetFramework=net8.0-android]
C:\Users\betom\OneDrive\Escritorio\veterinaria\Helpetd2.0\HealthPetsfrontend\FrontEndHealthPets\obj\Debug\net8.0-android\Microsoft.Maui.Controls.SourceGen\Microsoft.Maui.Controls.SourceGen.CodeBehindGenerator\pruevasession.xaml.sg.cs(15,23): warning CS8981: El nombre de tipo 'pruevasession' solo contiene caracteres ASCII en min├║sculas. Estos nombres pueden quedar reservados para el idioma. [C:\Users\betom\OneDrive\Escritorio\veterinaria\Helpetd2.0\HealthPetsfrontend\FrontEndHealthPets\FrontEndHealthPets.csproj::TargetFramework=net8.0-android]
C:\Users\betom\OneDrive\Escritorio\veterinaria\Helpetd2.0\HealthPetsfrontend\FrontEndHealthPets\Datos\Pagina_Flyout_Items.cs(12,23): warning CS8618: El elemento propiedad "Titulo" que no acepta valores NULL debe contener un valor distinto de NULL al salir del constructor. Considere la posibilidad de agregar el modificador "required'"o declarar el propiedad como un valor que acepta valores NULL. [C:\Users\betom\OneDrive\Escritorio\veterinaria\Helpetd2.0\HealthPetsfrontend\FrontEndHealthPets\FrontEndHealthPets.csproj::TargetFramework=net8.0-android]
C:\Users\betom\OneDrive\Escritorio\veterinaria\Helpetd2.0\HealthPetsfrontend\FrontEndHealthPets\Datos\Pagina_Flyout_Items.cs(14,23): warning CS8618: El elemento propiedad "Icono" que no acepta valores NULL debe contener un valor distinto de NULL al salir del constructor. Considere la posibilidad de agregar el modificador "required'"o declarar el propiedad como un valor que acepta valores NULL. [C:\Users\betom\OneDrive\Escritorio\veterinaria\Helpetd2.0\HealthPetsfrontend\FrontEndHealthPets\FrontEndHealthPets.csproj::TargetFramework=net8.0-android]
C:\Users\betom\OneDrive\Escritorio\veterinaria\Helpetd2.0\HealthPetsfrontend\FrontEndHealthPets\ViewModels\VetScheduleManagementViewModel.cs(168,23): warning CS8618: El elemento propiedad "DayName" que no acepta valores NULL debe contener un valor distinto de NULL al salir del constructor. Considere la posibilidad de agregar el modificador "required'"o declarar el propiedad como un valor que acepta valores NULL. [C:\Users\betom\OneDrive\Escritorio\veterinaria\Helpetd2.0\HealthPetsfrontend\FrontEndHealthPets\FrontEndHealthPets.csproj::TargetFramework=net8.0-android]
C:\Users\betom\OneDrive\Escritorio\veterinaria\Helpetd2.0\HealthPetsfrontend\FrontEndHealthPets\ViewModels\VetScheduleManagementViewModel.cs(172,23): warning CS8618: El elemento propiedad "TimeRange" que no acepta valores NULL debe contener un valor distinto de NULL al salir del constructor. Considere la posibilidad de agregar el modificador "required'"o declarar el propiedad como un valor que acepta valores NULL. [C:\Users\betom\OneDrive\Escritorio\veterinaria\Helpetd2.0\HealthPetsfrontend\FrontEndHealthPets\FrontEndHealthPets.csproj::TargetFramework=net8.0-android]
C:\Users\betom\OneDrive\Escritorio\veterinaria\Helpetd2.0\HealthPetsfrontend\FrontEndHealthPets\ViewModels\VetScheduleManagementViewModel.cs(173,23): warning CS8618: El elemento propiedad "SlotInfo" que no acepta valores NULL debe contener un valor distinto de NULL al salir del constructor. Considere la posibilidad de agregar el modificador "required'"o declarar el propiedad como un valor que acepta valores NULL. [C:\Users\betom\OneDrive\Escritorio\veterinaria\Helpetd2.0\HealthPetsfrontend\FrontEndHealthPets\FrontEndHealthPets.csproj::TargetFramework=net8.0-android]
C:\Users\betom\OneDrive\Escritorio\veterinaria\Helpetd2.0\HealthPetsfrontend\FrontEndHealthPets\Entidades\Response\Res_ObtenerBreeds.cs(12,49): warning CS8618: El elemento propiedad "Breeds" que no acepta valores NULL debe contener un valor distinto de NULL al salir del constructor. Considere la posibilidad de agregar el modificador "required'"o declarar el propiedad como un valor que acepta valores NULL. [C:\Users\betom\OneDrive\Escritorio\veterinaria\Helpetd2.0\HealthPetsfrontend\FrontEndHealthPets\FrontEndHealthPets.csproj::TargetFramework=net8.0-android]
C:\Users\betom\OneDrive\Escritorio\veterinaria\Helpetd2.0\HealthPetsfrontend\FrontEndHealthPets\Entidades\Response\Res_Login.cs(13,33): warning CS8618: El elemento propiedad "Registro_Usuario" que no acepta valores NULL debe contener un valor distinto de NULL al salir del constructor. Considere la posibilidad de agregar el modificador "required'"o declarar el propiedad como un valor que acepta valores NULL. [C:\Users\betom\OneDrive\Escritorio\veterinaria\Helpetd2.0\HealthPetsfrontend\FrontEndHealthPets\FrontEndHealthPets.csproj::TargetFramework=net8.0-android]
C:\Users\betom\OneDrive\Escritorio\veterinaria\Helpetd2.0\HealthPetsfrontend\FrontEndHealthPets\Entidades\Response\Res_Base.cs(14,23): warning CS8618: El elemento propiedad "Error" que no acepta valores NULL debe contener un valor distinto de NULL al salir del constructor. Considere la posibilidad de agregar el modificador "required'"o declarar el propiedad como un valor que acepta valores NULL. [C:\Users\betom\OneDrive\Escritorio\veterinaria\Helpetd2.0\HealthPetsfrontend\FrontEndHealthPets\FrontEndHealthPets.csproj::TargetFramework=net8.0-android]
C:\Users\betom\OneDrive\Escritorio\veterinaria\Helpetd2.0\HealthPetsfrontend\FrontEndHealthPets\Entidades\Request\Req_Usuario.cs(12,33): warning CS8618: El elemento propiedad "registro_Usuario" que no acepta valores NULL debe contener un valor distinto de NULL al salir del constructor. Considere la posibilidad de agregar el modificador "required'"o declarar el propiedad como un valor que acepta valores NULL. [C:\Users\betom\OneDrive\Escritorio\veterinaria\Helpetd2.0\HealthPetsfrontend\FrontEndHealthPets\FrontEndHealthPets.csproj::TargetFramework=net8.0-android]
C:\Users\betom\OneDrive\Escritorio\veterinaria\Helpetd2.0\HealthPetsfrontend\FrontEndHealthPets\Entidades\Request\Req_Login.cs(11,23): warning CS8618: El elemento propiedad "Correo_Electronico" que no acepta valores NULL debe contener un valor distinto de NULL al salir del constructor. Considere la posibilidad de agregar el modificador "required'"o declarar el propiedad como un valor que acepta valores NULL. [C:\Users\betom\OneDrive\Escritorio\veterinaria\Helpetd2.0\HealthPetsfrontend\FrontEndHealthPets\FrontEndHealthPets.csproj::TargetFramework=net8.0-android]
C:\Users\betom\OneDrive\Escritorio\veterinaria\Helpetd2.0\HealthPetsfrontend\FrontEndHealthPets\Entidades\Request\Req_Login.cs(12,23): warning CS8618: El elemento propiedad "Contrasena" que no acepta valores NULL debe contener un valor distinto de NULL al salir del constructor. Considere la posibilidad de agregar el modificador "required'"o declarar el propiedad como un valor que acepta valores NULL. [C:\Users\betom\OneDrive\Escritorio\veterinaria\Helpetd2.0\HealthPetsfrontend\FrontEndHealthPets\FrontEndHealthPets.csproj::TargetFramework=net8.0-android]
C:\Users\betom\OneDrive\Escritorio\veterinaria\Helpetd2.0\HealthPetsfrontend\FrontEndHealthPets\Entidades\Entitys\Registro_Usuario.cs(14,23): warning CS8618: El elemento propiedad "Nombre" que no acepta valores NULL debe contener un valor distinto de NULL al salir del constructor. Considere la posibilidad de agregar el modificador "required'"o declarar el propiedad como un valor que acepta valores NULL. [C:\Users\betom\OneDrive\Escritorio\veterinaria\Helpetd2.0\HealthPetsfrontend\FrontEndHealthPets\FrontEndHealthPets.csproj::TargetFramework=net8.0-android]
C:\Users\betom\OneDrive\Escritorio\veterinaria\Helpetd2.0\HealthPetsfrontend\FrontEndHealthPets\Entidades\Entitys\Registro_Usuario.cs(15,23): warning CS8618: El elemento propiedad "Apellidos" que no acepta valores NULL debe contener un valor distinto de NULL al salir del constructor. Considere la posibilidad de agregar el modificador "required'"o declarar el propiedad como un valor que acepta valores NULL. [C:\Users\betom\OneDrive\Escritorio\veterinaria\Helpetd2.0\HealthPetsfrontend\FrontEndHealthPets\FrontEndHealthPets.csproj::TargetFramework=net8.0-android]
C:\Users\betom\OneDrive\Escritorio\veterinaria\Helpetd2.0\HealthPetsfrontend\FrontEndHealthPets\Entidades\Entitys\Registro_Usuario.cs(16,23): warning CS8618: El elemento propiedad "Correo_Electronico" que no acepta valores NULL debe contener un valor distinto de NULL al salir del constructor. Considere la posibilidad de agregar el modificador "required'"o declarar el propiedad como un valor que acepta valores NULL. [C:\Users\betom\OneDrive\Escritorio\veterinaria\Helpetd2.0\HealthPetsfrontend\FrontEndHealthPets\FrontEndHealthPets.csproj::TargetFramework=net8.0-android]
C:\Users\betom\OneDrive\Escritorio\veterinaria\Helpetd2.0\HealthPetsfrontend\FrontEndHealthPets\Entidades\Entitys\Registro_Usuario.cs(18,23): warning CS8618: El elemento propiedad "Confirmacion_Correo_Electronico" que no acepta valores NULL debe contener un valor distinto de NULL al salir del constructor. Considere la posibilidad de agregar el modificador "required'"o declarar el propiedad como un valor que acepta valores NULL. [C:\Users\betom\OneDrive\Escritorio\veterinaria\Helpetd2.0\HealthPetsfrontend\FrontEndHealthPets\FrontEndHealthPets.csproj::TargetFramework=net8.0-android]
C:\Users\betom\OneDrive\Escritorio\veterinaria\Helpetd2.0\HealthPetsfrontend\FrontEndHealthPets\Entidades\Entitys\Registro_Usuario.cs(19,23): warning CS8618: El elemento propiedad "Password" que no acepta valores NULL debe contener un valor distinto de NULL al salir del constructor. Considere la posibilidad de agregar el modificador "required'"o declarar el propiedad como un valor que acepta valores NULL. [C:\Users\betom\OneDrive\Escritorio\veterinaria\Helpetd2.0\HealthPetsfrontend\FrontEndHealthPets\FrontEndHealthPets.csproj::TargetFramework=net8.0-android]
C:\Users\betom\OneDrive\Escritorio\veterinaria\Helpetd2.0\HealthPetsfrontend\FrontEndHealthPets\Entidades\Entitys\Registro_Usuario.cs(21,23): warning CS8618: El elemento propiedad "Confirmar_Password" que no acepta valores NULL debe contener un valor distinto de NULL al salir del constructor. Considere la posibilidad de agregar el modificador "required'"o declarar el propiedad como un valor que acepta valores NULL. [C:\Users\betom\OneDrive\Escritorio\veterinaria\Helpetd2.0\HealthPetsfrontend\FrontEndHealthPets\FrontEndHealthPets.csproj::TargetFramework=net8.0-android]
C:\Users\betom\OneDrive\Escritorio\veterinaria\Helpetd2.0\HealthPetsfrontend\FrontEndHealthPets\Entidades\Entitys\Registro_Usuario.cs(23,23): warning CS8618: El elemento propiedad "numero_verificacion" que no acepta valores NULL debe contener un valor distinto de NULL al salir del constructor. Considere la posibilidad de agregar el modificador "required'"o declarar el propiedad como un valor que acepta valores NULL. [C:\Users\betom\OneDrive\Escritorio\veterinaria\Helpetd2.0\HealthPetsfrontend\FrontEndHealthPets\FrontEndHealthPets.csproj::TargetFramework=net8.0-android]
C:\Users\betom\OneDrive\Escritorio\veterinaria\Helpetd2.0\HealthPetsfrontend\FrontEndHealthPets\Entidades\Entitys\Registro_Usuario.cs(25,23): warning CS8618: El elemento propiedad "token" que no acepta valores NULL debe contener un valor distinto de NULL al salir del constructor. Considere la posibilidad de agregar el modificador "required'"o declarar el propiedad como un valor que acepta valores NULL. [C:\Users\betom\OneDrive\Escritorio\veterinaria\Helpetd2.0\HealthPetsfrontend\FrontEndHealthPets\FrontEndHealthPets.csproj::TargetFramework=net8.0-android]
C:\Users\betom\OneDrive\Escritorio\veterinaria\Helpetd2.0\HealthPetsfrontend\FrontEndHealthPets\ViewModels\VetScheduleManagementViewModel.cs(76,23): warning CS8602: Desreferencia de una referencia posiblemente NULL. [C:\Users\betom\OneDrive\Escritorio\veterinaria\Helpetd2.0\HealthPetsfrontend\FrontEndHealthPets\FrontEndHealthPets.csproj::TargetFramework=net8.0-android]
C:\Users\betom\OneDrive\Escritorio\veterinaria\Helpetd2.0\HealthPetsfrontend\FrontEndHealthPets\ViewModels\VetScheduleManagementViewModel.cs(76,23): warning CS8602: Desreferencia de una referencia posiblemente NULL. [C:\Users\betom\OneDrive\Escritorio\veterinaria\Helpetd2.0\HealthPetsfrontend\FrontEndHealthPets\FrontEndHealthPets.csproj::TargetFramework=net8.0-android]
C:\Users\betom\OneDrive\Escritorio\veterinaria\Helpetd2.0\HealthPetsfrontend\FrontEndHealthPets\ViewModels\VetScheduleManagementViewModel.cs(89,23): warning CS8602: Desreferencia de una referencia posiblemente NULL. [C:\Users\betom\OneDrive\Escritorio\veterinaria\Helpetd2.0\HealthPetsfrontend\FrontEndHealthPets\FrontEndHealthPets.csproj::TargetFramework=net8.0-android]
C:\Users\betom\OneDrive\Escritorio\veterinaria\Helpetd2.0\HealthPetsfrontend\FrontEndHealthPets\ViewModels\VetScheduleManagementViewModel.cs(89,23): warning CS8602: Desreferencia de una referencia posiblemente NULL. [C:\Users\betom\OneDrive\Escritorio\veterinaria\Helpetd2.0\HealthPetsfrontend\FrontEndHealthPets\FrontEndHealthPets.csproj::TargetFramework=net8.0-android]
C:\Users\betom\OneDrive\Escritorio\veterinaria\Helpetd2.0\HealthPetsfrontend\FrontEndHealthPets\ViewModels\VetScheduleManagementViewModel.cs(95,23): warning CS8602: Desreferencia de una referencia posiblemente NULL. [C:\Users\betom\OneDrive\Escritorio\veterinaria\Helpetd2.0\HealthPetsfrontend\FrontEndHealthPets\FrontEndHealthPets.csproj::TargetFramework=net8.0-android]
C:\Users\betom\OneDrive\Escritorio\veterinaria\Helpetd2.0\HealthPetsfrontend\FrontEndHealthPets\ViewModels\VetScheduleManagementViewModel.cs(95,23): warning CS8602: Desreferencia de una referencia posiblemente NULL. [C:\Users\betom\OneDrive\Escritorio\veterinaria\Helpetd2.0\HealthPetsfrontend\FrontEndHealthPets\FrontEndHealthPets.csproj::TargetFramework=net8.0-android]
C:\Users\betom\OneDrive\Escritorio\veterinaria\Helpetd2.0\HealthPetsfrontend\FrontEndHealthPets\ViewModels\VetScheduleManagementViewModel.cs(108,27): warning CS8602: Desreferencia de una referencia posiblemente NULL. [C:\Users\betom\OneDrive\Escritorio\veterinaria\Helpetd2.0\HealthPetsfrontend\FrontEndHealthPets\FrontEndHealthPets.csproj::TargetFramework=net8.0-android]
C:\Users\betom\OneDrive\Escritorio\veterinaria\Helpetd2.0\HealthPetsfrontend\FrontEndHealthPets\ViewModels\VetScheduleManagementViewModel.cs(108,27): warning CS8602: Desreferencia de una referencia posiblemente NULL. [C:\Users\betom\OneDrive\Escritorio\veterinaria\Helpetd2.0\HealthPetsfrontend\FrontEndHealthPets\FrontEndHealthPets.csproj::TargetFramework=net8.0-android]
C:\Users\betom\OneDrive\Escritorio\veterinaria\Helpetd2.0\HealthPetsfrontend\FrontEndHealthPets\ViewModels\VetScheduleManagementViewModel.cs(113,27): warning CS8602: Desreferencia de una referencia posiblemente NULL. [C:\Users\betom\OneDrive\Escritorio\veterinaria\Helpetd2.0\HealthPetsfrontend\FrontEndHealthPets\FrontEndHealthPets.csproj::TargetFramework=net8.0-android]
C:\Users\betom\OneDrive\Escritorio\veterinaria\Helpetd2.0\HealthPetsfrontend\FrontEndHealthPets\ViewModels\VetScheduleManagementViewModel.cs(113,27): warning CS8602: Desreferencia de una referencia posiblemente NULL. [C:\Users\betom\OneDrive\Escritorio\veterinaria\Helpetd2.0\HealthPetsfrontend\FrontEndHealthPets\FrontEndHealthPets.csproj::TargetFramework=net8.0-android]
C:\Users\betom\OneDrive\Escritorio\veterinaria\Helpetd2.0\HealthPetsfrontend\FrontEndHealthPets\ViewModels\VetScheduleManagementViewModel.cs(118,23): warning CS8602: Desreferencia de una referencia posiblemente NULL. [C:\Users\betom\OneDrive\Escritorio\veterinaria\Helpetd2.0\HealthPetsfrontend\FrontEndHealthPets\FrontEndHealthPets.csproj::TargetFramework=net8.0-android]
C:\Users\betom\OneDrive\Escritorio\veterinaria\Helpetd2.0\HealthPetsfrontend\FrontEndHealthPets\ViewModels\VetScheduleManagementViewModel.cs(118,23): warning CS8602: Desreferencia de una referencia posiblemente NULL. [C:\Users\betom\OneDrive\Escritorio\veterinaria\Helpetd2.0\HealthPetsfrontend\FrontEndHealthPets\FrontEndHealthPets.csproj::TargetFramework=net8.0-android]
C:\Users\betom\OneDrive\Escritorio\veterinaria\Helpetd2.0\HealthPetsfrontend\FrontEndHealthPets\Entidades\Entitys\Sesion.cs(12,30): warning CS8618: El elemento propiedad "nombre" que no acepta valores NULL debe contener un valor distinto de NULL al salir del constructor. Considere la posibilidad de agregar el modificador "required'"o declarar el propiedad como un valor que acepta valores NULL. [C:\Users\betom\OneDrive\Escritorio\veterinaria\Helpetd2.0\HealthPetsfrontend\FrontEndHealthPets\FrontEndHealthPets.csproj::TargetFramework=net8.0-android]
C:\Users\betom\OneDrive\Escritorio\veterinaria\Helpetd2.0\HealthPetsfrontend\FrontEndHealthPets\Entidades\Entitys\Sesion.cs(13,30): warning CS8618: El elemento propiedad "apellidos" que no acepta valores NULL debe contener un valor distinto de NULL al salir del constructor. Considere la posibilidad de agregar el modificador "required'"o declarar el propiedad como un valor que acepta valores NULL. [C:\Users\betom\OneDrive\Escritorio\veterinaria\Helpetd2.0\HealthPetsfrontend\FrontEndHealthPets\FrontEndHealthPets.csproj::TargetFramework=net8.0-android]
C:\Users\betom\OneDrive\Escritorio\veterinaria\Helpetd2.0\HealthPetsfrontend\FrontEndHealthPets\Entidades\Entitys\Sesion.cs(15,30): warning CS8618: El elemento propiedad "Correo_Electronico" que no acepta valores NULL debe contener un valor distinto de NULL al salir del constructor. Considere la posibilidad de agregar el modificador "required'"o declarar el propiedad como un valor que acepta valores NULL. [C:\Users\betom\OneDrive\Escritorio\veterinaria\Helpetd2.0\HealthPetsfrontend\FrontEndHealthPets\FrontEndHealthPets.csproj::TargetFramework=net8.0-android]
C:\Users\betom\OneDrive\Escritorio\veterinaria\Helpetd2.0\HealthPetsfrontend\FrontEndHealthPets\Entidades\Entitys\Sesion.cs(17,30): warning CS8618: El elemento propiedad "Password" que no acepta valores NULL debe contener un valor distinto de NULL al salir del constructor. Considere la posibilidad de agregar el modificador "required'"o declarar el propiedad como un valor que acepta valores NULL. [C:\Users\betom\OneDrive\Escritorio\veterinaria\Helpetd2.0\HealthPetsfrontend\FrontEndHealthPets\FrontEndHealthPets.csproj::TargetFramework=net8.0-android]
C:\Users\betom\OneDrive\Escritorio\veterinaria\Helpetd2.0\HealthPetsfrontend\FrontEndHealthPets\Entidades\Entitys\Sesion.cs(19,30): warning CS8618: El elemento propiedad "token" que no acepta valores NULL debe contener un valor distinto de NULL al salir del constructor. Considere la posibilidad de agregar el modificador "required'"o declarar el propiedad como un valor que acepta valores NULL. [C:\Users\betom\OneDrive\Escritorio\veterinaria\Helpetd2.0\HealthPetsfrontend\FrontEndHealthPets\FrontEndHealthPets.csproj::TargetFramework=net8.0-android]
C:\Users\betom\OneDrive\Escritorio\veterinaria\Helpetd2.0\HealthPetsfrontend\FrontEndHealthPets\ViewModels\VetScheduleManagementViewModel.cs(131,34): warning CS8602: Desreferencia de una referencia posiblemente NULL. [C:\Users\betom\OneDrive\Escritorio\veterinaria\Helpetd2.0\HealthPetsfrontend\FrontEndHealthPets\FrontEndHealthPets.csproj::TargetFramework=net8.0-android]
C:\Users\betom\OneDrive\Escritorio\veterinaria\Helpetd2.0\HealthPetsfrontend\FrontEndHealthPets\ViewModels\VetScheduleManagementViewModel.cs(131,34): warning CS8602: Desreferencia de una referencia posiblemente NULL. [C:\Users\betom\OneDrive\Escritorio\veterinaria\Helpetd2.0\HealthPetsfrontend\FrontEndHealthPets\FrontEndHealthPets.csproj::TargetFramework=net8.0-android]
C:\Users\betom\OneDrive\Escritorio\veterinaria\Helpetd2.0\HealthPetsfrontend\FrontEndHealthPets\Entidades\Entitys\Razas_Perros.cs(12,23): warning CS8618: El elemento propiedad "Nombre" que no acepta valores NULL debe contener un valor distinto de NULL al salir del constructor. Considere la posibilidad de agregar el modificador "required'"o declarar el propiedad como un valor que acepta valores NULL. [C:\Users\betom\OneDrive\Escritorio\veterinaria\Helpetd2.0\HealthPetsfrontend\FrontEndHealthPets\FrontEndHealthPets.csproj::TargetFramework=net8.0-android]
C:\Users\betom\OneDrive\Escritorio\veterinaria\Helpetd2.0\HealthPetsfrontend\FrontEndHealthPets\Entidades\Entitys\Razas_Perros.cs(13,23): warning CS8618: El elemento propiedad "Descripcion" que no acepta valores NULL debe contener un valor distinto de NULL al salir del constructor. Considere la posibilidad de agregar el modificador "required'"o declarar el propiedad como un valor que acepta valores NULL. [C:\Users\betom\OneDrive\Escritorio\veterinaria\Helpetd2.0\HealthPetsfrontend\FrontEndHealthPets\FrontEndHealthPets.csproj::TargetFramework=net8.0-android]
C:\Users\betom\OneDrive\Escritorio\veterinaria\Helpetd2.0\HealthPetsfrontend\FrontEndHealthPets\Modelos\DogApiService.cs(22,20): warning CS8603: Posible tipo de valor devuelto de referencia nulo. [C:\Users\betom\OneDrive\Escritorio\veterinaria\Helpetd2.0\HealthPetsfrontend\FrontEndHealthPets\FrontEndHealthPets.csproj::TargetFramework=net8.0-android]
C:\Users\betom\OneDrive\Escritorio\veterinaria\Helpetd2.0\HealthPetsfrontend\FrontEndHealthPets\Modelos\DogApiService.cs(29,20): warning CS8603: Posible tipo de valor devuelto de referencia nulo. [C:\Users\betom\OneDrive\Escritorio\veterinaria\Helpetd2.0\HealthPetsfrontend\FrontEndHealthPets\FrontEndHealthPets.csproj::TargetFramework=net8.0-android]
C:\Users\betom\OneDrive\Escritorio\veterinaria\Helpetd2.0\HealthPetsfrontend\FrontEndHealthPets\Modelos\UsuarioViewModel.cs(12,23): warning CS8618: El elemento propiedad "Nombre" que no acepta valores NULL debe contener un valor distinto de NULL al salir del constructor. Considere la posibilidad de agregar el modificador "required'"o declarar el propiedad como un valor que acepta valores NULL. [C:\Users\betom\OneDrive\Escritorio\veterinaria\Helpetd2.0\HealthPetsfrontend\FrontEndHealthPets\FrontEndHealthPets.csproj::TargetFramework=net8.0-android]
C:\Users\betom\OneDrive\Escritorio\veterinaria\Helpetd2.0\HealthPetsfrontend\FrontEndHealthPets\Modelos\UsuarioViewModel.cs(13,23): warning CS8618: El elemento propiedad "Apellido" que no acepta valores NULL debe contener un valor distinto de NULL al salir del constructor. Considere la posibilidad de agregar el modificador "required'"o declarar el propiedad como un valor que acepta valores NULL. [C:\Users\betom\OneDrive\Escritorio\veterinaria\Helpetd2.0\HealthPetsfrontend\FrontEndHealthPets\FrontEndHealthPets.csproj::TargetFramework=net8.0-android]
C:\Users\betom\OneDrive\Escritorio\veterinaria\Helpetd2.0\HealthPetsfrontend\FrontEndHealthPets\Modelos\UsuarioViewModel.cs(14,23): warning CS8618: El elemento propiedad "CorreoElectronico" que no acepta valores NULL debe contener un valor distinto de NULL al salir del constructor. Considere la posibilidad de agregar el modificador "required'"o declarar el propiedad como un valor que acepta valores NULL. [C:\Users\betom\OneDrive\Escritorio\veterinaria\Helpetd2.0\HealthPetsfrontend\FrontEndHealthPets\FrontEndHealthPets.csproj::TargetFramework=net8.0-android]
C:\Users\betom\OneDrive\Escritorio\veterinaria\Helpetd2.0\HealthPetsfrontend\FrontEndHealthPets\Modelos\UsuarioViewModel.cs(16,23): warning CS8618: El elemento propiedad "Password" que no acepta valores NULL debe contener un valor distinto de NULL al salir del constructor. Considere la posibilidad de agregar el modificador "required'"o declarar el propiedad como un valor que acepta valores NULL. [C:\Users\betom\OneDrive\Escritorio\veterinaria\Helpetd2.0\HealthPetsfrontend\FrontEndHealthPets\FrontEndHealthPets.csproj::TargetFramework=net8.0-android]
C:\Users\betom\OneDrive\Escritorio\veterinaria\Helpetd2.0\HealthPetsfrontend\FrontEndHealthPets\Modelos\UsuarioViewModel.cs(18,23): warning CS8618: El elemento propiedad "Passwoord" que no acepta valores NULL debe contener un valor distinto de NULL al salir del constructor. Considere la posibilidad de agregar el modificador "required'"o declarar el propiedad como un valor que acepta valores NULL. [C:\Users\betom\OneDrive\Escritorio\veterinaria\Helpetd2.0\HealthPetsfrontend\FrontEndHealthPets\FrontEndHealthPets.csproj::TargetFramework=net8.0-android]
C:\Users\betom\OneDrive\Escritorio\veterinaria\Helpetd2.0\HealthPetsfrontend\FrontEndHealthPets\Models\VetSchedule.cs(18,23): warning CS8618: El elemento propiedad "DayName" que no acepta valores NULL debe contener un valor distinto de NULL al salir del constructor. Considere la posibilidad de agregar el modificador "required'"o declarar el propiedad como un valor que acepta valores NULL. [C:\Users\betom\OneDrive\Escritorio\veterinaria\Helpetd2.0\HealthPetsfrontend\FrontEndHealthPets\FrontEndHealthPets.csproj::TargetFramework=net8.0-android]
C:\Users\betom\OneDrive\Escritorio\veterinaria\Helpetd2.0\HealthPetsfrontend\FrontEndHealthPets\Models\Veterinarian.cs(12,23): warning CS8618: El elemento propiedad "Name" que no acepta valores NULL debe contener un valor distinto de NULL al salir del constructor. Considere la posibilidad de agregar el modificador "required'"o declarar el propiedad como un valor que acepta valores NULL. [C:\Users\betom\OneDrive\Escritorio\veterinaria\Helpetd2.0\HealthPetsfrontend\FrontEndHealthPets\FrontEndHealthPets.csproj::TargetFramework=net8.0-android]
C:\Users\betom\OneDrive\Escritorio\veterinaria\Helpetd2.0\HealthPetsfrontend\FrontEndHealthPets\Models\Veterinarian.cs(15,23): warning CS8618: El elemento propiedad "Email" que no acepta valores NULL debe contener un valor distinto de NULL al salir del constructor. Considere la posibilidad de agregar el modificador "required'"o declarar el propiedad como un valor que acepta valores NULL. [C:\Users\betom\OneDrive\Escritorio\veterinaria\Helpetd2.0\HealthPetsfrontend\FrontEndHealthPets\FrontEndHealthPets.csproj::TargetFramework=net8.0-android]
C:\Users\betom\OneDrive\Escritorio\veterinaria\Helpetd2.0\HealthPetsfrontend\FrontEndHealthPets\Pages\SettingsPage.xaml.cs(134,17): warning CS8602: Desreferencia de una referencia posiblemente NULL. [C:\Users\betom\OneDrive\Escritorio\veterinaria\Helpetd2.0\HealthPetsfrontend\FrontEndHealthPets\FrontEndHealthPets.csproj::TargetFramework=net8.0-android]
C:\Users\betom\OneDrive\Escritorio\veterinaria\Helpetd2.0\HealthPetsfrontend\FrontEndHealthPets\Models\VetAppointment.cs(15,23): warning CS8618: El elemento propiedad "VeterinarianName" que no acepta valores NULL debe contener un valor distinto de NULL al salir del constructor. Considere la posibilidad de agregar el modificador "required'"o declarar el propiedad como un valor que acepta valores NULL. [C:\Users\betom\OneDrive\Escritorio\veterinaria\Helpetd2.0\HealthPetsfrontend\FrontEndHealthPets\FrontEndHealthPets.csproj::TargetFramework=net8.0-android]
C:\Users\betom\OneDrive\Escritorio\veterinaria\Helpetd2.0\HealthPetsfrontend\FrontEndHealthPets\Models\VetAppointment.cs(21,23): warning CS8618: El elemento propiedad "UserName" que no acepta valores NULL debe contener un valor distinto de NULL al salir del constructor. Considere la posibilidad de agregar el modificador "required'"o declarar el propiedad como un valor que acepta valores NULL. [C:\Users\betom\OneDrive\Escritorio\veterinaria\Helpetd2.0\HealthPetsfrontend\FrontEndHealthPets\FrontEndHealthPets.csproj::TargetFramework=net8.0-android]
C:\Users\betom\OneDrive\Escritorio\veterinaria\Helpetd2.0\HealthPetsfrontend\FrontEndHealthPets\Models\VetAppointment.cs(33,23): warning CS8618: El elemento propiedad "Status" que no acepta valores NULL debe contener un valor distinto de NULL al salir del constructor. Considere la posibilidad de agregar el modificador "required'"o declarar el propiedad como un valor que acepta valores NULL. [C:\Users\betom\OneDrive\Escritorio\veterinaria\Helpetd2.0\HealthPetsfrontend\FrontEndHealthPets\FrontEndHealthPets.csproj::TargetFramework=net8.0-android]
C:\Users\betom\OneDrive\Escritorio\veterinaria\Helpetd2.0\HealthPetsfrontend\FrontEndHealthPets\Models\BathRecord.cs(10,23): warning CS8618: El elemento propiedad "Notes" que no acepta valores NULL debe contener un valor distinto de NULL al salir del constructor. Considere la posibilidad de agregar el modificador "required'"o declarar el propiedad como un valor que acepta valores NULL. [C:\Users\betom\OneDrive\Escritorio\veterinaria\Helpetd2.0\HealthPetsfrontend\FrontEndHealthPets\FrontEndHealthPets.csproj::TargetFramework=net8.0-android]
C:\Users\betom\OneDrive\Escritorio\veterinaria\Helpetd2.0\HealthPetsfrontend\FrontEndHealthPets\Models\BathRecord.cs(11,23): warning CS8618: El elemento propiedad "GroomerName" que no acepta valores NULL debe contener un valor distinto de NULL al salir del constructor. Considere la posibilidad de agregar el modificador "required'"o declarar el propiedad como un valor que acepta valores NULL. [C:\Users\betom\OneDrive\Escritorio\veterinaria\Helpetd2.0\HealthPetsfrontend\FrontEndHealthPets\FrontEndHealthPets.csproj::TargetFramework=net8.0-android]
C:\Users\betom\OneDrive\Escritorio\veterinaria\Helpetd2.0\HealthPetsfrontend\FrontEndHealthPets\Paginas\FlyPaginas\RazasAnimales.xaml.cs(14,9): warning CS4014: Como esta llamada no es 'awaited', la ejecuci├│n del m├®todo actual continuar├í antes de que se complete la llamada. Puede aplicar el operador 'await' al resultado de la llamada. [C:\Users\betom\OneDrive\Escritorio\veterinaria\Helpetd2.0\HealthPetsfrontend\FrontEndHealthPets\FrontEndHealthPets.csproj::TargetFramework=net8.0-android]
C:\Users\betom\OneDrive\Escritorio\veterinaria\Helpetd2.0\HealthPetsfrontend\FrontEndHealthPets\Paginas\FlyPaginas\RazasAnimales.xaml.cs(10,12): warning CS8618: El elemento campo "_breeds" que no acepta valores NULL debe contener un valor distinto de NULL al salir del constructor. Considere la posibilidad de agregar el modificador "required'"o declarar el campo como un valor que acepta valores NULL. [C:\Users\betom\OneDrive\Escritorio\veterinaria\Helpetd2.0\HealthPetsfrontend\FrontEndHealthPets\FrontEndHealthPets.csproj::TargetFramework=net8.0-android]
C:\Users\betom\OneDrive\Escritorio\veterinaria\Helpetd2.0\HealthPetsfrontend\FrontEndHealthPets\ViewModels\VetProfileEditViewModel.cs(34,16): warning CS8618: El elemento campo "name" que no acepta valores NULL debe contener un valor distinto de NULL al salir del constructor. Considere la posibilidad de agregar el modificador "required'"o declarar el campo como un valor que acepta valores NULL. [C:\Users\betom\OneDrive\Escritorio\veterinaria\Helpetd2.0\HealthPetsfrontend\FrontEndHealthPets\FrontEndHealthPets.csproj::TargetFramework=net8.0-android]
C:\Users\betom\OneDrive\Escritorio\veterinaria\Helpetd2.0\HealthPetsfrontend\FrontEndHealthPets\ViewModels\VetProfileEditViewModel.cs(34,16): warning CS8618: El elemento campo "specialty" que no acepta valores NULL debe contener un valor distinto de NULL al salir del constructor. Considere la posibilidad de agregar el modificador "required'"o declarar el campo como un valor que acepta valores NULL. [C:\Users\betom\OneDrive\Escritorio\veterinaria\Helpetd2.0\HealthPetsfrontend\FrontEndHealthPets\FrontEndHealthPets.csproj::TargetFramework=net8.0-android]
C:\Users\betom\OneDrive\Escritorio\veterinaria\Helpetd2.0\HealthPetsfrontend\FrontEndHealthPets\ViewModels\VetProfileEditViewModel.cs(34,16): warning CS8618: El elemento campo "description" que no acepta valores NULL debe contener un valor distinto de NULL al salir del constructor. Considere la posibilidad de agregar el modificador "required'"o declarar el campo como un valor que acepta valores NULL. [C:\Users\betom\OneDrive\Escritorio\veterinaria\Helpetd2.0\HealthPetsfrontend\FrontEndHealthPets\FrontEndHealthPets.csproj::TargetFramework=net8.0-android]
C:\Users\betom\OneDrive\Escritorio\veterinaria\Helpetd2.0\HealthPetsfrontend\FrontEndHealthPets\ViewModels\VetProfileEditViewModel.cs(34,16): warning CS8618: El elemento campo "phone" que no acepta valores NULL debe contener un valor distinto de NULL al salir del constructor. Considere la posibilidad de agregar el modificador "required'"o declarar el campo como un valor que acepta valores NULL. [C:\Users\betom\OneDrive\Escritorio\veterinaria\Helpetd2.0\HealthPetsfrontend\FrontEndHealthPets\FrontEndHealthPets.csproj::TargetFramework=net8.0-android]
C:\Users\betom\OneDrive\Escritorio\veterinaria\Helpetd2.0\HealthPetsfrontend\FrontEndHealthPets\ViewModels\VetProfileEditViewModel.cs(34,16): warning CS8618: El elemento campo "consultationPrice" que no acepta valores NULL debe contener un valor distinto de NULL al salir del constructor. Considere la posibilidad de agregar el modificador "required'"o declarar el campo como un valor que acepta valores NULL. [C:\Users\betom\OneDrive\Escritorio\veterinaria\Helpetd2.0\HealthPetsfrontend\FrontEndHealthPets\FrontEndHealthPets.csproj::TargetFramework=net8.0-android]
C:\Users\betom\OneDrive\Escritorio\veterinaria\Helpetd2.0\HealthPetsfrontend\FrontEndHealthPets\ViewModels\VetProfileEditViewModel.cs(34,16): warning CS8618: El elemento campo "profileImageUrl" que no acepta valores NULL debe contener un valor distinto de NULL al salir del constructor. Considere la posibilidad de agregar el modificador "required'"o declarar el campo como un valor que acepta valores NULL. [C:\Users\betom\OneDrive\Escritorio\veterinaria\Helpetd2.0\HealthPetsfrontend\FrontEndHealthPets\FrontEndHealthPets.csproj::TargetFramework=net8.0-android]
C:\Users\betom\OneDrive\Escritorio\veterinaria\Helpetd2.0\HealthPetsfrontend\FrontEndHealthPets\ViewModels\VetProfileEditViewModel.cs(60,33): warning CS8601: Posible asignaci├│n de referencia nula. [C:\Users\betom\OneDrive\Escritorio\veterinaria\Helpetd2.0\HealthPetsfrontend\FrontEndHealthPets\FrontEndHealthPets.csproj::TargetFramework=net8.0-android]
C:\Users\betom\OneDrive\Escritorio\veterinaria\Helpetd2.0\HealthPetsfrontend\FrontEndHealthPets\ViewModels\VetProfileEditViewModel.cs(61,35): warning CS8601: Posible asignaci├│n de referencia nula. [C:\Users\betom\OneDrive\Escritorio\veterinaria\Helpetd2.0\HealthPetsfrontend\FrontEndHealthPets\FrontEndHealthPets.csproj::TargetFramework=net8.0-android]
C:\Users\betom\OneDrive\Escritorio\veterinaria\Helpetd2.0\HealthPetsfrontend\FrontEndHealthPets\ViewModels\VetProfileEditViewModel.cs(62,29): warning CS8601: Posible asignaci├│n de referencia nula. [C:\Users\betom\OneDrive\Escritorio\veterinaria\Helpetd2.0\HealthPetsfrontend\FrontEndHealthPets\FrontEndHealthPets.csproj::TargetFramework=net8.0-android]
C:\Users\betom\OneDrive\Escritorio\veterinaria\Helpetd2.0\HealthPetsfrontend\FrontEndHealthPets\ViewModels\VetProfileEditViewModel.cs(64,39): warning CS8601: Posible asignaci├│n de referencia nula. [C:\Users\betom\OneDrive\Escritorio\veterinaria\Helpetd2.0\HealthPetsfrontend\FrontEndHealthPets\FrontEndHealthPets.csproj::TargetFramework=net8.0-android]
C:\Users\betom\OneDrive\Escritorio\veterinaria\Helpetd2.0\HealthPetsfrontend\FrontEndHealthPets\ViewModels\VetProfileEditViewModel.cs(109,31): warning CS8602: Desreferencia de una referencia posiblemente NULL. [C:\Users\betom\OneDrive\Escritorio\veterinaria\Helpetd2.0\HealthPetsfrontend\FrontEndHealthPets\FrontEndHealthPets.csproj::TargetFramework=net8.0-android]
C:\Users\betom\OneDrive\Escritorio\veterinaria\Helpetd2.0\HealthPetsfrontend\FrontEndHealthPets\ViewModels\VetProfileEditViewModel.cs(109,31): warning CS8602: Desreferencia de una referencia posiblemente NULL. [C:\Users\betom\OneDrive\Escritorio\veterinaria\Helpetd2.0\HealthPetsfrontend\FrontEndHealthPets\FrontEndHealthPets.csproj::TargetFramework=net8.0-android]
C:\Users\betom\OneDrive\Escritorio\veterinaria\Helpetd2.0\HealthPetsfrontend\FrontEndHealthPets\ViewModels\VetProfileEditViewModel.cs(113,31): warning CS8602: Desreferencia de una referencia posiblemente NULL. [C:\Users\betom\OneDrive\Escritorio\veterinaria\Helpetd2.0\HealthPetsfrontend\FrontEndHealthPets\FrontEndHealthPets.csproj::TargetFramework=net8.0-android]
C:\Users\betom\OneDrive\Escritorio\veterinaria\Helpetd2.0\HealthPetsfrontend\FrontEndHealthPets\ViewModels\VetProfileEditViewModel.cs(113,31): warning CS8602: Desreferencia de una referencia posiblemente NULL. [C:\Users\betom\OneDrive\Escritorio\veterinaria\Helpetd2.0\HealthPetsfrontend\FrontEndHealthPets\FrontEndHealthPets.csproj::TargetFramework=net8.0-android]
C:\Users\betom\OneDrive\Escritorio\veterinaria\Helpetd2.0\HealthPetsfrontend\FrontEndHealthPets\ViewModels\VetProfileEditViewModel.cs(119,23): warning CS8602: Desreferencia de una referencia posiblemente NULL. [C:\Users\betom\OneDrive\Escritorio\veterinaria\Helpetd2.0\HealthPetsfrontend\FrontEndHealthPets\FrontEndHealthPets.csproj::TargetFramework=net8.0-android]
C:\Users\betom\OneDrive\Escritorio\veterinaria\Helpetd2.0\HealthPetsfrontend\FrontEndHealthPets\ViewModels\VetProfileEditViewModel.cs(119,23): warning CS8602: Desreferencia de una referencia posiblemente NULL. [C:\Users\betom\OneDrive\Escritorio\veterinaria\Helpetd2.0\HealthPetsfrontend\FrontEndHealthPets\FrontEndHealthPets.csproj::TargetFramework=net8.0-android]
C:\Users\betom\OneDrive\Escritorio\veterinaria\Helpetd2.0\HealthPetsfrontend\FrontEndHealthPets\ViewModels\VetProfileEditViewModel.cs(132,23): warning CS8602: Desreferencia de una referencia posiblemente NULL. [C:\Users\betom\OneDrive\Escritorio\veterinaria\Helpetd2.0\HealthPetsfrontend\FrontEndHealthPets\FrontEndHealthPets.csproj::TargetFramework=net8.0-android]
C:\Users\betom\OneDrive\Escritorio\veterinaria\Helpetd2.0\HealthPetsfrontend\FrontEndHealthPets\ViewModels\VetProfileEditViewModel.cs(132,23): warning CS8602: Desreferencia de una referencia posiblemente NULL. [C:\Users\betom\OneDrive\Escritorio\veterinaria\Helpetd2.0\HealthPetsfrontend\FrontEndHealthPets\FrontEndHealthPets.csproj::TargetFramework=net8.0-android]
C:\Users\betom\OneDrive\Escritorio\veterinaria\Helpetd2.0\HealthPetsfrontend\FrontEndHealthPets\ViewModels\VetProfileEditViewModel.cs(148,27): warning CS8602: Desreferencia de una referencia posiblemente NULL. [C:\Users\betom\OneDrive\Escritorio\veterinaria\Helpetd2.0\HealthPetsfrontend\FrontEndHealthPets\FrontEndHealthPets.csproj::TargetFramework=net8.0-android]
C:\Users\betom\OneDrive\Escritorio\veterinaria\Helpetd2.0\HealthPetsfrontend\FrontEndHealthPets\ViewModels\VetProfileEditViewModel.cs(148,27): warning CS8602: Desreferencia de una referencia posiblemente NULL. [C:\Users\betom\OneDrive\Escritorio\veterinaria\Helpetd2.0\HealthPetsfrontend\FrontEndHealthPets\FrontEndHealthPets.csproj::TargetFramework=net8.0-android]
C:\Users\betom\OneDrive\Escritorio\veterinaria\Helpetd2.0\HealthPetsfrontend\FrontEndHealthPets\ViewModels\VetProfileEditViewModel.cs(152,27): warning CS8602: Desreferencia de una referencia posiblemente NULL. [C:\Users\betom\OneDrive\Escritorio\veterinaria\Helpetd2.0\HealthPetsfrontend\FrontEndHealthPets\FrontEndHealthPets.csproj::TargetFramework=net8.0-android]
C:\Users\betom\OneDrive\Escritorio\veterinaria\Helpetd2.0\HealthPetsfrontend\FrontEndHealthPets\ViewModels\VetProfileEditViewModel.cs(152,27): warning CS8602: Desreferencia de una referencia posiblemente NULL. [C:\Users\betom\OneDrive\Escritorio\veterinaria\Helpetd2.0\HealthPetsfrontend\FrontEndHealthPets\FrontEndHealthPets.csproj::TargetFramework=net8.0-android]
C:\Users\betom\OneDrive\Escritorio\veterinaria\Helpetd2.0\HealthPetsfrontend\FrontEndHealthPets\ViewModels\VetProfileEditViewModel.cs(157,23): warning CS8602: Desreferencia de una referencia posiblemente NULL. [C:\Users\betom\OneDrive\Escritorio\veterinaria\Helpetd2.0\HealthPetsfrontend\FrontEndHealthPets\FrontEndHealthPets.csproj::TargetFramework=net8.0-android]
C:\Users\betom\OneDrive\Escritorio\veterinaria\Helpetd2.0\HealthPetsfrontend\FrontEndHealthPets\ViewModels\VetProfileEditViewModel.cs(157,23): warning CS8602: Desreferencia de una referencia posiblemente NULL. [C:\Users\betom\OneDrive\Escritorio\veterinaria\Helpetd2.0\HealthPetsfrontend\FrontEndHealthPets\FrontEndHealthPets.csproj::TargetFramework=net8.0-android]
C:\Users\betom\OneDrive\Escritorio\veterinaria\Helpetd2.0\HealthPetsfrontend\FrontEndHealthPets\Paginas\FlyPaginas\PaginaFlyMenu.xaml.cs(184,17): warning CS8602: Desreferencia de una referencia posiblemente NULL. [C:\Users\betom\OneDrive\Escritorio\veterinaria\Helpetd2.0\HealthPetsfrontend\FrontEndHealthPets\FrontEndHealthPets.csproj::TargetFramework=net8.0-android]
C:\Users\betom\OneDrive\Escritorio\veterinaria\Helpetd2.0\HealthPetsfrontend\FrontEndHealthPets\ViewModels\BathControlViewModel.cs(18,16): warning CS8618: El elemento campo "_selectedPet" que no acepta valores NULL debe contener un valor distinto de NULL al salir del constructor. Considere la posibilidad de agregar el modificador "required'"o declarar el campo como un valor que acepta valores NULL. [C:\Users\betom\OneDrive\Escritorio\veterinaria\Helpetd2.0\HealthPetsfrontend\FrontEndHealthPets\FrontEndHealthPets.csproj::TargetFramework=net8.0-android]
C:\Users\betom\OneDrive\Escritorio\veterinaria\Helpetd2.0\HealthPetsfrontend\FrontEndHealthPets\ViewModels\BathControlViewModel.cs(64,25): warning CS4014: Como esta llamada no es 'awaited', la ejecuci├│n del m├®todo actual continuar├í antes de que se complete la llamada. Puede aplicar el operador 'await' al resultado de la llamada. [C:\Users\betom\OneDrive\Escritorio\veterinaria\Helpetd2.0\HealthPetsfrontend\FrontEndHealthPets\FrontEndHealthPets.csproj::TargetFramework=net8.0-android]
C:\Users\betom\OneDrive\Escritorio\veterinaria\Helpetd2.0\HealthPetsfrontend\FrontEndHealthPets\ViewModels\BathControlViewModel.cs(120,23): warning CS8602: Desreferencia de una referencia posiblemente NULL. [C:\Users\betom\OneDrive\Escritorio\veterinaria\Helpetd2.0\HealthPetsfrontend\FrontEndHealthPets\FrontEndHealthPets.csproj::TargetFramework=net8.0-android]
C:\Users\betom\OneDrive\Escritorio\veterinaria\Helpetd2.0\HealthPetsfrontend\FrontEndHealthPets\ViewModels\BathControlViewModel.cs(120,23): warning CS8602: Desreferencia de una referencia posiblemente NULL. [C:\Users\betom\OneDrive\Escritorio\veterinaria\Helpetd2.0\HealthPetsfrontend\FrontEndHealthPets\FrontEndHealthPets.csproj::TargetFramework=net8.0-android]
C:\Users\betom\OneDrive\Escritorio\veterinaria\Helpetd2.0\HealthPetsfrontend\FrontEndHealthPets\ViewModels\BathControlViewModel.cs(154,23): warning CS8602: Desreferencia de una referencia posiblemente NULL. [C:\Users\betom\OneDrive\Escritorio\veterinaria\Helpetd2.0\HealthPetsfrontend\FrontEndHealthPets\FrontEndHealthPets.csproj::TargetFramework=net8.0-android]
C:\Users\betom\OneDrive\Escritorio\veterinaria\Helpetd2.0\HealthPetsfrontend\FrontEndHealthPets\ViewModels\BathControlViewModel.cs(154,23): warning CS8602: Desreferencia de una referencia posiblemente NULL. [C:\Users\betom\OneDrive\Escritorio\veterinaria\Helpetd2.0\HealthPetsfrontend\FrontEndHealthPets\FrontEndHealthPets.csproj::TargetFramework=net8.0-android]
C:\Users\betom\OneDrive\Escritorio\veterinaria\Helpetd2.0\HealthPetsfrontend\FrontEndHealthPets\ViewModels\BathControlViewModel.cs(159,36): warning CS8602: Desreferencia de una referencia posiblemente NULL. [C:\Users\betom\OneDrive\Escritorio\veterinaria\Helpetd2.0\HealthPetsfrontend\FrontEndHealthPets\FrontEndHealthPets.csproj::TargetFramework=net8.0-android]
C:\Users\betom\OneDrive\Escritorio\veterinaria\Helpetd2.0\HealthPetsfrontend\FrontEndHealthPets\ViewModels\BathControlViewModel.cs(159,36): warning CS8602: Desreferencia de una referencia posiblemente NULL. [C:\Users\betom\OneDrive\Escritorio\veterinaria\Helpetd2.0\HealthPetsfrontend\FrontEndHealthPets\FrontEndHealthPets.csproj::TargetFramework=net8.0-android]
C:\Users\betom\OneDrive\Escritorio\veterinaria\Helpetd2.0\HealthPetsfrontend\FrontEndHealthPets\ViewModels\BathControlViewModel.cs(179,34): warning CS8602: Desreferencia de una referencia posiblemente NULL. [C:\Users\betom\OneDrive\Escritorio\veterinaria\Helpetd2.0\HealthPetsfrontend\FrontEndHealthPets\FrontEndHealthPets.csproj::TargetFramework=net8.0-android]
C:\Users\betom\OneDrive\Escritorio\veterinaria\Helpetd2.0\HealthPetsfrontend\FrontEndHealthPets\ViewModels\BathControlViewModel.cs(179,34): warning CS8602: Desreferencia de una referencia posiblemente NULL. [C:\Users\betom\OneDrive\Escritorio\veterinaria\Helpetd2.0\HealthPetsfrontend\FrontEndHealthPets\FrontEndHealthPets.csproj::TargetFramework=net8.0-android]
C:\Users\betom\OneDrive\Escritorio\veterinaria\Helpetd2.0\HealthPetsfrontend\FrontEndHealthPets\ViewModels\ForgotPasswordViewModel.cs(18,16): warning CS8618: El elemento campo "email" que no acepta valores NULL debe contener un valor distinto de NULL al salir del constructor. Considere la posibilidad de agregar el modificador "required'"o declarar el campo como un valor que acepta valores NULL. [C:\Users\betom\OneDrive\Escritorio\veterinaria\Helpetd2.0\HealthPetsfrontend\FrontEndHealthPets\FrontEndHealthPets.csproj::TargetFramework=net8.0-android]
C:\Users\betom\OneDrive\Escritorio\veterinaria\Helpetd2.0\HealthPetsfrontend\FrontEndHealthPets\ViewModels\ForgotPasswordViewModel.cs(31,23): warning CS8602: Desreferencia de una referencia posiblemente NULL. [C:\Users\betom\OneDrive\Escritorio\veterinaria\Helpetd2.0\HealthPetsfrontend\FrontEndHealthPets\FrontEndHealthPets.csproj::TargetFramework=net8.0-android]
C:\Users\betom\OneDrive\Escritorio\veterinaria\Helpetd2.0\HealthPetsfrontend\FrontEndHealthPets\ViewModels\ForgotPasswordViewModel.cs(31,23): warning CS8602: Desreferencia de una referencia posiblemente NULL. [C:\Users\betom\OneDrive\Escritorio\veterinaria\Helpetd2.0\HealthPetsfrontend\FrontEndHealthPets\FrontEndHealthPets.csproj::TargetFramework=net8.0-android]
C:\Users\betom\OneDrive\Escritorio\veterinaria\Helpetd2.0\HealthPetsfrontend\FrontEndHealthPets\ViewModels\ForgotPasswordViewModel.cs(42,27): warning CS8602: Desreferencia de una referencia posiblemente NULL. [C:\Users\betom\OneDrive\Escritorio\veterinaria\Helpetd2.0\HealthPetsfrontend\FrontEndHealthPets\FrontEndHealthPets.csproj::TargetFramework=net8.0-android]
C:\Users\betom\OneDrive\Escritorio\veterinaria\Helpetd2.0\HealthPetsfrontend\FrontEndHealthPets\ViewModels\ForgotPasswordViewModel.cs(42,27): warning CS8602: Desreferencia de una referencia posiblemente NULL. [C:\Users\betom\OneDrive\Escritorio\veterinaria\Helpetd2.0\HealthPetsfrontend\FrontEndHealthPets\FrontEndHealthPets.csproj::TargetFramework=net8.0-android]
C:\Users\betom\OneDrive\Escritorio\veterinaria\Helpetd2.0\HealthPetsfrontend\FrontEndHealthPets\ViewModels\ForgotPasswordViewModel.cs(52,27): warning CS8602: Desreferencia de una referencia posiblemente NULL. [C:\Users\betom\OneDrive\Escritorio\veterinaria\Helpetd2.0\HealthPetsfrontend\FrontEndHealthPets\FrontEndHealthPets.csproj::TargetFramework=net8.0-android]
C:\Users\betom\OneDrive\Escritorio\veterinaria\Helpetd2.0\HealthPetsfrontend\FrontEndHealthPets\ViewModels\ForgotPasswordViewModel.cs(52,27): warning CS8602: Desreferencia de una referencia posiblemente NULL. [C:\Users\betom\OneDrive\Escritorio\veterinaria\Helpetd2.0\HealthPetsfrontend\FrontEndHealthPets\FrontEndHealthPets.csproj::TargetFramework=net8.0-android]
C:\Users\betom\OneDrive\Escritorio\veterinaria\Helpetd2.0\HealthPetsfrontend\FrontEndHealthPets\ViewModels\ForgotPasswordViewModel.cs(57,23): warning CS8602: Desreferencia de una referencia posiblemente NULL. [C:\Users\betom\OneDrive\Escritorio\veterinaria\Helpetd2.0\HealthPetsfrontend\FrontEndHealthPets\FrontEndHealthPets.csproj::TargetFramework=net8.0-android]
C:\Users\betom\OneDrive\Escritorio\veterinaria\Helpetd2.0\HealthPetsfrontend\FrontEndHealthPets\ViewModels\ForgotPasswordViewModel.cs(57,23): warning CS8602: Desreferencia de una referencia posiblemente NULL. [C:\Users\betom\OneDrive\Escritorio\veterinaria\Helpetd2.0\HealthPetsfrontend\FrontEndHealthPets\FrontEndHealthPets.csproj::TargetFramework=net8.0-android]
C:\Users\betom\OneDrive\Escritorio\veterinaria\Helpetd2.0\HealthPetsfrontend\FrontEndHealthPets\ViewModels\MyAppointmentsViewModel.cs(43,23): warning CS8602: Desreferencia de una referencia posiblemente NULL. [C:\Users\betom\OneDrive\Escritorio\veterinaria\Helpetd2.0\HealthPetsfrontend\FrontEndHealthPets\FrontEndHealthPets.csproj::TargetFramework=net8.0-android]
C:\Users\betom\OneDrive\Escritorio\veterinaria\Helpetd2.0\HealthPetsfrontend\FrontEndHealthPets\ViewModels\MyAppointmentsViewModel.cs(43,23): warning CS8602: Desreferencia de una referencia posiblemente NULL. [C:\Users\betom\OneDrive\Escritorio\veterinaria\Helpetd2.0\HealthPetsfrontend\FrontEndHealthPets\FrontEndHealthPets.csproj::TargetFramework=net8.0-android]
C:\Users\betom\OneDrive\Escritorio\veterinaria\Helpetd2.0\HealthPetsfrontend\FrontEndHealthPets\ViewModels\MyAppointmentsViewModel.cs(57,34): warning CS8602: Desreferencia de una referencia posiblemente NULL. [C:\Users\betom\OneDrive\Escritorio\veterinaria\Helpetd2.0\HealthPetsfrontend\FrontEndHealthPets\FrontEndHealthPets.csproj::TargetFramework=net8.0-android]
C:\Users\betom\OneDrive\Escritorio\veterinaria\Helpetd2.0\HealthPetsfrontend\FrontEndHealthPets\ViewModels\MyAppointmentsViewModel.cs(57,34): warning CS8602: Desreferencia de una referencia posiblemente NULL. [C:\Users\betom\OneDrive\Escritorio\veterinaria\Helpetd2.0\HealthPetsfrontend\FrontEndHealthPets\FrontEndHealthPets.csproj::TargetFramework=net8.0-android]
C:\Users\betom\OneDrive\Escritorio\veterinaria\Helpetd2.0\HealthPetsfrontend\FrontEndHealthPets\Services\HistorialClinicoService.cs(47,33): warning CS8601: Posible asignaci├│n de referencia nula. [C:\Users\betom\OneDrive\Escritorio\veterinaria\Helpetd2.0\HealthPetsfrontend\FrontEndHealthPets\FrontEndHealthPets.csproj::TargetFramework=net8.0-android]
C:\Users\betom\OneDrive\Escritorio\veterinaria\Helpetd2.0\HealthPetsfrontend\FrontEndHealthPets\ViewModels\PetDetailViewModel.cs(45,16): warning CS8618: El elemento campo "_pet" que no acepta valores NULL debe contener un valor distinto de NULL al salir del constructor. Considere la posibilidad de agregar el modificador "required'"o declarar el campo como un valor que acepta valores NULL. [C:\Users\betom\OneDrive\Escritorio\veterinaria\Helpetd2.0\HealthPetsfrontend\FrontEndHealthPets\FrontEndHealthPets.csproj::TargetFramework=net8.0-android]
C:\Users\betom\OneDrive\Escritorio\veterinaria\Helpetd2.0\HealthPetsfrontend\FrontEndHealthPets\ViewModels\PetProfileViewModel.cs(107,30): warning CS0168: La variable 'ex' se ha declarado pero nunca se usa [C:\Users\betom\OneDrive\Escritorio\veterinaria\Helpetd2.0\HealthPetsfrontend\FrontEndHealthPets\FrontEndHealthPets.csproj::TargetFramework=net8.0-android]
C:\Users\betom\OneDrive\Escritorio\veterinaria\Helpetd2.0\HealthPetsfrontend\FrontEndHealthPets\ViewModels\PetDetailViewModel.cs(69,23): warning CS8601: Posible asignaci├│n de referencia nula. [C:\Users\betom\OneDrive\Escritorio\veterinaria\Helpetd2.0\HealthPetsfrontend\FrontEndHealthPets\FrontEndHealthPets.csproj::TargetFramework=net8.0-android]
C:\Users\betom\OneDrive\Escritorio\veterinaria\Helpetd2.0\HealthPetsfrontend\FrontEndHealthPets\ViewModels\ResenasViewModel.cs(100,29): warning CS8601: Posible asignaci├│n de referencia nula. [C:\Users\betom\OneDrive\Escritorio\veterinaria\Helpetd2.0\HealthPetsfrontend\FrontEndHealthPets\FrontEndHealthPets.csproj::TargetFramework=net8.0-android]
C:\Users\betom\OneDrive\Escritorio\veterinaria\Helpetd2.0\HealthPetsfrontend\FrontEndHealthPets\ViewModels\ResetPasswordViewModel.cs(28,16): warning CS8618: El elemento campo "email" que no acepta valores NULL debe contener un valor distinto de NULL al salir del constructor. Considere la posibilidad de agregar el modificador "required'"o declarar el campo como un valor que acepta valores NULL. [C:\Users\betom\OneDrive\Escritorio\veterinaria\Helpetd2.0\HealthPetsfrontend\FrontEndHealthPets\FrontEndHealthPets.csproj::TargetFramework=net8.0-android]
C:\Users\betom\OneDrive\Escritorio\veterinaria\Helpetd2.0\HealthPetsfrontend\FrontEndHealthPets\ViewModels\ResetPasswordViewModel.cs(28,16): warning CS8618: El elemento campo "code" que no acepta valores NULL debe contener un valor distinto de NULL al salir del constructor. Considere la posibilidad de agregar el modificador "required'"o declarar el campo como un valor que acepta valores NULL. [C:\Users\betom\OneDrive\Escritorio\veterinaria\Helpetd2.0\HealthPetsfrontend\FrontEndHealthPets\FrontEndHealthPets.csproj::TargetFramework=net8.0-android]
C:\Users\betom\OneDrive\Escritorio\veterinaria\Helpetd2.0\HealthPetsfrontend\FrontEndHealthPets\ViewModels\ResetPasswordViewModel.cs(28,16): warning CS8618: El elemento campo "newPassword" que no acepta valores NULL debe contener un valor distinto de NULL al salir del constructor. Considere la posibilidad de agregar el modificador "required'"o declarar el campo como un valor que acepta valores NULL. [C:\Users\betom\OneDrive\Escritorio\veterinaria\Helpetd2.0\HealthPetsfrontend\FrontEndHealthPets\FrontEndHealthPets.csproj::TargetFramework=net8.0-android]
C:\Users\betom\OneDrive\Escritorio\veterinaria\Helpetd2.0\HealthPetsfrontend\FrontEndHealthPets\ViewModels\ResetPasswordViewModel.cs(28,16): warning CS8618: El elemento campo "confirmPassword" que no acepta valores NULL debe contener un valor distinto de NULL al salir del constructor. Considere la posibilidad de agregar el modificador "required'"o declarar el campo como un valor que acepta valores NULL. [C:\Users\betom\OneDrive\Escritorio\veterinaria\Helpetd2.0\HealthPetsfrontend\FrontEndHealthPets\FrontEndHealthPets.csproj::TargetFramework=net8.0-android]
C:\Users\betom\OneDrive\Escritorio\veterinaria\Helpetd2.0\HealthPetsfrontend\FrontEndHealthPets\ViewModels\SettingsViewModel.cs(86,16): warning CS8618: El elemento campo "_userName" que no acepta valores NULL debe contener un valor distinto de NULL al salir del constructor. Considere la posibilidad de agregar el modificador "required'"o declarar el campo como un valor que acepta valores NULL. [C:\Users\betom\OneDrive\Escritorio\veterinaria\Helpetd2.0\HealthPetsfrontend\FrontEndHealthPets\FrontEndHealthPets.csproj::TargetFramework=net8.0-android]
C:\Users\betom\OneDrive\Escritorio\veterinaria\Helpetd2.0\HealthPetsfrontend\FrontEndHealthPets\ViewModels\SettingsViewModel.cs(86,16): warning CS8618: El elemento campo "_userEmail" que no acepta valores NULL debe contener un valor distinto de NULL al salir del constructor. Considere la posibilidad de agregar el modificador "required'"o declarar el campo como un valor que acepta valores NULL. [C:\Users\betom\OneDrive\Escritorio\veterinaria\Helpetd2.0\HealthPetsfrontend\FrontEndHealthPets\FrontEndHealthPets.csproj::TargetFramework=net8.0-android]
C:\Users\betom\OneDrive\Escritorio\veterinaria\Helpetd2.0\HealthPetsfrontend\FrontEndHealthPets\ViewModels\SettingsViewModel.cs(86,16): warning CS8618: El elemento campo "_appVersion" que no acepta valores NULL debe contener un valor distinto de NULL al salir del constructor. Considere la posibilidad de agregar el modificador "required'"o declarar el campo como un valor que acepta valores NULL. [C:\Users\betom\OneDrive\Escritorio\veterinaria\Helpetd2.0\HealthPetsfrontend\FrontEndHealthPets\FrontEndHealthPets.csproj::TargetFramework=net8.0-android]
C:\Users\betom\OneDrive\Escritorio\veterinaria\Helpetd2.0\HealthPetsfrontend\FrontEndHealthPets\ViewModels\VaccinationViewModel.cs(24,16): warning CS8618: El elemento campo "selectedPet" que no acepta valores NULL debe contener un valor distinto de NULL al salir del constructor. Considere la posibilidad de agregar el modificador "required'"o declarar el campo como un valor que acepta valores NULL. [C:\Users\betom\OneDrive\Escritorio\veterinaria\Helpetd2.0\HealthPetsfrontend\FrontEndHealthPets\FrontEndHealthPets.csproj::TargetFramework=net8.0-android]
C:\Users\betom\OneDrive\Escritorio\veterinaria\Helpetd2.0\HealthPetsfrontend\FrontEndHealthPets\ViewModels\VeterinarianProfileViewModel.cs(46,16): warning CS8618: El elemento campo "veterinarian" que no acepta valores NULL debe contener un valor distinto de NULL al salir del constructor. Considere la posibilidad de agregar el modificador "required'"o declarar el campo como un valor que acepta valores NULL. [C:\Users\betom\OneDrive\Escritorio\veterinaria\Helpetd2.0\HealthPetsfrontend\FrontEndHealthPets\FrontEndHealthPets.csproj::TargetFramework=net8.0-android]
C:\Users\betom\OneDrive\Escritorio\veterinaria\Helpetd2.0\HealthPetsfrontend\FrontEndHealthPets\ViewModels\VeterinarianProfileViewModel.cs(46,16): warning CS8618: El elemento campo "selectedSlot" que no acepta valores NULL debe contener un valor distinto de NULL al salir del constructor. Considere la posibilidad de agregar el modificador "required'"o declarar el campo como un valor que acepta valores NULL. [C:\Users\betom\OneDrive\Escritorio\veterinaria\Helpetd2.0\HealthPetsfrontend\FrontEndHealthPets\FrontEndHealthPets.csproj::TargetFramework=net8.0-android]
C:\Users\betom\OneDrive\Escritorio\veterinaria\Helpetd2.0\HealthPetsfrontend\FrontEndHealthPets\ViewModels\VeterinarianProfileViewModel.cs(46,16): warning CS8618: El elemento campo "selectedPet" que no acepta valores NULL debe contener un valor distinto de NULL al salir del constructor. Considere la posibilidad de agregar el modificador "required'"o declarar el campo como un valor que acepta valores NULL. [C:\Users\betom\OneDrive\Escritorio\veterinaria\Helpetd2.0\HealthPetsfrontend\FrontEndHealthPets\FrontEndHealthPets.csproj::TargetFramework=net8.0-android]
C:\Users\betom\OneDrive\Escritorio\veterinaria\Helpetd2.0\HealthPetsfrontend\FrontEndHealthPets\ViewModels\VeterinarianProfileViewModel.cs(46,16): warning CS8618: El elemento campo "reason" que no acepta valores NULL debe contener un valor distinto de NULL al salir del constructor. Considere la posibilidad de agregar el modificador "required'"o declarar el campo como un valor que acepta valores NULL. [C:\Users\betom\OneDrive\Escritorio\veterinaria\Helpetd2.0\HealthPetsfrontend\FrontEndHealthPets\FrontEndHealthPets.csproj::TargetFramework=net8.0-android]
C:\Users\betom\OneDrive\Escritorio\veterinaria\Helpetd2.0\HealthPetsfrontend\FrontEndHealthPets\ViewModels\VeterinarianProfileViewModel.cs(46,16): warning CS8618: El elemento campo "notes" que no acepta valores NULL debe contener un valor distinto de NULL al salir del constructor. Considere la posibilidad de agregar el modificador "required'"o declarar el campo como un valor que acepta valores NULL. [C:\Users\betom\OneDrive\Escritorio\veterinaria\Helpetd2.0\HealthPetsfrontend\FrontEndHealthPets\FrontEndHealthPets.csproj::TargetFramework=net8.0-android]
C:\Users\betom\OneDrive\Escritorio\veterinaria\Helpetd2.0\HealthPetsfrontend\FrontEndHealthPets\ViewModels\VeterinariansViewModel.cs(22,16): warning CS8618: El elemento campo "searchText" que no acepta valores NULL debe contener un valor distinto de NULL al salir del constructor. Considere la posibilidad de agregar el modificador "required'"o declarar el campo como un valor que acepta valores NULL. [C:\Users\betom\OneDrive\Escritorio\veterinaria\Helpetd2.0\HealthPetsfrontend\FrontEndHealthPets\FrontEndHealthPets.csproj::TargetFramework=net8.0-android]
C:\Users\betom\OneDrive\Escritorio\veterinaria\Helpetd2.0\HealthPetsfrontend\FrontEndHealthPets\ViewModels\VeterinarianProfileViewModel.cs(74,32): warning CS8601: Posible asignaci├│n de referencia nula. [C:\Users\betom\OneDrive\Escritorio\veterinaria\Helpetd2.0\HealthPetsfrontend\FrontEndHealthPets\FrontEndHealthPets.csproj::TargetFramework=net8.0-android]
C:\Users\betom\OneDrive\Escritorio\veterinaria\Helpetd2.0\HealthPetsfrontend\FrontEndHealthPets\ViewModels\VeterinariansViewModel.cs(48,23): warning CS8602: Desreferencia de una referencia posiblemente NULL. [C:\Users\betom\OneDrive\Escritorio\veterinaria\Helpetd2.0\HealthPetsfrontend\FrontEndHealthPets\FrontEndHealthPets.csproj::TargetFramework=net8.0-android]
C:\Users\betom\OneDrive\Escritorio\veterinaria\Helpetd2.0\HealthPetsfrontend\FrontEndHealthPets\ViewModels\VeterinariansViewModel.cs(48,23): warning CS8602: Desreferencia de una referencia posiblemente NULL. [C:\Users\betom\OneDrive\Escritorio\veterinaria\Helpetd2.0\HealthPetsfrontend\FrontEndHealthPets\FrontEndHealthPets.csproj::TargetFramework=net8.0-android]
C:\Users\betom\OneDrive\Escritorio\veterinaria\Helpetd2.0\HealthPetsfrontend\FrontEndHealthPets\ViewModels\VeterinarianProfileViewModel.cs(102,32): warning CS8625: No se puede convertir un literal NULL en un tipo de referencia que no acepta valores NULL. [C:\Users\betom\OneDrive\Escritorio\veterinaria\Helpetd2.0\HealthPetsfrontend\FrontEndHealthPets\FrontEndHealthPets.csproj::TargetFramework=net8.0-android]
C:\Users\betom\OneDrive\Escritorio\veterinaria\Helpetd2.0\HealthPetsfrontend\FrontEndHealthPets\ViewModels\VeterinariansViewModel.cs(90,23): warning CS8602: Desreferencia de una referencia posiblemente NULL. [C:\Users\betom\OneDrive\Escritorio\veterinaria\Helpetd2.0\HealthPetsfrontend\FrontEndHealthPets\FrontEndHealthPets.csproj::TargetFramework=net8.0-android]
C:\Users\betom\OneDrive\Escritorio\veterinaria\Helpetd2.0\HealthPetsfrontend\FrontEndHealthPets\ViewModels\VeterinariansViewModel.cs(90,23): warning CS8602: Desreferencia de una referencia posiblemente NULL. [C:\Users\betom\OneDrive\Escritorio\veterinaria\Helpetd2.0\HealthPetsfrontend\FrontEndHealthPets\FrontEndHealthPets.csproj::TargetFramework=net8.0-android]
C:\Users\betom\OneDrive\Escritorio\veterinaria\Helpetd2.0\HealthPetsfrontend\FrontEndHealthPets\ViewModels\VeterinarianProfileViewModel.cs(121,23): warning CS8602: Desreferencia de una referencia posiblemente NULL. [C:\Users\betom\OneDrive\Escritorio\veterinaria\Helpetd2.0\HealthPetsfrontend\FrontEndHealthPets\FrontEndHealthPets.csproj::TargetFramework=net8.0-android]
C:\Users\betom\OneDrive\Escritorio\veterinaria\Helpetd2.0\HealthPetsfrontend\FrontEndHealthPets\ViewModels\VeterinarianProfileViewModel.cs(121,23): warning CS8602: Desreferencia de una referencia posiblemente NULL. [C:\Users\betom\OneDrive\Escritorio\veterinaria\Helpetd2.0\HealthPetsfrontend\FrontEndHealthPets\FrontEndHealthPets.csproj::TargetFramework=net8.0-android]
C:\Users\betom\OneDrive\Escritorio\veterinaria\Helpetd2.0\HealthPetsfrontend\FrontEndHealthPets\ViewModels\VeterinarianProfileViewModel.cs(127,23): warning CS8602: Desreferencia de una referencia posiblemente NULL. [C:\Users\betom\OneDrive\Escritorio\veterinaria\Helpetd2.0\HealthPetsfrontend\FrontEndHealthPets\FrontEndHealthPets.csproj::TargetFramework=net8.0-android]
C:\Users\betom\OneDrive\Escritorio\veterinaria\Helpetd2.0\HealthPetsfrontend\FrontEndHealthPets\ViewModels\VeterinarianProfileViewModel.cs(127,23): warning CS8602: Desreferencia de una referencia posiblemente NULL. [C:\Users\betom\OneDrive\Escritorio\veterinaria\Helpetd2.0\HealthPetsfrontend\FrontEndHealthPets\FrontEndHealthPets.csproj::TargetFramework=net8.0-android]
C:\Users\betom\OneDrive\Escritorio\veterinaria\Helpetd2.0\HealthPetsfrontend\FrontEndHealthPets\ViewModels\VeterinarianProfileViewModel.cs(148,27): warning CS8602: Desreferencia de una referencia posiblemente NULL. [C:\Users\betom\OneDrive\Escritorio\veterinaria\Helpetd2.0\HealthPetsfrontend\FrontEndHealthPets\FrontEndHealthPets.csproj::TargetFramework=net8.0-android]
C:\Users\betom\OneDrive\Escritorio\veterinaria\Helpetd2.0\HealthPetsfrontend\FrontEndHealthPets\ViewModels\VeterinarianProfileViewModel.cs(148,27): warning CS8602: Desreferencia de una referencia posiblemente NULL. [C:\Users\betom\OneDrive\Escritorio\veterinaria\Helpetd2.0\HealthPetsfrontend\FrontEndHealthPets\FrontEndHealthPets.csproj::TargetFramework=net8.0-android]
C:\Users\betom\OneDrive\Escritorio\veterinaria\Helpetd2.0\HealthPetsfrontend\FrontEndHealthPets\ViewModels\VeterinarianProfileViewModel.cs(153,27): warning CS8602: Desreferencia de una referencia posiblemente NULL. [C:\Users\betom\OneDrive\Escritorio\veterinaria\Helpetd2.0\HealthPetsfrontend\FrontEndHealthPets\FrontEndHealthPets.csproj::TargetFramework=net8.0-android]
C:\Users\betom\OneDrive\Escritorio\veterinaria\Helpetd2.0\HealthPetsfrontend\FrontEndHealthPets\ViewModels\VeterinarianProfileViewModel.cs(153,27): warning CS8602: Desreferencia de una referencia posiblemente NULL. [C:\Users\betom\OneDrive\Escritorio\veterinaria\Helpetd2.0\HealthPetsfrontend\FrontEndHealthPets\FrontEndHealthPets.csproj::TargetFramework=net8.0-android]
C:\Users\betom\OneDrive\Escritorio\veterinaria\Helpetd2.0\HealthPetsfrontend\FrontEndHealthPets\ViewModels\VeterinarianProfileViewModel.cs(158,23): warning CS8602: Desreferencia de una referencia posiblemente NULL. [C:\Users\betom\OneDrive\Escritorio\veterinaria\Helpetd2.0\HealthPetsfrontend\FrontEndHealthPets\FrontEndHealthPets.csproj::TargetFramework=net8.0-android]
C:\Users\betom\OneDrive\Escritorio\veterinaria\Helpetd2.0\HealthPetsfrontend\FrontEndHealthPets\ViewModels\VeterinarianProfileViewModel.cs(158,23): warning CS8602: Desreferencia de una referencia posiblemente NULL. [C:\Users\betom\OneDrive\Escritorio\veterinaria\Helpetd2.0\HealthPetsfrontend\FrontEndHealthPets\FrontEndHealthPets.csproj::TargetFramework=net8.0-android]
C:\Users\betom\OneDrive\Escritorio\veterinaria\Helpetd2.0\HealthPetsfrontend\FrontEndHealthPets\ViewModels\PetProfileViewModel.cs(229,34): warning CS8602: Desreferencia de una referencia posiblemente NULL. [C:\Users\betom\OneDrive\Escritorio\veterinaria\Helpetd2.0\HealthPetsfrontend\FrontEndHealthPets\FrontEndHealthPets.csproj::TargetFramework=net8.0-android]
C:\Users\betom\OneDrive\Escritorio\veterinaria\Helpetd2.0\HealthPetsfrontend\FrontEndHealthPets\ViewModels\PetProfileViewModel.cs(229,34): warning CS8602: Desreferencia de una referencia posiblemente NULL. [C:\Users\betom\OneDrive\Escritorio\veterinaria\Helpetd2.0\HealthPetsfrontend\FrontEndHealthPets\FrontEndHealthPets.csproj::TargetFramework=net8.0-android]
C:\Users\betom\OneDrive\Escritorio\veterinaria\Helpetd2.0\HealthPetsfrontend\FrontEndHealthPets\ViewModels\ResetPasswordViewModel.cs(41,23): warning CS8602: Desreferencia de una referencia posiblemente NULL. [C:\Users\betom\OneDrive\Escritorio\veterinaria\Helpetd2.0\HealthPetsfrontend\FrontEndHealthPets\FrontEndHealthPets.csproj::TargetFramework=net8.0-android]
C:\Users\betom\OneDrive\Escritorio\veterinaria\Helpetd2.0\HealthPetsfrontend\FrontEndHealthPets\ViewModels\ResetPasswordViewModel.cs(41,23): warning CS8602: Desreferencia de una referencia posiblemente NULL. [C:\Users\betom\OneDrive\Escritorio\veterinaria\Helpetd2.0\HealthPetsfrontend\FrontEndHealthPets\FrontEndHealthPets.csproj::TargetFramework=net8.0-android]
C:\Users\betom\OneDrive\Escritorio\veterinaria\Helpetd2.0\HealthPetsfrontend\FrontEndHealthPets\ViewModels\ResetPasswordViewModel.cs(47,23): warning CS8602: Desreferencia de una referencia posiblemente NULL. [C:\Users\betom\OneDrive\Escritorio\veterinaria\Helpetd2.0\HealthPetsfrontend\FrontEndHealthPets\FrontEndHealthPets.csproj::TargetFramework=net8.0-android]
C:\Users\betom\OneDrive\Escritorio\veterinaria\Helpetd2.0\HealthPetsfrontend\FrontEndHealthPets\ViewModels\ResetPasswordViewModel.cs(47,23): warning CS8602: Desreferencia de una referencia posiblemente NULL. [C:\Users\betom\OneDrive\Escritorio\veterinaria\Helpetd2.0\HealthPetsfrontend\FrontEndHealthPets\FrontEndHealthPets.csproj::TargetFramework=net8.0-android]
C:\Users\betom\OneDrive\Escritorio\veterinaria\Helpetd2.0\HealthPetsfrontend\FrontEndHealthPets\ViewModels\ResetPasswordViewModel.cs(58,27): warning CS8602: Desreferencia de una referencia posiblemente NULL. [C:\Users\betom\OneDrive\Escritorio\veterinaria\Helpetd2.0\HealthPetsfrontend\FrontEndHealthPets\FrontEndHealthPets.csproj::TargetFramework=net8.0-android]
C:\Users\betom\OneDrive\Escritorio\veterinaria\Helpetd2.0\HealthPetsfrontend\FrontEndHealthPets\ViewModels\ResetPasswordViewModel.cs(58,27): warning CS8602: Desreferencia de una referencia posiblemente NULL. [C:\Users\betom\OneDrive\Escritorio\veterinaria\Helpetd2.0\HealthPetsfrontend\FrontEndHealthPets\FrontEndHealthPets.csproj::TargetFramework=net8.0-android]
C:\Users\betom\OneDrive\Escritorio\veterinaria\Helpetd2.0\HealthPetsfrontend\FrontEndHealthPets\ViewModels\ResetPasswordViewModel.cs(66,27): warning CS8602: Desreferencia de una referencia posiblemente NULL. [C:\Users\betom\OneDrive\Escritorio\veterinaria\Helpetd2.0\HealthPetsfrontend\FrontEndHealthPets\FrontEndHealthPets.csproj::TargetFramework=net8.0-android]
C:\Users\betom\OneDrive\Escritorio\veterinaria\Helpetd2.0\HealthPetsfrontend\FrontEndHealthPets\ViewModels\ResetPasswordViewModel.cs(66,27): warning CS8602: Desreferencia de una referencia posiblemente NULL. [C:\Users\betom\OneDrive\Escritorio\veterinaria\Helpetd2.0\HealthPetsfrontend\FrontEndHealthPets\FrontEndHealthPets.csproj::TargetFramework=net8.0-android]
C:\Users\betom\OneDrive\Escritorio\veterinaria\Helpetd2.0\HealthPetsfrontend\FrontEndHealthPets\ViewModels\ResetPasswordViewModel.cs(71,23): warning CS8602: Desreferencia de una referencia posiblemente NULL. [C:\Users\betom\OneDrive\Escritorio\veterinaria\Helpetd2.0\HealthPetsfrontend\FrontEndHealthPets\FrontEndHealthPets.csproj::TargetFramework=net8.0-android]
C:\Users\betom\OneDrive\Escritorio\veterinaria\Helpetd2.0\HealthPetsfrontend\FrontEndHealthPets\ViewModels\ResetPasswordViewModel.cs(71,23): warning CS8602: Desreferencia de una referencia posiblemente NULL. [C:\Users\betom\OneDrive\Escritorio\veterinaria\Helpetd2.0\HealthPetsfrontend\FrontEndHealthPets\FrontEndHealthPets.csproj::TargetFramework=net8.0-android]
C:\Users\betom\OneDrive\Escritorio\veterinaria\Helpetd2.0\HealthPetsfrontend\FrontEndHealthPets\Services\PetService.cs(244,33): warning CS1998: El m├®todo asincr├│nico carece de operadores "await" y se ejecutar├í de forma sincr├│nica. Puede usar el operador 'await' para esperar llamadas API que no sean de bloqueo o 'await Task.Run(...)' para hacer tareas enlazadas a la CPU en un subproceso en segundo plano. [C:\Users\betom\OneDrive\Escritorio\veterinaria\Helpetd2.0\HealthPetsfrontend\FrontEndHealthPets\FrontEndHealthPets.csproj::TargetFramework=net8.0-android]
C:\Users\betom\OneDrive\Escritorio\veterinaria\Helpetd2.0\HealthPetsfrontend\FrontEndHealthPets\Services\PetService.cs(271,29): warning CS8601: Posible asignaci├│n de referencia nula. [C:\Users\betom\OneDrive\Escritorio\veterinaria\Helpetd2.0\HealthPetsfrontend\FrontEndHealthPets\FrontEndHealthPets.csproj::TargetFramework=net8.0-android]
  FrontEndHealthPets -> C:\Users\betom\OneDrive\Escritorio\veterinaria\Helpetd2.0\HealthPetsfrontend\FrontEndHealthPets\bin\Debug\net8.0-maccatalyst\maccatalyst-x64\FrontEndHealthPets.dll
C:\Users\betom\OneDrive\Escritorio\veterinaria\Helpetd2.0\HealthPetsfrontend\FrontEndHealthPets\pruevasession.xaml.cs(7,22): warning CS8981: El nombre de tipo 'pruevasession' solo contiene caracteres ASCII en min├║sculas. Estos nombres pueden quedar reservados para el idioma. [C:\Users\betom\OneDrive\Escritorio\veterinaria\Helpetd2.0\HealthPetsfrontend\FrontEndHealthPets\FrontEndHealthPets.csproj::TargetFramework=net8.0-windows10.0.19041.0]
C:\Users\betom\OneDrive\Escritorio\veterinaria\Helpetd2.0\HealthPetsfrontend\FrontEndHealthPets\obj\Debug\net8.0-windows10.0.19041.0\win10-x64\Microsoft.Maui.Controls.SourceGen\Microsoft.Maui.Controls.SourceGen.CodeBehindGenerator\pruevasession.xaml.sg.cs(15,23): warning CS8981: El nombre de tipo 'pruevasession' solo contiene caracteres ASCII en min├║sculas. Estos nombres pueden quedar reservados para el idioma. [C:\Users\betom\OneDrive\Escritorio\veterinaria\Helpetd2.0\HealthPetsfrontend\FrontEndHealthPets\FrontEndHealthPets.csproj::TargetFramework=net8.0-windows10.0.19041.0]
C:\Users\betom\OneDrive\Escritorio\veterinaria\Helpetd2.0\HealthPetsfrontend\FrontEndHealthPets\obj\Debug\net8.0-windows10.0.19041.0\win10-x64\WinRT.SourceGenerator\Generator.WinRTAotSourceGenerator\FrontEndHealthPets.pruevasession.WinRTVtable.g.cs(5,15): warning CS8981: El nombre de tipo 'pruevasession' solo contiene caracteres ASCII en min├║sculas. Estos nombres pueden quedar reservados para el idioma. [C:\Users\betom\OneDrive\Escritorio\veterinaria\Helpetd2.0\HealthPetsfrontend\FrontEndHealthPets\FrontEndHealthPets.csproj::TargetFramework=net8.0-windows10.0.19041.0]
C:\Users\betom\OneDrive\Escritorio\veterinaria\Helpetd2.0\HealthPetsfrontend\FrontEndHealthPets\Datos\Pagina_Flyout_Items.cs(12,23): warning CS8618: El elemento propiedad "Titulo" que no acepta valores NULL debe contener un valor distinto de NULL al salir del constructor. Considere la posibilidad de agregar el modificador "required'"o declarar el propiedad como un valor que acepta valores NULL. [C:\Users\betom\OneDrive\Escritorio\veterinaria\Helpetd2.0\HealthPetsfrontend\FrontEndHealthPets\FrontEndHealthPets.csproj::TargetFramework=net8.0-windows10.0.19041.0]
C:\Users\betom\OneDrive\Escritorio\veterinaria\Helpetd2.0\HealthPetsfrontend\FrontEndHealthPets\Datos\Pagina_Flyout_Items.cs(14,23): warning CS8618: El elemento propiedad "Icono" que no acepta valores NULL debe contener un valor distinto de NULL al salir del constructor. Considere la posibilidad de agregar el modificador "required'"o declarar el propiedad como un valor que acepta valores NULL. [C:\Users\betom\OneDrive\Escritorio\veterinaria\Helpetd2.0\HealthPetsfrontend\FrontEndHealthPets\FrontEndHealthPets.csproj::TargetFramework=net8.0-windows10.0.19041.0]
C:\Users\betom\OneDrive\Escritorio\veterinaria\Helpetd2.0\HealthPetsfrontend\FrontEndHealthPets\Entidades\Response\Res_ObtenerBreeds.cs(12,49): warning CS8618: El elemento propiedad "Breeds" que no acepta valores NULL debe contener un valor distinto de NULL al salir del constructor. Considere la posibilidad de agregar el modificador "required'"o declarar el propiedad como un valor que acepta valores NULL. [C:\Users\betom\OneDrive\Escritorio\veterinaria\Helpetd2.0\HealthPetsfrontend\FrontEndHealthPets\FrontEndHealthPets.csproj::TargetFramework=net8.0-windows10.0.19041.0]
C:\Users\betom\OneDrive\Escritorio\veterinaria\Helpetd2.0\HealthPetsfrontend\FrontEndHealthPets\Entidades\Response\Res_Login.cs(13,33): warning CS8618: El elemento propiedad "Registro_Usuario" que no acepta valores NULL debe contener un valor distinto de NULL al salir del constructor. Considere la posibilidad de agregar el modificador "required'"o declarar el propiedad como un valor que acepta valores NULL. [C:\Users\betom\OneDrive\Escritorio\veterinaria\Helpetd2.0\HealthPetsfrontend\FrontEndHealthPets\FrontEndHealthPets.csproj::TargetFramework=net8.0-windows10.0.19041.0]
C:\Users\betom\OneDrive\Escritorio\veterinaria\Helpetd2.0\HealthPetsfrontend\FrontEndHealthPets\Entidades\Response\Res_Base.cs(14,23): warning CS8618: El elemento propiedad "Error" que no acepta valores NULL debe contener un valor distinto de NULL al salir del constructor. Considere la posibilidad de agregar el modificador "required'"o declarar el propiedad como un valor que acepta valores NULL. [C:\Users\betom\OneDrive\Escritorio\veterinaria\Helpetd2.0\HealthPetsfrontend\FrontEndHealthPets\FrontEndHealthPets.csproj::TargetFramework=net8.0-windows10.0.19041.0]
C:\Users\betom\OneDrive\Escritorio\veterinaria\Helpetd2.0\HealthPetsfrontend\FrontEndHealthPets\Entidades\Request\Req_Usuario.cs(12,33): warning CS8618: El elemento propiedad "registro_Usuario" que no acepta valores NULL debe contener un valor distinto de NULL al salir del constructor. Considere la posibilidad de agregar el modificador "required'"o declarar el propiedad como un valor que acepta valores NULL. [C:\Users\betom\OneDrive\Escritorio\veterinaria\Helpetd2.0\HealthPetsfrontend\FrontEndHealthPets\FrontEndHealthPets.csproj::TargetFramework=net8.0-windows10.0.19041.0]
C:\Users\betom\OneDrive\Escritorio\veterinaria\Helpetd2.0\HealthPetsfrontend\FrontEndHealthPets\Entidades\Request\Req_Login.cs(11,23): warning CS8618: El elemento propiedad "Correo_Electronico" que no acepta valores NULL debe contener un valor distinto de NULL al salir del constructor. Considere la posibilidad de agregar el modificador "required'"o declarar el propiedad como un valor que acepta valores NULL. [C:\Users\betom\OneDrive\Escritorio\veterinaria\Helpetd2.0\HealthPetsfrontend\FrontEndHealthPets\FrontEndHealthPets.csproj::TargetFramework=net8.0-windows10.0.19041.0]
C:\Users\betom\OneDrive\Escritorio\veterinaria\Helpetd2.0\HealthPetsfrontend\FrontEndHealthPets\Entidades\Request\Req_Login.cs(12,23): warning CS8618: El elemento propiedad "Contrasena" que no acepta valores NULL debe contener un valor distinto de NULL al salir del constructor. Considere la posibilidad de agregar el modificador "required'"o declarar el propiedad como un valor que acepta valores NULL. [C:\Users\betom\OneDrive\Escritorio\veterinaria\Helpetd2.0\HealthPetsfrontend\FrontEndHealthPets\FrontEndHealthPets.csproj::TargetFramework=net8.0-windows10.0.19041.0]
C:\Users\betom\OneDrive\Escritorio\veterinaria\Helpetd2.0\HealthPetsfrontend\FrontEndHealthPets\Entidades\Entitys\Registro_Usuario.cs(14,23): warning CS8618: El elemento propiedad "Nombre" que no acepta valores NULL debe contener un valor distinto de NULL al salir del constructor. Considere la posibilidad de agregar el modificador "required'"o declarar el propiedad como un valor que acepta valores NULL. [C:\Users\betom\OneDrive\Escritorio\veterinaria\Helpetd2.0\HealthPetsfrontend\FrontEndHealthPets\FrontEndHealthPets.csproj::TargetFramework=net8.0-windows10.0.19041.0]
C:\Users\betom\OneDrive\Escritorio\veterinaria\Helpetd2.0\HealthPetsfrontend\FrontEndHealthPets\Entidades\Entitys\Registro_Usuario.cs(15,23): warning CS8618: El elemento propiedad "Apellidos" que no acepta valores NULL debe contener un valor distinto de NULL al salir del constructor. Considere la posibilidad de agregar el modificador "required'"o declarar el propiedad como un valor que acepta valores NULL. [C:\Users\betom\OneDrive\Escritorio\veterinaria\Helpetd2.0\HealthPetsfrontend\FrontEndHealthPets\FrontEndHealthPets.csproj::TargetFramework=net8.0-windows10.0.19041.0]
C:\Users\betom\OneDrive\Escritorio\veterinaria\Helpetd2.0\HealthPetsfrontend\FrontEndHealthPets\Entidades\Entitys\Registro_Usuario.cs(16,23): warning CS8618: El elemento propiedad "Correo_Electronico" que no acepta valores NULL debe contener un valor distinto de NULL al salir del constructor. Considere la posibilidad de agregar el modificador "required'"o declarar el propiedad como un valor que acepta valores NULL. [C:\Users\betom\OneDrive\Escritorio\veterinaria\Helpetd2.0\HealthPetsfrontend\FrontEndHealthPets\FrontEndHealthPets.csproj::TargetFramework=net8.0-windows10.0.19041.0]
C:\Users\betom\OneDrive\Escritorio\veterinaria\Helpetd2.0\HealthPetsfrontend\FrontEndHealthPets\Entidades\Entitys\Registro_Usuario.cs(18,23): warning CS8618: El elemento propiedad "Confirmacion_Correo_Electronico" que no acepta valores NULL debe contener un valor distinto de NULL al salir del constructor. Considere la posibilidad de agregar el modificador "required'"o declarar el propiedad como un valor que acepta valores NULL. [C:\Users\betom\OneDrive\Escritorio\veterinaria\Helpetd2.0\HealthPetsfrontend\FrontEndHealthPets\FrontEndHealthPets.csproj::TargetFramework=net8.0-windows10.0.19041.0]
C:\Users\betom\OneDrive\Escritorio\veterinaria\Helpetd2.0\HealthPetsfrontend\FrontEndHealthPets\Entidades\Entitys\Registro_Usuario.cs(19,23): warning CS8618: El elemento propiedad "Password" que no acepta valores NULL debe contener un valor distinto de NULL al salir del constructor. Considere la posibilidad de agregar el modificador "required'"o declarar el propiedad como un valor que acepta valores NULL. [C:\Users\betom\OneDrive\Escritorio\veterinaria\Helpetd2.0\HealthPetsfrontend\FrontEndHealthPets\FrontEndHealthPets.csproj::TargetFramework=net8.0-windows10.0.19041.0]
C:\Users\betom\OneDrive\Escritorio\veterinaria\Helpetd2.0\HealthPetsfrontend\FrontEndHealthPets\Entidades\Entitys\Registro_Usuario.cs(21,23): warning CS8618: El elemento propiedad "Confirmar_Password" que no acepta valores NULL debe contener un valor distinto de NULL al salir del constructor. Considere la posibilidad de agregar el modificador "required'"o declarar el propiedad como un valor que acepta valores NULL. [C:\Users\betom\OneDrive\Escritorio\veterinaria\Helpetd2.0\HealthPetsfrontend\FrontEndHealthPets\FrontEndHealthPets.csproj::TargetFramework=net8.0-windows10.0.19041.0]
C:\Users\betom\OneDrive\Escritorio\veterinaria\Helpetd2.0\HealthPetsfrontend\FrontEndHealthPets\Entidades\Entitys\Registro_Usuario.cs(23,23): warning CS8618: El elemento propiedad "numero_verificacion" que no acepta valores NULL debe contener un valor distinto de NULL al salir del constructor. Considere la posibilidad de agregar el modificador "required'"o declarar el propiedad como un valor que acepta valores NULL. [C:\Users\betom\OneDrive\Escritorio\veterinaria\Helpetd2.0\HealthPetsfrontend\FrontEndHealthPets\FrontEndHealthPets.csproj::TargetFramework=net8.0-windows10.0.19041.0]
C:\Users\betom\OneDrive\Escritorio\veterinaria\Helpetd2.0\HealthPetsfrontend\FrontEndHealthPets\Entidades\Entitys\Registro_Usuario.cs(25,23): warning CS8618: El elemento propiedad "token" que no acepta valores NULL debe contener un valor distinto de NULL al salir del constructor. Considere la posibilidad de agregar el modificador "required'"o declarar el propiedad como un valor que acepta valores NULL. [C:\Users\betom\OneDrive\Escritorio\veterinaria\Helpetd2.0\HealthPetsfrontend\FrontEndHealthPets\FrontEndHealthPets.csproj::TargetFramework=net8.0-windows10.0.19041.0]
C:\Users\betom\OneDrive\Escritorio\veterinaria\Helpetd2.0\HealthPetsfrontend\FrontEndHealthPets\Entidades\Entitys\Sesion.cs(12,30): warning CS8618: El elemento propiedad "nombre" que no acepta valores NULL debe contener un valor distinto de NULL al salir del constructor. Considere la posibilidad de agregar el modificador "required'"o declarar el propiedad como un valor que acepta valores NULL. [C:\Users\betom\OneDrive\Escritorio\veterinaria\Helpetd2.0\HealthPetsfrontend\FrontEndHealthPets\FrontEndHealthPets.csproj::TargetFramework=net8.0-windows10.0.19041.0]
C:\Users\betom\OneDrive\Escritorio\veterinaria\Helpetd2.0\HealthPetsfrontend\FrontEndHealthPets\Entidades\Entitys\Sesion.cs(13,30): warning CS8618: El elemento propiedad "apellidos" que no acepta valores NULL debe contener un valor distinto de NULL al salir del constructor. Considere la posibilidad de agregar el modificador "required'"o declarar el propiedad como un valor que acepta valores NULL. [C:\Users\betom\OneDrive\Escritorio\veterinaria\Helpetd2.0\HealthPetsfrontend\FrontEndHealthPets\FrontEndHealthPets.csproj::TargetFramework=net8.0-windows10.0.19041.0]
C:\Users\betom\OneDrive\Escritorio\veterinaria\Helpetd2.0\HealthPetsfrontend\FrontEndHealthPets\Entidades\Entitys\Sesion.cs(15,30): warning CS8618: El elemento propiedad "Correo_Electronico" que no acepta valores NULL debe contener un valor distinto de NULL al salir del constructor. Considere la posibilidad de agregar el modificador "required'"o declarar el propiedad como un valor que acepta valores NULL. [C:\Users\betom\OneDrive\Escritorio\veterinaria\Helpetd2.0\HealthPetsfrontend\FrontEndHealthPets\FrontEndHealthPets.csproj::TargetFramework=net8.0-windows10.0.19041.0]
C:\Users\betom\OneDrive\Escritorio\veterinaria\Helpetd2.0\HealthPetsfrontend\FrontEndHealthPets\Entidades\Entitys\Sesion.cs(17,30): warning CS8618: El elemento propiedad "Password" que no acepta valores NULL debe contener un valor distinto de NULL al salir del constructor. Considere la posibilidad de agregar el modificador "required'"o declarar el propiedad como un valor que acepta valores NULL. [C:\Users\betom\OneDrive\Escritorio\veterinaria\Helpetd2.0\HealthPetsfrontend\FrontEndHealthPets\FrontEndHealthPets.csproj::TargetFramework=net8.0-windows10.0.19041.0]
C:\Users\betom\OneDrive\Escritorio\veterinaria\Helpetd2.0\HealthPetsfrontend\FrontEndHealthPets\Entidades\Entitys\Sesion.cs(19,30): warning CS8618: El elemento propiedad "token" que no acepta valores NULL debe contener un valor distinto de NULL al salir del constructor. Considere la posibilidad de agregar el modificador "required'"o declarar el propiedad como un valor que acepta valores NULL. [C:\Users\betom\OneDrive\Escritorio\veterinaria\Helpetd2.0\HealthPetsfrontend\FrontEndHealthPets\FrontEndHealthPets.csproj::TargetFramework=net8.0-windows10.0.19041.0]
C:\Users\betom\OneDrive\Escritorio\veterinaria\Helpetd2.0\HealthPetsfrontend\FrontEndHealthPets\Entidades\Entitys\Razas_Perros.cs(12,23): warning CS8618: El elemento propiedad "Nombre" que no acepta valores NULL debe contener un valor distinto de NULL al salir del constructor. Considere la posibilidad de agregar el modificador "required'"o declarar el propiedad como un valor que acepta valores NULL. [C:\Users\betom\OneDrive\Escritorio\veterinaria\Helpetd2.0\HealthPetsfrontend\FrontEndHealthPets\FrontEndHealthPets.csproj::TargetFramework=net8.0-windows10.0.19041.0]
C:\Users\betom\OneDrive\Escritorio\veterinaria\Helpetd2.0\HealthPetsfrontend\FrontEndHealthPets\Entidades\Entitys\Razas_Perros.cs(13,23): warning CS8618: El elemento propiedad "Descripcion" que no acepta valores NULL debe contener un valor distinto de NULL al salir del constructor. Considere la posibilidad de agregar el modificador "required'"o declarar el propiedad como un valor que acepta valores NULL. [C:\Users\betom\OneDrive\Escritorio\veterinaria\Helpetd2.0\HealthPetsfrontend\FrontEndHealthPets\FrontEndHealthPets.csproj::TargetFramework=net8.0-windows10.0.19041.0]
C:\Users\betom\OneDrive\Escritorio\veterinaria\Helpetd2.0\HealthPetsfrontend\FrontEndHealthPets\Modelos\DogApiService.cs(22,20): warning CS8603: Posible tipo de valor devuelto de referencia nulo. [C:\Users\betom\OneDrive\Escritorio\veterinaria\Helpetd2.0\HealthPetsfrontend\FrontEndHealthPets\FrontEndHealthPets.csproj::TargetFramework=net8.0-windows10.0.19041.0]
C:\Users\betom\OneDrive\Escritorio\veterinaria\Helpetd2.0\HealthPetsfrontend\FrontEndHealthPets\Modelos\DogApiService.cs(29,20): warning CS8603: Posible tipo de valor devuelto de referencia nulo. [C:\Users\betom\OneDrive\Escritorio\veterinaria\Helpetd2.0\HealthPetsfrontend\FrontEndHealthPets\FrontEndHealthPets.csproj::TargetFramework=net8.0-windows10.0.19041.0]
C:\Users\betom\OneDrive\Escritorio\veterinaria\Helpetd2.0\HealthPetsfrontend\FrontEndHealthPets\Modelos\UsuarioViewModel.cs(12,23): warning CS8618: El elemento propiedad "Nombre" que no acepta valores NULL debe contener un valor distinto de NULL al salir del constructor. Considere la posibilidad de agregar el modificador "required'"o declarar el propiedad como un valor que acepta valores NULL. [C:\Users\betom\OneDrive\Escritorio\veterinaria\Helpetd2.0\HealthPetsfrontend\FrontEndHealthPets\FrontEndHealthPets.csproj::TargetFramework=net8.0-windows10.0.19041.0]
C:\Users\betom\OneDrive\Escritorio\veterinaria\Helpetd2.0\HealthPetsfrontend\FrontEndHealthPets\Modelos\UsuarioViewModel.cs(13,23): warning CS8618: El elemento propiedad "Apellido" que no acepta valores NULL debe contener un valor distinto de NULL al salir del constructor. Considere la posibilidad de agregar el modificador "required'"o declarar el propiedad como un valor que acepta valores NULL. [C:\Users\betom\OneDrive\Escritorio\veterinaria\Helpetd2.0\HealthPetsfrontend\FrontEndHealthPets\FrontEndHealthPets.csproj::TargetFramework=net8.0-windows10.0.19041.0]
C:\Users\betom\OneDrive\Escritorio\veterinaria\Helpetd2.0\HealthPetsfrontend\FrontEndHealthPets\Modelos\UsuarioViewModel.cs(14,23): warning CS8618: El elemento propiedad "CorreoElectronico" que no acepta valores NULL debe contener un valor distinto de NULL al salir del constructor. Considere la posibilidad de agregar el modificador "required'"o declarar el propiedad como un valor que acepta valores NULL. [C:\Users\betom\OneDrive\Escritorio\veterinaria\Helpetd2.0\HealthPetsfrontend\FrontEndHealthPets\FrontEndHealthPets.csproj::TargetFramework=net8.0-windows10.0.19041.0]
C:\Users\betom\OneDrive\Escritorio\veterinaria\Helpetd2.0\HealthPetsfrontend\FrontEndHealthPets\Modelos\UsuarioViewModel.cs(16,23): warning CS8618: El elemento propiedad "Password" que no acepta valores NULL debe contener un valor distinto de NULL al salir del constructor. Considere la posibilidad de agregar el modificador "required'"o declarar el propiedad como un valor que acepta valores NULL. [C:\Users\betom\OneDrive\Escritorio\veterinaria\Helpetd2.0\HealthPetsfrontend\FrontEndHealthPets\FrontEndHealthPets.csproj::TargetFramework=net8.0-windows10.0.19041.0]
C:\Users\betom\OneDrive\Escritorio\veterinaria\Helpetd2.0\HealthPetsfrontend\FrontEndHealthPets\Modelos\UsuarioViewModel.cs(18,23): warning CS8618: El elemento propiedad "Passwoord" que no acepta valores NULL debe contener un valor distinto de NULL al salir del constructor. Considere la posibilidad de agregar el modificador "required'"o declarar el propiedad como un valor que acepta valores NULL. [C:\Users\betom\OneDrive\Escritorio\veterinaria\Helpetd2.0\HealthPetsfrontend\FrontEndHealthPets\FrontEndHealthPets.csproj::TargetFramework=net8.0-windows10.0.19041.0]
C:\Users\betom\OneDrive\Escritorio\veterinaria\Helpetd2.0\HealthPetsfrontend\FrontEndHealthPets\Models\VetSchedule.cs(18,23): warning CS8618: El elemento propiedad "DayName" que no acepta valores NULL debe contener un valor distinto de NULL al salir del constructor. Considere la posibilidad de agregar el modificador "required'"o declarar el propiedad como un valor que acepta valores NULL. [C:\Users\betom\OneDrive\Escritorio\veterinaria\Helpetd2.0\HealthPetsfrontend\FrontEndHealthPets\FrontEndHealthPets.csproj::TargetFramework=net8.0-windows10.0.19041.0]
C:\Users\betom\OneDrive\Escritorio\veterinaria\Helpetd2.0\HealthPetsfrontend\FrontEndHealthPets\Models\Veterinarian.cs(12,23): warning CS8618: El elemento propiedad "Name" que no acepta valores NULL debe contener un valor distinto de NULL al salir del constructor. Considere la posibilidad de agregar el modificador "required'"o declarar el propiedad como un valor que acepta valores NULL. [C:\Users\betom\OneDrive\Escritorio\veterinaria\Helpetd2.0\HealthPetsfrontend\FrontEndHealthPets\FrontEndHealthPets.csproj::TargetFramework=net8.0-windows10.0.19041.0]
C:\Users\betom\OneDrive\Escritorio\veterinaria\Helpetd2.0\HealthPetsfrontend\FrontEndHealthPets\Models\Veterinarian.cs(15,23): warning CS8618: El elemento propiedad "Email" que no acepta valores NULL debe contener un valor distinto de NULL al salir del constructor. Considere la posibilidad de agregar el modificador "required'"o declarar el propiedad como un valor que acepta valores NULL. [C:\Users\betom\OneDrive\Escritorio\veterinaria\Helpetd2.0\HealthPetsfrontend\FrontEndHealthPets\FrontEndHealthPets.csproj::TargetFramework=net8.0-windows10.0.19041.0]
C:\Users\betom\OneDrive\Escritorio\veterinaria\Helpetd2.0\HealthPetsfrontend\FrontEndHealthPets\Models\VetAppointment.cs(15,23): warning CS8618: El elemento propiedad "VeterinarianName" que no acepta valores NULL debe contener un valor distinto de NULL al salir del constructor. Considere la posibilidad de agregar el modificador "required'"o declarar el propiedad como un valor que acepta valores NULL. [C:\Users\betom\OneDrive\Escritorio\veterinaria\Helpetd2.0\HealthPetsfrontend\FrontEndHealthPets\FrontEndHealthPets.csproj::TargetFramework=net8.0-windows10.0.19041.0]
C:\Users\betom\OneDrive\Escritorio\veterinaria\Helpetd2.0\HealthPetsfrontend\FrontEndHealthPets\Models\VetAppointment.cs(21,23): warning CS8618: El elemento propiedad "UserName" que no acepta valores NULL debe contener un valor distinto de NULL al salir del constructor. Considere la posibilidad de agregar el modificador "required'"o declarar el propiedad como un valor que acepta valores NULL. [C:\Users\betom\OneDrive\Escritorio\veterinaria\Helpetd2.0\HealthPetsfrontend\FrontEndHealthPets\FrontEndHealthPets.csproj::TargetFramework=net8.0-windows10.0.19041.0]
C:\Users\betom\OneDrive\Escritorio\veterinaria\Helpetd2.0\HealthPetsfrontend\FrontEndHealthPets\Models\VetAppointment.cs(33,23): warning CS8618: El elemento propiedad "Status" que no acepta valores NULL debe contener un valor distinto de NULL al salir del constructor. Considere la posibilidad de agregar el modificador "required'"o declarar el propiedad como un valor que acepta valores NULL. [C:\Users\betom\OneDrive\Escritorio\veterinaria\Helpetd2.0\HealthPetsfrontend\FrontEndHealthPets\FrontEndHealthPets.csproj::TargetFramework=net8.0-windows10.0.19041.0]
C:\Users\betom\OneDrive\Escritorio\veterinaria\Helpetd2.0\HealthPetsfrontend\FrontEndHealthPets\Models\BathRecord.cs(10,23): warning CS8618: El elemento propiedad "Notes" que no acepta valores NULL debe contener un valor distinto de NULL al salir del constructor. Considere la posibilidad de agregar el modificador "required'"o declarar el propiedad como un valor que acepta valores NULL. [C:\Users\betom\OneDrive\Escritorio\veterinaria\Helpetd2.0\HealthPetsfrontend\FrontEndHealthPets\FrontEndHealthPets.csproj::TargetFramework=net8.0-windows10.0.19041.0]
C:\Users\betom\OneDrive\Escritorio\veterinaria\Helpetd2.0\HealthPetsfrontend\FrontEndHealthPets\Models\BathRecord.cs(11,23): warning CS8618: El elemento propiedad "GroomerName" que no acepta valores NULL debe contener un valor distinto de NULL al salir del constructor. Considere la posibilidad de agregar el modificador "required'"o declarar el propiedad como un valor que acepta valores NULL. [C:\Users\betom\OneDrive\Escritorio\veterinaria\Helpetd2.0\HealthPetsfrontend\FrontEndHealthPets\FrontEndHealthPets.csproj::TargetFramework=net8.0-windows10.0.19041.0]
C:\Users\betom\OneDrive\Escritorio\veterinaria\Helpetd2.0\HealthPetsfrontend\FrontEndHealthPets\Pages\SettingsPage.xaml.cs(134,17): warning CS8602: Desreferencia de una referencia posiblemente NULL. [C:\Users\betom\OneDrive\Escritorio\veterinaria\Helpetd2.0\HealthPetsfrontend\FrontEndHealthPets\FrontEndHealthPets.csproj::TargetFramework=net8.0-windows10.0.19041.0]
C:\Users\betom\OneDrive\Escritorio\veterinaria\Helpetd2.0\HealthPetsfrontend\FrontEndHealthPets\Paginas\FlyPaginas\RazasAnimales.xaml.cs(14,9): warning CS4014: Como esta llamada no es 'awaited', la ejecuci├│n del m├®todo actual continuar├í antes de que se complete la llamada. Puede aplicar el operador 'await' al resultado de la llamada. [C:\Users\betom\OneDrive\Escritorio\veterinaria\Helpetd2.0\HealthPetsfrontend\FrontEndHealthPets\FrontEndHealthPets.csproj::TargetFramework=net8.0-windows10.0.19041.0]
C:\Users\betom\OneDrive\Escritorio\veterinaria\Helpetd2.0\HealthPetsfrontend\FrontEndHealthPets\Paginas\FlyPaginas\RazasAnimales.xaml.cs(10,12): warning CS8618: El elemento campo "_breeds" que no acepta valores NULL debe contener un valor distinto de NULL al salir del constructor. Considere la posibilidad de agregar el modificador "required'"o declarar el campo como un valor que acepta valores NULL. [C:\Users\betom\OneDrive\Escritorio\veterinaria\Helpetd2.0\HealthPetsfrontend\FrontEndHealthPets\FrontEndHealthPets.csproj::TargetFramework=net8.0-windows10.0.19041.0]
C:\Users\betom\OneDrive\Escritorio\veterinaria\Helpetd2.0\HealthPetsfrontend\FrontEndHealthPets\Paginas\FlyPaginas\PaginaFlyMenu.xaml.cs(184,17): warning CS8602: Desreferencia de una referencia posiblemente NULL. [C:\Users\betom\OneDrive\Escritorio\veterinaria\Helpetd2.0\HealthPetsfrontend\FrontEndHealthPets\FrontEndHealthPets.csproj::TargetFramework=net8.0-windows10.0.19041.0]
C:\Users\betom\OneDrive\Escritorio\veterinaria\Helpetd2.0\HealthPetsfrontend\FrontEndHealthPets\ViewModels\VetScheduleManagementViewModel.cs(168,23): warning CS8618: El elemento propiedad "DayName" que no acepta valores NULL debe contener un valor distinto de NULL al salir del constructor. Considere la posibilidad de agregar el modificador "required'"o declarar el propiedad como un valor que acepta valores NULL. [C:\Users\betom\OneDrive\Escritorio\veterinaria\Helpetd2.0\HealthPetsfrontend\FrontEndHealthPets\FrontEndHealthPets.csproj::TargetFramework=net8.0-windows10.0.19041.0]
C:\Users\betom\OneDrive\Escritorio\veterinaria\Helpetd2.0\HealthPetsfrontend\FrontEndHealthPets\ViewModels\VetScheduleManagementViewModel.cs(172,23): warning CS8618: El elemento propiedad "TimeRange" que no acepta valores NULL debe contener un valor distinto de NULL al salir del constructor. Considere la posibilidad de agregar el modificador "required'"o declarar el propiedad como un valor que acepta valores NULL. [C:\Users\betom\OneDrive\Escritorio\veterinaria\Helpetd2.0\HealthPetsfrontend\FrontEndHealthPets\FrontEndHealthPets.csproj::TargetFramework=net8.0-windows10.0.19041.0]
C:\Users\betom\OneDrive\Escritorio\veterinaria\Helpetd2.0\HealthPetsfrontend\FrontEndHealthPets\ViewModels\VetScheduleManagementViewModel.cs(173,23): warning CS8618: El elemento propiedad "SlotInfo" que no acepta valores NULL debe contener un valor distinto de NULL al salir del constructor. Considere la posibilidad de agregar el modificador "required'"o declarar el propiedad como un valor que acepta valores NULL. [C:\Users\betom\OneDrive\Escritorio\veterinaria\Helpetd2.0\HealthPetsfrontend\FrontEndHealthPets\FrontEndHealthPets.csproj::TargetFramework=net8.0-windows10.0.19041.0]
C:\Users\betom\OneDrive\Escritorio\veterinaria\Helpetd2.0\HealthPetsfrontend\FrontEndHealthPets\ViewModels\VetScheduleManagementViewModel.cs(76,23): warning CS8602: Desreferencia de una referencia posiblemente NULL. [C:\Users\betom\OneDrive\Escritorio\veterinaria\Helpetd2.0\HealthPetsfrontend\FrontEndHealthPets\FrontEndHealthPets.csproj::TargetFramework=net8.0-windows10.0.19041.0]
C:\Users\betom\OneDrive\Escritorio\veterinaria\Helpetd2.0\HealthPetsfrontend\FrontEndHealthPets\ViewModels\VetScheduleManagementViewModel.cs(76,23): warning CS8602: Desreferencia de una referencia posiblemente NULL. [C:\Users\betom\OneDrive\Escritorio\veterinaria\Helpetd2.0\HealthPetsfrontend\FrontEndHealthPets\FrontEndHealthPets.csproj::TargetFramework=net8.0-windows10.0.19041.0]
C:\Users\betom\OneDrive\Escritorio\veterinaria\Helpetd2.0\HealthPetsfrontend\FrontEndHealthPets\ViewModels\VetScheduleManagementViewModel.cs(89,23): warning CS8602: Desreferencia de una referencia posiblemente NULL. [C:\Users\betom\OneDrive\Escritorio\veterinaria\Helpetd2.0\HealthPetsfrontend\FrontEndHealthPets\FrontEndHealthPets.csproj::TargetFramework=net8.0-windows10.0.19041.0]
C:\Users\betom\OneDrive\Escritorio\veterinaria\Helpetd2.0\HealthPetsfrontend\FrontEndHealthPets\ViewModels\VetScheduleManagementViewModel.cs(89,23): warning CS8602: Desreferencia de una referencia posiblemente NULL. [C:\Users\betom\OneDrive\Escritorio\veterinaria\Helpetd2.0\HealthPetsfrontend\FrontEndHealthPets\FrontEndHealthPets.csproj::TargetFramework=net8.0-windows10.0.19041.0]
C:\Users\betom\OneDrive\Escritorio\veterinaria\Helpetd2.0\HealthPetsfrontend\FrontEndHealthPets\ViewModels\VetScheduleManagementViewModel.cs(95,23): warning CS8602: Desreferencia de una referencia posiblemente NULL. [C:\Users\betom\OneDrive\Escritorio\veterinaria\Helpetd2.0\HealthPetsfrontend\FrontEndHealthPets\FrontEndHealthPets.csproj::TargetFramework=net8.0-windows10.0.19041.0]
C:\Users\betom\OneDrive\Escritorio\veterinaria\Helpetd2.0\HealthPetsfrontend\FrontEndHealthPets\ViewModels\VetScheduleManagementViewModel.cs(95,23): warning CS8602: Desreferencia de una referencia posiblemente NULL. [C:\Users\betom\OneDrive\Escritorio\veterinaria\Helpetd2.0\HealthPetsfrontend\FrontEndHealthPets\FrontEndHealthPets.csproj::TargetFramework=net8.0-windows10.0.19041.0]
C:\Users\betom\OneDrive\Escritorio\veterinaria\Helpetd2.0\HealthPetsfrontend\FrontEndHealthPets\ViewModels\VetScheduleManagementViewModel.cs(108,27): warning CS8602: Desreferencia de una referencia posiblemente NULL. [C:\Users\betom\OneDrive\Escritorio\veterinaria\Helpetd2.0\HealthPetsfrontend\FrontEndHealthPets\FrontEndHealthPets.csproj::TargetFramework=net8.0-windows10.0.19041.0]
C:\Users\betom\OneDrive\Escritorio\veterinaria\Helpetd2.0\HealthPetsfrontend\FrontEndHealthPets\ViewModels\VetScheduleManagementViewModel.cs(108,27): warning CS8602: Desreferencia de una referencia posiblemente NULL. [C:\Users\betom\OneDrive\Escritorio\veterinaria\Helpetd2.0\HealthPetsfrontend\FrontEndHealthPets\FrontEndHealthPets.csproj::TargetFramework=net8.0-windows10.0.19041.0]
C:\Users\betom\OneDrive\Escritorio\veterinaria\Helpetd2.0\HealthPetsfrontend\FrontEndHealthPets\ViewModels\VetScheduleManagementViewModel.cs(113,27): warning CS8602: Desreferencia de una referencia posiblemente NULL. [C:\Users\betom\OneDrive\Escritorio\veterinaria\Helpetd2.0\HealthPetsfrontend\FrontEndHealthPets\FrontEndHealthPets.csproj::TargetFramework=net8.0-windows10.0.19041.0]
C:\Users\betom\OneDrive\Escritorio\veterinaria\Helpetd2.0\HealthPetsfrontend\FrontEndHealthPets\ViewModels\VetScheduleManagementViewModel.cs(113,27): warning CS8602: Desreferencia de una referencia posiblemente NULL. [C:\Users\betom\OneDrive\Escritorio\veterinaria\Helpetd2.0\HealthPetsfrontend\FrontEndHealthPets\FrontEndHealthPets.csproj::TargetFramework=net8.0-windows10.0.19041.0]
C:\Users\betom\OneDrive\Escritorio\veterinaria\Helpetd2.0\HealthPetsfrontend\FrontEndHealthPets\ViewModels\VetScheduleManagementViewModel.cs(118,23): warning CS8602: Desreferencia de una referencia posiblemente NULL. [C:\Users\betom\OneDrive\Escritorio\veterinaria\Helpetd2.0\HealthPetsfrontend\FrontEndHealthPets\FrontEndHealthPets.csproj::TargetFramework=net8.0-windows10.0.19041.0]
C:\Users\betom\OneDrive\Escritorio\veterinaria\Helpetd2.0\HealthPetsfrontend\FrontEndHealthPets\ViewModels\VetScheduleManagementViewModel.cs(118,23): warning CS8602: Desreferencia de una referencia posiblemente NULL. [C:\Users\betom\OneDrive\Escritorio\veterinaria\Helpetd2.0\HealthPetsfrontend\FrontEndHealthPets\FrontEndHealthPets.csproj::TargetFramework=net8.0-windows10.0.19041.0]
C:\Users\betom\OneDrive\Escritorio\veterinaria\Helpetd2.0\HealthPetsfrontend\FrontEndHealthPets\ViewModels\VetScheduleManagementViewModel.cs(131,34): warning CS8602: Desreferencia de una referencia posiblemente NULL. [C:\Users\betom\OneDrive\Escritorio\veterinaria\Helpetd2.0\HealthPetsfrontend\FrontEndHealthPets\FrontEndHealthPets.csproj::TargetFramework=net8.0-windows10.0.19041.0]
C:\Users\betom\OneDrive\Escritorio\veterinaria\Helpetd2.0\HealthPetsfrontend\FrontEndHealthPets\ViewModels\VetScheduleManagementViewModel.cs(131,34): warning CS8602: Desreferencia de una referencia posiblemente NULL. [C:\Users\betom\OneDrive\Escritorio\veterinaria\Helpetd2.0\HealthPetsfrontend\FrontEndHealthPets\FrontEndHealthPets.csproj::TargetFramework=net8.0-windows10.0.19041.0]
C:\Users\betom\OneDrive\Escritorio\veterinaria\Helpetd2.0\HealthPetsfrontend\FrontEndHealthPets\ViewModels\ForgotPasswordViewModel.cs(18,16): warning CS8618: El elemento campo "email" que no acepta valores NULL debe contener un valor distinto de NULL al salir del constructor. Considere la posibilidad de agregar el modificador "required'"o declarar el campo como un valor que acepta valores NULL. [C:\Users\betom\OneDrive\Escritorio\veterinaria\Helpetd2.0\HealthPetsfrontend\FrontEndHealthPets\FrontEndHealthPets.csproj::TargetFramework=net8.0-windows10.0.19041.0]
C:\Users\betom\OneDrive\Escritorio\veterinaria\Helpetd2.0\HealthPetsfrontend\FrontEndHealthPets\ViewModels\ForgotPasswordViewModel.cs(31,23): warning CS8602: Desreferencia de una referencia posiblemente NULL. [C:\Users\betom\OneDrive\Escritorio\veterinaria\Helpetd2.0\HealthPetsfrontend\FrontEndHealthPets\FrontEndHealthPets.csproj::TargetFramework=net8.0-windows10.0.19041.0]
C:\Users\betom\OneDrive\Escritorio\veterinaria\Helpetd2.0\HealthPetsfrontend\FrontEndHealthPets\ViewModels\ForgotPasswordViewModel.cs(31,23): warning CS8602: Desreferencia de una referencia posiblemente NULL. [C:\Users\betom\OneDrive\Escritorio\veterinaria\Helpetd2.0\HealthPetsfrontend\FrontEndHealthPets\FrontEndHealthPets.csproj::TargetFramework=net8.0-windows10.0.19041.0]
C:\Users\betom\OneDrive\Escritorio\veterinaria\Helpetd2.0\HealthPetsfrontend\FrontEndHealthPets\ViewModels\ForgotPasswordViewModel.cs(42,27): warning CS8602: Desreferencia de una referencia posiblemente NULL. [C:\Users\betom\OneDrive\Escritorio\veterinaria\Helpetd2.0\HealthPetsfrontend\FrontEndHealthPets\FrontEndHealthPets.csproj::TargetFramework=net8.0-windows10.0.19041.0]
C:\Users\betom\OneDrive\Escritorio\veterinaria\Helpetd2.0\HealthPetsfrontend\FrontEndHealthPets\ViewModels\ForgotPasswordViewModel.cs(42,27): warning CS8602: Desreferencia de una referencia posiblemente NULL. [C:\Users\betom\OneDrive\Escritorio\veterinaria\Helpetd2.0\HealthPetsfrontend\FrontEndHealthPets\FrontEndHealthPets.csproj::TargetFramework=net8.0-windows10.0.19041.0]
C:\Users\betom\OneDrive\Escritorio\veterinaria\Helpetd2.0\HealthPetsfrontend\FrontEndHealthPets\ViewModels\ForgotPasswordViewModel.cs(52,27): warning CS8602: Desreferencia de una referencia posiblemente NULL. [C:\Users\betom\OneDrive\Escritorio\veterinaria\Helpetd2.0\HealthPetsfrontend\FrontEndHealthPets\FrontEndHealthPets.csproj::TargetFramework=net8.0-windows10.0.19041.0]
C:\Users\betom\OneDrive\Escritorio\veterinaria\Helpetd2.0\HealthPetsfrontend\FrontEndHealthPets\ViewModels\ForgotPasswordViewModel.cs(52,27): warning CS8602: Desreferencia de una referencia posiblemente NULL. [C:\Users\betom\OneDrive\Escritorio\veterinaria\Helpetd2.0\HealthPetsfrontend\FrontEndHealthPets\FrontEndHealthPets.csproj::TargetFramework=net8.0-windows10.0.19041.0]
C:\Users\betom\OneDrive\Escritorio\veterinaria\Helpetd2.0\HealthPetsfrontend\FrontEndHealthPets\ViewModels\ForgotPasswordViewModel.cs(57,23): warning CS8602: Desreferencia de una referencia posiblemente NULL. [C:\Users\betom\OneDrive\Escritorio\veterinaria\Helpetd2.0\HealthPetsfrontend\FrontEndHealthPets\FrontEndHealthPets.csproj::TargetFramework=net8.0-windows10.0.19041.0]
C:\Users\betom\OneDrive\Escritorio\veterinaria\Helpetd2.0\HealthPetsfrontend\FrontEndHealthPets\ViewModels\ForgotPasswordViewModel.cs(57,23): warning CS8602: Desreferencia de una referencia posiblemente NULL. [C:\Users\betom\OneDrive\Escritorio\veterinaria\Helpetd2.0\HealthPetsfrontend\FrontEndHealthPets\FrontEndHealthPets.csproj::TargetFramework=net8.0-windows10.0.19041.0]
C:\Users\betom\OneDrive\Escritorio\veterinaria\Helpetd2.0\HealthPetsfrontend\FrontEndHealthPets\ViewModels\BathControlViewModel.cs(18,16): warning CS8618: El elemento campo "_selectedPet" que no acepta valores NULL debe contener un valor distinto de NULL al salir del constructor. Considere la posibilidad de agregar el modificador "required'"o declarar el campo como un valor que acepta valores NULL. [C:\Users\betom\OneDrive\Escritorio\veterinaria\Helpetd2.0\HealthPetsfrontend\FrontEndHealthPets\FrontEndHealthPets.csproj::TargetFramework=net8.0-windows10.0.19041.0]
C:\Users\betom\OneDrive\Escritorio\veterinaria\Helpetd2.0\HealthPetsfrontend\FrontEndHealthPets\ViewModels\BathControlViewModel.cs(64,25): warning CS4014: Como esta llamada no es 'awaited', la ejecuci├│n del m├®todo actual continuar├í antes de que se complete la llamada. Puede aplicar el operador 'await' al resultado de la llamada. [C:\Users\betom\OneDrive\Escritorio\veterinaria\Helpetd2.0\HealthPetsfrontend\FrontEndHealthPets\FrontEndHealthPets.csproj::TargetFramework=net8.0-windows10.0.19041.0]
C:\Users\betom\OneDrive\Escritorio\veterinaria\Helpetd2.0\HealthPetsfrontend\FrontEndHealthPets\ViewModels\MyAppointmentsViewModel.cs(43,23): warning CS8602: Desreferencia de una referencia posiblemente NULL. [C:\Users\betom\OneDrive\Escritorio\veterinaria\Helpetd2.0\HealthPetsfrontend\FrontEndHealthPets\FrontEndHealthPets.csproj::TargetFramework=net8.0-windows10.0.19041.0]
C:\Users\betom\OneDrive\Escritorio\veterinaria\Helpetd2.0\HealthPetsfrontend\FrontEndHealthPets\ViewModels\MyAppointmentsViewModel.cs(43,23): warning CS8602: Desreferencia de una referencia posiblemente NULL. [C:\Users\betom\OneDrive\Escritorio\veterinaria\Helpetd2.0\HealthPetsfrontend\FrontEndHealthPets\FrontEndHealthPets.csproj::TargetFramework=net8.0-windows10.0.19041.0]
C:\Users\betom\OneDrive\Escritorio\veterinaria\Helpetd2.0\HealthPetsfrontend\FrontEndHealthPets\ViewModels\BathControlViewModel.cs(120,23): warning CS8602: Desreferencia de una referencia posiblemente NULL. [C:\Users\betom\OneDrive\Escritorio\veterinaria\Helpetd2.0\HealthPetsfrontend\FrontEndHealthPets\FrontEndHealthPets.csproj::TargetFramework=net8.0-windows10.0.19041.0]
C:\Users\betom\OneDrive\Escritorio\veterinaria\Helpetd2.0\HealthPetsfrontend\FrontEndHealthPets\ViewModels\BathControlViewModel.cs(120,23): warning CS8602: Desreferencia de una referencia posiblemente NULL. [C:\Users\betom\OneDrive\Escritorio\veterinaria\Helpetd2.0\HealthPetsfrontend\FrontEndHealthPets\FrontEndHealthPets.csproj::TargetFramework=net8.0-windows10.0.19041.0]
C:\Users\betom\OneDrive\Escritorio\veterinaria\Helpetd2.0\HealthPetsfrontend\FrontEndHealthPets\ViewModels\MyAppointmentsViewModel.cs(57,34): warning CS8602: Desreferencia de una referencia posiblemente NULL. [C:\Users\betom\OneDrive\Escritorio\veterinaria\Helpetd2.0\HealthPetsfrontend\FrontEndHealthPets\FrontEndHealthPets.csproj::TargetFramework=net8.0-windows10.0.19041.0]
C:\Users\betom\OneDrive\Escritorio\veterinaria\Helpetd2.0\HealthPetsfrontend\FrontEndHealthPets\ViewModels\MyAppointmentsViewModel.cs(57,34): warning CS8602: Desreferencia de una referencia posiblemente NULL. [C:\Users\betom\OneDrive\Escritorio\veterinaria\Helpetd2.0\HealthPetsfrontend\FrontEndHealthPets\FrontEndHealthPets.csproj::TargetFramework=net8.0-windows10.0.19041.0]
C:\Users\betom\OneDrive\Escritorio\veterinaria\Helpetd2.0\HealthPetsfrontend\FrontEndHealthPets\ViewModels\BathControlViewModel.cs(154,23): warning CS8602: Desreferencia de una referencia posiblemente NULL. [C:\Users\betom\OneDrive\Escritorio\veterinaria\Helpetd2.0\HealthPetsfrontend\FrontEndHealthPets\FrontEndHealthPets.csproj::TargetFramework=net8.0-windows10.0.19041.0]
C:\Users\betom\OneDrive\Escritorio\veterinaria\Helpetd2.0\HealthPetsfrontend\FrontEndHealthPets\ViewModels\BathControlViewModel.cs(154,23): warning CS8602: Desreferencia de una referencia posiblemente NULL. [C:\Users\betom\OneDrive\Escritorio\veterinaria\Helpetd2.0\HealthPetsfrontend\FrontEndHealthPets\FrontEndHealthPets.csproj::TargetFramework=net8.0-windows10.0.19041.0]
C:\Users\betom\OneDrive\Escritorio\veterinaria\Helpetd2.0\HealthPetsfrontend\FrontEndHealthPets\ViewModels\BathControlViewModel.cs(159,36): warning CS8602: Desreferencia de una referencia posiblemente NULL. [C:\Users\betom\OneDrive\Escritorio\veterinaria\Helpetd2.0\HealthPetsfrontend\FrontEndHealthPets\FrontEndHealthPets.csproj::TargetFramework=net8.0-windows10.0.19041.0]
C:\Users\betom\OneDrive\Escritorio\veterinaria\Helpetd2.0\HealthPetsfrontend\FrontEndHealthPets\ViewModels\BathControlViewModel.cs(159,36): warning CS8602: Desreferencia de una referencia posiblemente NULL. [C:\Users\betom\OneDrive\Escritorio\veterinaria\Helpetd2.0\HealthPetsfrontend\FrontEndHealthPets\FrontEndHealthPets.csproj::TargetFramework=net8.0-windows10.0.19041.0]
C:\Users\betom\OneDrive\Escritorio\veterinaria\Helpetd2.0\HealthPetsfrontend\FrontEndHealthPets\ViewModels\VetProfileEditViewModel.cs(34,16): warning CS8618: El elemento campo "name" que no acepta valores NULL debe contener un valor distinto de NULL al salir del constructor. Considere la posibilidad de agregar el modificador "required'"o declarar el campo como un valor que acepta valores NULL. [C:\Users\betom\OneDrive\Escritorio\veterinaria\Helpetd2.0\HealthPetsfrontend\FrontEndHealthPets\FrontEndHealthPets.csproj::TargetFramework=net8.0-windows10.0.19041.0]
C:\Users\betom\OneDrive\Escritorio\veterinaria\Helpetd2.0\HealthPetsfrontend\FrontEndHealthPets\ViewModels\VetProfileEditViewModel.cs(34,16): warning CS8618: El elemento campo "specialty" que no acepta valores NULL debe contener un valor distinto de NULL al salir del constructor. Considere la posibilidad de agregar el modificador "required'"o declarar el campo como un valor que acepta valores NULL. [C:\Users\betom\OneDrive\Escritorio\veterinaria\Helpetd2.0\HealthPetsfrontend\FrontEndHealthPets\FrontEndHealthPets.csproj::TargetFramework=net8.0-windows10.0.19041.0]
C:\Users\betom\OneDrive\Escritorio\veterinaria\Helpetd2.0\HealthPetsfrontend\FrontEndHealthPets\ViewModels\VetProfileEditViewModel.cs(34,16): warning CS8618: El elemento campo "description" que no acepta valores NULL debe contener un valor distinto de NULL al salir del constructor. Considere la posibilidad de agregar el modificador "required'"o declarar el campo como un valor que acepta valores NULL. [C:\Users\betom\OneDrive\Escritorio\veterinaria\Helpetd2.0\HealthPetsfrontend\FrontEndHealthPets\FrontEndHealthPets.csproj::TargetFramework=net8.0-windows10.0.19041.0]
C:\Users\betom\OneDrive\Escritorio\veterinaria\Helpetd2.0\HealthPetsfrontend\FrontEndHealthPets\ViewModels\VetProfileEditViewModel.cs(34,16): warning CS8618: El elemento campo "phone" que no acepta valores NULL debe contener un valor distinto de NULL al salir del constructor. Considere la posibilidad de agregar el modificador "required'"o declarar el campo como un valor que acepta valores NULL. [C:\Users\betom\OneDrive\Escritorio\veterinaria\Helpetd2.0\HealthPetsfrontend\FrontEndHealthPets\FrontEndHealthPets.csproj::TargetFramework=net8.0-windows10.0.19041.0]
C:\Users\betom\OneDrive\Escritorio\veterinaria\Helpetd2.0\HealthPetsfrontend\FrontEndHealthPets\ViewModels\VetProfileEditViewModel.cs(34,16): warning CS8618: El elemento campo "consultationPrice" que no acepta valores NULL debe contener un valor distinto de NULL al salir del constructor. Considere la posibilidad de agregar el modificador "required'"o declarar el campo como un valor que acepta valores NULL. [C:\Users\betom\OneDrive\Escritorio\veterinaria\Helpetd2.0\HealthPetsfrontend\FrontEndHealthPets\FrontEndHealthPets.csproj::TargetFramework=net8.0-windows10.0.19041.0]
C:\Users\betom\OneDrive\Escritorio\veterinaria\Helpetd2.0\HealthPetsfrontend\FrontEndHealthPets\ViewModels\VetProfileEditViewModel.cs(34,16): warning CS8618: El elemento campo "profileImageUrl" que no acepta valores NULL debe contener un valor distinto de NULL al salir del constructor. Considere la posibilidad de agregar el modificador "required'"o declarar el campo como un valor que acepta valores NULL. [C:\Users\betom\OneDrive\Escritorio\veterinaria\Helpetd2.0\HealthPetsfrontend\FrontEndHealthPets\FrontEndHealthPets.csproj::TargetFramework=net8.0-windows10.0.19041.0]
C:\Users\betom\OneDrive\Escritorio\veterinaria\Helpetd2.0\HealthPetsfrontend\FrontEndHealthPets\ViewModels\BathControlViewModel.cs(179,34): warning CS8602: Desreferencia de una referencia posiblemente NULL. [C:\Users\betom\OneDrive\Escritorio\veterinaria\Helpetd2.0\HealthPetsfrontend\FrontEndHealthPets\FrontEndHealthPets.csproj::TargetFramework=net8.0-windows10.0.19041.0]
C:\Users\betom\OneDrive\Escritorio\veterinaria\Helpetd2.0\HealthPetsfrontend\FrontEndHealthPets\ViewModels\BathControlViewModel.cs(179,34): warning CS8602: Desreferencia de una referencia posiblemente NULL. [C:\Users\betom\OneDrive\Escritorio\veterinaria\Helpetd2.0\HealthPetsfrontend\FrontEndHealthPets\FrontEndHealthPets.csproj::TargetFramework=net8.0-windows10.0.19041.0]
C:\Users\betom\OneDrive\Escritorio\veterinaria\Helpetd2.0\HealthPetsfrontend\FrontEndHealthPets\ViewModels\VetProfileEditViewModel.cs(60,33): warning CS8601: Posible asignaci├│n de referencia nula. [C:\Users\betom\OneDrive\Escritorio\veterinaria\Helpetd2.0\HealthPetsfrontend\FrontEndHealthPets\FrontEndHealthPets.csproj::TargetFramework=net8.0-windows10.0.19041.0]
C:\Users\betom\OneDrive\Escritorio\veterinaria\Helpetd2.0\HealthPetsfrontend\FrontEndHealthPets\ViewModels\VetProfileEditViewModel.cs(61,35): warning CS8601: Posible asignaci├│n de referencia nula. [C:\Users\betom\OneDrive\Escritorio\veterinaria\Helpetd2.0\HealthPetsfrontend\FrontEndHealthPets\FrontEndHealthPets.csproj::TargetFramework=net8.0-windows10.0.19041.0]
C:\Users\betom\OneDrive\Escritorio\veterinaria\Helpetd2.0\HealthPetsfrontend\FrontEndHealthPets\ViewModels\VetProfileEditViewModel.cs(62,29): warning CS8601: Posible asignaci├│n de referencia nula. [C:\Users\betom\OneDrive\Escritorio\veterinaria\Helpetd2.0\HealthPetsfrontend\FrontEndHealthPets\FrontEndHealthPets.csproj::TargetFramework=net8.0-windows10.0.19041.0]
C:\Users\betom\OneDrive\Escritorio\veterinaria\Helpetd2.0\HealthPetsfrontend\FrontEndHealthPets\ViewModels\VetProfileEditViewModel.cs(64,39): warning CS8601: Posible asignaci├│n de referencia nula. [C:\Users\betom\OneDrive\Escritorio\veterinaria\Helpetd2.0\HealthPetsfrontend\FrontEndHealthPets\FrontEndHealthPets.csproj::TargetFramework=net8.0-windows10.0.19041.0]
C:\Users\betom\OneDrive\Escritorio\veterinaria\Helpetd2.0\HealthPetsfrontend\FrontEndHealthPets\ViewModels\PetDetailViewModel.cs(45,16): warning CS8618: El elemento campo "_pet" que no acepta valores NULL debe contener un valor distinto de NULL al salir del constructor. Considere la posibilidad de agregar el modificador "required'"o declarar el campo como un valor que acepta valores NULL. [C:\Users\betom\OneDrive\Escritorio\veterinaria\Helpetd2.0\HealthPetsfrontend\FrontEndHealthPets\FrontEndHealthPets.csproj::TargetFramework=net8.0-windows10.0.19041.0]
C:\Users\betom\OneDrive\Escritorio\veterinaria\Helpetd2.0\HealthPetsfrontend\FrontEndHealthPets\ViewModels\VetProfileEditViewModel.cs(109,31): warning CS8602: Desreferencia de una referencia posiblemente NULL. [C:\Users\betom\OneDrive\Escritorio\veterinaria\Helpetd2.0\HealthPetsfrontend\FrontEndHealthPets\FrontEndHealthPets.csproj::TargetFramework=net8.0-windows10.0.19041.0]
C:\Users\betom\OneDrive\Escritorio\veterinaria\Helpetd2.0\HealthPetsfrontend\FrontEndHealthPets\ViewModels\VetProfileEditViewModel.cs(109,31): warning CS8602: Desreferencia de una referencia posiblemente NULL. [C:\Users\betom\OneDrive\Escritorio\veterinaria\Helpetd2.0\HealthPetsfrontend\FrontEndHealthPets\FrontEndHealthPets.csproj::TargetFramework=net8.0-windows10.0.19041.0]
C:\Users\betom\OneDrive\Escritorio\veterinaria\Helpetd2.0\HealthPetsfrontend\FrontEndHealthPets\ViewModels\VetProfileEditViewModel.cs(113,31): warning CS8602: Desreferencia de una referencia posiblemente NULL. [C:\Users\betom\OneDrive\Escritorio\veterinaria\Helpetd2.0\HealthPetsfrontend\FrontEndHealthPets\FrontEndHealthPets.csproj::TargetFramework=net8.0-windows10.0.19041.0]
C:\Users\betom\OneDrive\Escritorio\veterinaria\Helpetd2.0\HealthPetsfrontend\FrontEndHealthPets\ViewModels\VetProfileEditViewModel.cs(113,31): warning CS8602: Desreferencia de una referencia posiblemente NULL. [C:\Users\betom\OneDrive\Escritorio\veterinaria\Helpetd2.0\HealthPetsfrontend\FrontEndHealthPets\FrontEndHealthPets.csproj::TargetFramework=net8.0-windows10.0.19041.0]
C:\Users\betom\OneDrive\Escritorio\veterinaria\Helpetd2.0\HealthPetsfrontend\FrontEndHealthPets\ViewModels\VetProfileEditViewModel.cs(119,23): warning CS8602: Desreferencia de una referencia posiblemente NULL. [C:\Users\betom\OneDrive\Escritorio\veterinaria\Helpetd2.0\HealthPetsfrontend\FrontEndHealthPets\FrontEndHealthPets.csproj::TargetFramework=net8.0-windows10.0.19041.0]
C:\Users\betom\OneDrive\Escritorio\veterinaria\Helpetd2.0\HealthPetsfrontend\FrontEndHealthPets\ViewModels\VetProfileEditViewModel.cs(119,23): warning CS8602: Desreferencia de una referencia posiblemente NULL. [C:\Users\betom\OneDrive\Escritorio\veterinaria\Helpetd2.0\HealthPetsfrontend\FrontEndHealthPets\FrontEndHealthPets.csproj::TargetFramework=net8.0-windows10.0.19041.0]
C:\Users\betom\OneDrive\Escritorio\veterinaria\Helpetd2.0\HealthPetsfrontend\FrontEndHealthPets\ViewModels\PetDetailViewModel.cs(69,23): warning CS8601: Posible asignaci├│n de referencia nula. [C:\Users\betom\OneDrive\Escritorio\veterinaria\Helpetd2.0\HealthPetsfrontend\FrontEndHealthPets\FrontEndHealthPets.csproj::TargetFramework=net8.0-windows10.0.19041.0]
C:\Users\betom\OneDrive\Escritorio\veterinaria\Helpetd2.0\HealthPetsfrontend\FrontEndHealthPets\ViewModels\VetProfileEditViewModel.cs(132,23): warning CS8602: Desreferencia de una referencia posiblemente NULL. [C:\Users\betom\OneDrive\Escritorio\veterinaria\Helpetd2.0\HealthPetsfrontend\FrontEndHealthPets\FrontEndHealthPets.csproj::TargetFramework=net8.0-windows10.0.19041.0]
C:\Users\betom\OneDrive\Escritorio\veterinaria\Helpetd2.0\HealthPetsfrontend\FrontEndHealthPets\ViewModels\VetProfileEditViewModel.cs(132,23): warning CS8602: Desreferencia de una referencia posiblemente NULL. [C:\Users\betom\OneDrive\Escritorio\veterinaria\Helpetd2.0\HealthPetsfrontend\FrontEndHealthPets\FrontEndHealthPets.csproj::TargetFramework=net8.0-windows10.0.19041.0]
C:\Users\betom\OneDrive\Escritorio\veterinaria\Helpetd2.0\HealthPetsfrontend\FrontEndHealthPets\ViewModels\VetProfileEditViewModel.cs(148,27): warning CS8602: Desreferencia de una referencia posiblemente NULL. [C:\Users\betom\OneDrive\Escritorio\veterinaria\Helpetd2.0\HealthPetsfrontend\FrontEndHealthPets\FrontEndHealthPets.csproj::TargetFramework=net8.0-windows10.0.19041.0]
C:\Users\betom\OneDrive\Escritorio\veterinaria\Helpetd2.0\HealthPetsfrontend\FrontEndHealthPets\ViewModels\VetProfileEditViewModel.cs(148,27): warning CS8602: Desreferencia de una referencia posiblemente NULL. [C:\Users\betom\OneDrive\Escritorio\veterinaria\Helpetd2.0\HealthPetsfrontend\FrontEndHealthPets\FrontEndHealthPets.csproj::TargetFramework=net8.0-windows10.0.19041.0]
C:\Users\betom\OneDrive\Escritorio\veterinaria\Helpetd2.0\HealthPetsfrontend\FrontEndHealthPets\ViewModels\VetProfileEditViewModel.cs(152,27): warning CS8602: Desreferencia de una referencia posiblemente NULL. [C:\Users\betom\OneDrive\Escritorio\veterinaria\Helpetd2.0\HealthPetsfrontend\FrontEndHealthPets\FrontEndHealthPets.csproj::TargetFramework=net8.0-windows10.0.19041.0]
C:\Users\betom\OneDrive\Escritorio\veterinaria\Helpetd2.0\HealthPetsfrontend\FrontEndHealthPets\ViewModels\VetProfileEditViewModel.cs(152,27): warning CS8602: Desreferencia de una referencia posiblemente NULL. [C:\Users\betom\OneDrive\Escritorio\veterinaria\Helpetd2.0\HealthPetsfrontend\FrontEndHealthPets\FrontEndHealthPets.csproj::TargetFramework=net8.0-windows10.0.19041.0]
C:\Users\betom\OneDrive\Escritorio\veterinaria\Helpetd2.0\HealthPetsfrontend\FrontEndHealthPets\ViewModels\VetProfileEditViewModel.cs(157,23): warning CS8602: Desreferencia de una referencia posiblemente NULL. [C:\Users\betom\OneDrive\Escritorio\veterinaria\Helpetd2.0\HealthPetsfrontend\FrontEndHealthPets\FrontEndHealthPets.csproj::TargetFramework=net8.0-windows10.0.19041.0]
C:\Users\betom\OneDrive\Escritorio\veterinaria\Helpetd2.0\HealthPetsfrontend\FrontEndHealthPets\ViewModels\VetProfileEditViewModel.cs(157,23): warning CS8602: Desreferencia de una referencia posiblemente NULL. [C:\Users\betom\OneDrive\Escritorio\veterinaria\Helpetd2.0\HealthPetsfrontend\FrontEndHealthPets\FrontEndHealthPets.csproj::TargetFramework=net8.0-windows10.0.19041.0]
C:\Users\betom\OneDrive\Escritorio\veterinaria\Helpetd2.0\HealthPetsfrontend\FrontEndHealthPets\ViewModels\ResetPasswordViewModel.cs(28,16): warning CS8618: El elemento campo "email" que no acepta valores NULL debe contener un valor distinto de NULL al salir del constructor. Considere la posibilidad de agregar el modificador "required'"o declarar el campo como un valor que acepta valores NULL. [C:\Users\betom\OneDrive\Escritorio\veterinaria\Helpetd2.0\HealthPetsfrontend\FrontEndHealthPets\FrontEndHealthPets.csproj::TargetFramework=net8.0-windows10.0.19041.0]
C:\Users\betom\OneDrive\Escritorio\veterinaria\Helpetd2.0\HealthPetsfrontend\FrontEndHealthPets\ViewModels\ResetPasswordViewModel.cs(28,16): warning CS8618: El elemento campo "code" que no acepta valores NULL debe contener un valor distinto de NULL al salir del constructor. Considere la posibilidad de agregar el modificador "required'"o declarar el campo como un valor que acepta valores NULL. [C:\Users\betom\OneDrive\Escritorio\veterinaria\Helpetd2.0\HealthPetsfrontend\FrontEndHealthPets\FrontEndHealthPets.csproj::TargetFramework=net8.0-windows10.0.19041.0]
C:\Users\betom\OneDrive\Escritorio\veterinaria\Helpetd2.0\HealthPetsfrontend\FrontEndHealthPets\ViewModels\ResetPasswordViewModel.cs(28,16): warning CS8618: El elemento campo "newPassword" que no acepta valores NULL debe contener un valor distinto de NULL al salir del constructor. Considere la posibilidad de agregar el modificador "required'"o declarar el campo como un valor que acepta valores NULL. [C:\Users\betom\OneDrive\Escritorio\veterinaria\Helpetd2.0\HealthPetsfrontend\FrontEndHealthPets\FrontEndHealthPets.csproj::TargetFramework=net8.0-windows10.0.19041.0]
C:\Users\betom\OneDrive\Escritorio\veterinaria\Helpetd2.0\HealthPetsfrontend\FrontEndHealthPets\ViewModels\ResetPasswordViewModel.cs(28,16): warning CS8618: El elemento campo "confirmPassword" que no acepta valores NULL debe contener un valor distinto de NULL al salir del constructor. Considere la posibilidad de agregar el modificador "required'"o declarar el campo como un valor que acepta valores NULL. [C:\Users\betom\OneDrive\Escritorio\veterinaria\Helpetd2.0\HealthPetsfrontend\FrontEndHealthPets\FrontEndHealthPets.csproj::TargetFramework=net8.0-windows10.0.19041.0]
C:\Users\betom\OneDrive\Escritorio\veterinaria\Helpetd2.0\HealthPetsfrontend\FrontEndHealthPets\ViewModels\ResetPasswordViewModel.cs(41,23): warning CS8602: Desreferencia de una referencia posiblemente NULL. [C:\Users\betom\OneDrive\Escritorio\veterinaria\Helpetd2.0\HealthPetsfrontend\FrontEndHealthPets\FrontEndHealthPets.csproj::TargetFramework=net8.0-windows10.0.19041.0]
C:\Users\betom\OneDrive\Escritorio\veterinaria\Helpetd2.0\HealthPetsfrontend\FrontEndHealthPets\ViewModels\ResetPasswordViewModel.cs(41,23): warning CS8602: Desreferencia de una referencia posiblemente NULL. [C:\Users\betom\OneDrive\Escritorio\veterinaria\Helpetd2.0\HealthPetsfrontend\FrontEndHealthPets\FrontEndHealthPets.csproj::TargetFramework=net8.0-windows10.0.19041.0]
C:\Users\betom\OneDrive\Escritorio\veterinaria\Helpetd2.0\HealthPetsfrontend\FrontEndHealthPets\ViewModels\ResetPasswordViewModel.cs(47,23): warning CS8602: Desreferencia de una referencia posiblemente NULL. [C:\Users\betom\OneDrive\Escritorio\veterinaria\Helpetd2.0\HealthPetsfrontend\FrontEndHealthPets\FrontEndHealthPets.csproj::TargetFramework=net8.0-windows10.0.19041.0]
C:\Users\betom\OneDrive\Escritorio\veterinaria\Helpetd2.0\HealthPetsfrontend\FrontEndHealthPets\ViewModels\ResetPasswordViewModel.cs(47,23): warning CS8602: Desreferencia de una referencia posiblemente NULL. [C:\Users\betom\OneDrive\Escritorio\veterinaria\Helpetd2.0\HealthPetsfrontend\FrontEndHealthPets\FrontEndHealthPets.csproj::TargetFramework=net8.0-windows10.0.19041.0]
C:\Users\betom\OneDrive\Escritorio\veterinaria\Helpetd2.0\HealthPetsfrontend\FrontEndHealthPets\ViewModels\ResetPasswordViewModel.cs(58,27): warning CS8602: Desreferencia de una referencia posiblemente NULL. [C:\Users\betom\OneDrive\Escritorio\veterinaria\Helpetd2.0\HealthPetsfrontend\FrontEndHealthPets\FrontEndHealthPets.csproj::TargetFramework=net8.0-windows10.0.19041.0]
C:\Users\betom\OneDrive\Escritorio\veterinaria\Helpetd2.0\HealthPetsfrontend\FrontEndHealthPets\ViewModels\ResetPasswordViewModel.cs(58,27): warning CS8602: Desreferencia de una referencia posiblemente NULL. [C:\Users\betom\OneDrive\Escritorio\veterinaria\Helpetd2.0\HealthPetsfrontend\FrontEndHealthPets\FrontEndHealthPets.csproj::TargetFramework=net8.0-windows10.0.19041.0]
C:\Users\betom\OneDrive\Escritorio\veterinaria\Helpetd2.0\HealthPetsfrontend\FrontEndHealthPets\ViewModels\ResetPasswordViewModel.cs(66,27): warning CS8602: Desreferencia de una referencia posiblemente NULL. [C:\Users\betom\OneDrive\Escritorio\veterinaria\Helpetd2.0\HealthPetsfrontend\FrontEndHealthPets\FrontEndHealthPets.csproj::TargetFramework=net8.0-windows10.0.19041.0]
C:\Users\betom\OneDrive\Escritorio\veterinaria\Helpetd2.0\HealthPetsfrontend\FrontEndHealthPets\ViewModels\ResetPasswordViewModel.cs(66,27): warning CS8602: Desreferencia de una referencia posiblemente NULL. [C:\Users\betom\OneDrive\Escritorio\veterinaria\Helpetd2.0\HealthPetsfrontend\FrontEndHealthPets\FrontEndHealthPets.csproj::TargetFramework=net8.0-windows10.0.19041.0]
C:\Users\betom\OneDrive\Escritorio\veterinaria\Helpetd2.0\HealthPetsfrontend\FrontEndHealthPets\ViewModels\ResetPasswordViewModel.cs(71,23): warning CS8602: Desreferencia de una referencia posiblemente NULL. [C:\Users\betom\OneDrive\Escritorio\veterinaria\Helpetd2.0\HealthPetsfrontend\FrontEndHealthPets\FrontEndHealthPets.csproj::TargetFramework=net8.0-windows10.0.19041.0]
C:\Users\betom\OneDrive\Escritorio\veterinaria\Helpetd2.0\HealthPetsfrontend\FrontEndHealthPets\ViewModels\ResetPasswordViewModel.cs(71,23): warning CS8602: Desreferencia de una referencia posiblemente NULL. [C:\Users\betom\OneDrive\Escritorio\veterinaria\Helpetd2.0\HealthPetsfrontend\FrontEndHealthPets\FrontEndHealthPets.csproj::TargetFramework=net8.0-windows10.0.19041.0]
C:\Users\betom\OneDrive\Escritorio\veterinaria\Helpetd2.0\HealthPetsfrontend\FrontEndHealthPets\ViewModels\PetProfileViewModel.cs(107,30): warning CS0168: La variable 'ex' se ha declarado pero nunca se usa [C:\Users\betom\OneDrive\Escritorio\veterinaria\Helpetd2.0\HealthPetsfrontend\FrontEndHealthPets\FrontEndHealthPets.csproj::TargetFramework=net8.0-windows10.0.19041.0]
C:\Users\betom\OneDrive\Escritorio\veterinaria\Helpetd2.0\HealthPetsfrontend\FrontEndHealthPets\ViewModels\ResenasViewModel.cs(100,29): warning CS8601: Posible asignaci├│n de referencia nula. [C:\Users\betom\OneDrive\Escritorio\veterinaria\Helpetd2.0\HealthPetsfrontend\FrontEndHealthPets\FrontEndHealthPets.csproj::TargetFramework=net8.0-windows10.0.19041.0]
C:\Users\betom\OneDrive\Escritorio\veterinaria\Helpetd2.0\HealthPetsfrontend\FrontEndHealthPets\ViewModels\VaccinationViewModel.cs(24,16): warning CS8618: El elemento campo "selectedPet" que no acepta valores NULL debe contener un valor distinto de NULL al salir del constructor. Considere la posibilidad de agregar el modificador "required'"o declarar el campo como un valor que acepta valores NULL. [C:\Users\betom\OneDrive\Escritorio\veterinaria\Helpetd2.0\HealthPetsfrontend\FrontEndHealthPets\FrontEndHealthPets.csproj::TargetFramework=net8.0-windows10.0.19041.0]
C:\Users\betom\OneDrive\Escritorio\veterinaria\Helpetd2.0\HealthPetsfrontend\FrontEndHealthPets\ViewModels\SettingsViewModel.cs(86,16): warning CS8618: El elemento campo "_userName" que no acepta valores NULL debe contener un valor distinto de NULL al salir del constructor. Considere la posibilidad de agregar el modificador "required'"o declarar el campo como un valor que acepta valores NULL. [C:\Users\betom\OneDrive\Escritorio\veterinaria\Helpetd2.0\HealthPetsfrontend\FrontEndHealthPets\FrontEndHealthPets.csproj::TargetFramework=net8.0-windows10.0.19041.0]
C:\Users\betom\OneDrive\Escritorio\veterinaria\Helpetd2.0\HealthPetsfrontend\FrontEndHealthPets\ViewModels\SettingsViewModel.cs(86,16): warning CS8618: El elemento campo "_userEmail" que no acepta valores NULL debe contener un valor distinto de NULL al salir del constructor. Considere la posibilidad de agregar el modificador "required'"o declarar el campo como un valor que acepta valores NULL. [C:\Users\betom\OneDrive\Escritorio\veterinaria\Helpetd2.0\HealthPetsfrontend\FrontEndHealthPets\FrontEndHealthPets.csproj::TargetFramework=net8.0-windows10.0.19041.0]
C:\Users\betom\OneDrive\Escritorio\veterinaria\Helpetd2.0\HealthPetsfrontend\FrontEndHealthPets\ViewModels\SettingsViewModel.cs(86,16): warning CS8618: El elemento campo "_appVersion" que no acepta valores NULL debe contener un valor distinto de NULL al salir del constructor. Considere la posibilidad de agregar el modificador "required'"o declarar el campo como un valor que acepta valores NULL. [C:\Users\betom\OneDrive\Escritorio\veterinaria\Helpetd2.0\HealthPetsfrontend\FrontEndHealthPets\FrontEndHealthPets.csproj::TargetFramework=net8.0-windows10.0.19041.0]
C:\Users\betom\OneDrive\Escritorio\veterinaria\Helpetd2.0\HealthPetsfrontend\FrontEndHealthPets\ViewModels\PetProfileViewModel.cs(229,34): warning CS8602: Desreferencia de una referencia posiblemente NULL. [C:\Users\betom\OneDrive\Escritorio\veterinaria\Helpetd2.0\HealthPetsfrontend\FrontEndHealthPets\FrontEndHealthPets.csproj::TargetFramework=net8.0-windows10.0.19041.0]
C:\Users\betom\OneDrive\Escritorio\veterinaria\Helpetd2.0\HealthPetsfrontend\FrontEndHealthPets\ViewModels\PetProfileViewModel.cs(229,34): warning CS8602: Desreferencia de una referencia posiblemente NULL. [C:\Users\betom\OneDrive\Escritorio\veterinaria\Helpetd2.0\HealthPetsfrontend\FrontEndHealthPets\FrontEndHealthPets.csproj::TargetFramework=net8.0-windows10.0.19041.0]
C:\Users\betom\OneDrive\Escritorio\veterinaria\Helpetd2.0\HealthPetsfrontend\FrontEndHealthPets\ViewModels\VeterinarianProfileViewModel.cs(46,16): warning CS8618: El elemento campo "veterinarian" que no acepta valores NULL debe contener un valor distinto de NULL al salir del constructor. Considere la posibilidad de agregar el modificador "required'"o declarar el campo como un valor que acepta valores NULL. [C:\Users\betom\OneDrive\Escritorio\veterinaria\Helpetd2.0\HealthPetsfrontend\FrontEndHealthPets\FrontEndHealthPets.csproj::TargetFramework=net8.0-windows10.0.19041.0]
C:\Users\betom\OneDrive\Escritorio\veterinaria\Helpetd2.0\HealthPetsfrontend\FrontEndHealthPets\ViewModels\VeterinarianProfileViewModel.cs(46,16): warning CS8618: El elemento campo "selectedSlot" que no acepta valores NULL debe contener un valor distinto de NULL al salir del constructor. Considere la posibilidad de agregar el modificador "required'"o declarar el campo como un valor que acepta valores NULL. [C:\Users\betom\OneDrive\Escritorio\veterinaria\Helpetd2.0\HealthPetsfrontend\FrontEndHealthPets\FrontEndHealthPets.csproj::TargetFramework=net8.0-windows10.0.19041.0]
C:\Users\betom\OneDrive\Escritorio\veterinaria\Helpetd2.0\HealthPetsfrontend\FrontEndHealthPets\ViewModels\VeterinarianProfileViewModel.cs(46,16): warning CS8618: El elemento campo "selectedPet" que no acepta valores NULL debe contener un valor distinto de NULL al salir del constructor. Considere la posibilidad de agregar el modificador "required'"o declarar el campo como un valor que acepta valores NULL. [C:\Users\betom\OneDrive\Escritorio\veterinaria\Helpetd2.0\HealthPetsfrontend\FrontEndHealthPets\FrontEndHealthPets.csproj::TargetFramework=net8.0-windows10.0.19041.0]
C:\Users\betom\OneDrive\Escritorio\veterinaria\Helpetd2.0\HealthPetsfrontend\FrontEndHealthPets\ViewModels\VeterinarianProfileViewModel.cs(46,16): warning CS8618: El elemento campo "reason" que no acepta valores NULL debe contener un valor distinto de NULL al salir del constructor. Considere la posibilidad de agregar el modificador "required'"o declarar el campo como un valor que acepta valores NULL. [C:\Users\betom\OneDrive\Escritorio\veterinaria\Helpetd2.0\HealthPetsfrontend\FrontEndHealthPets\FrontEndHealthPets.csproj::TargetFramework=net8.0-windows10.0.19041.0]
C:\Users\betom\OneDrive\Escritorio\veterinaria\Helpetd2.0\HealthPetsfrontend\FrontEndHealthPets\ViewModels\VeterinarianProfileViewModel.cs(46,16): warning CS8618: El elemento campo "notes" que no acepta valores NULL debe contener un valor distinto de NULL al salir del constructor. Considere la posibilidad de agregar el modificador "required'"o declarar el campo como un valor que acepta valores NULL. [C:\Users\betom\OneDrive\Escritorio\veterinaria\Helpetd2.0\HealthPetsfrontend\FrontEndHealthPets\FrontEndHealthPets.csproj::TargetFramework=net8.0-windows10.0.19041.0]
C:\Users\betom\OneDrive\Escritorio\veterinaria\Helpetd2.0\HealthPetsfrontend\FrontEndHealthPets\ViewModels\VeterinarianProfileViewModel.cs(74,32): warning CS8601: Posible asignaci├│n de referencia nula. [C:\Users\betom\OneDrive\Escritorio\veterinaria\Helpetd2.0\HealthPetsfrontend\FrontEndHealthPets\FrontEndHealthPets.csproj::TargetFramework=net8.0-windows10.0.19041.0]
C:\Users\betom\OneDrive\Escritorio\veterinaria\Helpetd2.0\HealthPetsfrontend\FrontEndHealthPets\ViewModels\VeterinariansViewModel.cs(22,16): warning CS8618: El elemento campo "searchText" que no acepta valores NULL debe contener un valor distinto de NULL al salir del constructor. Considere la posibilidad de agregar el modificador "required'"o declarar el campo como un valor que acepta valores NULL. [C:\Users\betom\OneDrive\Escritorio\veterinaria\Helpetd2.0\HealthPetsfrontend\FrontEndHealthPets\FrontEndHealthPets.csproj::TargetFramework=net8.0-windows10.0.19041.0]
C:\Users\betom\OneDrive\Escritorio\veterinaria\Helpetd2.0\HealthPetsfrontend\FrontEndHealthPets\Services\HistorialClinicoService.cs(47,33): warning CS8601: Posible asignaci├│n de referencia nula. [C:\Users\betom\OneDrive\Escritorio\veterinaria\Helpetd2.0\HealthPetsfrontend\FrontEndHealthPets\FrontEndHealthPets.csproj::TargetFramework=net8.0-windows10.0.19041.0]
C:\Users\betom\OneDrive\Escritorio\veterinaria\Helpetd2.0\HealthPetsfrontend\FrontEndHealthPets\ViewModels\VeterinarianProfileViewModel.cs(102,32): warning CS8625: No se puede convertir un literal NULL en un tipo de referencia que no acepta valores NULL. [C:\Users\betom\OneDrive\Escritorio\veterinaria\Helpetd2.0\HealthPetsfrontend\FrontEndHealthPets\FrontEndHealthPets.csproj::TargetFramework=net8.0-windows10.0.19041.0]
C:\Users\betom\OneDrive\Escritorio\veterinaria\Helpetd2.0\HealthPetsfrontend\FrontEndHealthPets\ViewModels\VeterinariansViewModel.cs(48,23): warning CS8602: Desreferencia de una referencia posiblemente NULL. [C:\Users\betom\OneDrive\Escritorio\veterinaria\Helpetd2.0\HealthPetsfrontend\FrontEndHealthPets\FrontEndHealthPets.csproj::TargetFramework=net8.0-windows10.0.19041.0]
C:\Users\betom\OneDrive\Escritorio\veterinaria\Helpetd2.0\HealthPetsfrontend\FrontEndHealthPets\ViewModels\VeterinariansViewModel.cs(48,23): warning CS8602: Desreferencia de una referencia posiblemente NULL. [C:\Users\betom\OneDrive\Escritorio\veterinaria\Helpetd2.0\HealthPetsfrontend\FrontEndHealthPets\FrontEndHealthPets.csproj::TargetFramework=net8.0-windows10.0.19041.0]
C:\Users\betom\OneDrive\Escritorio\veterinaria\Helpetd2.0\HealthPetsfrontend\FrontEndHealthPets\ViewModels\VeterinarianProfileViewModel.cs(121,23): warning CS8602: Desreferencia de una referencia posiblemente NULL. [C:\Users\betom\OneDrive\Escritorio\veterinaria\Helpetd2.0\HealthPetsfrontend\FrontEndHealthPets\FrontEndHealthPets.csproj::TargetFramework=net8.0-windows10.0.19041.0]
C:\Users\betom\OneDrive\Escritorio\veterinaria\Helpetd2.0\HealthPetsfrontend\FrontEndHealthPets\ViewModels\VeterinarianProfileViewModel.cs(121,23): warning CS8602: Desreferencia de una referencia posiblemente NULL. [C:\Users\betom\OneDrive\Escritorio\veterinaria\Helpetd2.0\HealthPetsfrontend\FrontEndHealthPets\FrontEndHealthPets.csproj::TargetFramework=net8.0-windows10.0.19041.0]
C:\Users\betom\OneDrive\Escritorio\veterinaria\Helpetd2.0\HealthPetsfrontend\FrontEndHealthPets\ViewModels\VeterinarianProfileViewModel.cs(127,23): warning CS8602: Desreferencia de una referencia posiblemente NULL. [C:\Users\betom\OneDrive\Escritorio\veterinaria\Helpetd2.0\HealthPetsfrontend\FrontEndHealthPets\FrontEndHealthPets.csproj::TargetFramework=net8.0-windows10.0.19041.0]
C:\Users\betom\OneDrive\Escritorio\veterinaria\Helpetd2.0\HealthPetsfrontend\FrontEndHealthPets\ViewModels\VeterinarianProfileViewModel.cs(127,23): warning CS8602: Desreferencia de una referencia posiblemente NULL. [C:\Users\betom\OneDrive\Escritorio\veterinaria\Helpetd2.0\HealthPetsfrontend\FrontEndHealthPets\FrontEndHealthPets.csproj::TargetFramework=net8.0-windows10.0.19041.0]
C:\Users\betom\OneDrive\Escritorio\veterinaria\Helpetd2.0\HealthPetsfrontend\FrontEndHealthPets\ViewModels\VeterinarianProfileViewModel.cs(148,27): warning CS8602: Desreferencia de una referencia posiblemente NULL. [C:\Users\betom\OneDrive\Escritorio\veterinaria\Helpetd2.0\HealthPetsfrontend\FrontEndHealthPets\FrontEndHealthPets.csproj::TargetFramework=net8.0-windows10.0.19041.0]
C:\Users\betom\OneDrive\Escritorio\veterinaria\Helpetd2.0\HealthPetsfrontend\FrontEndHealthPets\ViewModels\VeterinarianProfileViewModel.cs(148,27): warning CS8602: Desreferencia de una referencia posiblemente NULL. [C:\Users\betom\OneDrive\Escritorio\veterinaria\Helpetd2.0\HealthPetsfrontend\FrontEndHealthPets\FrontEndHealthPets.csproj::TargetFramework=net8.0-windows10.0.19041.0]
C:\Users\betom\OneDrive\Escritorio\veterinaria\Helpetd2.0\HealthPetsfrontend\FrontEndHealthPets\ViewModels\VeterinarianProfileViewModel.cs(153,27): warning CS8602: Desreferencia de una referencia posiblemente NULL. [C:\Users\betom\OneDrive\Escritorio\veterinaria\Helpetd2.0\HealthPetsfrontend\FrontEndHealthPets\FrontEndHealthPets.csproj::TargetFramework=net8.0-windows10.0.19041.0]
C:\Users\betom\OneDrive\Escritorio\veterinaria\Helpetd2.0\HealthPetsfrontend\FrontEndHealthPets\ViewModels\VeterinarianProfileViewModel.cs(153,27): warning CS8602: Desreferencia de una referencia posiblemente NULL. [C:\Users\betom\OneDrive\Escritorio\veterinaria\Helpetd2.0\HealthPetsfrontend\FrontEndHealthPets\FrontEndHealthPets.csproj::TargetFramework=net8.0-windows10.0.19041.0]
C:\Users\betom\OneDrive\Escritorio\veterinaria\Helpetd2.0\HealthPetsfrontend\FrontEndHealthPets\ViewModels\VeterinarianProfileViewModel.cs(158,23): warning CS8602: Desreferencia de una referencia posiblemente NULL. [C:\Users\betom\OneDrive\Escritorio\veterinaria\Helpetd2.0\HealthPetsfrontend\FrontEndHealthPets\FrontEndHealthPets.csproj::TargetFramework=net8.0-windows10.0.19041.0]
C:\Users\betom\OneDrive\Escritorio\veterinaria\Helpetd2.0\HealthPetsfrontend\FrontEndHealthPets\ViewModels\VeterinarianProfileViewModel.cs(158,23): warning CS8602: Desreferencia de una referencia posiblemente NULL. [C:\Users\betom\OneDrive\Escritorio\veterinaria\Helpetd2.0\HealthPetsfrontend\FrontEndHealthPets\FrontEndHealthPets.csproj::TargetFramework=net8.0-windows10.0.19041.0]
C:\Users\betom\OneDrive\Escritorio\veterinaria\Helpetd2.0\HealthPetsfrontend\FrontEndHealthPets\ViewModels\VeterinariansViewModel.cs(90,23): warning CS8602: Desreferencia de una referencia posiblemente NULL. [C:\Users\betom\OneDrive\Escritorio\veterinaria\Helpetd2.0\HealthPetsfrontend\FrontEndHealthPets\FrontEndHealthPets.csproj::TargetFramework=net8.0-windows10.0.19041.0]
C:\Users\betom\OneDrive\Escritorio\veterinaria\Helpetd2.0\HealthPetsfrontend\FrontEndHealthPets\ViewModels\VeterinariansViewModel.cs(90,23): warning CS8602: Desreferencia de una referencia posiblemente NULL. [C:\Users\betom\OneDrive\Escritorio\veterinaria\Helpetd2.0\HealthPetsfrontend\FrontEndHealthPets\FrontEndHealthPets.csproj::TargetFramework=net8.0-windows10.0.19041.0]
C:\Users\betom\OneDrive\Escritorio\veterinaria\Helpetd2.0\HealthPetsfrontend\FrontEndHealthPets\Services\PetService.cs(244,33): warning CS1998: El m├®todo asincr├│nico carece de operadores "await" y se ejecutar├í de forma sincr├│nica. Puede usar el operador 'await' para esperar llamadas API que no sean de bloqueo o 'await Task.Run(...)' para hacer tareas enlazadas a la CPU en un subproceso en segundo plano. [C:\Users\betom\OneDrive\Escritorio\veterinaria\Helpetd2.0\HealthPetsfrontend\FrontEndHealthPets\FrontEndHealthPets.csproj::TargetFramework=net8.0-windows10.0.19041.0]
C:\Users\betom\OneDrive\Escritorio\veterinaria\Helpetd2.0\HealthPetsfrontend\FrontEndHealthPets\Services\PetService.cs(271,29): warning CS8601: Posible asignaci├│n de referencia nula. [C:\Users\betom\OneDrive\Escritorio\veterinaria\Helpetd2.0\HealthPetsfrontend\FrontEndHealthPets\FrontEndHealthPets.csproj::TargetFramework=net8.0-windows10.0.19041.0]
C:\Users\betom\OneDrive\Escritorio\veterinaria\Helpetd2.0\HealthPetsfrontend\FrontEndHealthPets\ViewModels\ChatViewModel.cs(14,22): warning MVVMTK0045: The field FrontEndHealthPets.ViewModels.ChatViewModel.isLoading using [ObservableProperty] will generate code that is not AOT compatible in WinRT scenarios (such as UWP XAML and WinUI 3 apps), and a partial property should be used instead (as it allows the CsWinRT generators to correctly produce the necessary WinRT marshalling code) (https://aka.ms/mvvmtoolkit/errors/mvvmtk0045) [C:\Users\betom\OneDrive\Escritorio\veterinaria\Helpetd2.0\HealthPetsfrontend\FrontEndHealthPets\FrontEndHealthPets.csproj::TargetFramework=net8.0-windows10.0.19041.0]
C:\Users\betom\OneDrive\Escritorio\veterinaria\Helpetd2.0\HealthPetsfrontend\FrontEndHealthPets\ViewModels\ChatViewModel.cs(17,22): warning MVVMTK0045: The field FrontEndHealthPets.ViewModels.ChatViewModel.isInConversation using [ObservableProperty] will generate code that is not AOT compatible in WinRT scenarios (such as UWP XAML and WinUI 3 apps), and a partial property should be used instead (as it allows the CsWinRT generators to correctly produce the necessary WinRT marshalling code) (https://aka.ms/mvvmtoolkit/errors/mvvmtk0045) [C:\Users\betom\OneDrive\Escritorio\veterinaria\Helpetd2.0\HealthPetsfrontend\FrontEndHealthPets\FrontEndHealthPets.csproj::TargetFramework=net8.0-windows10.0.19041.0]
C:\Users\betom\OneDrive\Escritorio\veterinaria\Helpetd2.0\HealthPetsfrontend\FrontEndHealthPets\ViewModels\ChatViewModel.cs(20,31): warning MVVMTK0045: The field FrontEndHealthPets.ViewModels.ChatViewModel.selectedConversacion using [ObservableProperty] will generate code that is not AOT compatible in WinRT scenarios (such as UWP XAML and WinUI 3 apps), and a partial property should be used instead (as it allows the CsWinRT generators to correctly produce the necessary WinRT marshalling code) (https://aka.ms/mvvmtoolkit/errors/mvvmtk0045) [C:\Users\betom\OneDrive\Escritorio\veterinaria\Helpetd2.0\HealthPetsfrontend\FrontEndHealthPets\FrontEndHealthPets.csproj::TargetFramework=net8.0-windows10.0.19041.0]
C:\Users\betom\OneDrive\Escritorio\veterinaria\Helpetd2.0\HealthPetsfrontend\FrontEndHealthPets\ViewModels\ChatViewModel.cs(23,24): warning MVVMTK0045: The field FrontEndHealthPets.ViewModels.ChatViewModel.newMessage using [ObservableProperty] will generate code that is not AOT compatible in WinRT scenarios (such as UWP XAML and WinUI 3 apps), and a partial property should be used instead (as it allows the CsWinRT generators to correctly produce the necessary WinRT marshalling code) (https://aka.ms/mvvmtoolkit/errors/mvvmtk0045) [C:\Users\betom\OneDrive\Escritorio\veterinaria\Helpetd2.0\HealthPetsfrontend\FrontEndHealthPets\FrontEndHealthPets.csproj::TargetFramework=net8.0-windows10.0.19041.0]
C:\Users\betom\OneDrive\Escritorio\veterinaria\Helpetd2.0\HealthPetsfrontend\FrontEndHealthPets\ViewModels\HistorialClinicoViewModel.cs(19,22): warning MVVMTK0045: The field FrontEndHealthPets.ViewModels.HistorialClinicoViewModel.selectedPet using [ObservableProperty] will generate code that is not AOT compatible in WinRT scenarios (such as UWP XAML and WinUI 3 apps), and a partial property should be used instead (as it allows the CsWinRT generators to correctly produce the necessary WinRT marshalling code) (https://aka.ms/mvvmtoolkit/errors/mvvmtk0045) [C:\Users\betom\OneDrive\Escritorio\veterinaria\Helpetd2.0\HealthPetsfrontend\FrontEndHealthPets\FrontEndHealthPets.csproj::TargetFramework=net8.0-windows10.0.19041.0]
C:\Users\betom\OneDrive\Escritorio\veterinaria\Helpetd2.0\HealthPetsfrontend\FrontEndHealthPets\ViewModels\HistorialClinicoViewModel.cs(16,22): warning MVVMTK0045: The field FrontEndHealthPets.ViewModels.HistorialClinicoViewModel.isLoading using [ObservableProperty] will generate code that is not AOT compatible in WinRT scenarios (such as UWP XAML and WinUI 3 apps), and a partial property should be used instead (as it allows the CsWinRT generators to correctly produce the necessary WinRT marshalling code) (https://aka.ms/mvvmtoolkit/errors/mvvmtk0045) [C:\Users\betom\OneDrive\Escritorio\veterinaria\Helpetd2.0\HealthPetsfrontend\FrontEndHealthPets\FrontEndHealthPets.csproj::TargetFramework=net8.0-windows10.0.19041.0]
C:\Users\betom\OneDrive\Escritorio\veterinaria\Helpetd2.0\HealthPetsfrontend\FrontEndHealthPets\ViewModels\HistorialClinicoViewModel.cs(22,35): warning MVVMTK0045: The field FrontEndHealthPets.ViewModels.HistorialClinicoViewModel.historial using [ObservableProperty] will generate code that is not AOT compatible in WinRT scenarios (such as UWP XAML and WinUI 3 apps), and a partial property should be used instead (as it allows the CsWinRT generators to correctly produce the necessary WinRT marshalling code) (https://aka.ms/mvvmtoolkit/errors/mvvmtk0045) [C:\Users\betom\OneDrive\Escritorio\veterinaria\Helpetd2.0\HealthPetsfrontend\FrontEndHealthPets\FrontEndHealthPets.csproj::TargetFramework=net8.0-windows10.0.19041.0]
C:\Users\betom\OneDrive\Escritorio\veterinaria\Helpetd2.0\HealthPetsfrontend\FrontEndHealthPets\ViewModels\HistorialClinicoViewModel.cs(25,27): warning MVVMTK0045: The field FrontEndHealthPets.ViewModels.HistorialClinicoViewModel.selectedConsulta using [ObservableProperty] will generate code that is not AOT compatible in WinRT scenarios (such as UWP XAML and WinUI 3 apps), and a partial property should be used instead (as it allows the CsWinRT generators to correctly produce the necessary WinRT marshalling code) (https://aka.ms/mvvmtoolkit/errors/mvvmtk0045) [C:\Users\betom\OneDrive\Escritorio\veterinaria\Helpetd2.0\HealthPetsfrontend\FrontEndHealthPets\FrontEndHealthPets.csproj::TargetFramework=net8.0-windows10.0.19041.0]
C:\Users\betom\OneDrive\Escritorio\veterinaria\Helpetd2.0\HealthPetsfrontend\FrontEndHealthPets\ViewModels\ForgotPasswordViewModel.cs(13,24): warning MVVMTK0045: The field FrontEndHealthPets.ViewModels.ForgotPasswordViewModel.email using [ObservableProperty] will generate code that is not AOT compatible in WinRT scenarios (such as UWP XAML and WinUI 3 apps), and a partial property should be used instead (as it allows the CsWinRT generators to correctly produce the necessary WinRT marshalling code) (https://aka.ms/mvvmtoolkit/errors/mvvmtk0045) [C:\Users\betom\OneDrive\Escritorio\veterinaria\Helpetd2.0\HealthPetsfrontend\FrontEndHealthPets\FrontEndHealthPets.csproj::TargetFramework=net8.0-windows10.0.19041.0]
C:\Users\betom\OneDrive\Escritorio\veterinaria\Helpetd2.0\HealthPetsfrontend\FrontEndHealthPets\ViewModels\MyAppointmentsViewModel.cs(14,22): warning MVVMTK0045: The field FrontEndHealthPets.ViewModels.MyAppointmentsViewModel.isLoading using [ObservableProperty] will generate code that is not AOT compatible in WinRT scenarios (such as UWP XAML and WinUI 3 apps), and a partial property should be used instead (as it allows the CsWinRT generators to correctly produce the necessary WinRT marshalling code) (https://aka.ms/mvvmtoolkit/errors/mvvmtk0045) [C:\Users\betom\OneDrive\Escritorio\veterinaria\Helpetd2.0\HealthPetsfrontend\FrontEndHealthPets\FrontEndHealthPets.csproj::TargetFramework=net8.0-windows10.0.19041.0]
C:\Users\betom\OneDrive\Escritorio\veterinaria\Helpetd2.0\HealthPetsfrontend\FrontEndHealthPets\ViewModels\ForgotPasswordViewModel.cs(16,22): warning MVVMTK0045: The field FrontEndHealthPets.ViewModels.ForgotPasswordViewModel.isLoading using [ObservableProperty] will generate code that is not AOT compatible in WinRT scenarios (such as UWP XAML and WinUI 3 apps), and a partial property should be used instead (as it allows the CsWinRT generators to correctly produce the necessary WinRT marshalling code) (https://aka.ms/mvvmtoolkit/errors/mvvmtk0045) [C:\Users\betom\OneDrive\Escritorio\veterinaria\Helpetd2.0\HealthPetsfrontend\FrontEndHealthPets\FrontEndHealthPets.csproj::TargetFramework=net8.0-windows10.0.19041.0]
C:\Users\betom\OneDrive\Escritorio\veterinaria\Helpetd2.0\HealthPetsfrontend\FrontEndHealthPets\ViewModels\NotificacionesViewModel.cs(14,22): warning MVVMTK0045: The field FrontEndHealthPets.ViewModels.NotificacionesViewModel.isLoading using [ObservableProperty] will generate code that is not AOT compatible in WinRT scenarios (such as UWP XAML and WinUI 3 apps), and a partial property should be used instead (as it allows the CsWinRT generators to correctly produce the necessary WinRT marshalling code) (https://aka.ms/mvvmtoolkit/errors/mvvmtk0045) [C:\Users\betom\OneDrive\Escritorio\veterinaria\Helpetd2.0\HealthPetsfrontend\FrontEndHealthPets\FrontEndHealthPets.csproj::TargetFramework=net8.0-windows10.0.19041.0]
C:\Users\betom\OneDrive\Escritorio\veterinaria\Helpetd2.0\HealthPetsfrontend\FrontEndHealthPets\ViewModels\NotificacionesViewModel.cs(17,21): warning MVVMTK0045: The field FrontEndHealthPets.ViewModels.NotificacionesViewModel.unreadCount using [ObservableProperty] will generate code that is not AOT compatible in WinRT scenarios (such as UWP XAML and WinUI 3 apps), and a partial property should be used instead (as it allows the CsWinRT generators to correctly produce the necessary WinRT marshalling code) (https://aka.ms/mvvmtoolkit/errors/mvvmtk0045) [C:\Users\betom\OneDrive\Escritorio\veterinaria\Helpetd2.0\HealthPetsfrontend\FrontEndHealthPets\FrontEndHealthPets.csproj::TargetFramework=net8.0-windows10.0.19041.0]
C:\Users\betom\OneDrive\Escritorio\veterinaria\Helpetd2.0\HealthPetsfrontend\FrontEndHealthPets\ViewModels\NotificacionesViewModel.cs(20,22): warning MVVMTK0045: The field FrontEndHealthPets.ViewModels.NotificacionesViewModel.showUnreadOnly using [ObservableProperty] will generate code that is not AOT compatible in WinRT scenarios (such as UWP XAML and WinUI 3 apps), and a partial property should be used instead (as it allows the CsWinRT generators to correctly produce the necessary WinRT marshalling code) (https://aka.ms/mvvmtoolkit/errors/mvvmtk0045) [C:\Users\betom\OneDrive\Escritorio\veterinaria\Helpetd2.0\HealthPetsfrontend\FrontEndHealthPets\FrontEndHealthPets.csproj::TargetFramework=net8.0-windows10.0.19041.0]
C:\Users\betom\OneDrive\Escritorio\veterinaria\Helpetd2.0\HealthPetsfrontend\FrontEndHealthPets\ViewModels\ResenasViewModel.cs(17,22): warning MVVMTK0045: The field FrontEndHealthPets.ViewModels.ResenasViewModel.isWritingReview using [ObservableProperty] will generate code that is not AOT compatible in WinRT scenarios (such as UWP XAML and WinUI 3 apps), and a partial property should be used instead (as it allows the CsWinRT generators to correctly produce the necessary WinRT marshalling code) (https://aka.ms/mvvmtoolkit/errors/mvvmtk0045) [C:\Users\betom\OneDrive\Escritorio\veterinaria\Helpetd2.0\HealthPetsfrontend\FrontEndHealthPets\FrontEndHealthPets.csproj::TargetFramework=net8.0-windows10.0.19041.0]
C:\Users\betom\OneDrive\Escritorio\veterinaria\Helpetd2.0\HealthPetsfrontend\FrontEndHealthPets\ViewModels\ResenasViewModel.cs(14,22): warning MVVMTK0045: The field FrontEndHealthPets.ViewModels.ResenasViewModel.isLoading using [ObservableProperty] will generate code that is not AOT compatible in WinRT scenarios (such as UWP XAML and WinUI 3 apps), and a partial property should be used instead (as it allows the CsWinRT generators to correctly produce the necessary WinRT marshalling code) (https://aka.ms/mvvmtoolkit/errors/mvvmtk0045) [C:\Users\betom\OneDrive\Escritorio\veterinaria\Helpetd2.0\HealthPetsfrontend\FrontEndHealthPets\FrontEndHealthPets.csproj::TargetFramework=net8.0-windows10.0.19041.0]
C:\Users\betom\OneDrive\Escritorio\veterinaria\Helpetd2.0\HealthPetsfrontend\FrontEndHealthPets\ViewModels\ResenasViewModel.cs(20,21): warning MVVMTK0045: The field FrontEndHealthPets.ViewModels.ResenasViewModel.selectedRating using [ObservableProperty] will generate code that is not AOT compatible in WinRT scenarios (such as UWP XAML and WinUI 3 apps), and a partial property should be used instead (as it allows the CsWinRT generators to correctly produce the necessary WinRT marshalling code) (https://aka.ms/mvvmtoolkit/errors/mvvmtk0045) [C:\Users\betom\OneDrive\Escritorio\veterinaria\Helpetd2.0\HealthPetsfrontend\FrontEndHealthPets\FrontEndHealthPets.csproj::TargetFramework=net8.0-windows10.0.19041.0]
C:\Users\betom\OneDrive\Escritorio\veterinaria\Helpetd2.0\HealthPetsfrontend\FrontEndHealthPets\ViewModels\ResenasViewModel.cs(23,24): warning MVVMTK0045: The field FrontEndHealthPets.ViewModels.ResenasViewModel.reviewComment using [ObservableProperty] will generate code that is not AOT compatible in WinRT scenarios (such as UWP XAML and WinUI 3 apps), and a partial property should be used instead (as it allows the CsWinRT generators to correctly produce the necessary WinRT marshalling code) (https://aka.ms/mvvmtoolkit/errors/mvvmtk0045) [C:\Users\betom\OneDrive\Escritorio\veterinaria\Helpetd2.0\HealthPetsfrontend\FrontEndHealthPets\FrontEndHealthPets.csproj::TargetFramework=net8.0-windows10.0.19041.0]
C:\Users\betom\OneDrive\Escritorio\veterinaria\Helpetd2.0\HealthPetsfrontend\FrontEndHealthPets\ViewModels\ResenasViewModel.cs(26,25): warning MVVMTK0045: The field FrontEndHealthPets.ViewModels.ResenasViewModel.selectedResena using [ObservableProperty] will generate code that is not AOT compatible in WinRT scenarios (such as UWP XAML and WinUI 3 apps), and a partial property should be used instead (as it allows the CsWinRT generators to correctly produce the necessary WinRT marshalling code) (https://aka.ms/mvvmtoolkit/errors/mvvmtk0045) [C:\Users\betom\OneDrive\Escritorio\veterinaria\Helpetd2.0\HealthPetsfrontend\FrontEndHealthPets\FrontEndHealthPets.csproj::TargetFramework=net8.0-windows10.0.19041.0]
C:\Users\betom\OneDrive\Escritorio\veterinaria\Helpetd2.0\HealthPetsfrontend\FrontEndHealthPets\ViewModels\VaccinationViewModel.cs(19,43): warning MVVMTK0045: The field FrontEndHealthPets.ViewModels.VaccinationViewModel.pets using [ObservableProperty] will generate code that is not AOT compatible in WinRT scenarios (such as UWP XAML and WinUI 3 apps), and a partial property should be used instead (as it allows the CsWinRT generators to correctly produce the necessary WinRT marshalling code) (https://aka.ms/mvvmtoolkit/errors/mvvmtk0045) [C:\Users\betom\OneDrive\Escritorio\veterinaria\Helpetd2.0\HealthPetsfrontend\FrontEndHealthPets\FrontEndHealthPets.csproj::TargetFramework=net8.0-windows10.0.19041.0]
C:\Users\betom\OneDrive\Escritorio\veterinaria\Helpetd2.0\HealthPetsfrontend\FrontEndHealthPets\ViewModels\VaccinationViewModel.cs(22,21): warning MVVMTK0045: The field FrontEndHealthPets.ViewModels.VaccinationViewModel.selectedPet using [ObservableProperty] will generate code that is not AOT compatible in WinRT scenarios (such as UWP XAML and WinUI 3 apps), and a partial property should be used instead (as it allows the CsWinRT generators to correctly produce the necessary WinRT marshalling code) (https://aka.ms/mvvmtoolkit/errors/mvvmtk0045) [C:\Users\betom\OneDrive\Escritorio\veterinaria\Helpetd2.0\HealthPetsfrontend\FrontEndHealthPets\FrontEndHealthPets.csproj::TargetFramework=net8.0-windows10.0.19041.0]
C:\Users\betom\OneDrive\Escritorio\veterinaria\Helpetd2.0\HealthPetsfrontend\FrontEndHealthPets\ViewModels\VaccinationViewModel.cs(16,47): warning MVVMTK0045: The field FrontEndHealthPets.ViewModels.VaccinationViewModel.vaccines using [ObservableProperty] will generate code that is not AOT compatible in WinRT scenarios (such as UWP XAML and WinUI 3 apps), and a partial property should be used instead (as it allows the CsWinRT generators to correctly produce the necessary WinRT marshalling code) (https://aka.ms/mvvmtoolkit/errors/mvvmtk0045) [C:\Users\betom\OneDrive\Escritorio\veterinaria\Helpetd2.0\HealthPetsfrontend\FrontEndHealthPets\FrontEndHealthPets.csproj::TargetFramework=net8.0-windows10.0.19041.0]
C:\Users\betom\OneDrive\Escritorio\veterinaria\Helpetd2.0\HealthPetsfrontend\FrontEndHealthPets\ViewModels\VeterinarianProfileViewModel.cs(20,30): warning MVVMTK0045: The field FrontEndHealthPets.ViewModels.VeterinarianProfileViewModel.veterinarian using [ObservableProperty] will generate code that is not AOT compatible in WinRT scenarios (such as UWP XAML and WinUI 3 apps), and a partial property should be used instead (as it allows the CsWinRT generators to correctly produce the necessary WinRT marshalling code) (https://aka.ms/mvvmtoolkit/errors/mvvmtk0045) [C:\Users\betom\OneDrive\Escritorio\veterinaria\Helpetd2.0\HealthPetsfrontend\FrontEndHealthPets\FrontEndHealthPets.csproj::TargetFramework=net8.0-windows10.0.19041.0]
C:\Users\betom\OneDrive\Escritorio\veterinaria\Helpetd2.0\HealthPetsfrontend\FrontEndHealthPets\ViewModels\VeterinarianProfileViewModel.cs(23,26): warning MVVMTK0045: The field FrontEndHealthPets.ViewModels.VeterinarianProfileViewModel.selectedDate using [ObservableProperty] will generate code that is not AOT compatible in WinRT scenarios (such as UWP XAML and WinUI 3 apps), and a partial property should be used instead (as it allows the CsWinRT generators to correctly produce the necessary WinRT marshalling code) (https://aka.ms/mvvmtoolkit/errors/mvvmtk0045) [C:\Users\betom\OneDrive\Escritorio\veterinaria\Helpetd2.0\HealthPetsfrontend\FrontEndHealthPets\FrontEndHealthPets.csproj::TargetFramework=net8.0-windows10.0.19041.0]
C:\Users\betom\OneDrive\Escritorio\veterinaria\Helpetd2.0\HealthPetsfrontend\FrontEndHealthPets\ViewModels\VeterinarianProfileViewModel.cs(17,21): warning MVVMTK0045: The field FrontEndHealthPets.ViewModels.VeterinarianProfileViewModel.vetId using [ObservableProperty] will generate code that is not AOT compatible in WinRT scenarios (such as UWP XAML and WinUI 3 apps), and a partial property should be used instead (as it allows the CsWinRT generators to correctly produce the necessary WinRT marshalling code) (https://aka.ms/mvvmtoolkit/errors/mvvmtk0045) [C:\Users\betom\OneDrive\Escritorio\veterinaria\Helpetd2.0\HealthPetsfrontend\FrontEndHealthPets\FrontEndHealthPets.csproj::TargetFramework=net8.0-windows10.0.19041.0]
C:\Users\betom\OneDrive\Escritorio\veterinaria\Helpetd2.0\HealthPetsfrontend\FrontEndHealthPets\ViewModels\VeterinarianProfileViewModel.cs(26,31): warning MVVMTK0045: The field FrontEndHealthPets.ViewModels.VeterinarianProfileViewModel.selectedSlot using [ObservableProperty] will generate code that is not AOT compatible in WinRT scenarios (such as UWP XAML and WinUI 3 apps), and a partial property should be used instead (as it allows the CsWinRT generators to correctly produce the necessary WinRT marshalling code) (https://aka.ms/mvvmtoolkit/errors/mvvmtk0045) [C:\Users\betom\OneDrive\Escritorio\veterinaria\Helpetd2.0\HealthPetsfrontend\FrontEndHealthPets\FrontEndHealthPets.csproj::TargetFramework=net8.0-windows10.0.19041.0]
C:\Users\betom\OneDrive\Escritorio\veterinaria\Helpetd2.0\HealthPetsfrontend\FrontEndHealthPets\ViewModels\VeterinarianProfileViewModel.cs(29,21): warning MVVMTK0045: The field FrontEndHealthPets.ViewModels.VeterinarianProfileViewModel.selectedPet using [ObservableProperty] will generate code that is not AOT compatible in WinRT scenarios (such as UWP XAML and WinUI 3 apps), and a partial property should be used instead (as it allows the CsWinRT generators to correctly produce the necessary WinRT marshalling code) (https://aka.ms/mvvmtoolkit/errors/mvvmtk0045) [C:\Users\betom\OneDrive\Escritorio\veterinaria\Helpetd2.0\HealthPetsfrontend\FrontEndHealthPets\FrontEndHealthPets.csproj::TargetFramework=net8.0-windows10.0.19041.0]
C:\Users\betom\OneDrive\Escritorio\veterinaria\Helpetd2.0\HealthPetsfrontend\FrontEndHealthPets\ViewModels\VeterinarianProfileViewModel.cs(32,24): warning MVVMTK0045: The field FrontEndHealthPets.ViewModels.VeterinarianProfileViewModel.reason using [ObservableProperty] will generate code that is not AOT compatible in WinRT scenarios (such as UWP XAML and WinUI 3 apps), and a partial property should be used instead (as it allows the CsWinRT generators to correctly produce the necessary WinRT marshalling code) (https://aka.ms/mvvmtoolkit/errors/mvvmtk0045) [C:\Users\betom\OneDrive\Escritorio\veterinaria\Helpetd2.0\HealthPetsfrontend\FrontEndHealthPets\FrontEndHealthPets.csproj::TargetFramework=net8.0-windows10.0.19041.0]
C:\Users\betom\OneDrive\Escritorio\veterinaria\Helpetd2.0\HealthPetsfrontend\FrontEndHealthPets\ViewModels\VeterinarianProfileViewModel.cs(35,24): warning MVVMTK0045: The field FrontEndHealthPets.ViewModels.VeterinarianProfileViewModel.notes using [ObservableProperty] will generate code that is not AOT compatible in WinRT scenarios (such as UWP XAML and WinUI 3 apps), and a partial property should be used instead (as it allows the CsWinRT generators to correctly produce the necessary WinRT marshalling code) (https://aka.ms/mvvmtoolkit/errors/mvvmtk0045) [C:\Users\betom\OneDrive\Escritorio\veterinaria\Helpetd2.0\HealthPetsfrontend\FrontEndHealthPets\FrontEndHealthPets.csproj::TargetFramework=net8.0-windows10.0.19041.0]
C:\Users\betom\OneDrive\Escritorio\veterinaria\Helpetd2.0\HealthPetsfrontend\FrontEndHealthPets\ViewModels\VeterinarianProfileViewModel.cs(41,22): warning MVVMTK0045: The field FrontEndHealthPets.ViewModels.VeterinarianProfileViewModel.isBookLoading using [ObservableProperty] will generate code that is not AOT compatible in WinRT scenarios (such as UWP XAML and WinUI 3 apps), and a partial property should be used instead (as it allows the CsWinRT generators to correctly produce the necessary WinRT marshalling code) (https://aka.ms/mvvmtoolkit/errors/mvvmtk0045) [C:\Users\betom\OneDrive\Escritorio\veterinaria\Helpetd2.0\HealthPetsfrontend\FrontEndHealthPets\FrontEndHealthPets.csproj::TargetFramework=net8.0-windows10.0.19041.0]
C:\Users\betom\OneDrive\Escritorio\veterinaria\Helpetd2.0\HealthPetsfrontend\FrontEndHealthPets\ViewModels\VeterinarianProfileViewModel.cs(38,22): warning MVVMTK0045: The field FrontEndHealthPets.ViewModels.VeterinarianProfileViewModel.isLoading using [ObservableProperty] will generate code that is not AOT compatible in WinRT scenarios (such as UWP XAML and WinUI 3 apps), and a partial property should be used instead (as it allows the CsWinRT generators to correctly produce the necessary WinRT marshalling code) (https://aka.ms/mvvmtoolkit/errors/mvvmtk0045) [C:\Users\betom\OneDrive\Escritorio\veterinaria\Helpetd2.0\HealthPetsfrontend\FrontEndHealthPets\FrontEndHealthPets.csproj::TargetFramework=net8.0-windows10.0.19041.0]
C:\Users\betom\OneDrive\Escritorio\veterinaria\Helpetd2.0\HealthPetsfrontend\FrontEndHealthPets\ViewModels\ResetPasswordViewModel.cs(14,24): warning MVVMTK0045: The field FrontEndHealthPets.ViewModels.ResetPasswordViewModel.email using [ObservableProperty] will generate code that is not AOT compatible in WinRT scenarios (such as UWP XAML and WinUI 3 apps), and a partial property should be used instead (as it allows the CsWinRT generators to correctly produce the necessary WinRT marshalling code) (https://aka.ms/mvvmtoolkit/errors/mvvmtk0045) [C:\Users\betom\OneDrive\Escritorio\veterinaria\Helpetd2.0\HealthPetsfrontend\FrontEndHealthPets\FrontEndHealthPets.csproj::TargetFramework=net8.0-windows10.0.19041.0]
C:\Users\betom\OneDrive\Escritorio\veterinaria\Helpetd2.0\HealthPetsfrontend\FrontEndHealthPets\ViewModels\VeterinariansViewModel.cs(15,22): warning MVVMTK0045: The field FrontEndHealthPets.ViewModels.VeterinariansViewModel.isLoading using [ObservableProperty] will generate code that is not AOT compatible in WinRT scenarios (such as UWP XAML and WinUI 3 apps), and a partial property should be used instead (as it allows the CsWinRT generators to correctly produce the necessary WinRT marshalling code) (https://aka.ms/mvvmtoolkit/errors/mvvmtk0045) [C:\Users\betom\OneDrive\Escritorio\veterinaria\Helpetd2.0\HealthPetsfrontend\FrontEndHealthPets\FrontEndHealthPets.csproj::TargetFramework=net8.0-windows10.0.19041.0]
C:\Users\betom\OneDrive\Escritorio\veterinaria\Helpetd2.0\HealthPetsfrontend\FrontEndHealthPets\ViewModels\VeterinariansViewModel.cs(18,24): warning MVVMTK0045: The field FrontEndHealthPets.ViewModels.VeterinariansViewModel.searchText using [ObservableProperty] will generate code that is not AOT compatible in WinRT scenarios (such as UWP XAML and WinUI 3 apps), and a partial property should be used instead (as it allows the CsWinRT generators to correctly produce the necessary WinRT marshalling code) (https://aka.ms/mvvmtoolkit/errors/mvvmtk0045) [C:\Users\betom\OneDrive\Escritorio\veterinaria\Helpetd2.0\HealthPetsfrontend\FrontEndHealthPets\FrontEndHealthPets.csproj::TargetFramework=net8.0-windows10.0.19041.0]
C:\Users\betom\OneDrive\Escritorio\veterinaria\Helpetd2.0\HealthPetsfrontend\FrontEndHealthPets\ViewModels\ResetPasswordViewModel.cs(17,24): warning MVVMTK0045: The field FrontEndHealthPets.ViewModels.ResetPasswordViewModel.code using [ObservableProperty] will generate code that is not AOT compatible in WinRT scenarios (such as UWP XAML and WinUI 3 apps), and a partial property should be used instead (as it allows the CsWinRT generators to correctly produce the necessary WinRT marshalling code) (https://aka.ms/mvvmtoolkit/errors/mvvmtk0045) [C:\Users\betom\OneDrive\Escritorio\veterinaria\Helpetd2.0\HealthPetsfrontend\FrontEndHealthPets\FrontEndHealthPets.csproj::TargetFramework=net8.0-windows10.0.19041.0]
C:\Users\betom\OneDrive\Escritorio\veterinaria\Helpetd2.0\HealthPetsfrontend\FrontEndHealthPets\ViewModels\ResetPasswordViewModel.cs(20,24): warning MVVMTK0045: The field FrontEndHealthPets.ViewModels.ResetPasswordViewModel.newPassword using [ObservableProperty] will generate code that is not AOT compatible in WinRT scenarios (such as UWP XAML and WinUI 3 apps), and a partial property should be used instead (as it allows the CsWinRT generators to correctly produce the necessary WinRT marshalling code) (https://aka.ms/mvvmtoolkit/errors/mvvmtk0045) [C:\Users\betom\OneDrive\Escritorio\veterinaria\Helpetd2.0\HealthPetsfrontend\FrontEndHealthPets\FrontEndHealthPets.csproj::TargetFramework=net8.0-windows10.0.19041.0]
C:\Users\betom\OneDrive\Escritorio\veterinaria\Helpetd2.0\HealthPetsfrontend\FrontEndHealthPets\ViewModels\ResetPasswordViewModel.cs(23,24): warning MVVMTK0045: The field FrontEndHealthPets.ViewModels.ResetPasswordViewModel.confirmPassword using [ObservableProperty] will generate code that is not AOT compatible in WinRT scenarios (such as UWP XAML and WinUI 3 apps), and a partial property should be used instead (as it allows the CsWinRT generators to correctly produce the necessary WinRT marshalling code) (https://aka.ms/mvvmtoolkit/errors/mvvmtk0045) [C:\Users\betom\OneDrive\Escritorio\veterinaria\Helpetd2.0\HealthPetsfrontend\FrontEndHealthPets\FrontEndHealthPets.csproj::TargetFramework=net8.0-windows10.0.19041.0]
C:\Users\betom\OneDrive\Escritorio\veterinaria\Helpetd2.0\HealthPetsfrontend\FrontEndHealthPets\ViewModels\ResetPasswordViewModel.cs(26,22): warning MVVMTK0045: The field FrontEndHealthPets.ViewModels.ResetPasswordViewModel.isLoading using [ObservableProperty] will generate code that is not AOT compatible in WinRT scenarios (such as UWP XAML and WinUI 3 apps), and a partial property should be used instead (as it allows the CsWinRT generators to correctly produce the necessary WinRT marshalling code) (https://aka.ms/mvvmtoolkit/errors/mvvmtk0045) [C:\Users\betom\OneDrive\Escritorio\veterinaria\Helpetd2.0\HealthPetsfrontend\FrontEndHealthPets\FrontEndHealthPets.csproj::TargetFramework=net8.0-windows10.0.19041.0]
C:\Users\betom\OneDrive\Escritorio\veterinaria\Helpetd2.0\HealthPetsfrontend\FrontEndHealthPets\ViewModels\VetProfileEditViewModel.cs(17,24): warning MVVMTK0045: The field FrontEndHealthPets.ViewModels.VetProfileEditViewModel.specialty using [ObservableProperty] will generate code that is not AOT compatible in WinRT scenarios (such as UWP XAML and WinUI 3 apps), and a partial property should be used instead (as it allows the CsWinRT generators to correctly produce the necessary WinRT marshalling code) (https://aka.ms/mvvmtoolkit/errors/mvvmtk0045) [C:\Users\betom\OneDrive\Escritorio\veterinaria\Helpetd2.0\HealthPetsfrontend\FrontEndHealthPets\FrontEndHealthPets.csproj::TargetFramework=net8.0-windows10.0.19041.0]
C:\Users\betom\OneDrive\Escritorio\veterinaria\Helpetd2.0\HealthPetsfrontend\FrontEndHealthPets\ViewModels\VetProfileEditViewModel.cs(20,24): warning MVVMTK0045: The field FrontEndHealthPets.ViewModels.VetProfileEditViewModel.description using [ObservableProperty] will generate code that is not AOT compatible in WinRT scenarios (such as UWP XAML and WinUI 3 apps), and a partial property should be used instead (as it allows the CsWinRT generators to correctly produce the necessary WinRT marshalling code) (https://aka.ms/mvvmtoolkit/errors/mvvmtk0045) [C:\Users\betom\OneDrive\Escritorio\veterinaria\Helpetd2.0\HealthPetsfrontend\FrontEndHealthPets\FrontEndHealthPets.csproj::TargetFramework=net8.0-windows10.0.19041.0]
C:\Users\betom\OneDrive\Escritorio\veterinaria\Helpetd2.0\HealthPetsfrontend\FrontEndHealthPets\ViewModels\VetProfileEditViewModel.cs(14,24): warning MVVMTK0045: The field FrontEndHealthPets.ViewModels.VetProfileEditViewModel.name using [ObservableProperty] will generate code that is not AOT compatible in WinRT scenarios (such as UWP XAML and WinUI 3 apps), and a partial property should be used instead (as it allows the CsWinRT generators to correctly produce the necessary WinRT marshalling code) (https://aka.ms/mvvmtoolkit/errors/mvvmtk0045) [C:\Users\betom\OneDrive\Escritorio\veterinaria\Helpetd2.0\HealthPetsfrontend\FrontEndHealthPets\FrontEndHealthPets.csproj::TargetFramework=net8.0-windows10.0.19041.0]
C:\Users\betom\OneDrive\Escritorio\veterinaria\Helpetd2.0\HealthPetsfrontend\FrontEndHealthPets\ViewModels\VetProfileEditViewModel.cs(26,24): warning MVVMTK0045: The field FrontEndHealthPets.ViewModels.VetProfileEditViewModel.consultationPrice using [ObservableProperty] will generate code that is not AOT compatible in WinRT scenarios (such as UWP XAML and WinUI 3 apps), and a partial property should be used instead (as it allows the CsWinRT generators to correctly produce the necessary WinRT marshalling code) (https://aka.ms/mvvmtoolkit/errors/mvvmtk0045) [C:\Users\betom\OneDrive\Escritorio\veterinaria\Helpetd2.0\HealthPetsfrontend\FrontEndHealthPets\FrontEndHealthPets.csproj::TargetFramework=net8.0-windows10.0.19041.0]
C:\Users\betom\OneDrive\Escritorio\veterinaria\Helpetd2.0\HealthPetsfrontend\FrontEndHealthPets\ViewModels\VetProfileEditViewModel.cs(23,24): warning MVVMTK0045: The field FrontEndHealthPets.ViewModels.VetProfileEditViewModel.phone using [ObservableProperty] will generate code that is not AOT compatible in WinRT scenarios (such as UWP XAML and WinUI 3 apps), and a partial property should be used instead (as it allows the CsWinRT generators to correctly produce the necessary WinRT marshalling code) (https://aka.ms/mvvmtoolkit/errors/mvvmtk0045) [C:\Users\betom\OneDrive\Escritorio\veterinaria\Helpetd2.0\HealthPetsfrontend\FrontEndHealthPets\FrontEndHealthPets.csproj::TargetFramework=net8.0-windows10.0.19041.0]
C:\Users\betom\OneDrive\Escritorio\veterinaria\Helpetd2.0\HealthPetsfrontend\FrontEndHealthPets\ViewModels\VetProfileEditViewModel.cs(29,24): warning MVVMTK0045: The field FrontEndHealthPets.ViewModels.VetProfileEditViewModel.profileImageUrl using [ObservableProperty] will generate code that is not AOT compatible in WinRT scenarios (such as UWP XAML and WinUI 3 apps), and a partial property should be used instead (as it allows the CsWinRT generators to correctly produce the necessary WinRT marshalling code) (https://aka.ms/mvvmtoolkit/errors/mvvmtk0045) [C:\Users\betom\OneDrive\Escritorio\veterinaria\Helpetd2.0\HealthPetsfrontend\FrontEndHealthPets\FrontEndHealthPets.csproj::TargetFramework=net8.0-windows10.0.19041.0]
C:\Users\betom\OneDrive\Escritorio\veterinaria\Helpetd2.0\HealthPetsfrontend\FrontEndHealthPets\ViewModels\VetProfileEditViewModel.cs(32,22): warning MVVMTK0045: The field FrontEndHealthPets.ViewModels.VetProfileEditViewModel.isLoading using [ObservableProperty] will generate code that is not AOT compatible in WinRT scenarios (such as UWP XAML and WinUI 3 apps), and a partial property should be used instead (as it allows the CsWinRT generators to correctly produce the necessary WinRT marshalling code) (https://aka.ms/mvvmtoolkit/errors/mvvmtk0045) [C:\Users\betom\OneDrive\Escritorio\veterinaria\Helpetd2.0\HealthPetsfrontend\FrontEndHealthPets\FrontEndHealthPets.csproj::TargetFramework=net8.0-windows10.0.19041.0]
C:\Users\betom\OneDrive\Escritorio\veterinaria\Helpetd2.0\HealthPetsfrontend\FrontEndHealthPets\ViewModels\VetScheduleManagementViewModel.cs(31,24): warning MVVMTK0045: The field FrontEndHealthPets.ViewModels.VetScheduleManagementViewModel.slotDuration using [ObservableProperty] will generate code that is not AOT compatible in WinRT scenarios (such as UWP XAML and WinUI 3 apps), and a partial property should be used instead (as it allows the CsWinRT generators to correctly produce the necessary WinRT marshalling code) (https://aka.ms/mvvmtoolkit/errors/mvvmtk0045) [C:\Users\betom\OneDrive\Escritorio\veterinaria\Helpetd2.0\HealthPetsfrontend\FrontEndHealthPets\FrontEndHealthPets.csproj::TargetFramework=net8.0-windows10.0.19041.0]
C:\Users\betom\OneDrive\Escritorio\veterinaria\Helpetd2.0\HealthPetsfrontend\FrontEndHealthPets\ViewModels\VetScheduleManagementViewModel.cs(28,26): warning MVVMTK0045: The field FrontEndHealthPets.ViewModels.VetScheduleManagementViewModel.endTime using [ObservableProperty] will generate code that is not AOT compatible in WinRT scenarios (such as UWP XAML and WinUI 3 apps), and a partial property should be used instead (as it allows the CsWinRT generators to correctly produce the necessary WinRT marshalling code) (https://aka.ms/mvvmtoolkit/errors/mvvmtk0045) [C:\Users\betom\OneDrive\Escritorio\veterinaria\Helpetd2.0\HealthPetsfrontend\FrontEndHealthPets\FrontEndHealthPets.csproj::TargetFramework=net8.0-windows10.0.19041.0]
C:\Users\betom\OneDrive\Escritorio\veterinaria\Helpetd2.0\HealthPetsfrontend\FrontEndHealthPets\ViewModels\VetScheduleManagementViewModel.cs(22,21): warning MVVMTK0045: The field FrontEndHealthPets.ViewModels.VetScheduleManagementViewModel.selectedDayIndex using [ObservableProperty] will generate code that is not AOT compatible in WinRT scenarios (such as UWP XAML and WinUI 3 apps), and a partial property should be used instead (as it allows the CsWinRT generators to correctly produce the necessary WinRT marshalling code) (https://aka.ms/mvvmtoolkit/errors/mvvmtk0045) [C:\Users\betom\OneDrive\Escritorio\veterinaria\Helpetd2.0\HealthPetsfrontend\FrontEndHealthPets\FrontEndHealthPets.csproj::TargetFramework=net8.0-windows10.0.19041.0]
C:\Users\betom\OneDrive\Escritorio\veterinaria\Helpetd2.0\HealthPetsfrontend\FrontEndHealthPets\ViewModels\VetScheduleManagementViewModel.cs(25,26): warning MVVMTK0045: The field FrontEndHealthPets.ViewModels.VetScheduleManagementViewModel.startTime using [ObservableProperty] will generate code that is not AOT compatible in WinRT scenarios (such as UWP XAML and WinUI 3 apps), and a partial property should be used instead (as it allows the CsWinRT generators to correctly produce the necessary WinRT marshalling code) (https://aka.ms/mvvmtoolkit/errors/mvvmtk0045) [C:\Users\betom\OneDrive\Escritorio\veterinaria\Helpetd2.0\HealthPetsfrontend\FrontEndHealthPets\FrontEndHealthPets.csproj::TargetFramework=net8.0-windows10.0.19041.0]
C:\Users\betom\OneDrive\Escritorio\veterinaria\Helpetd2.0\HealthPetsfrontend\FrontEndHealthPets\ViewModels\VetScheduleManagementViewModel.cs(34,22): warning MVVMTK0045: The field FrontEndHealthPets.ViewModels.VetScheduleManagementViewModel.isLoading using [ObservableProperty] will generate code that is not AOT compatible in WinRT scenarios (such as UWP XAML and WinUI 3 apps), and a partial property should be used instead (as it allows the CsWinRT generators to correctly produce the necessary WinRT marshalling code) (https://aka.ms/mvvmtoolkit/errors/mvvmtk0045) [C:\Users\betom\OneDrive\Escritorio\veterinaria\Helpetd2.0\HealthPetsfrontend\FrontEndHealthPets\FrontEndHealthPets.csproj::TargetFramework=net8.0-windows10.0.19041.0]
  FrontEndHealthPets -> C:\Users\betom\OneDrive\Escritorio\veterinaria\Helpetd2.0\HealthPetsfrontend\FrontEndHealthPets\bin\Debug\net8.0-ios\iossimulator-x64\FrontEndHealthPets.dll
  FrontEndHealthPets -> C:\Users\betom\OneDrive\Escritorio\veterinaria\Helpetd2.0\HealthPetsfrontend\FrontEndHealthPets\bin\Debug\net8.0-windows10.0.19041.0\win10-x64\FrontEndHealthPets.dll
  FrontEndHealthPets -> C:\Users\betom\OneDrive\Escritorio\veterinaria\Helpetd2.0\HealthPetsfrontend\FrontEndHealthPets\bin\Debug\net8.0-android\FrontEndHealthPets.dll

Compilaci├│n correcta.

C:\Users\betom\OneDrive\Escritorio\veterinaria\Helpetd2.0\HealthPetsfrontend\FrontEndHealthPets\pruevasession.xaml.cs(7,22): warning CS8981: El nombre de tipo 'pruevasession' solo contiene caracteres ASCII en min├║sculas. Estos nombres pueden quedar reservados para el idioma. [C:\Users\betom\OneDrive\Escritorio\veterinaria\Helpetd2.0\HealthPetsfrontend\FrontEndHealthPets\FrontEndHealthPets.csproj::TargetFramework=net8.0-maccatalyst]
C:\Users\betom\OneDrive\Escritorio\veterinaria\Helpetd2.0\HealthPetsfrontend\FrontEndHealthPets\obj\Debug\net8.0-maccatalyst\maccatalyst-x64\Microsoft.Maui.Controls.SourceGen\Microsoft.Maui.Controls.SourceGen.CodeBehindGenerator\pruevasession.xaml.sg.cs(15,23): warning CS8981: El nombre de tipo 'pruevasession' solo contiene caracteres ASCII en min├║sculas. Estos nombres pueden quedar reservados para el idioma. [C:\Users\betom\OneDrive\Escritorio\veterinaria\Helpetd2.0\HealthPetsfrontend\FrontEndHealthPets\FrontEndHealthPets.csproj::TargetFramework=net8.0-maccatalyst]
C:\Users\betom\OneDrive\Escritorio\veterinaria\Helpetd2.0\HealthPetsfrontend\FrontEndHealthPets\ViewModels\VetScheduleManagementViewModel.cs(168,23): warning CS8618: El elemento propiedad "DayName" que no acepta valores NULL debe contener un valor distinto de NULL al salir del constructor. Considere la posibilidad de agregar el modificador "required'"o declarar el propiedad como un valor que acepta valores NULL. [C:\Users\betom\OneDrive\Escritorio\veterinaria\Helpetd2.0\HealthPetsfrontend\FrontEndHealthPets\FrontEndHealthPets.csproj::TargetFramework=net8.0-maccatalyst]
C:\Users\betom\OneDrive\Escritorio\veterinaria\Helpetd2.0\HealthPetsfrontend\FrontEndHealthPets\ViewModels\VetScheduleManagementViewModel.cs(172,23): warning CS8618: El elemento propiedad "TimeRange" que no acepta valores NULL debe contener un valor distinto de NULL al salir del constructor. Considere la posibilidad de agregar el modificador "required'"o declarar el propiedad como un valor que acepta valores NULL. [C:\Users\betom\OneDrive\Escritorio\veterinaria\Helpetd2.0\HealthPetsfrontend\FrontEndHealthPets\FrontEndHealthPets.csproj::TargetFramework=net8.0-maccatalyst]
C:\Users\betom\OneDrive\Escritorio\veterinaria\Helpetd2.0\HealthPetsfrontend\FrontEndHealthPets\ViewModels\VetScheduleManagementViewModel.cs(173,23): warning CS8618: El elemento propiedad "SlotInfo" que no acepta valores NULL debe contener un valor distinto de NULL al salir del constructor. Considere la posibilidad de agregar el modificador "required'"o declarar el propiedad como un valor que acepta valores NULL. [C:\Users\betom\OneDrive\Escritorio\veterinaria\Helpetd2.0\HealthPetsfrontend\FrontEndHealthPets\FrontEndHealthPets.csproj::TargetFramework=net8.0-maccatalyst]
C:\Users\betom\OneDrive\Escritorio\veterinaria\Helpetd2.0\HealthPetsfrontend\FrontEndHealthPets\Datos\Pagina_Flyout_Items.cs(12,23): warning CS8618: El elemento propiedad "Titulo" que no acepta valores NULL debe contener un valor distinto de NULL al salir del constructor. Considere la posibilidad de agregar el modificador "required'"o declarar el propiedad como un valor que acepta valores NULL. [C:\Users\betom\OneDrive\Escritorio\veterinaria\Helpetd2.0\HealthPetsfrontend\FrontEndHealthPets\FrontEndHealthPets.csproj::TargetFramework=net8.0-maccatalyst]
C:\Users\betom\OneDrive\Escritorio\veterinaria\Helpetd2.0\HealthPetsfrontend\FrontEndHealthPets\Datos\Pagina_Flyout_Items.cs(14,23): warning CS8618: El elemento propiedad "Icono" que no acepta valores NULL debe contener un valor distinto de NULL al salir del constructor. Considere la posibilidad de agregar el modificador "required'"o declarar el propiedad como un valor que acepta valores NULL. [C:\Users\betom\OneDrive\Escritorio\veterinaria\Helpetd2.0\HealthPetsfrontend\FrontEndHealthPets\FrontEndHealthPets.csproj::TargetFramework=net8.0-maccatalyst]
C:\Users\betom\OneDrive\Escritorio\veterinaria\Helpetd2.0\HealthPetsfrontend\FrontEndHealthPets\Entidades\Response\Res_ObtenerBreeds.cs(12,49): warning CS8618: El elemento propiedad "Breeds" que no acepta valores NULL debe contener un valor distinto de NULL al salir del constructor. Considere la posibilidad de agregar el modificador "required'"o declarar el propiedad como un valor que acepta valores NULL. [C:\Users\betom\OneDrive\Escritorio\veterinaria\Helpetd2.0\HealthPetsfrontend\FrontEndHealthPets\FrontEndHealthPets.csproj::TargetFramework=net8.0-maccatalyst]
C:\Users\betom\OneDrive\Escritorio\veterinaria\Helpetd2.0\HealthPetsfrontend\FrontEndHealthPets\Entidades\Response\Res_Login.cs(13,33): warning CS8618: El elemento propiedad "Registro_Usuario" que no acepta valores NULL debe contener un valor distinto de NULL al salir del constructor. Considere la posibilidad de agregar el modificador "required'"o declarar el propiedad como un valor que acepta valores NULL. [C:\Users\betom\OneDrive\Escritorio\veterinaria\Helpetd2.0\HealthPetsfrontend\FrontEndHealthPets\FrontEndHealthPets.csproj::TargetFramework=net8.0-maccatalyst]
C:\Users\betom\OneDrive\Escritorio\veterinaria\Helpetd2.0\HealthPetsfrontend\FrontEndHealthPets\Entidades\Response\Res_Base.cs(14,23): warning CS8618: El elemento propiedad "Error" que no acepta valores NULL debe contener un valor distinto de NULL al salir del constructor. Considere la posibilidad de agregar el modificador "required'"o declarar el propiedad como un valor que acepta valores NULL. [C:\Users\betom\OneDrive\Escritorio\veterinaria\Helpetd2.0\HealthPetsfrontend\FrontEndHealthPets\FrontEndHealthPets.csproj::TargetFramework=net8.0-maccatalyst]
C:\Users\betom\OneDrive\Escritorio\veterinaria\Helpetd2.0\HealthPetsfrontend\FrontEndHealthPets\Entidades\Request\Req_Usuario.cs(12,33): warning CS8618: El elemento propiedad "registro_Usuario" que no acepta valores NULL debe contener un valor distinto de NULL al salir del constructor. Considere la posibilidad de agregar el modificador "required'"o declarar el propiedad como un valor que acepta valores NULL. [C:\Users\betom\OneDrive\Escritorio\veterinaria\Helpetd2.0\HealthPetsfrontend\FrontEndHealthPets\FrontEndHealthPets.csproj::TargetFramework=net8.0-maccatalyst]
C:\Users\betom\OneDrive\Escritorio\veterinaria\Helpetd2.0\HealthPetsfrontend\FrontEndHealthPets\Entidades\Request\Req_Login.cs(11,23): warning CS8618: El elemento propiedad "Correo_Electronico" que no acepta valores NULL debe contener un valor distinto de NULL al salir del constructor. Considere la posibilidad de agregar el modificador "required'"o declarar el propiedad como un valor que acepta valores NULL. [C:\Users\betom\OneDrive\Escritorio\veterinaria\Helpetd2.0\HealthPetsfrontend\FrontEndHealthPets\FrontEndHealthPets.csproj::TargetFramework=net8.0-maccatalyst]
C:\Users\betom\OneDrive\Escritorio\veterinaria\Helpetd2.0\HealthPetsfrontend\FrontEndHealthPets\Entidades\Request\Req_Login.cs(12,23): warning CS8618: El elemento propiedad "Contrasena" que no acepta valores NULL debe contener un valor distinto de NULL al salir del constructor. Considere la posibilidad de agregar el modificador "required'"o declarar el propiedad como un valor que acepta valores NULL. [C:\Users\betom\OneDrive\Escritorio\veterinaria\Helpetd2.0\HealthPetsfrontend\FrontEndHealthPets\FrontEndHealthPets.csproj::TargetFramework=net8.0-maccatalyst]
C:\Users\betom\OneDrive\Escritorio\veterinaria\Helpetd2.0\HealthPetsfrontend\FrontEndHealthPets\Entidades\Entitys\Registro_Usuario.cs(14,23): warning CS8618: El elemento propiedad "Nombre" que no acepta valores NULL debe contener un valor distinto de NULL al salir del constructor. Considere la posibilidad de agregar el modificador "required'"o declarar el propiedad como un valor que acepta valores NULL. [C:\Users\betom\OneDrive\Escritorio\veterinaria\Helpetd2.0\HealthPetsfrontend\FrontEndHealthPets\FrontEndHealthPets.csproj::TargetFramework=net8.0-maccatalyst]
C:\Users\betom\OneDrive\Escritorio\veterinaria\Helpetd2.0\HealthPetsfrontend\FrontEndHealthPets\Entidades\Entitys\Registro_Usuario.cs(15,23): warning CS8618: El elemento propiedad "Apellidos" que no acepta valores NULL debe contener un valor distinto de NULL al salir del constructor. Considere la posibilidad de agregar el modificador "required'"o declarar el propiedad como un valor que acepta valores NULL. [C:\Users\betom\OneDrive\Escritorio\veterinaria\Helpetd2.0\HealthPetsfrontend\FrontEndHealthPets\FrontEndHealthPets.csproj::TargetFramework=net8.0-maccatalyst]
C:\Users\betom\OneDrive\Escritorio\veterinaria\Helpetd2.0\HealthPetsfrontend\FrontEndHealthPets\Entidades\Entitys\Registro_Usuario.cs(16,23): warning CS8618: El elemento propiedad "Correo_Electronico" que no acepta valores NULL debe contener un valor distinto de NULL al salir del constructor. Considere la posibilidad de agregar el modificador "required'"o declarar el propiedad como un valor que acepta valores NULL. [C:\Users\betom\OneDrive\Escritorio\veterinaria\Helpetd2.0\HealthPetsfrontend\FrontEndHealthPets\FrontEndHealthPets.csproj::TargetFramework=net8.0-maccatalyst]
C:\Users\betom\OneDrive\Escritorio\veterinaria\Helpetd2.0\HealthPetsfrontend\FrontEndHealthPets\Entidades\Entitys\Registro_Usuario.cs(18,23): warning CS8618: El elemento propiedad "Confirmacion_Correo_Electronico" que no acepta valores NULL debe contener un valor distinto de NULL al salir del constructor. Considere la posibilidad de agregar el modificador "required'"o declarar el propiedad como un valor que acepta valores NULL. [C:\Users\betom\OneDrive\Escritorio\veterinaria\Helpetd2.0\HealthPetsfrontend\FrontEndHealthPets\FrontEndHealthPets.csproj::TargetFramework=net8.0-maccatalyst]
C:\Users\betom\OneDrive\Escritorio\veterinaria\Helpetd2.0\HealthPetsfrontend\FrontEndHealthPets\Entidades\Entitys\Registro_Usuario.cs(19,23): warning CS8618: El elemento propiedad "Password" que no acepta valores NULL debe contener un valor distinto de NULL al salir del constructor. Considere la posibilidad de agregar el modificador "required'"o declarar el propiedad como un valor que acepta valores NULL. [C:\Users\betom\OneDrive\Escritorio\veterinaria\Helpetd2.0\HealthPetsfrontend\FrontEndHealthPets\FrontEndHealthPets.csproj::TargetFramework=net8.0-maccatalyst]
C:\Users\betom\OneDrive\Escritorio\veterinaria\Helpetd2.0\HealthPetsfrontend\FrontEndHealthPets\Entidades\Entitys\Registro_Usuario.cs(21,23): warning CS8618: El elemento propiedad "Confirmar_Password" que no acepta valores NULL debe contener un valor distinto de NULL al salir del constructor. Considere la posibilidad de agregar el modificador "required'"o declarar el propiedad como un valor que acepta valores NULL. [C:\Users\betom\OneDrive\Escritorio\veterinaria\Helpetd2.0\HealthPetsfrontend\FrontEndHealthPets\FrontEndHealthPets.csproj::TargetFramework=net8.0-maccatalyst]
C:\Users\betom\OneDrive\Escritorio\veterinaria\Helpetd2.0\HealthPetsfrontend\FrontEndHealthPets\Entidades\Entitys\Registro_Usuario.cs(23,23): warning CS8618: El elemento propiedad "numero_verificacion" que no acepta valores NULL debe contener un valor distinto de NULL al salir del constructor. Considere la posibilidad de agregar el modificador "required'"o declarar el propiedad como un valor que acepta valores NULL. [C:\Users\betom\OneDrive\Escritorio\veterinaria\Helpetd2.0\HealthPetsfrontend\FrontEndHealthPets\FrontEndHealthPets.csproj::TargetFramework=net8.0-maccatalyst]
C:\Users\betom\OneDrive\Escritorio\veterinaria\Helpetd2.0\HealthPetsfrontend\FrontEndHealthPets\Entidades\Entitys\Registro_Usuario.cs(25,23): warning CS8618: El elemento propiedad "token" que no acepta valores NULL debe contener un valor distinto de NULL al salir del constructor. Considere la posibilidad de agregar el modificador "required'"o declarar el propiedad como un valor que acepta valores NULL. [C:\Users\betom\OneDrive\Escritorio\veterinaria\Helpetd2.0\HealthPetsfrontend\FrontEndHealthPets\FrontEndHealthPets.csproj::TargetFramework=net8.0-maccatalyst]
C:\Users\betom\OneDrive\Escritorio\veterinaria\Helpetd2.0\HealthPetsfrontend\FrontEndHealthPets\Entidades\Entitys\Razas_Perros.cs(12,23): warning CS8618: El elemento propiedad "Nombre" que no acepta valores NULL debe contener un valor distinto de NULL al salir del constructor. Considere la posibilidad de agregar el modificador "required'"o declarar el propiedad como un valor que acepta valores NULL. [C:\Users\betom\OneDrive\Escritorio\veterinaria\Helpetd2.0\HealthPetsfrontend\FrontEndHealthPets\FrontEndHealthPets.csproj::TargetFramework=net8.0-maccatalyst]
C:\Users\betom\OneDrive\Escritorio\veterinaria\Helpetd2.0\HealthPetsfrontend\FrontEndHealthPets\Entidades\Entitys\Razas_Perros.cs(13,23): warning CS8618: El elemento propiedad "Descripcion" que no acepta valores NULL debe contener un valor distinto de NULL al salir del constructor. Considere la posibilidad de agregar el modificador "required'"o declarar el propiedad como un valor que acepta valores NULL. [C:\Users\betom\OneDrive\Escritorio\veterinaria\Helpetd2.0\HealthPetsfrontend\FrontEndHealthPets\FrontEndHealthPets.csproj::TargetFramework=net8.0-maccatalyst]
C:\Users\betom\OneDrive\Escritorio\veterinaria\Helpetd2.0\HealthPetsfrontend\FrontEndHealthPets\Entidades\Entitys\Sesion.cs(12,30): warning CS8618: El elemento propiedad "nombre" que no acepta valores NULL debe contener un valor distinto de NULL al salir del constructor. Considere la posibilidad de agregar el modificador "required'"o declarar el propiedad como un valor que acepta valores NULL. [C:\Users\betom\OneDrive\Escritorio\veterinaria\Helpetd2.0\HealthPetsfrontend\FrontEndHealthPets\FrontEndHealthPets.csproj::TargetFramework=net8.0-maccatalyst]
C:\Users\betom\OneDrive\Escritorio\veterinaria\Helpetd2.0\HealthPetsfrontend\FrontEndHealthPets\Entidades\Entitys\Sesion.cs(13,30): warning CS8618: El elemento propiedad "apellidos" que no acepta valores NULL debe contener un valor distinto de NULL al salir del constructor. Considere la posibilidad de agregar el modificador "required'"o declarar el propiedad como un valor que acepta valores NULL. [C:\Users\betom\OneDrive\Escritorio\veterinaria\Helpetd2.0\HealthPetsfrontend\FrontEndHealthPets\FrontEndHealthPets.csproj::TargetFramework=net8.0-maccatalyst]
C:\Users\betom\OneDrive\Escritorio\veterinaria\Helpetd2.0\HealthPetsfrontend\FrontEndHealthPets\Entidades\Entitys\Sesion.cs(15,30): warning CS8618: El elemento propiedad "Correo_Electronico" que no acepta valores NULL debe contener un valor distinto de NULL al salir del constructor. Considere la posibilidad de agregar el modificador "required'"o declarar el propiedad como un valor que acepta valores NULL. [C:\Users\betom\OneDrive\Escritorio\veterinaria\Helpetd2.0\HealthPetsfrontend\FrontEndHealthPets\FrontEndHealthPets.csproj::TargetFramework=net8.0-maccatalyst]
C:\Users\betom\OneDrive\Escritorio\veterinaria\Helpetd2.0\HealthPetsfrontend\FrontEndHealthPets\Entidades\Entitys\Sesion.cs(17,30): warning CS8618: El elemento propiedad "Password" que no acepta valores NULL debe contener un valor distinto de NULL al salir del constructor. Considere la posibilidad de agregar el modificador "required'"o declarar el propiedad como un valor que acepta valores NULL. [C:\Users\betom\OneDrive\Escritorio\veterinaria\Helpetd2.0\HealthPetsfrontend\FrontEndHealthPets\FrontEndHealthPets.csproj::TargetFramework=net8.0-maccatalyst]
C:\Users\betom\OneDrive\Escritorio\veterinaria\Helpetd2.0\HealthPetsfrontend\FrontEndHealthPets\Entidades\Entitys\Sesion.cs(19,30): warning CS8618: El elemento propiedad "token" que no acepta valores NULL debe contener un valor distinto de NULL al salir del constructor. Considere la posibilidad de agregar el modificador "required'"o declarar el propiedad como un valor que acepta valores NULL. [C:\Users\betom\OneDrive\Escritorio\veterinaria\Helpetd2.0\HealthPetsfrontend\FrontEndHealthPets\FrontEndHealthPets.csproj::TargetFramework=net8.0-maccatalyst]
C:\Users\betom\OneDrive\Escritorio\veterinaria\Helpetd2.0\HealthPetsfrontend\FrontEndHealthPets\ViewModels\VetScheduleManagementViewModel.cs(76,23): warning CS8602: Desreferencia de una referencia posiblemente NULL. [C:\Users\betom\OneDrive\Escritorio\veterinaria\Helpetd2.0\HealthPetsfrontend\FrontEndHealthPets\FrontEndHealthPets.csproj::TargetFramework=net8.0-maccatalyst]
C:\Users\betom\OneDrive\Escritorio\veterinaria\Helpetd2.0\HealthPetsfrontend\FrontEndHealthPets\ViewModels\VetScheduleManagementViewModel.cs(76,23): warning CS8602: Desreferencia de una referencia posiblemente NULL. [C:\Users\betom\OneDrive\Escritorio\veterinaria\Helpetd2.0\HealthPetsfrontend\FrontEndHealthPets\FrontEndHealthPets.csproj::TargetFramework=net8.0-maccatalyst]
C:\Users\betom\OneDrive\Escritorio\veterinaria\Helpetd2.0\HealthPetsfrontend\FrontEndHealthPets\ViewModels\VetScheduleManagementViewModel.cs(89,23): warning CS8602: Desreferencia de una referencia posiblemente NULL. [C:\Users\betom\OneDrive\Escritorio\veterinaria\Helpetd2.0\HealthPetsfrontend\FrontEndHealthPets\FrontEndHealthPets.csproj::TargetFramework=net8.0-maccatalyst]
C:\Users\betom\OneDrive\Escritorio\veterinaria\Helpetd2.0\HealthPetsfrontend\FrontEndHealthPets\ViewModels\VetScheduleManagementViewModel.cs(89,23): warning CS8602: Desreferencia de una referencia posiblemente NULL. [C:\Users\betom\OneDrive\Escritorio\veterinaria\Helpetd2.0\HealthPetsfrontend\FrontEndHealthPets\FrontEndHealthPets.csproj::TargetFramework=net8.0-maccatalyst]
C:\Users\betom\OneDrive\Escritorio\veterinaria\Helpetd2.0\HealthPetsfrontend\FrontEndHealthPets\ViewModels\VetScheduleManagementViewModel.cs(95,23): warning CS8602: Desreferencia de una referencia posiblemente NULL. [C:\Users\betom\OneDrive\Escritorio\veterinaria\Helpetd2.0\HealthPetsfrontend\FrontEndHealthPets\FrontEndHealthPets.csproj::TargetFramework=net8.0-maccatalyst]
C:\Users\betom\OneDrive\Escritorio\veterinaria\Helpetd2.0\HealthPetsfrontend\FrontEndHealthPets\ViewModels\VetScheduleManagementViewModel.cs(95,23): warning CS8602: Desreferencia de una referencia posiblemente NULL. [C:\Users\betom\OneDrive\Escritorio\veterinaria\Helpetd2.0\HealthPetsfrontend\FrontEndHealthPets\FrontEndHealthPets.csproj::TargetFramework=net8.0-maccatalyst]
C:\Users\betom\OneDrive\Escritorio\veterinaria\Helpetd2.0\HealthPetsfrontend\FrontEndHealthPets\ViewModels\VetScheduleManagementViewModel.cs(108,27): warning CS8602: Desreferencia de una referencia posiblemente NULL. [C:\Users\betom\OneDrive\Escritorio\veterinaria\Helpetd2.0\HealthPetsfrontend\FrontEndHealthPets\FrontEndHealthPets.csproj::TargetFramework=net8.0-maccatalyst]
C:\Users\betom\OneDrive\Escritorio\veterinaria\Helpetd2.0\HealthPetsfrontend\FrontEndHealthPets\ViewModels\VetScheduleManagementViewModel.cs(108,27): warning CS8602: Desreferencia de una referencia posiblemente NULL. [C:\Users\betom\OneDrive\Escritorio\veterinaria\Helpetd2.0\HealthPetsfrontend\FrontEndHealthPets\FrontEndHealthPets.csproj::TargetFramework=net8.0-maccatalyst]
C:\Users\betom\OneDrive\Escritorio\veterinaria\Helpetd2.0\HealthPetsfrontend\FrontEndHealthPets\ViewModels\VetScheduleManagementViewModel.cs(113,27): warning CS8602: Desreferencia de una referencia posiblemente NULL. [C:\Users\betom\OneDrive\Escritorio\veterinaria\Helpetd2.0\HealthPetsfrontend\FrontEndHealthPets\FrontEndHealthPets.csproj::TargetFramework=net8.0-maccatalyst]
C:\Users\betom\OneDrive\Escritorio\veterinaria\Helpetd2.0\HealthPetsfrontend\FrontEndHealthPets\ViewModels\VetScheduleManagementViewModel.cs(113,27): warning CS8602: Desreferencia de una referencia posiblemente NULL. [C:\Users\betom\OneDrive\Escritorio\veterinaria\Helpetd2.0\HealthPetsfrontend\FrontEndHealthPets\FrontEndHealthPets.csproj::TargetFramework=net8.0-maccatalyst]
C:\Users\betom\OneDrive\Escritorio\veterinaria\Helpetd2.0\HealthPetsfrontend\FrontEndHealthPets\ViewModels\VetScheduleManagementViewModel.cs(118,23): warning CS8602: Desreferencia de una referencia posiblemente NULL. [C:\Users\betom\OneDrive\Escritorio\veterinaria\Helpetd2.0\HealthPetsfrontend\FrontEndHealthPets\FrontEndHealthPets.csproj::TargetFramework=net8.0-maccatalyst]
C:\Users\betom\OneDrive\Escritorio\veterinaria\Helpetd2.0\HealthPetsfrontend\FrontEndHealthPets\ViewModels\VetScheduleManagementViewModel.cs(118,23): warning CS8602: Desreferencia de una referencia posiblemente NULL. [C:\Users\betom\OneDrive\Escritorio\veterinaria\Helpetd2.0\HealthPetsfrontend\FrontEndHealthPets\FrontEndHealthPets.csproj::TargetFramework=net8.0-maccatalyst]
C:\Users\betom\OneDrive\Escritorio\veterinaria\Helpetd2.0\HealthPetsfrontend\FrontEndHealthPets\ViewModels\VetScheduleManagementViewModel.cs(131,34): warning CS8602: Desreferencia de una referencia posiblemente NULL. [C:\Users\betom\OneDrive\Escritorio\veterinaria\Helpetd2.0\HealthPetsfrontend\FrontEndHealthPets\FrontEndHealthPets.csproj::TargetFramework=net8.0-maccatalyst]
C:\Users\betom\OneDrive\Escritorio\veterinaria\Helpetd2.0\HealthPetsfrontend\FrontEndHealthPets\ViewModels\VetScheduleManagementViewModel.cs(131,34): warning CS8602: Desreferencia de una referencia posiblemente NULL. [C:\Users\betom\OneDrive\Escritorio\veterinaria\Helpetd2.0\HealthPetsfrontend\FrontEndHealthPets\FrontEndHealthPets.csproj::TargetFramework=net8.0-maccatalyst]
C:\Users\betom\OneDrive\Escritorio\veterinaria\Helpetd2.0\HealthPetsfrontend\FrontEndHealthPets\ViewModels\VetProfileEditViewModel.cs(34,16): warning CS8618: El elemento campo "name" que no acepta valores NULL debe contener un valor distinto de NULL al salir del constructor. Considere la posibilidad de agregar el modificador "required'"o declarar el campo como un valor que acepta valores NULL. [C:\Users\betom\OneDrive\Escritorio\veterinaria\Helpetd2.0\HealthPetsfrontend\FrontEndHealthPets\FrontEndHealthPets.csproj::TargetFramework=net8.0-maccatalyst]
C:\Users\betom\OneDrive\Escritorio\veterinaria\Helpetd2.0\HealthPetsfrontend\FrontEndHealthPets\ViewModels\VetProfileEditViewModel.cs(34,16): warning CS8618: El elemento campo "specialty" que no acepta valores NULL debe contener un valor distinto de NULL al salir del constructor. Considere la posibilidad de agregar el modificador "required'"o declarar el campo como un valor que acepta valores NULL. [C:\Users\betom\OneDrive\Escritorio\veterinaria\Helpetd2.0\HealthPetsfrontend\FrontEndHealthPets\FrontEndHealthPets.csproj::TargetFramework=net8.0-maccatalyst]
C:\Users\betom\OneDrive\Escritorio\veterinaria\Helpetd2.0\HealthPetsfrontend\FrontEndHealthPets\ViewModels\VetProfileEditViewModel.cs(34,16): warning CS8618: El elemento campo "description" que no acepta valores NULL debe contener un valor distinto de NULL al salir del constructor. Considere la posibilidad de agregar el modificador "required'"o declarar el campo como un valor que acepta valores NULL. [C:\Users\betom\OneDrive\Escritorio\veterinaria\Helpetd2.0\HealthPetsfrontend\FrontEndHealthPets\FrontEndHealthPets.csproj::TargetFramework=net8.0-maccatalyst]
C:\Users\betom\OneDrive\Escritorio\veterinaria\Helpetd2.0\HealthPetsfrontend\FrontEndHealthPets\ViewModels\VetProfileEditViewModel.cs(34,16): warning CS8618: El elemento campo "phone" que no acepta valores NULL debe contener un valor distinto de NULL al salir del constructor. Considere la posibilidad de agregar el modificador "required'"o declarar el campo como un valor que acepta valores NULL. [C:\Users\betom\OneDrive\Escritorio\veterinaria\Helpetd2.0\HealthPetsfrontend\FrontEndHealthPets\FrontEndHealthPets.csproj::TargetFramework=net8.0-maccatalyst]
C:\Users\betom\OneDrive\Escritorio\veterinaria\Helpetd2.0\HealthPetsfrontend\FrontEndHealthPets\ViewModels\VetProfileEditViewModel.cs(34,16): warning CS8618: El elemento campo "consultationPrice" que no acepta valores NULL debe contener un valor distinto de NULL al salir del constructor. Considere la posibilidad de agregar el modificador "required'"o declarar el campo como un valor que acepta valores NULL. [C:\Users\betom\OneDrive\Escritorio\veterinaria\Helpetd2.0\HealthPetsfrontend\FrontEndHealthPets\FrontEndHealthPets.csproj::TargetFramework=net8.0-maccatalyst]
C:\Users\betom\OneDrive\Escritorio\veterinaria\Helpetd2.0\HealthPetsfrontend\FrontEndHealthPets\ViewModels\VetProfileEditViewModel.cs(34,16): warning CS8618: El elemento campo "profileImageUrl" que no acepta valores NULL debe contener un valor distinto de NULL al salir del constructor. Considere la posibilidad de agregar el modificador "required'"o declarar el campo como un valor que acepta valores NULL. [C:\Users\betom\OneDrive\Escritorio\veterinaria\Helpetd2.0\HealthPetsfrontend\FrontEndHealthPets\FrontEndHealthPets.csproj::TargetFramework=net8.0-maccatalyst]
C:\Users\betom\OneDrive\Escritorio\veterinaria\Helpetd2.0\HealthPetsfrontend\FrontEndHealthPets\Modelos\DogApiService.cs(22,20): warning CS8603: Posible tipo de valor devuelto de referencia nulo. [C:\Users\betom\OneDrive\Escritorio\veterinaria\Helpetd2.0\HealthPetsfrontend\FrontEndHealthPets\FrontEndHealthPets.csproj::TargetFramework=net8.0-maccatalyst]
C:\Users\betom\OneDrive\Escritorio\veterinaria\Helpetd2.0\HealthPetsfrontend\FrontEndHealthPets\Modelos\DogApiService.cs(29,20): warning CS8603: Posible tipo de valor devuelto de referencia nulo. [C:\Users\betom\OneDrive\Escritorio\veterinaria\Helpetd2.0\HealthPetsfrontend\FrontEndHealthPets\FrontEndHealthPets.csproj::TargetFramework=net8.0-maccatalyst]
C:\Users\betom\OneDrive\Escritorio\veterinaria\Helpetd2.0\HealthPetsfrontend\FrontEndHealthPets\ViewModels\VetProfileEditViewModel.cs(60,33): warning CS8601: Posible asignaci├│n de referencia nula. [C:\Users\betom\OneDrive\Escritorio\veterinaria\Helpetd2.0\HealthPetsfrontend\FrontEndHealthPets\FrontEndHealthPets.csproj::TargetFramework=net8.0-maccatalyst]
C:\Users\betom\OneDrive\Escritorio\veterinaria\Helpetd2.0\HealthPetsfrontend\FrontEndHealthPets\ViewModels\VetProfileEditViewModel.cs(61,35): warning CS8601: Posible asignaci├│n de referencia nula. [C:\Users\betom\OneDrive\Escritorio\veterinaria\Helpetd2.0\HealthPetsfrontend\FrontEndHealthPets\FrontEndHealthPets.csproj::TargetFramework=net8.0-maccatalyst]
C:\Users\betom\OneDrive\Escritorio\veterinaria\Helpetd2.0\HealthPetsfrontend\FrontEndHealthPets\ViewModels\VetProfileEditViewModel.cs(62,29): warning CS8601: Posible asignaci├│n de referencia nula. [C:\Users\betom\OneDrive\Escritorio\veterinaria\Helpetd2.0\HealthPetsfrontend\FrontEndHealthPets\FrontEndHealthPets.csproj::TargetFramework=net8.0-maccatalyst]
C:\Users\betom\OneDrive\Escritorio\veterinaria\Helpetd2.0\HealthPetsfrontend\FrontEndHealthPets\ViewModels\VetProfileEditViewModel.cs(64,39): warning CS8601: Posible asignaci├│n de referencia nula. [C:\Users\betom\OneDrive\Escritorio\veterinaria\Helpetd2.0\HealthPetsfrontend\FrontEndHealthPets\FrontEndHealthPets.csproj::TargetFramework=net8.0-maccatalyst]
C:\Users\betom\OneDrive\Escritorio\veterinaria\Helpetd2.0\HealthPetsfrontend\FrontEndHealthPets\Modelos\UsuarioViewModel.cs(12,23): warning CS8618: El elemento propiedad "Nombre" que no acepta valores NULL debe contener un valor distinto de NULL al salir del constructor. Considere la posibilidad de agregar el modificador "required'"o declarar el propiedad como un valor que acepta valores NULL. [C:\Users\betom\OneDrive\Escritorio\veterinaria\Helpetd2.0\HealthPetsfrontend\FrontEndHealthPets\FrontEndHealthPets.csproj::TargetFramework=net8.0-maccatalyst]
C:\Users\betom\OneDrive\Escritorio\veterinaria\Helpetd2.0\HealthPetsfrontend\FrontEndHealthPets\Modelos\UsuarioViewModel.cs(13,23): warning CS8618: El elemento propiedad "Apellido" que no acepta valores NULL debe contener un valor distinto de NULL al salir del constructor. Considere la posibilidad de agregar el modificador "required'"o declarar el propiedad como un valor que acepta valores NULL. [C:\Users\betom\OneDrive\Escritorio\veterinaria\Helpetd2.0\HealthPetsfrontend\FrontEndHealthPets\FrontEndHealthPets.csproj::TargetFramework=net8.0-maccatalyst]
C:\Users\betom\OneDrive\Escritorio\veterinaria\Helpetd2.0\HealthPetsfrontend\FrontEndHealthPets\Modelos\UsuarioViewModel.cs(14,23): warning CS8618: El elemento propiedad "CorreoElectronico" que no acepta valores NULL debe contener un valor distinto de NULL al salir del constructor. Considere la posibilidad de agregar el modificador "required'"o declarar el propiedad como un valor que acepta valores NULL. [C:\Users\betom\OneDrive\Escritorio\veterinaria\Helpetd2.0\HealthPetsfrontend\FrontEndHealthPets\FrontEndHealthPets.csproj::TargetFramework=net8.0-maccatalyst]
C:\Users\betom\OneDrive\Escritorio\veterinaria\Helpetd2.0\HealthPetsfrontend\FrontEndHealthPets\Modelos\UsuarioViewModel.cs(16,23): warning CS8618: El elemento propiedad "Password" que no acepta valores NULL debe contener un valor distinto de NULL al salir del constructor. Considere la posibilidad de agregar el modificador "required'"o declarar el propiedad como un valor que acepta valores NULL. [C:\Users\betom\OneDrive\Escritorio\veterinaria\Helpetd2.0\HealthPetsfrontend\FrontEndHealthPets\FrontEndHealthPets.csproj::TargetFramework=net8.0-maccatalyst]
C:\Users\betom\OneDrive\Escritorio\veterinaria\Helpetd2.0\HealthPetsfrontend\FrontEndHealthPets\Modelos\UsuarioViewModel.cs(18,23): warning CS8618: El elemento propiedad "Passwoord" que no acepta valores NULL debe contener un valor distinto de NULL al salir del constructor. Considere la posibilidad de agregar el modificador "required'"o declarar el propiedad como un valor que acepta valores NULL. [C:\Users\betom\OneDrive\Escritorio\veterinaria\Helpetd2.0\HealthPetsfrontend\FrontEndHealthPets\FrontEndHealthPets.csproj::TargetFramework=net8.0-maccatalyst]
C:\Users\betom\OneDrive\Escritorio\veterinaria\Helpetd2.0\HealthPetsfrontend\FrontEndHealthPets\ViewModels\VetProfileEditViewModel.cs(109,31): warning CS8602: Desreferencia de una referencia posiblemente NULL. [C:\Users\betom\OneDrive\Escritorio\veterinaria\Helpetd2.0\HealthPetsfrontend\FrontEndHealthPets\FrontEndHealthPets.csproj::TargetFramework=net8.0-maccatalyst]
C:\Users\betom\OneDrive\Escritorio\veterinaria\Helpetd2.0\HealthPetsfrontend\FrontEndHealthPets\ViewModels\VetProfileEditViewModel.cs(109,31): warning CS8602: Desreferencia de una referencia posiblemente NULL. [C:\Users\betom\OneDrive\Escritorio\veterinaria\Helpetd2.0\HealthPetsfrontend\FrontEndHealthPets\FrontEndHealthPets.csproj::TargetFramework=net8.0-maccatalyst]
C:\Users\betom\OneDrive\Escritorio\veterinaria\Helpetd2.0\HealthPetsfrontend\FrontEndHealthPets\ViewModels\VetProfileEditViewModel.cs(113,31): warning CS8602: Desreferencia de una referencia posiblemente NULL. [C:\Users\betom\OneDrive\Escritorio\veterinaria\Helpetd2.0\HealthPetsfrontend\FrontEndHealthPets\FrontEndHealthPets.csproj::TargetFramework=net8.0-maccatalyst]
C:\Users\betom\OneDrive\Escritorio\veterinaria\Helpetd2.0\HealthPetsfrontend\FrontEndHealthPets\ViewModels\VetProfileEditViewModel.cs(113,31): warning CS8602: Desreferencia de una referencia posiblemente NULL. [C:\Users\betom\OneDrive\Escritorio\veterinaria\Helpetd2.0\HealthPetsfrontend\FrontEndHealthPets\FrontEndHealthPets.csproj::TargetFramework=net8.0-maccatalyst]
C:\Users\betom\OneDrive\Escritorio\veterinaria\Helpetd2.0\HealthPetsfrontend\FrontEndHealthPets\ViewModels\VetProfileEditViewModel.cs(119,23): warning CS8602: Desreferencia de una referencia posiblemente NULL. [C:\Users\betom\OneDrive\Escritorio\veterinaria\Helpetd2.0\HealthPetsfrontend\FrontEndHealthPets\FrontEndHealthPets.csproj::TargetFramework=net8.0-maccatalyst]
C:\Users\betom\OneDrive\Escritorio\veterinaria\Helpetd2.0\HealthPetsfrontend\FrontEndHealthPets\ViewModels\VetProfileEditViewModel.cs(119,23): warning CS8602: Desreferencia de una referencia posiblemente NULL. [C:\Users\betom\OneDrive\Escritorio\veterinaria\Helpetd2.0\HealthPetsfrontend\FrontEndHealthPets\FrontEndHealthPets.csproj::TargetFramework=net8.0-maccatalyst]
C:\Users\betom\OneDrive\Escritorio\veterinaria\Helpetd2.0\HealthPetsfrontend\FrontEndHealthPets\ViewModels\VetProfileEditViewModel.cs(132,23): warning CS8602: Desreferencia de una referencia posiblemente NULL. [C:\Users\betom\OneDrive\Escritorio\veterinaria\Helpetd2.0\HealthPetsfrontend\FrontEndHealthPets\FrontEndHealthPets.csproj::TargetFramework=net8.0-maccatalyst]
C:\Users\betom\OneDrive\Escritorio\veterinaria\Helpetd2.0\HealthPetsfrontend\FrontEndHealthPets\ViewModels\VetProfileEditViewModel.cs(132,23): warning CS8602: Desreferencia de una referencia posiblemente NULL. [C:\Users\betom\OneDrive\Escritorio\veterinaria\Helpetd2.0\HealthPetsfrontend\FrontEndHealthPets\FrontEndHealthPets.csproj::TargetFramework=net8.0-maccatalyst]
C:\Users\betom\OneDrive\Escritorio\veterinaria\Helpetd2.0\HealthPetsfrontend\FrontEndHealthPets\ViewModels\VetProfileEditViewModel.cs(148,27): warning CS8602: Desreferencia de una referencia posiblemente NULL. [C:\Users\betom\OneDrive\Escritorio\veterinaria\Helpetd2.0\HealthPetsfrontend\FrontEndHealthPets\FrontEndHealthPets.csproj::TargetFramework=net8.0-maccatalyst]
C:\Users\betom\OneDrive\Escritorio\veterinaria\Helpetd2.0\HealthPetsfrontend\FrontEndHealthPets\ViewModels\VetProfileEditViewModel.cs(148,27): warning CS8602: Desreferencia de una referencia posiblemente NULL. [C:\Users\betom\OneDrive\Escritorio\veterinaria\Helpetd2.0\HealthPetsfrontend\FrontEndHealthPets\FrontEndHealthPets.csproj::TargetFramework=net8.0-maccatalyst]
C:\Users\betom\OneDrive\Escritorio\veterinaria\Helpetd2.0\HealthPetsfrontend\FrontEndHealthPets\ViewModels\VetProfileEditViewModel.cs(152,27): warning CS8602: Desreferencia de una referencia posiblemente NULL. [C:\Users\betom\OneDrive\Escritorio\veterinaria\Helpetd2.0\HealthPetsfrontend\FrontEndHealthPets\FrontEndHealthPets.csproj::TargetFramework=net8.0-maccatalyst]
C:\Users\betom\OneDrive\Escritorio\veterinaria\Helpetd2.0\HealthPetsfrontend\FrontEndHealthPets\ViewModels\VetProfileEditViewModel.cs(152,27): warning CS8602: Desreferencia de una referencia posiblemente NULL. [C:\Users\betom\OneDrive\Escritorio\veterinaria\Helpetd2.0\HealthPetsfrontend\FrontEndHealthPets\FrontEndHealthPets.csproj::TargetFramework=net8.0-maccatalyst]
C:\Users\betom\OneDrive\Escritorio\veterinaria\Helpetd2.0\HealthPetsfrontend\FrontEndHealthPets\ViewModels\VetProfileEditViewModel.cs(157,23): warning CS8602: Desreferencia de una referencia posiblemente NULL. [C:\Users\betom\OneDrive\Escritorio\veterinaria\Helpetd2.0\HealthPetsfrontend\FrontEndHealthPets\FrontEndHealthPets.csproj::TargetFramework=net8.0-maccatalyst]
C:\Users\betom\OneDrive\Escritorio\veterinaria\Helpetd2.0\HealthPetsfrontend\FrontEndHealthPets\ViewModels\VetProfileEditViewModel.cs(157,23): warning CS8602: Desreferencia de una referencia posiblemente NULL. [C:\Users\betom\OneDrive\Escritorio\veterinaria\Helpetd2.0\HealthPetsfrontend\FrontEndHealthPets\FrontEndHealthPets.csproj::TargetFramework=net8.0-maccatalyst]
C:\Users\betom\OneDrive\Escritorio\veterinaria\Helpetd2.0\HealthPetsfrontend\FrontEndHealthPets\Models\VetSchedule.cs(18,23): warning CS8618: El elemento propiedad "DayName" que no acepta valores NULL debe contener un valor distinto de NULL al salir del constructor. Considere la posibilidad de agregar el modificador "required'"o declarar el propiedad como un valor que acepta valores NULL. [C:\Users\betom\OneDrive\Escritorio\veterinaria\Helpetd2.0\HealthPetsfrontend\FrontEndHealthPets\FrontEndHealthPets.csproj::TargetFramework=net8.0-maccatalyst]
C:\Users\betom\OneDrive\Escritorio\veterinaria\Helpetd2.0\HealthPetsfrontend\FrontEndHealthPets\Models\Veterinarian.cs(12,23): warning CS8618: El elemento propiedad "Name" que no acepta valores NULL debe contener un valor distinto de NULL al salir del constructor. Considere la posibilidad de agregar el modificador "required'"o declarar el propiedad como un valor que acepta valores NULL. [C:\Users\betom\OneDrive\Escritorio\veterinaria\Helpetd2.0\HealthPetsfrontend\FrontEndHealthPets\FrontEndHealthPets.csproj::TargetFramework=net8.0-maccatalyst]
C:\Users\betom\OneDrive\Escritorio\veterinaria\Helpetd2.0\HealthPetsfrontend\FrontEndHealthPets\Models\Veterinarian.cs(15,23): warning CS8618: El elemento propiedad "Email" que no acepta valores NULL debe contener un valor distinto de NULL al salir del constructor. Considere la posibilidad de agregar el modificador "required'"o declarar el propiedad como un valor que acepta valores NULL. [C:\Users\betom\OneDrive\Escritorio\veterinaria\Helpetd2.0\HealthPetsfrontend\FrontEndHealthPets\FrontEndHealthPets.csproj::TargetFramework=net8.0-maccatalyst]
C:\Users\betom\OneDrive\Escritorio\veterinaria\Helpetd2.0\HealthPetsfrontend\FrontEndHealthPets\Models\VetAppointment.cs(15,23): warning CS8618: El elemento propiedad "VeterinarianName" que no acepta valores NULL debe contener un valor distinto de NULL al salir del constructor. Considere la posibilidad de agregar el modificador "required'"o declarar el propiedad como un valor que acepta valores NULL. [C:\Users\betom\OneDrive\Escritorio\veterinaria\Helpetd2.0\HealthPetsfrontend\FrontEndHealthPets\FrontEndHealthPets.csproj::TargetFramework=net8.0-maccatalyst]
C:\Users\betom\OneDrive\Escritorio\veterinaria\Helpetd2.0\HealthPetsfrontend\FrontEndHealthPets\Models\VetAppointment.cs(21,23): warning CS8618: El elemento propiedad "UserName" que no acepta valores NULL debe contener un valor distinto de NULL al salir del constructor. Considere la posibilidad de agregar el modificador "required'"o declarar el propiedad como un valor que acepta valores NULL. [C:\Users\betom\OneDrive\Escritorio\veterinaria\Helpetd2.0\HealthPetsfrontend\FrontEndHealthPets\FrontEndHealthPets.csproj::TargetFramework=net8.0-maccatalyst]
C:\Users\betom\OneDrive\Escritorio\veterinaria\Helpetd2.0\HealthPetsfrontend\FrontEndHealthPets\Models\VetAppointment.cs(33,23): warning CS8618: El elemento propiedad "Status" que no acepta valores NULL debe contener un valor distinto de NULL al salir del constructor. Considere la posibilidad de agregar el modificador "required'"o declarar el propiedad como un valor que acepta valores NULL. [C:\Users\betom\OneDrive\Escritorio\veterinaria\Helpetd2.0\HealthPetsfrontend\FrontEndHealthPets\FrontEndHealthPets.csproj::TargetFramework=net8.0-maccatalyst]
C:\Users\betom\OneDrive\Escritorio\veterinaria\Helpetd2.0\HealthPetsfrontend\FrontEndHealthPets\Models\BathRecord.cs(10,23): warning CS8618: El elemento propiedad "Notes" que no acepta valores NULL debe contener un valor distinto de NULL al salir del constructor. Considere la posibilidad de agregar el modificador "required'"o declarar el propiedad como un valor que acepta valores NULL. [C:\Users\betom\OneDrive\Escritorio\veterinaria\Helpetd2.0\HealthPetsfrontend\FrontEndHealthPets\FrontEndHealthPets.csproj::TargetFramework=net8.0-maccatalyst]
C:\Users\betom\OneDrive\Escritorio\veterinaria\Helpetd2.0\HealthPetsfrontend\FrontEndHealthPets\Models\BathRecord.cs(11,23): warning CS8618: El elemento propiedad "GroomerName" que no acepta valores NULL debe contener un valor distinto de NULL al salir del constructor. Considere la posibilidad de agregar el modificador "required'"o declarar el propiedad como un valor que acepta valores NULL. [C:\Users\betom\OneDrive\Escritorio\veterinaria\Helpetd2.0\HealthPetsfrontend\FrontEndHealthPets\FrontEndHealthPets.csproj::TargetFramework=net8.0-maccatalyst]
C:\Users\betom\OneDrive\Escritorio\veterinaria\Helpetd2.0\HealthPetsfrontend\FrontEndHealthPets\Pages\SettingsPage.xaml.cs(134,17): warning CS8602: Desreferencia de una referencia posiblemente NULL. [C:\Users\betom\OneDrive\Escritorio\veterinaria\Helpetd2.0\HealthPetsfrontend\FrontEndHealthPets\FrontEndHealthPets.csproj::TargetFramework=net8.0-maccatalyst]
C:\Users\betom\OneDrive\Escritorio\veterinaria\Helpetd2.0\HealthPetsfrontend\FrontEndHealthPets\Paginas\FlyPaginas\RazasAnimales.xaml.cs(14,9): warning CS4014: Como esta llamada no es 'awaited', la ejecuci├│n del m├®todo actual continuar├í antes de que se complete la llamada. Puede aplicar el operador 'await' al resultado de la llamada. [C:\Users\betom\OneDrive\Escritorio\veterinaria\Helpetd2.0\HealthPetsfrontend\FrontEndHealthPets\FrontEndHealthPets.csproj::TargetFramework=net8.0-maccatalyst]
C:\Users\betom\OneDrive\Escritorio\veterinaria\Helpetd2.0\HealthPetsfrontend\FrontEndHealthPets\Paginas\FlyPaginas\RazasAnimales.xaml.cs(10,12): warning CS8618: El elemento campo "_breeds" que no acepta valores NULL debe contener un valor distinto de NULL al salir del constructor. Considere la posibilidad de agregar el modificador "required'"o declarar el campo como un valor que acepta valores NULL. [C:\Users\betom\OneDrive\Escritorio\veterinaria\Helpetd2.0\HealthPetsfrontend\FrontEndHealthPets\FrontEndHealthPets.csproj::TargetFramework=net8.0-maccatalyst]
C:\Users\betom\OneDrive\Escritorio\veterinaria\Helpetd2.0\HealthPetsfrontend\FrontEndHealthPets\ViewModels\BathControlViewModel.cs(18,16): warning CS8618: El elemento campo "_selectedPet" que no acepta valores NULL debe contener un valor distinto de NULL al salir del constructor. Considere la posibilidad de agregar el modificador "required'"o declarar el campo como un valor que acepta valores NULL. [C:\Users\betom\OneDrive\Escritorio\veterinaria\Helpetd2.0\HealthPetsfrontend\FrontEndHealthPets\FrontEndHealthPets.csproj::TargetFramework=net8.0-maccatalyst]
C:\Users\betom\OneDrive\Escritorio\veterinaria\Helpetd2.0\HealthPetsfrontend\FrontEndHealthPets\ViewModels\BathControlViewModel.cs(64,25): warning CS4014: Como esta llamada no es 'awaited', la ejecuci├│n del m├®todo actual continuar├í antes de que se complete la llamada. Puede aplicar el operador 'await' al resultado de la llamada. [C:\Users\betom\OneDrive\Escritorio\veterinaria\Helpetd2.0\HealthPetsfrontend\FrontEndHealthPets\FrontEndHealthPets.csproj::TargetFramework=net8.0-maccatalyst]
C:\Users\betom\OneDrive\Escritorio\veterinaria\Helpetd2.0\HealthPetsfrontend\FrontEndHealthPets\ViewModels\BathControlViewModel.cs(120,23): warning CS8602: Desreferencia de una referencia posiblemente NULL. [C:\Users\betom\OneDrive\Escritorio\veterinaria\Helpetd2.0\HealthPetsfrontend\FrontEndHealthPets\FrontEndHealthPets.csproj::TargetFramework=net8.0-maccatalyst]
C:\Users\betom\OneDrive\Escritorio\veterinaria\Helpetd2.0\HealthPetsfrontend\FrontEndHealthPets\ViewModels\BathControlViewModel.cs(120,23): warning CS8602: Desreferencia de una referencia posiblemente NULL. [C:\Users\betom\OneDrive\Escritorio\veterinaria\Helpetd2.0\HealthPetsfrontend\FrontEndHealthPets\FrontEndHealthPets.csproj::TargetFramework=net8.0-maccatalyst]
C:\Users\betom\OneDrive\Escritorio\veterinaria\Helpetd2.0\HealthPetsfrontend\FrontEndHealthPets\ViewModels\BathControlViewModel.cs(154,23): warning CS8602: Desreferencia de una referencia posiblemente NULL. [C:\Users\betom\OneDrive\Escritorio\veterinaria\Helpetd2.0\HealthPetsfrontend\FrontEndHealthPets\FrontEndHealthPets.csproj::TargetFramework=net8.0-maccatalyst]
C:\Users\betom\OneDrive\Escritorio\veterinaria\Helpetd2.0\HealthPetsfrontend\FrontEndHealthPets\ViewModels\BathControlViewModel.cs(154,23): warning CS8602: Desreferencia de una referencia posiblemente NULL. [C:\Users\betom\OneDrive\Escritorio\veterinaria\Helpetd2.0\HealthPetsfrontend\FrontEndHealthPets\FrontEndHealthPets.csproj::TargetFramework=net8.0-maccatalyst]
C:\Users\betom\OneDrive\Escritorio\veterinaria\Helpetd2.0\HealthPetsfrontend\FrontEndHealthPets\ViewModels\BathControlViewModel.cs(159,36): warning CS8602: Desreferencia de una referencia posiblemente NULL. [C:\Users\betom\OneDrive\Escritorio\veterinaria\Helpetd2.0\HealthPetsfrontend\FrontEndHealthPets\FrontEndHealthPets.csproj::TargetFramework=net8.0-maccatalyst]
C:\Users\betom\OneDrive\Escritorio\veterinaria\Helpetd2.0\HealthPetsfrontend\FrontEndHealthPets\ViewModels\BathControlViewModel.cs(159,36): warning CS8602: Desreferencia de una referencia posiblemente NULL. [C:\Users\betom\OneDrive\Escritorio\veterinaria\Helpetd2.0\HealthPetsfrontend\FrontEndHealthPets\FrontEndHealthPets.csproj::TargetFramework=net8.0-maccatalyst]
C:\Users\betom\OneDrive\Escritorio\veterinaria\Helpetd2.0\HealthPetsfrontend\FrontEndHealthPets\ViewModels\BathControlViewModel.cs(179,34): warning CS8602: Desreferencia de una referencia posiblemente NULL. [C:\Users\betom\OneDrive\Escritorio\veterinaria\Helpetd2.0\HealthPetsfrontend\FrontEndHealthPets\FrontEndHealthPets.csproj::TargetFramework=net8.0-maccatalyst]
C:\Users\betom\OneDrive\Escritorio\veterinaria\Helpetd2.0\HealthPetsfrontend\FrontEndHealthPets\ViewModels\BathControlViewModel.cs(179,34): warning CS8602: Desreferencia de una referencia posiblemente NULL. [C:\Users\betom\OneDrive\Escritorio\veterinaria\Helpetd2.0\HealthPetsfrontend\FrontEndHealthPets\FrontEndHealthPets.csproj::TargetFramework=net8.0-maccatalyst]
C:\Users\betom\OneDrive\Escritorio\veterinaria\Helpetd2.0\HealthPetsfrontend\FrontEndHealthPets\ViewModels\ForgotPasswordViewModel.cs(18,16): warning CS8618: El elemento campo "email" que no acepta valores NULL debe contener un valor distinto de NULL al salir del constructor. Considere la posibilidad de agregar el modificador "required'"o declarar el campo como un valor que acepta valores NULL. [C:\Users\betom\OneDrive\Escritorio\veterinaria\Helpetd2.0\HealthPetsfrontend\FrontEndHealthPets\FrontEndHealthPets.csproj::TargetFramework=net8.0-maccatalyst]
C:\Users\betom\OneDrive\Escritorio\veterinaria\Helpetd2.0\HealthPetsfrontend\FrontEndHealthPets\ViewModels\ForgotPasswordViewModel.cs(31,23): warning CS8602: Desreferencia de una referencia posiblemente NULL. [C:\Users\betom\OneDrive\Escritorio\veterinaria\Helpetd2.0\HealthPetsfrontend\FrontEndHealthPets\FrontEndHealthPets.csproj::TargetFramework=net8.0-maccatalyst]
C:\Users\betom\OneDrive\Escritorio\veterinaria\Helpetd2.0\HealthPetsfrontend\FrontEndHealthPets\ViewModels\ForgotPasswordViewModel.cs(31,23): warning CS8602: Desreferencia de una referencia posiblemente NULL. [C:\Users\betom\OneDrive\Escritorio\veterinaria\Helpetd2.0\HealthPetsfrontend\FrontEndHealthPets\FrontEndHealthPets.csproj::TargetFramework=net8.0-maccatalyst]
C:\Users\betom\OneDrive\Escritorio\veterinaria\Helpetd2.0\HealthPetsfrontend\FrontEndHealthPets\ViewModels\ForgotPasswordViewModel.cs(42,27): warning CS8602: Desreferencia de una referencia posiblemente NULL. [C:\Users\betom\OneDrive\Escritorio\veterinaria\Helpetd2.0\HealthPetsfrontend\FrontEndHealthPets\FrontEndHealthPets.csproj::TargetFramework=net8.0-maccatalyst]
C:\Users\betom\OneDrive\Escritorio\veterinaria\Helpetd2.0\HealthPetsfrontend\FrontEndHealthPets\ViewModels\ForgotPasswordViewModel.cs(42,27): warning CS8602: Desreferencia de una referencia posiblemente NULL. [C:\Users\betom\OneDrive\Escritorio\veterinaria\Helpetd2.0\HealthPetsfrontend\FrontEndHealthPets\FrontEndHealthPets.csproj::TargetFramework=net8.0-maccatalyst]
C:\Users\betom\OneDrive\Escritorio\veterinaria\Helpetd2.0\HealthPetsfrontend\FrontEndHealthPets\ViewModels\ForgotPasswordViewModel.cs(52,27): warning CS8602: Desreferencia de una referencia posiblemente NULL. [C:\Users\betom\OneDrive\Escritorio\veterinaria\Helpetd2.0\HealthPetsfrontend\FrontEndHealthPets\FrontEndHealthPets.csproj::TargetFramework=net8.0-maccatalyst]
C:\Users\betom\OneDrive\Escritorio\veterinaria\Helpetd2.0\HealthPetsfrontend\FrontEndHealthPets\ViewModels\ForgotPasswordViewModel.cs(52,27): warning CS8602: Desreferencia de una referencia posiblemente NULL. [C:\Users\betom\OneDrive\Escritorio\veterinaria\Helpetd2.0\HealthPetsfrontend\FrontEndHealthPets\FrontEndHealthPets.csproj::TargetFramework=net8.0-maccatalyst]
C:\Users\betom\OneDrive\Escritorio\veterinaria\Helpetd2.0\HealthPetsfrontend\FrontEndHealthPets\ViewModels\ForgotPasswordViewModel.cs(57,23): warning CS8602: Desreferencia de una referencia posiblemente NULL. [C:\Users\betom\OneDrive\Escritorio\veterinaria\Helpetd2.0\HealthPetsfrontend\FrontEndHealthPets\FrontEndHealthPets.csproj::TargetFramework=net8.0-maccatalyst]
C:\Users\betom\OneDrive\Escritorio\veterinaria\Helpetd2.0\HealthPetsfrontend\FrontEndHealthPets\ViewModels\ForgotPasswordViewModel.cs(57,23): warning CS8602: Desreferencia de una referencia posiblemente NULL. [C:\Users\betom\OneDrive\Escritorio\veterinaria\Helpetd2.0\HealthPetsfrontend\FrontEndHealthPets\FrontEndHealthPets.csproj::TargetFramework=net8.0-maccatalyst]
C:\Users\betom\OneDrive\Escritorio\veterinaria\Helpetd2.0\HealthPetsfrontend\FrontEndHealthPets\Paginas\FlyPaginas\PaginaFlyMenu.xaml.cs(184,17): warning CS8602: Desreferencia de una referencia posiblemente NULL. [C:\Users\betom\OneDrive\Escritorio\veterinaria\Helpetd2.0\HealthPetsfrontend\FrontEndHealthPets\FrontEndHealthPets.csproj::TargetFramework=net8.0-maccatalyst]
C:\Users\betom\OneDrive\Escritorio\veterinaria\Helpetd2.0\HealthPetsfrontend\FrontEndHealthPets\ViewModels\MyAppointmentsViewModel.cs(43,23): warning CS8602: Desreferencia de una referencia posiblemente NULL. [C:\Users\betom\OneDrive\Escritorio\veterinaria\Helpetd2.0\HealthPetsfrontend\FrontEndHealthPets\FrontEndHealthPets.csproj::TargetFramework=net8.0-maccatalyst]
C:\Users\betom\OneDrive\Escritorio\veterinaria\Helpetd2.0\HealthPetsfrontend\FrontEndHealthPets\ViewModels\MyAppointmentsViewModel.cs(43,23): warning CS8602: Desreferencia de una referencia posiblemente NULL. [C:\Users\betom\OneDrive\Escritorio\veterinaria\Helpetd2.0\HealthPetsfrontend\FrontEndHealthPets\FrontEndHealthPets.csproj::TargetFramework=net8.0-maccatalyst]
C:\Users\betom\OneDrive\Escritorio\veterinaria\Helpetd2.0\HealthPetsfrontend\FrontEndHealthPets\ViewModels\MyAppointmentsViewModel.cs(57,34): warning CS8602: Desreferencia de una referencia posiblemente NULL. [C:\Users\betom\OneDrive\Escritorio\veterinaria\Helpetd2.0\HealthPetsfrontend\FrontEndHealthPets\FrontEndHealthPets.csproj::TargetFramework=net8.0-maccatalyst]
C:\Users\betom\OneDrive\Escritorio\veterinaria\Helpetd2.0\HealthPetsfrontend\FrontEndHealthPets\ViewModels\MyAppointmentsViewModel.cs(57,34): warning CS8602: Desreferencia de una referencia posiblemente NULL. [C:\Users\betom\OneDrive\Escritorio\veterinaria\Helpetd2.0\HealthPetsfrontend\FrontEndHealthPets\FrontEndHealthPets.csproj::TargetFramework=net8.0-maccatalyst]
C:\Users\betom\OneDrive\Escritorio\veterinaria\Helpetd2.0\HealthPetsfrontend\FrontEndHealthPets\ViewModels\PetDetailViewModel.cs(45,16): warning CS8618: El elemento campo "_pet" que no acepta valores NULL debe contener un valor distinto de NULL al salir del constructor. Considere la posibilidad de agregar el modificador "required'"o declarar el campo como un valor que acepta valores NULL. [C:\Users\betom\OneDrive\Escritorio\veterinaria\Helpetd2.0\HealthPetsfrontend\FrontEndHealthPets\FrontEndHealthPets.csproj::TargetFramework=net8.0-maccatalyst]
C:\Users\betom\OneDrive\Escritorio\veterinaria\Helpetd2.0\HealthPetsfrontend\FrontEndHealthPets\ViewModels\PetDetailViewModel.cs(69,23): warning CS8601: Posible asignaci├│n de referencia nula. [C:\Users\betom\OneDrive\Escritorio\veterinaria\Helpetd2.0\HealthPetsfrontend\FrontEndHealthPets\FrontEndHealthPets.csproj::TargetFramework=net8.0-maccatalyst]
C:\Users\betom\OneDrive\Escritorio\veterinaria\Helpetd2.0\HealthPetsfrontend\FrontEndHealthPets\ViewModels\PetProfileViewModel.cs(107,30): warning CS0168: La variable 'ex' se ha declarado pero nunca se usa [C:\Users\betom\OneDrive\Escritorio\veterinaria\Helpetd2.0\HealthPetsfrontend\FrontEndHealthPets\FrontEndHealthPets.csproj::TargetFramework=net8.0-maccatalyst]
C:\Users\betom\OneDrive\Escritorio\veterinaria\Helpetd2.0\HealthPetsfrontend\FrontEndHealthPets\ViewModels\ResetPasswordViewModel.cs(28,16): warning CS8618: El elemento campo "email" que no acepta valores NULL debe contener un valor distinto de NULL al salir del constructor. Considere la posibilidad de agregar el modificador "required'"o declarar el campo como un valor que acepta valores NULL. [C:\Users\betom\OneDrive\Escritorio\veterinaria\Helpetd2.0\HealthPetsfrontend\FrontEndHealthPets\FrontEndHealthPets.csproj::TargetFramework=net8.0-maccatalyst]
C:\Users\betom\OneDrive\Escritorio\veterinaria\Helpetd2.0\HealthPetsfrontend\FrontEndHealthPets\ViewModels\ResetPasswordViewModel.cs(28,16): warning CS8618: El elemento campo "code" que no acepta valores NULL debe contener un valor distinto de NULL al salir del constructor. Considere la posibilidad de agregar el modificador "required'"o declarar el campo como un valor que acepta valores NULL. [C:\Users\betom\OneDrive\Escritorio\veterinaria\Helpetd2.0\HealthPetsfrontend\FrontEndHealthPets\FrontEndHealthPets.csproj::TargetFramework=net8.0-maccatalyst]
C:\Users\betom\OneDrive\Escritorio\veterinaria\Helpetd2.0\HealthPetsfrontend\FrontEndHealthPets\ViewModels\ResetPasswordViewModel.cs(28,16): warning CS8618: El elemento campo "newPassword" que no acepta valores NULL debe contener un valor distinto de NULL al salir del constructor. Considere la posibilidad de agregar el modificador "required'"o declarar el campo como un valor que acepta valores NULL. [C:\Users\betom\OneDrive\Escritorio\veterinaria\Helpetd2.0\HealthPetsfrontend\FrontEndHealthPets\FrontEndHealthPets.csproj::TargetFramework=net8.0-maccatalyst]
C:\Users\betom\OneDrive\Escritorio\veterinaria\Helpetd2.0\HealthPetsfrontend\FrontEndHealthPets\ViewModels\ResetPasswordViewModel.cs(28,16): warning CS8618: El elemento campo "confirmPassword" que no acepta valores NULL debe contener un valor distinto de NULL al salir del constructor. Considere la posibilidad de agregar el modificador "required'"o declarar el campo como un valor que acepta valores NULL. [C:\Users\betom\OneDrive\Escritorio\veterinaria\Helpetd2.0\HealthPetsfrontend\FrontEndHealthPets\FrontEndHealthPets.csproj::TargetFramework=net8.0-maccatalyst]
C:\Users\betom\OneDrive\Escritorio\veterinaria\Helpetd2.0\HealthPetsfrontend\FrontEndHealthPets\ViewModels\PetProfileViewModel.cs(229,34): warning CS8602: Desreferencia de una referencia posiblemente NULL. [C:\Users\betom\OneDrive\Escritorio\veterinaria\Helpetd2.0\HealthPetsfrontend\FrontEndHealthPets\FrontEndHealthPets.csproj::TargetFramework=net8.0-maccatalyst]
C:\Users\betom\OneDrive\Escritorio\veterinaria\Helpetd2.0\HealthPetsfrontend\FrontEndHealthPets\ViewModels\PetProfileViewModel.cs(229,34): warning CS8602: Desreferencia de una referencia posiblemente NULL. [C:\Users\betom\OneDrive\Escritorio\veterinaria\Helpetd2.0\HealthPetsfrontend\FrontEndHealthPets\FrontEndHealthPets.csproj::TargetFramework=net8.0-maccatalyst]
C:\Users\betom\OneDrive\Escritorio\veterinaria\Helpetd2.0\HealthPetsfrontend\FrontEndHealthPets\ViewModels\ResenasViewModel.cs(100,29): warning CS8601: Posible asignaci├│n de referencia nula. [C:\Users\betom\OneDrive\Escritorio\veterinaria\Helpetd2.0\HealthPetsfrontend\FrontEndHealthPets\FrontEndHealthPets.csproj::TargetFramework=net8.0-maccatalyst]
C:\Users\betom\OneDrive\Escritorio\veterinaria\Helpetd2.0\HealthPetsfrontend\FrontEndHealthPets\ViewModels\VaccinationViewModel.cs(24,16): warning CS8618: El elemento campo "selectedPet" que no acepta valores NULL debe contener un valor distinto de NULL al salir del constructor. Considere la posibilidad de agregar el modificador "required'"o declarar el campo como un valor que acepta valores NULL. [C:\Users\betom\OneDrive\Escritorio\veterinaria\Helpetd2.0\HealthPetsfrontend\FrontEndHealthPets\FrontEndHealthPets.csproj::TargetFramework=net8.0-maccatalyst]
C:\Users\betom\OneDrive\Escritorio\veterinaria\Helpetd2.0\HealthPetsfrontend\FrontEndHealthPets\ViewModels\VeterinarianProfileViewModel.cs(46,16): warning CS8618: El elemento campo "veterinarian" que no acepta valores NULL debe contener un valor distinto de NULL al salir del constructor. Considere la posibilidad de agregar el modificador "required'"o declarar el campo como un valor que acepta valores NULL. [C:\Users\betom\OneDrive\Escritorio\veterinaria\Helpetd2.0\HealthPetsfrontend\FrontEndHealthPets\FrontEndHealthPets.csproj::TargetFramework=net8.0-maccatalyst]
C:\Users\betom\OneDrive\Escritorio\veterinaria\Helpetd2.0\HealthPetsfrontend\FrontEndHealthPets\ViewModels\VeterinarianProfileViewModel.cs(46,16): warning CS8618: El elemento campo "selectedSlot" que no acepta valores NULL debe contener un valor distinto de NULL al salir del constructor. Considere la posibilidad de agregar el modificador "required'"o declarar el campo como un valor que acepta valores NULL. [C:\Users\betom\OneDrive\Escritorio\veterinaria\Helpetd2.0\HealthPetsfrontend\FrontEndHealthPets\FrontEndHealthPets.csproj::TargetFramework=net8.0-maccatalyst]
C:\Users\betom\OneDrive\Escritorio\veterinaria\Helpetd2.0\HealthPetsfrontend\FrontEndHealthPets\ViewModels\VeterinarianProfileViewModel.cs(46,16): warning CS8618: El elemento campo "selectedPet" que no acepta valores NULL debe contener un valor distinto de NULL al salir del constructor. Considere la posibilidad de agregar el modificador "required'"o declarar el campo como un valor que acepta valores NULL. [C:\Users\betom\OneDrive\Escritorio\veterinaria\Helpetd2.0\HealthPetsfrontend\FrontEndHealthPets\FrontEndHealthPets.csproj::TargetFramework=net8.0-maccatalyst]
C:\Users\betom\OneDrive\Escritorio\veterinaria\Helpetd2.0\HealthPetsfrontend\FrontEndHealthPets\ViewModels\VeterinarianProfileViewModel.cs(46,16): warning CS8618: El elemento campo "reason" que no acepta valores NULL debe contener un valor distinto de NULL al salir del constructor. Considere la posibilidad de agregar el modificador "required'"o declarar el campo como un valor que acepta valores NULL. [C:\Users\betom\OneDrive\Escritorio\veterinaria\Helpetd2.0\HealthPetsfrontend\FrontEndHealthPets\FrontEndHealthPets.csproj::TargetFramework=net8.0-maccatalyst]
C:\Users\betom\OneDrive\Escritorio\veterinaria\Helpetd2.0\HealthPetsfrontend\FrontEndHealthPets\ViewModels\VeterinarianProfileViewModel.cs(46,16): warning CS8618: El elemento campo "notes" que no acepta valores NULL debe contener un valor distinto de NULL al salir del constructor. Considere la posibilidad de agregar el modificador "required'"o declarar el campo como un valor que acepta valores NULL. [C:\Users\betom\OneDrive\Escritorio\veterinaria\Helpetd2.0\HealthPetsfrontend\FrontEndHealthPets\FrontEndHealthPets.csproj::TargetFramework=net8.0-maccatalyst]
C:\Users\betom\OneDrive\Escritorio\veterinaria\Helpetd2.0\HealthPetsfrontend\FrontEndHealthPets\ViewModels\VeterinarianProfileViewModel.cs(74,32): warning CS8601: Posible asignaci├│n de referencia nula. [C:\Users\betom\OneDrive\Escritorio\veterinaria\Helpetd2.0\HealthPetsfrontend\FrontEndHealthPets\FrontEndHealthPets.csproj::TargetFramework=net8.0-maccatalyst]
C:\Users\betom\OneDrive\Escritorio\veterinaria\Helpetd2.0\HealthPetsfrontend\FrontEndHealthPets\ViewModels\VeterinariansViewModel.cs(22,16): warning CS8618: El elemento campo "searchText" que no acepta valores NULL debe contener un valor distinto de NULL al salir del constructor. Considere la posibilidad de agregar el modificador "required'"o declarar el campo como un valor que acepta valores NULL. [C:\Users\betom\OneDrive\Escritorio\veterinaria\Helpetd2.0\HealthPetsfrontend\FrontEndHealthPets\FrontEndHealthPets.csproj::TargetFramework=net8.0-maccatalyst]
C:\Users\betom\OneDrive\Escritorio\veterinaria\Helpetd2.0\HealthPetsfrontend\FrontEndHealthPets\ViewModels\VeterinarianProfileViewModel.cs(102,32): warning CS8625: No se puede convertir un literal NULL en un tipo de referencia que no acepta valores NULL. [C:\Users\betom\OneDrive\Escritorio\veterinaria\Helpetd2.0\HealthPetsfrontend\FrontEndHealthPets\FrontEndHealthPets.csproj::TargetFramework=net8.0-maccatalyst]
C:\Users\betom\OneDrive\Escritorio\veterinaria\Helpetd2.0\HealthPetsfrontend\FrontEndHealthPets\ViewModels\VeterinariansViewModel.cs(48,23): warning CS8602: Desreferencia de una referencia posiblemente NULL. [C:\Users\betom\OneDrive\Escritorio\veterinaria\Helpetd2.0\HealthPetsfrontend\FrontEndHealthPets\FrontEndHealthPets.csproj::TargetFramework=net8.0-maccatalyst]
C:\Users\betom\OneDrive\Escritorio\veterinaria\Helpetd2.0\HealthPetsfrontend\FrontEndHealthPets\ViewModels\VeterinariansViewModel.cs(48,23): warning CS8602: Desreferencia de una referencia posiblemente NULL. [C:\Users\betom\OneDrive\Escritorio\veterinaria\Helpetd2.0\HealthPetsfrontend\FrontEndHealthPets\FrontEndHealthPets.csproj::TargetFramework=net8.0-maccatalyst]
C:\Users\betom\OneDrive\Escritorio\veterinaria\Helpetd2.0\HealthPetsfrontend\FrontEndHealthPets\ViewModels\VeterinariansViewModel.cs(90,23): warning CS8602: Desreferencia de una referencia posiblemente NULL. [C:\Users\betom\OneDrive\Escritorio\veterinaria\Helpetd2.0\HealthPetsfrontend\FrontEndHealthPets\FrontEndHealthPets.csproj::TargetFramework=net8.0-maccatalyst]
C:\Users\betom\OneDrive\Escritorio\veterinaria\Helpetd2.0\HealthPetsfrontend\FrontEndHealthPets\ViewModels\VeterinariansViewModel.cs(90,23): warning CS8602: Desreferencia de una referencia posiblemente NULL. [C:\Users\betom\OneDrive\Escritorio\veterinaria\Helpetd2.0\HealthPetsfrontend\FrontEndHealthPets\FrontEndHealthPets.csproj::TargetFramework=net8.0-maccatalyst]
C:\Users\betom\OneDrive\Escritorio\veterinaria\Helpetd2.0\HealthPetsfrontend\FrontEndHealthPets\ViewModels\VeterinarianProfileViewModel.cs(121,23): warning CS8602: Desreferencia de una referencia posiblemente NULL. [C:\Users\betom\OneDrive\Escritorio\veterinaria\Helpetd2.0\HealthPetsfrontend\FrontEndHealthPets\FrontEndHealthPets.csproj::TargetFramework=net8.0-maccatalyst]
C:\Users\betom\OneDrive\Escritorio\veterinaria\Helpetd2.0\HealthPetsfrontend\FrontEndHealthPets\ViewModels\VeterinarianProfileViewModel.cs(121,23): warning CS8602: Desreferencia de una referencia posiblemente NULL. [C:\Users\betom\OneDrive\Escritorio\veterinaria\Helpetd2.0\HealthPetsfrontend\FrontEndHealthPets\FrontEndHealthPets.csproj::TargetFramework=net8.0-maccatalyst]
C:\Users\betom\OneDrive\Escritorio\veterinaria\Helpetd2.0\HealthPetsfrontend\FrontEndHealthPets\ViewModels\VeterinarianProfileViewModel.cs(127,23): warning CS8602: Desreferencia de una referencia posiblemente NULL. [C:\Users\betom\OneDrive\Escritorio\veterinaria\Helpetd2.0\HealthPetsfrontend\FrontEndHealthPets\FrontEndHealthPets.csproj::TargetFramework=net8.0-maccatalyst]
C:\Users\betom\OneDrive\Escritorio\veterinaria\Helpetd2.0\HealthPetsfrontend\FrontEndHealthPets\ViewModels\VeterinarianProfileViewModel.cs(127,23): warning CS8602: Desreferencia de una referencia posiblemente NULL. [C:\Users\betom\OneDrive\Escritorio\veterinaria\Helpetd2.0\HealthPetsfrontend\FrontEndHealthPets\FrontEndHealthPets.csproj::TargetFramework=net8.0-maccatalyst]
C:\Users\betom\OneDrive\Escritorio\veterinaria\Helpetd2.0\HealthPetsfrontend\FrontEndHealthPets\ViewModels\VeterinarianProfileViewModel.cs(148,27): warning CS8602: Desreferencia de una referencia posiblemente NULL. [C:\Users\betom\OneDrive\Escritorio\veterinaria\Helpetd2.0\HealthPetsfrontend\FrontEndHealthPets\FrontEndHealthPets.csproj::TargetFramework=net8.0-maccatalyst]
C:\Users\betom\OneDrive\Escritorio\veterinaria\Helpetd2.0\HealthPetsfrontend\FrontEndHealthPets\ViewModels\VeterinarianProfileViewModel.cs(148,27): warning CS8602: Desreferencia de una referencia posiblemente NULL. [C:\Users\betom\OneDrive\Escritorio\veterinaria\Helpetd2.0\HealthPetsfrontend\FrontEndHealthPets\FrontEndHealthPets.csproj::TargetFramework=net8.0-maccatalyst]
C:\Users\betom\OneDrive\Escritorio\veterinaria\Helpetd2.0\HealthPetsfrontend\FrontEndHealthPets\ViewModels\VeterinarianProfileViewModel.cs(153,27): warning CS8602: Desreferencia de una referencia posiblemente NULL. [C:\Users\betom\OneDrive\Escritorio\veterinaria\Helpetd2.0\HealthPetsfrontend\FrontEndHealthPets\FrontEndHealthPets.csproj::TargetFramework=net8.0-maccatalyst]
C:\Users\betom\OneDrive\Escritorio\veterinaria\Helpetd2.0\HealthPetsfrontend\FrontEndHealthPets\ViewModels\VeterinarianProfileViewModel.cs(153,27): warning CS8602: Desreferencia de una referencia posiblemente NULL. [C:\Users\betom\OneDrive\Escritorio\veterinaria\Helpetd2.0\HealthPetsfrontend\FrontEndHealthPets\FrontEndHealthPets.csproj::TargetFramework=net8.0-maccatalyst]
C:\Users\betom\OneDrive\Escritorio\veterinaria\Helpetd2.0\HealthPetsfrontend\FrontEndHealthPets\ViewModels\VeterinarianProfileViewModel.cs(158,23): warning CS8602: Desreferencia de una referencia posiblemente NULL. [C:\Users\betom\OneDrive\Escritorio\veterinaria\Helpetd2.0\HealthPetsfrontend\FrontEndHealthPets\FrontEndHealthPets.csproj::TargetFramework=net8.0-maccatalyst]
C:\Users\betom\OneDrive\Escritorio\veterinaria\Helpetd2.0\HealthPetsfrontend\FrontEndHealthPets\ViewModels\VeterinarianProfileViewModel.cs(158,23): warning CS8602: Desreferencia de una referencia posiblemente NULL. [C:\Users\betom\OneDrive\Escritorio\veterinaria\Helpetd2.0\HealthPetsfrontend\FrontEndHealthPets\FrontEndHealthPets.csproj::TargetFramework=net8.0-maccatalyst]
C:\Users\betom\OneDrive\Escritorio\veterinaria\Helpetd2.0\HealthPetsfrontend\FrontEndHealthPets\Services\HistorialClinicoService.cs(47,33): warning CS8601: Posible asignaci├│n de referencia nula. [C:\Users\betom\OneDrive\Escritorio\veterinaria\Helpetd2.0\HealthPetsfrontend\FrontEndHealthPets\FrontEndHealthPets.csproj::TargetFramework=net8.0-maccatalyst]
C:\Users\betom\OneDrive\Escritorio\veterinaria\Helpetd2.0\HealthPetsfrontend\FrontEndHealthPets\ViewModels\ResetPasswordViewModel.cs(41,23): warning CS8602: Desreferencia de una referencia posiblemente NULL. [C:\Users\betom\OneDrive\Escritorio\veterinaria\Helpetd2.0\HealthPetsfrontend\FrontEndHealthPets\FrontEndHealthPets.csproj::TargetFramework=net8.0-maccatalyst]
C:\Users\betom\OneDrive\Escritorio\veterinaria\Helpetd2.0\HealthPetsfrontend\FrontEndHealthPets\ViewModels\ResetPasswordViewModel.cs(41,23): warning CS8602: Desreferencia de una referencia posiblemente NULL. [C:\Users\betom\OneDrive\Escritorio\veterinaria\Helpetd2.0\HealthPetsfrontend\FrontEndHealthPets\FrontEndHealthPets.csproj::TargetFramework=net8.0-maccatalyst]
C:\Users\betom\OneDrive\Escritorio\veterinaria\Helpetd2.0\HealthPetsfrontend\FrontEndHealthPets\ViewModels\ResetPasswordViewModel.cs(47,23): warning CS8602: Desreferencia de una referencia posiblemente NULL. [C:\Users\betom\OneDrive\Escritorio\veterinaria\Helpetd2.0\HealthPetsfrontend\FrontEndHealthPets\FrontEndHealthPets.csproj::TargetFramework=net8.0-maccatalyst]
C:\Users\betom\OneDrive\Escritorio\veterinaria\Helpetd2.0\HealthPetsfrontend\FrontEndHealthPets\ViewModels\ResetPasswordViewModel.cs(47,23): warning CS8602: Desreferencia de una referencia posiblemente NULL. [C:\Users\betom\OneDrive\Escritorio\veterinaria\Helpetd2.0\HealthPetsfrontend\FrontEndHealthPets\FrontEndHealthPets.csproj::TargetFramework=net8.0-maccatalyst]
C:\Users\betom\OneDrive\Escritorio\veterinaria\Helpetd2.0\HealthPetsfrontend\FrontEndHealthPets\ViewModels\ResetPasswordViewModel.cs(58,27): warning CS8602: Desreferencia de una referencia posiblemente NULL. [C:\Users\betom\OneDrive\Escritorio\veterinaria\Helpetd2.0\HealthPetsfrontend\FrontEndHealthPets\FrontEndHealthPets.csproj::TargetFramework=net8.0-maccatalyst]
C:\Users\betom\OneDrive\Escritorio\veterinaria\Helpetd2.0\HealthPetsfrontend\FrontEndHealthPets\ViewModels\ResetPasswordViewModel.cs(58,27): warning CS8602: Desreferencia de una referencia posiblemente NULL. [C:\Users\betom\OneDrive\Escritorio\veterinaria\Helpetd2.0\HealthPetsfrontend\FrontEndHealthPets\FrontEndHealthPets.csproj::TargetFramework=net8.0-maccatalyst]
C:\Users\betom\OneDrive\Escritorio\veterinaria\Helpetd2.0\HealthPetsfrontend\FrontEndHealthPets\ViewModels\ResetPasswordViewModel.cs(66,27): warning CS8602: Desreferencia de una referencia posiblemente NULL. [C:\Users\betom\OneDrive\Escritorio\veterinaria\Helpetd2.0\HealthPetsfrontend\FrontEndHealthPets\FrontEndHealthPets.csproj::TargetFramework=net8.0-maccatalyst]
C:\Users\betom\OneDrive\Escritorio\veterinaria\Helpetd2.0\HealthPetsfrontend\FrontEndHealthPets\ViewModels\ResetPasswordViewModel.cs(66,27): warning CS8602: Desreferencia de una referencia posiblemente NULL. [C:\Users\betom\OneDrive\Escritorio\veterinaria\Helpetd2.0\HealthPetsfrontend\FrontEndHealthPets\FrontEndHealthPets.csproj::TargetFramework=net8.0-maccatalyst]
C:\Users\betom\OneDrive\Escritorio\veterinaria\Helpetd2.0\HealthPetsfrontend\FrontEndHealthPets\ViewModels\ResetPasswordViewModel.cs(71,23): warning CS8602: Desreferencia de una referencia posiblemente NULL. [C:\Users\betom\OneDrive\Escritorio\veterinaria\Helpetd2.0\HealthPetsfrontend\FrontEndHealthPets\FrontEndHealthPets.csproj::TargetFramework=net8.0-maccatalyst]
C:\Users\betom\OneDrive\Escritorio\veterinaria\Helpetd2.0\HealthPetsfrontend\FrontEndHealthPets\ViewModels\ResetPasswordViewModel.cs(71,23): warning CS8602: Desreferencia de una referencia posiblemente NULL. [C:\Users\betom\OneDrive\Escritorio\veterinaria\Helpetd2.0\HealthPetsfrontend\FrontEndHealthPets\FrontEndHealthPets.csproj::TargetFramework=net8.0-maccatalyst]
C:\Users\betom\OneDrive\Escritorio\veterinaria\Helpetd2.0\HealthPetsfrontend\FrontEndHealthPets\ViewModels\SettingsViewModel.cs(86,16): warning CS8618: El elemento campo "_userName" que no acepta valores NULL debe contener un valor distinto de NULL al salir del constructor. Considere la posibilidad de agregar el modificador "required'"o declarar el campo como un valor que acepta valores NULL. [C:\Users\betom\OneDrive\Escritorio\veterinaria\Helpetd2.0\HealthPetsfrontend\FrontEndHealthPets\FrontEndHealthPets.csproj::TargetFramework=net8.0-maccatalyst]
C:\Users\betom\OneDrive\Escritorio\veterinaria\Helpetd2.0\HealthPetsfrontend\FrontEndHealthPets\ViewModels\SettingsViewModel.cs(86,16): warning CS8618: El elemento campo "_userEmail" que no acepta valores NULL debe contener un valor distinto de NULL al salir del constructor. Considere la posibilidad de agregar el modificador "required'"o declarar el campo como un valor que acepta valores NULL. [C:\Users\betom\OneDrive\Escritorio\veterinaria\Helpetd2.0\HealthPetsfrontend\FrontEndHealthPets\FrontEndHealthPets.csproj::TargetFramework=net8.0-maccatalyst]
C:\Users\betom\OneDrive\Escritorio\veterinaria\Helpetd2.0\HealthPetsfrontend\FrontEndHealthPets\ViewModels\SettingsViewModel.cs(86,16): warning CS8618: El elemento campo "_appVersion" que no acepta valores NULL debe contener un valor distinto de NULL al salir del constructor. Considere la posibilidad de agregar el modificador "required'"o declarar el campo como un valor que acepta valores NULL. [C:\Users\betom\OneDrive\Escritorio\veterinaria\Helpetd2.0\HealthPetsfrontend\FrontEndHealthPets\FrontEndHealthPets.csproj::TargetFramework=net8.0-maccatalyst]
C:\Users\betom\OneDrive\Escritorio\veterinaria\Helpetd2.0\HealthPetsfrontend\FrontEndHealthPets\Services\PetService.cs(244,33): warning CS1998: El m├®todo asincr├│nico carece de operadores "await" y se ejecutar├í de forma sincr├│nica. Puede usar el operador 'await' para esperar llamadas API que no sean de bloqueo o 'await Task.Run(...)' para hacer tareas enlazadas a la CPU en un subproceso en segundo plano. [C:\Users\betom\OneDrive\Escritorio\veterinaria\Helpetd2.0\HealthPetsfrontend\FrontEndHealthPets\FrontEndHealthPets.csproj::TargetFramework=net8.0-maccatalyst]
C:\Users\betom\OneDrive\Escritorio\veterinaria\Helpetd2.0\HealthPetsfrontend\FrontEndHealthPets\Services\PetService.cs(271,29): warning CS8601: Posible asignaci├│n de referencia nula. [C:\Users\betom\OneDrive\Escritorio\veterinaria\Helpetd2.0\HealthPetsfrontend\FrontEndHealthPets\FrontEndHealthPets.csproj::TargetFramework=net8.0-maccatalyst]
C:\Users\betom\OneDrive\Escritorio\veterinaria\Helpetd2.0\HealthPetsfrontend\FrontEndHealthPets\Paginas\IngresarMascotas.xaml.cs(43,36): warning CA1416: Se puede acceder a este sitio de llamada en "MacCatalyst" 13.1 y versiones posteriores. "Permissions.Photos" solo se admite en "ios" 14.0 y versiones posteriores, "maccatalyst" 14.0 y versiones posteriores, "macOS/OSX" 11.0 y versiones posteriores, "tvos" 14.0 y versiones posteriores. (https://learn.microsoft.com/dotnet/fundamentals/code-analysis/quality-rules/ca1416) [C:\Users\betom\OneDrive\Escritorio\veterinaria\Helpetd2.0\HealthPetsfrontend\FrontEndHealthPets\FrontEndHealthPets.csproj::TargetFramework=net8.0-maccatalyst]
C:\Users\betom\OneDrive\Escritorio\veterinaria\Helpetd2.0\HealthPetsfrontend\FrontEndHealthPets\Paginas\IngresarMascotas.xaml.cs(40,36): warning CA1416: Se puede acceder a este sitio de llamada en "MacCatalyst" 13.1 y versiones posteriores. "Permissions.Photos" solo se admite en "ios" 14.0 y versiones posteriores, "maccatalyst" 14.0 y versiones posteriores, "macOS/OSX" 11.0 y versiones posteriores, "tvos" 14.0 y versiones posteriores. (https://learn.microsoft.com/dotnet/fundamentals/code-analysis/quality-rules/ca1416) [C:\Users\betom\OneDrive\Escritorio\veterinaria\Helpetd2.0\HealthPetsfrontend\FrontEndHealthPets\FrontEndHealthPets.csproj::TargetFramework=net8.0-maccatalyst]
C:\Users\betom\OneDrive\Escritorio\veterinaria\Helpetd2.0\HealthPetsfrontend\FrontEndHealthPets\pruevasession.xaml.cs(7,22): warning CS8981: El nombre de tipo 'pruevasession' solo contiene caracteres ASCII en min├║sculas. Estos nombres pueden quedar reservados para el idioma. [C:\Users\betom\OneDrive\Escritorio\veterinaria\Helpetd2.0\HealthPetsfrontend\FrontEndHealthPets\FrontEndHealthPets.csproj::TargetFramework=net8.0-ios]
C:\Users\betom\OneDrive\Escritorio\veterinaria\Helpetd2.0\HealthPetsfrontend\FrontEndHealthPets\obj\Debug\net8.0-ios\iossimulator-x64\Microsoft.Maui.Controls.SourceGen\Microsoft.Maui.Controls.SourceGen.CodeBehindGenerator\pruevasession.xaml.sg.cs(15,23): warning CS8981: El nombre de tipo 'pruevasession' solo contiene caracteres ASCII en min├║sculas. Estos nombres pueden quedar reservados para el idioma. [C:\Users\betom\OneDrive\Escritorio\veterinaria\Helpetd2.0\HealthPetsfrontend\FrontEndHealthPets\FrontEndHealthPets.csproj::TargetFramework=net8.0-ios]
C:\Users\betom\OneDrive\Escritorio\veterinaria\Helpetd2.0\HealthPetsfrontend\FrontEndHealthPets\ViewModels\VetScheduleManagementViewModel.cs(168,23): warning CS8618: El elemento propiedad "DayName" que no acepta valores NULL debe contener un valor distinto de NULL al salir del constructor. Considere la posibilidad de agregar el modificador "required'"o declarar el propiedad como un valor que acepta valores NULL. [C:\Users\betom\OneDrive\Escritorio\veterinaria\Helpetd2.0\HealthPetsfrontend\FrontEndHealthPets\FrontEndHealthPets.csproj::TargetFramework=net8.0-ios]
C:\Users\betom\OneDrive\Escritorio\veterinaria\Helpetd2.0\HealthPetsfrontend\FrontEndHealthPets\ViewModels\VetScheduleManagementViewModel.cs(172,23): warning CS8618: El elemento propiedad "TimeRange" que no acepta valores NULL debe contener un valor distinto de NULL al salir del constructor. Considere la posibilidad de agregar el modificador "required'"o declarar el propiedad como un valor que acepta valores NULL. [C:\Users\betom\OneDrive\Escritorio\veterinaria\Helpetd2.0\HealthPetsfrontend\FrontEndHealthPets\FrontEndHealthPets.csproj::TargetFramework=net8.0-ios]
C:\Users\betom\OneDrive\Escritorio\veterinaria\Helpetd2.0\HealthPetsfrontend\FrontEndHealthPets\ViewModels\VetScheduleManagementViewModel.cs(173,23): warning CS8618: El elemento propiedad "SlotInfo" que no acepta valores NULL debe contener un valor distinto de NULL al salir del constructor. Considere la posibilidad de agregar el modificador "required'"o declarar el propiedad como un valor que acepta valores NULL. [C:\Users\betom\OneDrive\Escritorio\veterinaria\Helpetd2.0\HealthPetsfrontend\FrontEndHealthPets\FrontEndHealthPets.csproj::TargetFramework=net8.0-ios]
C:\Users\betom\OneDrive\Escritorio\veterinaria\Helpetd2.0\HealthPetsfrontend\FrontEndHealthPets\ViewModels\VetScheduleManagementViewModel.cs(76,23): warning CS8602: Desreferencia de una referencia posiblemente NULL. [C:\Users\betom\OneDrive\Escritorio\veterinaria\Helpetd2.0\HealthPetsfrontend\FrontEndHealthPets\FrontEndHealthPets.csproj::TargetFramework=net8.0-ios]
C:\Users\betom\OneDrive\Escritorio\veterinaria\Helpetd2.0\HealthPetsfrontend\FrontEndHealthPets\ViewModels\VetScheduleManagementViewModel.cs(76,23): warning CS8602: Desreferencia de una referencia posiblemente NULL. [C:\Users\betom\OneDrive\Escritorio\veterinaria\Helpetd2.0\HealthPetsfrontend\FrontEndHealthPets\FrontEndHealthPets.csproj::TargetFramework=net8.0-ios]
C:\Users\betom\OneDrive\Escritorio\veterinaria\Helpetd2.0\HealthPetsfrontend\FrontEndHealthPets\Datos\Pagina_Flyout_Items.cs(12,23): warning CS8618: El elemento propiedad "Titulo" que no acepta valores NULL debe contener un valor distinto de NULL al salir del constructor. Considere la posibilidad de agregar el modificador "required'"o declarar el propiedad como un valor que acepta valores NULL. [C:\Users\betom\OneDrive\Escritorio\veterinaria\Helpetd2.0\HealthPetsfrontend\FrontEndHealthPets\FrontEndHealthPets.csproj::TargetFramework=net8.0-ios]
C:\Users\betom\OneDrive\Escritorio\veterinaria\Helpetd2.0\HealthPetsfrontend\FrontEndHealthPets\Datos\Pagina_Flyout_Items.cs(14,23): warning CS8618: El elemento propiedad "Icono" que no acepta valores NULL debe contener un valor distinto de NULL al salir del constructor. Considere la posibilidad de agregar el modificador "required'"o declarar el propiedad como un valor que acepta valores NULL. [C:\Users\betom\OneDrive\Escritorio\veterinaria\Helpetd2.0\HealthPetsfrontend\FrontEndHealthPets\FrontEndHealthPets.csproj::TargetFramework=net8.0-ios]
C:\Users\betom\OneDrive\Escritorio\veterinaria\Helpetd2.0\HealthPetsfrontend\FrontEndHealthPets\ViewModels\VetScheduleManagementViewModel.cs(89,23): warning CS8602: Desreferencia de una referencia posiblemente NULL. [C:\Users\betom\OneDrive\Escritorio\veterinaria\Helpetd2.0\HealthPetsfrontend\FrontEndHealthPets\FrontEndHealthPets.csproj::TargetFramework=net8.0-ios]
C:\Users\betom\OneDrive\Escritorio\veterinaria\Helpetd2.0\HealthPetsfrontend\FrontEndHealthPets\ViewModels\VetScheduleManagementViewModel.cs(89,23): warning CS8602: Desreferencia de una referencia posiblemente NULL. [C:\Users\betom\OneDrive\Escritorio\veterinaria\Helpetd2.0\HealthPetsfrontend\FrontEndHealthPets\FrontEndHealthPets.csproj::TargetFramework=net8.0-ios]
C:\Users\betom\OneDrive\Escritorio\veterinaria\Helpetd2.0\HealthPetsfrontend\FrontEndHealthPets\ViewModels\VetScheduleManagementViewModel.cs(95,23): warning CS8602: Desreferencia de una referencia posiblemente NULL. [C:\Users\betom\OneDrive\Escritorio\veterinaria\Helpetd2.0\HealthPetsfrontend\FrontEndHealthPets\FrontEndHealthPets.csproj::TargetFramework=net8.0-ios]
C:\Users\betom\OneDrive\Escritorio\veterinaria\Helpetd2.0\HealthPetsfrontend\FrontEndHealthPets\ViewModels\VetScheduleManagementViewModel.cs(95,23): warning CS8602: Desreferencia de una referencia posiblemente NULL. [C:\Users\betom\OneDrive\Escritorio\veterinaria\Helpetd2.0\HealthPetsfrontend\FrontEndHealthPets\FrontEndHealthPets.csproj::TargetFramework=net8.0-ios]
C:\Users\betom\OneDrive\Escritorio\veterinaria\Helpetd2.0\HealthPetsfrontend\FrontEndHealthPets\ViewModels\VetScheduleManagementViewModel.cs(108,27): warning CS8602: Desreferencia de una referencia posiblemente NULL. [C:\Users\betom\OneDrive\Escritorio\veterinaria\Helpetd2.0\HealthPetsfrontend\FrontEndHealthPets\FrontEndHealthPets.csproj::TargetFramework=net8.0-ios]
C:\Users\betom\OneDrive\Escritorio\veterinaria\Helpetd2.0\HealthPetsfrontend\FrontEndHealthPets\ViewModels\VetScheduleManagementViewModel.cs(108,27): warning CS8602: Desreferencia de una referencia posiblemente NULL. [C:\Users\betom\OneDrive\Escritorio\veterinaria\Helpetd2.0\HealthPetsfrontend\FrontEndHealthPets\FrontEndHealthPets.csproj::TargetFramework=net8.0-ios]
C:\Users\betom\OneDrive\Escritorio\veterinaria\Helpetd2.0\HealthPetsfrontend\FrontEndHealthPets\ViewModels\VetScheduleManagementViewModel.cs(113,27): warning CS8602: Desreferencia de una referencia posiblemente NULL. [C:\Users\betom\OneDrive\Escritorio\veterinaria\Helpetd2.0\HealthPetsfrontend\FrontEndHealthPets\FrontEndHealthPets.csproj::TargetFramework=net8.0-ios]
C:\Users\betom\OneDrive\Escritorio\veterinaria\Helpetd2.0\HealthPetsfrontend\FrontEndHealthPets\ViewModels\VetScheduleManagementViewModel.cs(113,27): warning CS8602: Desreferencia de una referencia posiblemente NULL. [C:\Users\betom\OneDrive\Escritorio\veterinaria\Helpetd2.0\HealthPetsfrontend\FrontEndHealthPets\FrontEndHealthPets.csproj::TargetFramework=net8.0-ios]
C:\Users\betom\OneDrive\Escritorio\veterinaria\Helpetd2.0\HealthPetsfrontend\FrontEndHealthPets\ViewModels\VetScheduleManagementViewModel.cs(118,23): warning CS8602: Desreferencia de una referencia posiblemente NULL. [C:\Users\betom\OneDrive\Escritorio\veterinaria\Helpetd2.0\HealthPetsfrontend\FrontEndHealthPets\FrontEndHealthPets.csproj::TargetFramework=net8.0-ios]
C:\Users\betom\OneDrive\Escritorio\veterinaria\Helpetd2.0\HealthPetsfrontend\FrontEndHealthPets\ViewModels\VetScheduleManagementViewModel.cs(118,23): warning CS8602: Desreferencia de una referencia posiblemente NULL. [C:\Users\betom\OneDrive\Escritorio\veterinaria\Helpetd2.0\HealthPetsfrontend\FrontEndHealthPets\FrontEndHealthPets.csproj::TargetFramework=net8.0-ios]
C:\Users\betom\OneDrive\Escritorio\veterinaria\Helpetd2.0\HealthPetsfrontend\FrontEndHealthPets\Entidades\Response\Res_ObtenerBreeds.cs(12,49): warning CS8618: El elemento propiedad "Breeds" que no acepta valores NULL debe contener un valor distinto de NULL al salir del constructor. Considere la posibilidad de agregar el modificador "required'"o declarar el propiedad como un valor que acepta valores NULL. [C:\Users\betom\OneDrive\Escritorio\veterinaria\Helpetd2.0\HealthPetsfrontend\FrontEndHealthPets\FrontEndHealthPets.csproj::TargetFramework=net8.0-ios]
C:\Users\betom\OneDrive\Escritorio\veterinaria\Helpetd2.0\HealthPetsfrontend\FrontEndHealthPets\Entidades\Response\Res_Login.cs(13,33): warning CS8618: El elemento propiedad "Registro_Usuario" que no acepta valores NULL debe contener un valor distinto de NULL al salir del constructor. Considere la posibilidad de agregar el modificador "required'"o declarar el propiedad como un valor que acepta valores NULL. [C:\Users\betom\OneDrive\Escritorio\veterinaria\Helpetd2.0\HealthPetsfrontend\FrontEndHealthPets\FrontEndHealthPets.csproj::TargetFramework=net8.0-ios]
C:\Users\betom\OneDrive\Escritorio\veterinaria\Helpetd2.0\HealthPetsfrontend\FrontEndHealthPets\Entidades\Response\Res_Base.cs(14,23): warning CS8618: El elemento propiedad "Error" que no acepta valores NULL debe contener un valor distinto de NULL al salir del constructor. Considere la posibilidad de agregar el modificador "required'"o declarar el propiedad como un valor que acepta valores NULL. [C:\Users\betom\OneDrive\Escritorio\veterinaria\Helpetd2.0\HealthPetsfrontend\FrontEndHealthPets\FrontEndHealthPets.csproj::TargetFramework=net8.0-ios]
C:\Users\betom\OneDrive\Escritorio\veterinaria\Helpetd2.0\HealthPetsfrontend\FrontEndHealthPets\Entidades\Request\Req_Usuario.cs(12,33): warning CS8618: El elemento propiedad "registro_Usuario" que no acepta valores NULL debe contener un valor distinto de NULL al salir del constructor. Considere la posibilidad de agregar el modificador "required'"o declarar el propiedad como un valor que acepta valores NULL. [C:\Users\betom\OneDrive\Escritorio\veterinaria\Helpetd2.0\HealthPetsfrontend\FrontEndHealthPets\FrontEndHealthPets.csproj::TargetFramework=net8.0-ios]
C:\Users\betom\OneDrive\Escritorio\veterinaria\Helpetd2.0\HealthPetsfrontend\FrontEndHealthPets\Entidades\Entitys\Registro_Usuario.cs(14,23): warning CS8618: El elemento propiedad "Nombre" que no acepta valores NULL debe contener un valor distinto de NULL al salir del constructor. Considere la posibilidad de agregar el modificador "required'"o declarar el propiedad como un valor que acepta valores NULL. [C:\Users\betom\OneDrive\Escritorio\veterinaria\Helpetd2.0\HealthPetsfrontend\FrontEndHealthPets\FrontEndHealthPets.csproj::TargetFramework=net8.0-ios]
C:\Users\betom\OneDrive\Escritorio\veterinaria\Helpetd2.0\HealthPetsfrontend\FrontEndHealthPets\Entidades\Entitys\Registro_Usuario.cs(15,23): warning CS8618: El elemento propiedad "Apellidos" que no acepta valores NULL debe contener un valor distinto de NULL al salir del constructor. Considere la posibilidad de agregar el modificador "required'"o declarar el propiedad como un valor que acepta valores NULL. [C:\Users\betom\OneDrive\Escritorio\veterinaria\Helpetd2.0\HealthPetsfrontend\FrontEndHealthPets\FrontEndHealthPets.csproj::TargetFramework=net8.0-ios]
C:\Users\betom\OneDrive\Escritorio\veterinaria\Helpetd2.0\HealthPetsfrontend\FrontEndHealthPets\Entidades\Entitys\Registro_Usuario.cs(16,23): warning CS8618: El elemento propiedad "Correo_Electronico" que no acepta valores NULL debe contener un valor distinto de NULL al salir del constructor. Considere la posibilidad de agregar el modificador "required'"o declarar el propiedad como un valor que acepta valores NULL. [C:\Users\betom\OneDrive\Escritorio\veterinaria\Helpetd2.0\HealthPetsfrontend\FrontEndHealthPets\FrontEndHealthPets.csproj::TargetFramework=net8.0-ios]
C:\Users\betom\OneDrive\Escritorio\veterinaria\Helpetd2.0\HealthPetsfrontend\FrontEndHealthPets\Entidades\Entitys\Registro_Usuario.cs(18,23): warning CS8618: El elemento propiedad "Confirmacion_Correo_Electronico" que no acepta valores NULL debe contener un valor distinto de NULL al salir del constructor. Considere la posibilidad de agregar el modificador "required'"o declarar el propiedad como un valor que acepta valores NULL. [C:\Users\betom\OneDrive\Escritorio\veterinaria\Helpetd2.0\HealthPetsfrontend\FrontEndHealthPets\FrontEndHealthPets.csproj::TargetFramework=net8.0-ios]
C:\Users\betom\OneDrive\Escritorio\veterinaria\Helpetd2.0\HealthPetsfrontend\FrontEndHealthPets\Entidades\Entitys\Registro_Usuario.cs(19,23): warning CS8618: El elemento propiedad "Password" que no acepta valores NULL debe contener un valor distinto de NULL al salir del constructor. Considere la posibilidad de agregar el modificador "required'"o declarar el propiedad como un valor que acepta valores NULL. [C:\Users\betom\OneDrive\Escritorio\veterinaria\Helpetd2.0\HealthPetsfrontend\FrontEndHealthPets\FrontEndHealthPets.csproj::TargetFramework=net8.0-ios]
C:\Users\betom\OneDrive\Escritorio\veterinaria\Helpetd2.0\HealthPetsfrontend\FrontEndHealthPets\Entidades\Entitys\Registro_Usuario.cs(21,23): warning CS8618: El elemento propiedad "Confirmar_Password" que no acepta valores NULL debe contener un valor distinto de NULL al salir del constructor. Considere la posibilidad de agregar el modificador "required'"o declarar el propiedad como un valor que acepta valores NULL. [C:\Users\betom\OneDrive\Escritorio\veterinaria\Helpetd2.0\HealthPetsfrontend\FrontEndHealthPets\FrontEndHealthPets.csproj::TargetFramework=net8.0-ios]
C:\Users\betom\OneDrive\Escritorio\veterinaria\Helpetd2.0\HealthPetsfrontend\FrontEndHealthPets\Entidades\Entitys\Registro_Usuario.cs(23,23): warning CS8618: El elemento propiedad "numero_verificacion" que no acepta valores NULL debe contener un valor distinto de NULL al salir del constructor. Considere la posibilidad de agregar el modificador "required'"o declarar el propiedad como un valor que acepta valores NULL. [C:\Users\betom\OneDrive\Escritorio\veterinaria\Helpetd2.0\HealthPetsfrontend\FrontEndHealthPets\FrontEndHealthPets.csproj::TargetFramework=net8.0-ios]
C:\Users\betom\OneDrive\Escritorio\veterinaria\Helpetd2.0\HealthPetsfrontend\FrontEndHealthPets\Entidades\Entitys\Registro_Usuario.cs(25,23): warning CS8618: El elemento propiedad "token" que no acepta valores NULL debe contener un valor distinto de NULL al salir del constructor. Considere la posibilidad de agregar el modificador "required'"o declarar el propiedad como un valor que acepta valores NULL. [C:\Users\betom\OneDrive\Escritorio\veterinaria\Helpetd2.0\HealthPetsfrontend\FrontEndHealthPets\FrontEndHealthPets.csproj::TargetFramework=net8.0-ios]
C:\Users\betom\OneDrive\Escritorio\veterinaria\Helpetd2.0\HealthPetsfrontend\FrontEndHealthPets\Entidades\Entitys\Sesion.cs(12,30): warning CS8618: El elemento propiedad "nombre" que no acepta valores NULL debe contener un valor distinto de NULL al salir del constructor. Considere la posibilidad de agregar el modificador "required'"o declarar el propiedad como un valor que acepta valores NULL. [C:\Users\betom\OneDrive\Escritorio\veterinaria\Helpetd2.0\HealthPetsfrontend\FrontEndHealthPets\FrontEndHealthPets.csproj::TargetFramework=net8.0-ios]
C:\Users\betom\OneDrive\Escritorio\veterinaria\Helpetd2.0\HealthPetsfrontend\FrontEndHealthPets\Entidades\Entitys\Sesion.cs(13,30): warning CS8618: El elemento propiedad "apellidos" que no acepta valores NULL debe contener un valor distinto de NULL al salir del constructor. Considere la posibilidad de agregar el modificador "required'"o declarar el propiedad como un valor que acepta valores NULL. [C:\Users\betom\OneDrive\Escritorio\veterinaria\Helpetd2.0\HealthPetsfrontend\FrontEndHealthPets\FrontEndHealthPets.csproj::TargetFramework=net8.0-ios]
C:\Users\betom\OneDrive\Escritorio\veterinaria\Helpetd2.0\HealthPetsfrontend\FrontEndHealthPets\Entidades\Entitys\Sesion.cs(15,30): warning CS8618: El elemento propiedad "Correo_Electronico" que no acepta valores NULL debe contener un valor distinto de NULL al salir del constructor. Considere la posibilidad de agregar el modificador "required'"o declarar el propiedad como un valor que acepta valores NULL. [C:\Users\betom\OneDrive\Escritorio\veterinaria\Helpetd2.0\HealthPetsfrontend\FrontEndHealthPets\FrontEndHealthPets.csproj::TargetFramework=net8.0-ios]
C:\Users\betom\OneDrive\Escritorio\veterinaria\Helpetd2.0\HealthPetsfrontend\FrontEndHealthPets\Entidades\Entitys\Sesion.cs(17,30): warning CS8618: El elemento propiedad "Password" que no acepta valores NULL debe contener un valor distinto de NULL al salir del constructor. Considere la posibilidad de agregar el modificador "required'"o declarar el propiedad como un valor que acepta valores NULL. [C:\Users\betom\OneDrive\Escritorio\veterinaria\Helpetd2.0\HealthPetsfrontend\FrontEndHealthPets\FrontEndHealthPets.csproj::TargetFramework=net8.0-ios]
C:\Users\betom\OneDrive\Escritorio\veterinaria\Helpetd2.0\HealthPetsfrontend\FrontEndHealthPets\Entidades\Entitys\Sesion.cs(19,30): warning CS8618: El elemento propiedad "token" que no acepta valores NULL debe contener un valor distinto de NULL al salir del constructor. Considere la posibilidad de agregar el modificador "required'"o declarar el propiedad como un valor que acepta valores NULL. [C:\Users\betom\OneDrive\Escritorio\veterinaria\Helpetd2.0\HealthPetsfrontend\FrontEndHealthPets\FrontEndHealthPets.csproj::TargetFramework=net8.0-ios]
C:\Users\betom\OneDrive\Escritorio\veterinaria\Helpetd2.0\HealthPetsfrontend\FrontEndHealthPets\Entidades\Request\Req_Login.cs(11,23): warning CS8618: El elemento propiedad "Correo_Electronico" que no acepta valores NULL debe contener un valor distinto de NULL al salir del constructor. Considere la posibilidad de agregar el modificador "required'"o declarar el propiedad como un valor que acepta valores NULL. [C:\Users\betom\OneDrive\Escritorio\veterinaria\Helpetd2.0\HealthPetsfrontend\FrontEndHealthPets\FrontEndHealthPets.csproj::TargetFramework=net8.0-ios]
C:\Users\betom\OneDrive\Escritorio\veterinaria\Helpetd2.0\HealthPetsfrontend\FrontEndHealthPets\Entidades\Request\Req_Login.cs(12,23): warning CS8618: El elemento propiedad "Contrasena" que no acepta valores NULL debe contener un valor distinto de NULL al salir del constructor. Considere la posibilidad de agregar el modificador "required'"o declarar el propiedad como un valor que acepta valores NULL. [C:\Users\betom\OneDrive\Escritorio\veterinaria\Helpetd2.0\HealthPetsfrontend\FrontEndHealthPets\FrontEndHealthPets.csproj::TargetFramework=net8.0-ios]
C:\Users\betom\OneDrive\Escritorio\veterinaria\Helpetd2.0\HealthPetsfrontend\FrontEndHealthPets\Entidades\Entitys\Razas_Perros.cs(12,23): warning CS8618: El elemento propiedad "Nombre" que no acepta valores NULL debe contener un valor distinto de NULL al salir del constructor. Considere la posibilidad de agregar el modificador "required'"o declarar el propiedad como un valor que acepta valores NULL. [C:\Users\betom\OneDrive\Escritorio\veterinaria\Helpetd2.0\HealthPetsfrontend\FrontEndHealthPets\FrontEndHealthPets.csproj::TargetFramework=net8.0-ios]
C:\Users\betom\OneDrive\Escritorio\veterinaria\Helpetd2.0\HealthPetsfrontend\FrontEndHealthPets\Entidades\Entitys\Razas_Perros.cs(13,23): warning CS8618: El elemento propiedad "Descripcion" que no acepta valores NULL debe contener un valor distinto de NULL al salir del constructor. Considere la posibilidad de agregar el modificador "required'"o declarar el propiedad como un valor que acepta valores NULL. [C:\Users\betom\OneDrive\Escritorio\veterinaria\Helpetd2.0\HealthPetsfrontend\FrontEndHealthPets\FrontEndHealthPets.csproj::TargetFramework=net8.0-ios]
C:\Users\betom\OneDrive\Escritorio\veterinaria\Helpetd2.0\HealthPetsfrontend\FrontEndHealthPets\Modelos\DogApiService.cs(22,20): warning CS8603: Posible tipo de valor devuelto de referencia nulo. [C:\Users\betom\OneDrive\Escritorio\veterinaria\Helpetd2.0\HealthPetsfrontend\FrontEndHealthPets\FrontEndHealthPets.csproj::TargetFramework=net8.0-ios]
C:\Users\betom\OneDrive\Escritorio\veterinaria\Helpetd2.0\HealthPetsfrontend\FrontEndHealthPets\Modelos\UsuarioViewModel.cs(12,23): warning CS8618: El elemento propiedad "Nombre" que no acepta valores NULL debe contener un valor distinto de NULL al salir del constructor. Considere la posibilidad de agregar el modificador "required'"o declarar el propiedad como un valor que acepta valores NULL. [C:\Users\betom\OneDrive\Escritorio\veterinaria\Helpetd2.0\HealthPetsfrontend\FrontEndHealthPets\FrontEndHealthPets.csproj::TargetFramework=net8.0-ios]
C:\Users\betom\OneDrive\Escritorio\veterinaria\Helpetd2.0\HealthPetsfrontend\FrontEndHealthPets\Modelos\UsuarioViewModel.cs(13,23): warning CS8618: El elemento propiedad "Apellido" que no acepta valores NULL debe contener un valor distinto de NULL al salir del constructor. Considere la posibilidad de agregar el modificador "required'"o declarar el propiedad como un valor que acepta valores NULL. [C:\Users\betom\OneDrive\Escritorio\veterinaria\Helpetd2.0\HealthPetsfrontend\FrontEndHealthPets\FrontEndHealthPets.csproj::TargetFramework=net8.0-ios]
C:\Users\betom\OneDrive\Escritorio\veterinaria\Helpetd2.0\HealthPetsfrontend\FrontEndHealthPets\Modelos\UsuarioViewModel.cs(14,23): warning CS8618: El elemento propiedad "CorreoElectronico" que no acepta valores NULL debe contener un valor distinto de NULL al salir del constructor. Considere la posibilidad de agregar el modificador "required'"o declarar el propiedad como un valor que acepta valores NULL. [C:\Users\betom\OneDrive\Escritorio\veterinaria\Helpetd2.0\HealthPetsfrontend\FrontEndHealthPets\FrontEndHealthPets.csproj::TargetFramework=net8.0-ios]
C:\Users\betom\OneDrive\Escritorio\veterinaria\Helpetd2.0\HealthPetsfrontend\FrontEndHealthPets\Modelos\UsuarioViewModel.cs(16,23): warning CS8618: El elemento propiedad "Password" que no acepta valores NULL debe contener un valor distinto de NULL al salir del constructor. Considere la posibilidad de agregar el modificador "required'"o declarar el propiedad como un valor que acepta valores NULL. [C:\Users\betom\OneDrive\Escritorio\veterinaria\Helpetd2.0\HealthPetsfrontend\FrontEndHealthPets\FrontEndHealthPets.csproj::TargetFramework=net8.0-ios]
C:\Users\betom\OneDrive\Escritorio\veterinaria\Helpetd2.0\HealthPetsfrontend\FrontEndHealthPets\Modelos\UsuarioViewModel.cs(18,23): warning CS8618: El elemento propiedad "Passwoord" que no acepta valores NULL debe contener un valor distinto de NULL al salir del constructor. Considere la posibilidad de agregar el modificador "required'"o declarar el propiedad como un valor que acepta valores NULL. [C:\Users\betom\OneDrive\Escritorio\veterinaria\Helpetd2.0\HealthPetsfrontend\FrontEndHealthPets\FrontEndHealthPets.csproj::TargetFramework=net8.0-ios]
C:\Users\betom\OneDrive\Escritorio\veterinaria\Helpetd2.0\HealthPetsfrontend\FrontEndHealthPets\Modelos\DogApiService.cs(29,20): warning CS8603: Posible tipo de valor devuelto de referencia nulo. [C:\Users\betom\OneDrive\Escritorio\veterinaria\Helpetd2.0\HealthPetsfrontend\FrontEndHealthPets\FrontEndHealthPets.csproj::TargetFramework=net8.0-ios]
C:\Users\betom\OneDrive\Escritorio\veterinaria\Helpetd2.0\HealthPetsfrontend\FrontEndHealthPets\ViewModels\VetScheduleManagementViewModel.cs(131,34): warning CS8602: Desreferencia de una referencia posiblemente NULL. [C:\Users\betom\OneDrive\Escritorio\veterinaria\Helpetd2.0\HealthPetsfrontend\FrontEndHealthPets\FrontEndHealthPets.csproj::TargetFramework=net8.0-ios]
C:\Users\betom\OneDrive\Escritorio\veterinaria\Helpetd2.0\HealthPetsfrontend\FrontEndHealthPets\ViewModels\VetScheduleManagementViewModel.cs(131,34): warning CS8602: Desreferencia de una referencia posiblemente NULL. [C:\Users\betom\OneDrive\Escritorio\veterinaria\Helpetd2.0\HealthPetsfrontend\FrontEndHealthPets\FrontEndHealthPets.csproj::TargetFramework=net8.0-ios]
C:\Users\betom\OneDrive\Escritorio\veterinaria\Helpetd2.0\HealthPetsfrontend\FrontEndHealthPets\Models\VetSchedule.cs(18,23): warning CS8618: El elemento propiedad "DayName" que no acepta valores NULL debe contener un valor distinto de NULL al salir del constructor. Considere la posibilidad de agregar el modificador "required'"o declarar el propiedad como un valor que acepta valores NULL. [C:\Users\betom\OneDrive\Escritorio\veterinaria\Helpetd2.0\HealthPetsfrontend\FrontEndHealthPets\FrontEndHealthPets.csproj::TargetFramework=net8.0-ios]
C:\Users\betom\OneDrive\Escritorio\veterinaria\Helpetd2.0\HealthPetsfrontend\FrontEndHealthPets\Pages\SettingsPage.xaml.cs(134,17): warning CS8602: Desreferencia de una referencia posiblemente NULL. [C:\Users\betom\OneDrive\Escritorio\veterinaria\Helpetd2.0\HealthPetsfrontend\FrontEndHealthPets\FrontEndHealthPets.csproj::TargetFramework=net8.0-ios]
C:\Users\betom\OneDrive\Escritorio\veterinaria\Helpetd2.0\HealthPetsfrontend\FrontEndHealthPets\Models\BathRecord.cs(10,23): warning CS8618: El elemento propiedad "Notes" que no acepta valores NULL debe contener un valor distinto de NULL al salir del constructor. Considere la posibilidad de agregar el modificador "required'"o declarar el propiedad como un valor que acepta valores NULL. [C:\Users\betom\OneDrive\Escritorio\veterinaria\Helpetd2.0\HealthPetsfrontend\FrontEndHealthPets\FrontEndHealthPets.csproj::TargetFramework=net8.0-ios]
C:\Users\betom\OneDrive\Escritorio\veterinaria\Helpetd2.0\HealthPetsfrontend\FrontEndHealthPets\Models\BathRecord.cs(11,23): warning CS8618: El elemento propiedad "GroomerName" que no acepta valores NULL debe contener un valor distinto de NULL al salir del constructor. Considere la posibilidad de agregar el modificador "required'"o declarar el propiedad como un valor que acepta valores NULL. [C:\Users\betom\OneDrive\Escritorio\veterinaria\Helpetd2.0\HealthPetsfrontend\FrontEndHealthPets\FrontEndHealthPets.csproj::TargetFramework=net8.0-ios]
C:\Users\betom\OneDrive\Escritorio\veterinaria\Helpetd2.0\HealthPetsfrontend\FrontEndHealthPets\Paginas\FlyPaginas\RazasAnimales.xaml.cs(14,9): warning CS4014: Como esta llamada no es 'awaited', la ejecuci├│n del m├®todo actual continuar├í antes de que se complete la llamada. Puede aplicar el operador 'await' al resultado de la llamada. [C:\Users\betom\OneDrive\Escritorio\veterinaria\Helpetd2.0\HealthPetsfrontend\FrontEndHealthPets\FrontEndHealthPets.csproj::TargetFramework=net8.0-ios]
C:\Users\betom\OneDrive\Escritorio\veterinaria\Helpetd2.0\HealthPetsfrontend\FrontEndHealthPets\Paginas\FlyPaginas\RazasAnimales.xaml.cs(10,12): warning CS8618: El elemento campo "_breeds" que no acepta valores NULL debe contener un valor distinto de NULL al salir del constructor. Considere la posibilidad de agregar el modificador "required'"o declarar el campo como un valor que acepta valores NULL. [C:\Users\betom\OneDrive\Escritorio\veterinaria\Helpetd2.0\HealthPetsfrontend\FrontEndHealthPets\FrontEndHealthPets.csproj::TargetFramework=net8.0-ios]
C:\Users\betom\OneDrive\Escritorio\veterinaria\Helpetd2.0\HealthPetsfrontend\FrontEndHealthPets\ViewModels\BathControlViewModel.cs(18,16): warning CS8618: El elemento campo "_selectedPet" que no acepta valores NULL debe contener un valor distinto de NULL al salir del constructor. Considere la posibilidad de agregar el modificador "required'"o declarar el campo como un valor que acepta valores NULL. [C:\Users\betom\OneDrive\Escritorio\veterinaria\Helpetd2.0\HealthPetsfrontend\FrontEndHealthPets\FrontEndHealthPets.csproj::TargetFramework=net8.0-ios]
C:\Users\betom\OneDrive\Escritorio\veterinaria\Helpetd2.0\HealthPetsfrontend\FrontEndHealthPets\ViewModels\BathControlViewModel.cs(64,25): warning CS4014: Como esta llamada no es 'awaited', la ejecuci├│n del m├®todo actual continuar├í antes de que se complete la llamada. Puede aplicar el operador 'await' al resultado de la llamada. [C:\Users\betom\OneDrive\Escritorio\veterinaria\Helpetd2.0\HealthPetsfrontend\FrontEndHealthPets\FrontEndHealthPets.csproj::TargetFramework=net8.0-ios]
C:\Users\betom\OneDrive\Escritorio\veterinaria\Helpetd2.0\HealthPetsfrontend\FrontEndHealthPets\ViewModels\BathControlViewModel.cs(120,23): warning CS8602: Desreferencia de una referencia posiblemente NULL. [C:\Users\betom\OneDrive\Escritorio\veterinaria\Helpetd2.0\HealthPetsfrontend\FrontEndHealthPets\FrontEndHealthPets.csproj::TargetFramework=net8.0-ios]
C:\Users\betom\OneDrive\Escritorio\veterinaria\Helpetd2.0\HealthPetsfrontend\FrontEndHealthPets\ViewModels\BathControlViewModel.cs(120,23): warning CS8602: Desreferencia de una referencia posiblemente NULL. [C:\Users\betom\OneDrive\Escritorio\veterinaria\Helpetd2.0\HealthPetsfrontend\FrontEndHealthPets\FrontEndHealthPets.csproj::TargetFramework=net8.0-ios]
C:\Users\betom\OneDrive\Escritorio\veterinaria\Helpetd2.0\HealthPetsfrontend\FrontEndHealthPets\ViewModels\BathControlViewModel.cs(154,23): warning CS8602: Desreferencia de una referencia posiblemente NULL. [C:\Users\betom\OneDrive\Escritorio\veterinaria\Helpetd2.0\HealthPetsfrontend\FrontEndHealthPets\FrontEndHealthPets.csproj::TargetFramework=net8.0-ios]
C:\Users\betom\OneDrive\Escritorio\veterinaria\Helpetd2.0\HealthPetsfrontend\FrontEndHealthPets\ViewModels\BathControlViewModel.cs(154,23): warning CS8602: Desreferencia de una referencia posiblemente NULL. [C:\Users\betom\OneDrive\Escritorio\veterinaria\Helpetd2.0\HealthPetsfrontend\FrontEndHealthPets\FrontEndHealthPets.csproj::TargetFramework=net8.0-ios]
C:\Users\betom\OneDrive\Escritorio\veterinaria\Helpetd2.0\HealthPetsfrontend\FrontEndHealthPets\ViewModels\BathControlViewModel.cs(159,36): warning CS8602: Desreferencia de una referencia posiblemente NULL. [C:\Users\betom\OneDrive\Escritorio\veterinaria\Helpetd2.0\HealthPetsfrontend\FrontEndHealthPets\FrontEndHealthPets.csproj::TargetFramework=net8.0-ios]
C:\Users\betom\OneDrive\Escritorio\veterinaria\Helpetd2.0\HealthPetsfrontend\FrontEndHealthPets\ViewModels\BathControlViewModel.cs(159,36): warning CS8602: Desreferencia de una referencia posiblemente NULL. [C:\Users\betom\OneDrive\Escritorio\veterinaria\Helpetd2.0\HealthPetsfrontend\FrontEndHealthPets\FrontEndHealthPets.csproj::TargetFramework=net8.0-ios]
C:\Users\betom\OneDrive\Escritorio\veterinaria\Helpetd2.0\HealthPetsfrontend\FrontEndHealthPets\ViewModels\BathControlViewModel.cs(179,34): warning CS8602: Desreferencia de una referencia posiblemente NULL. [C:\Users\betom\OneDrive\Escritorio\veterinaria\Helpetd2.0\HealthPetsfrontend\FrontEndHealthPets\FrontEndHealthPets.csproj::TargetFramework=net8.0-ios]
C:\Users\betom\OneDrive\Escritorio\veterinaria\Helpetd2.0\HealthPetsfrontend\FrontEndHealthPets\ViewModels\BathControlViewModel.cs(179,34): warning CS8602: Desreferencia de una referencia posiblemente NULL. [C:\Users\betom\OneDrive\Escritorio\veterinaria\Helpetd2.0\HealthPetsfrontend\FrontEndHealthPets\FrontEndHealthPets.csproj::TargetFramework=net8.0-ios]
C:\Users\betom\OneDrive\Escritorio\veterinaria\Helpetd2.0\HealthPetsfrontend\FrontEndHealthPets\Paginas\FlyPaginas\PaginaFlyMenu.xaml.cs(184,17): warning CS8602: Desreferencia de una referencia posiblemente NULL. [C:\Users\betom\OneDrive\Escritorio\veterinaria\Helpetd2.0\HealthPetsfrontend\FrontEndHealthPets\FrontEndHealthPets.csproj::TargetFramework=net8.0-ios]
C:\Users\betom\OneDrive\Escritorio\veterinaria\Helpetd2.0\HealthPetsfrontend\FrontEndHealthPets\ViewModels\ForgotPasswordViewModel.cs(18,16): warning CS8618: El elemento campo "email" que no acepta valores NULL debe contener un valor distinto de NULL al salir del constructor. Considere la posibilidad de agregar el modificador "required'"o declarar el campo como un valor que acepta valores NULL. [C:\Users\betom\OneDrive\Escritorio\veterinaria\Helpetd2.0\HealthPetsfrontend\FrontEndHealthPets\FrontEndHealthPets.csproj::TargetFramework=net8.0-ios]
C:\Users\betom\OneDrive\Escritorio\veterinaria\Helpetd2.0\HealthPetsfrontend\FrontEndHealthPets\ViewModels\ForgotPasswordViewModel.cs(31,23): warning CS8602: Desreferencia de una referencia posiblemente NULL. [C:\Users\betom\OneDrive\Escritorio\veterinaria\Helpetd2.0\HealthPetsfrontend\FrontEndHealthPets\FrontEndHealthPets.csproj::TargetFramework=net8.0-ios]
C:\Users\betom\OneDrive\Escritorio\veterinaria\Helpetd2.0\HealthPetsfrontend\FrontEndHealthPets\ViewModels\ForgotPasswordViewModel.cs(31,23): warning CS8602: Desreferencia de una referencia posiblemente NULL. [C:\Users\betom\OneDrive\Escritorio\veterinaria\Helpetd2.0\HealthPetsfrontend\FrontEndHealthPets\FrontEndHealthPets.csproj::TargetFramework=net8.0-ios]
C:\Users\betom\OneDrive\Escritorio\veterinaria\Helpetd2.0\HealthPetsfrontend\FrontEndHealthPets\ViewModels\ForgotPasswordViewModel.cs(42,27): warning CS8602: Desreferencia de una referencia posiblemente NULL. [C:\Users\betom\OneDrive\Escritorio\veterinaria\Helpetd2.0\HealthPetsfrontend\FrontEndHealthPets\FrontEndHealthPets.csproj::TargetFramework=net8.0-ios]
C:\Users\betom\OneDrive\Escritorio\veterinaria\Helpetd2.0\HealthPetsfrontend\FrontEndHealthPets\ViewModels\ForgotPasswordViewModel.cs(42,27): warning CS8602: Desreferencia de una referencia posiblemente NULL. [C:\Users\betom\OneDrive\Escritorio\veterinaria\Helpetd2.0\HealthPetsfrontend\FrontEndHealthPets\FrontEndHealthPets.csproj::TargetFramework=net8.0-ios]
C:\Users\betom\OneDrive\Escritorio\veterinaria\Helpetd2.0\HealthPetsfrontend\FrontEndHealthPets\ViewModels\ForgotPasswordViewModel.cs(52,27): warning CS8602: Desreferencia de una referencia posiblemente NULL. [C:\Users\betom\OneDrive\Escritorio\veterinaria\Helpetd2.0\HealthPetsfrontend\FrontEndHealthPets\FrontEndHealthPets.csproj::TargetFramework=net8.0-ios]
C:\Users\betom\OneDrive\Escritorio\veterinaria\Helpetd2.0\HealthPetsfrontend\FrontEndHealthPets\ViewModels\ForgotPasswordViewModel.cs(52,27): warning CS8602: Desreferencia de una referencia posiblemente NULL. [C:\Users\betom\OneDrive\Escritorio\veterinaria\Helpetd2.0\HealthPetsfrontend\FrontEndHealthPets\FrontEndHealthPets.csproj::TargetFramework=net8.0-ios]
C:\Users\betom\OneDrive\Escritorio\veterinaria\Helpetd2.0\HealthPetsfrontend\FrontEndHealthPets\ViewModels\ForgotPasswordViewModel.cs(57,23): warning CS8602: Desreferencia de una referencia posiblemente NULL. [C:\Users\betom\OneDrive\Escritorio\veterinaria\Helpetd2.0\HealthPetsfrontend\FrontEndHealthPets\FrontEndHealthPets.csproj::TargetFramework=net8.0-ios]
C:\Users\betom\OneDrive\Escritorio\veterinaria\Helpetd2.0\HealthPetsfrontend\FrontEndHealthPets\ViewModels\ForgotPasswordViewModel.cs(57,23): warning CS8602: Desreferencia de una referencia posiblemente NULL. [C:\Users\betom\OneDrive\Escritorio\veterinaria\Helpetd2.0\HealthPetsfrontend\FrontEndHealthPets\FrontEndHealthPets.csproj::TargetFramework=net8.0-ios]
C:\Users\betom\OneDrive\Escritorio\veterinaria\Helpetd2.0\HealthPetsfrontend\FrontEndHealthPets\Services\HistorialClinicoService.cs(47,33): warning CS8601: Posible asignaci├│n de referencia nula. [C:\Users\betom\OneDrive\Escritorio\veterinaria\Helpetd2.0\HealthPetsfrontend\FrontEndHealthPets\FrontEndHealthPets.csproj::TargetFramework=net8.0-ios]
C:\Users\betom\OneDrive\Escritorio\veterinaria\Helpetd2.0\HealthPetsfrontend\FrontEndHealthPets\ViewModels\PetDetailViewModel.cs(45,16): warning CS8618: El elemento campo "_pet" que no acepta valores NULL debe contener un valor distinto de NULL al salir del constructor. Considere la posibilidad de agregar el modificador "required'"o declarar el campo como un valor que acepta valores NULL. [C:\Users\betom\OneDrive\Escritorio\veterinaria\Helpetd2.0\HealthPetsfrontend\FrontEndHealthPets\FrontEndHealthPets.csproj::TargetFramework=net8.0-ios]
C:\Users\betom\OneDrive\Escritorio\veterinaria\Helpetd2.0\HealthPetsfrontend\FrontEndHealthPets\ViewModels\PetDetailViewModel.cs(69,23): warning CS8601: Posible asignaci├│n de referencia nula. [C:\Users\betom\OneDrive\Escritorio\veterinaria\Helpetd2.0\HealthPetsfrontend\FrontEndHealthPets\FrontEndHealthPets.csproj::TargetFramework=net8.0-ios]
C:\Users\betom\OneDrive\Escritorio\veterinaria\Helpetd2.0\HealthPetsfrontend\FrontEndHealthPets\ViewModels\PetProfileViewModel.cs(107,30): warning CS0168: La variable 'ex' se ha declarado pero nunca se usa [C:\Users\betom\OneDrive\Escritorio\veterinaria\Helpetd2.0\HealthPetsfrontend\FrontEndHealthPets\FrontEndHealthPets.csproj::TargetFramework=net8.0-ios]
C:\Users\betom\OneDrive\Escritorio\veterinaria\Helpetd2.0\HealthPetsfrontend\FrontEndHealthPets\ViewModels\MyAppointmentsViewModel.cs(43,23): warning CS8602: Desreferencia de una referencia posiblemente NULL. [C:\Users\betom\OneDrive\Escritorio\veterinaria\Helpetd2.0\HealthPetsfrontend\FrontEndHealthPets\FrontEndHealthPets.csproj::TargetFramework=net8.0-ios]
C:\Users\betom\OneDrive\Escritorio\veterinaria\Helpetd2.0\HealthPetsfrontend\FrontEndHealthPets\ViewModels\MyAppointmentsViewModel.cs(43,23): warning CS8602: Desreferencia de una referencia posiblemente NULL. [C:\Users\betom\OneDrive\Escritorio\veterinaria\Helpetd2.0\HealthPetsfrontend\FrontEndHealthPets\FrontEndHealthPets.csproj::TargetFramework=net8.0-ios]
C:\Users\betom\OneDrive\Escritorio\veterinaria\Helpetd2.0\HealthPetsfrontend\FrontEndHealthPets\Models\VetAppointment.cs(15,23): warning CS8618: El elemento propiedad "VeterinarianName" que no acepta valores NULL debe contener un valor distinto de NULL al salir del constructor. Considere la posibilidad de agregar el modificador "required'"o declarar el propiedad como un valor que acepta valores NULL. [C:\Users\betom\OneDrive\Escritorio\veterinaria\Helpetd2.0\HealthPetsfrontend\FrontEndHealthPets\FrontEndHealthPets.csproj::TargetFramework=net8.0-ios]
C:\Users\betom\OneDrive\Escritorio\veterinaria\Helpetd2.0\HealthPetsfrontend\FrontEndHealthPets\Models\VetAppointment.cs(21,23): warning CS8618: El elemento propiedad "UserName" que no acepta valores NULL debe contener un valor distinto de NULL al salir del constructor. Considere la posibilidad de agregar el modificador "required'"o declarar el propiedad como un valor que acepta valores NULL. [C:\Users\betom\OneDrive\Escritorio\veterinaria\Helpetd2.0\HealthPetsfrontend\FrontEndHealthPets\FrontEndHealthPets.csproj::TargetFramework=net8.0-ios]
C:\Users\betom\OneDrive\Escritorio\veterinaria\Helpetd2.0\HealthPetsfrontend\FrontEndHealthPets\Models\VetAppointment.cs(33,23): warning CS8618: El elemento propiedad "Status" que no acepta valores NULL debe contener un valor distinto de NULL al salir del constructor. Considere la posibilidad de agregar el modificador "required'"o declarar el propiedad como un valor que acepta valores NULL. [C:\Users\betom\OneDrive\Escritorio\veterinaria\Helpetd2.0\HealthPetsfrontend\FrontEndHealthPets\FrontEndHealthPets.csproj::TargetFramework=net8.0-ios]
C:\Users\betom\OneDrive\Escritorio\veterinaria\Helpetd2.0\HealthPetsfrontend\FrontEndHealthPets\ViewModels\MyAppointmentsViewModel.cs(57,34): warning CS8602: Desreferencia de una referencia posiblemente NULL. [C:\Users\betom\OneDrive\Escritorio\veterinaria\Helpetd2.0\HealthPetsfrontend\FrontEndHealthPets\FrontEndHealthPets.csproj::TargetFramework=net8.0-ios]
C:\Users\betom\OneDrive\Escritorio\veterinaria\Helpetd2.0\HealthPetsfrontend\FrontEndHealthPets\ViewModels\MyAppointmentsViewModel.cs(57,34): warning CS8602: Desreferencia de una referencia posiblemente NULL. [C:\Users\betom\OneDrive\Escritorio\veterinaria\Helpetd2.0\HealthPetsfrontend\FrontEndHealthPets\FrontEndHealthPets.csproj::TargetFramework=net8.0-ios]
C:\Users\betom\OneDrive\Escritorio\veterinaria\Helpetd2.0\HealthPetsfrontend\FrontEndHealthPets\Models\Veterinarian.cs(12,23): warning CS8618: El elemento propiedad "Name" que no acepta valores NULL debe contener un valor distinto de NULL al salir del constructor. Considere la posibilidad de agregar el modificador "required'"o declarar el propiedad como un valor que acepta valores NULL. [C:\Users\betom\OneDrive\Escritorio\veterinaria\Helpetd2.0\HealthPetsfrontend\FrontEndHealthPets\FrontEndHealthPets.csproj::TargetFramework=net8.0-ios]
C:\Users\betom\OneDrive\Escritorio\veterinaria\Helpetd2.0\HealthPetsfrontend\FrontEndHealthPets\Models\Veterinarian.cs(15,23): warning CS8618: El elemento propiedad "Email" que no acepta valores NULL debe contener un valor distinto de NULL al salir del constructor. Considere la posibilidad de agregar el modificador "required'"o declarar el propiedad como un valor que acepta valores NULL. [C:\Users\betom\OneDrive\Escritorio\veterinaria\Helpetd2.0\HealthPetsfrontend\FrontEndHealthPets\FrontEndHealthPets.csproj::TargetFramework=net8.0-ios]
C:\Users\betom\OneDrive\Escritorio\veterinaria\Helpetd2.0\HealthPetsfrontend\FrontEndHealthPets\ViewModels\ResetPasswordViewModel.cs(28,16): warning CS8618: El elemento campo "email" que no acepta valores NULL debe contener un valor distinto de NULL al salir del constructor. Considere la posibilidad de agregar el modificador "required'"o declarar el campo como un valor que acepta valores NULL. [C:\Users\betom\OneDrive\Escritorio\veterinaria\Helpetd2.0\HealthPetsfrontend\FrontEndHealthPets\FrontEndHealthPets.csproj::TargetFramework=net8.0-ios]
C:\Users\betom\OneDrive\Escritorio\veterinaria\Helpetd2.0\HealthPetsfrontend\FrontEndHealthPets\ViewModels\ResetPasswordViewModel.cs(28,16): warning CS8618: El elemento campo "code" que no acepta valores NULL debe contener un valor distinto de NULL al salir del constructor. Considere la posibilidad de agregar el modificador "required'"o declarar el campo como un valor que acepta valores NULL. [C:\Users\betom\OneDrive\Escritorio\veterinaria\Helpetd2.0\HealthPetsfrontend\FrontEndHealthPets\FrontEndHealthPets.csproj::TargetFramework=net8.0-ios]
C:\Users\betom\OneDrive\Escritorio\veterinaria\Helpetd2.0\HealthPetsfrontend\FrontEndHealthPets\ViewModels\ResetPasswordViewModel.cs(28,16): warning CS8618: El elemento campo "newPassword" que no acepta valores NULL debe contener un valor distinto de NULL al salir del constructor. Considere la posibilidad de agregar el modificador "required'"o declarar el campo como un valor que acepta valores NULL. [C:\Users\betom\OneDrive\Escritorio\veterinaria\Helpetd2.0\HealthPetsfrontend\FrontEndHealthPets\FrontEndHealthPets.csproj::TargetFramework=net8.0-ios]
C:\Users\betom\OneDrive\Escritorio\veterinaria\Helpetd2.0\HealthPetsfrontend\FrontEndHealthPets\ViewModels\ResetPasswordViewModel.cs(28,16): warning CS8618: El elemento campo "confirmPassword" que no acepta valores NULL debe contener un valor distinto de NULL al salir del constructor. Considere la posibilidad de agregar el modificador "required'"o declarar el campo como un valor que acepta valores NULL. [C:\Users\betom\OneDrive\Escritorio\veterinaria\Helpetd2.0\HealthPetsfrontend\FrontEndHealthPets\FrontEndHealthPets.csproj::TargetFramework=net8.0-ios]
C:\Users\betom\OneDrive\Escritorio\veterinaria\Helpetd2.0\HealthPetsfrontend\FrontEndHealthPets\ViewModels\ResenasViewModel.cs(100,29): warning CS8601: Posible asignaci├│n de referencia nula. [C:\Users\betom\OneDrive\Escritorio\veterinaria\Helpetd2.0\HealthPetsfrontend\FrontEndHealthPets\FrontEndHealthPets.csproj::TargetFramework=net8.0-ios]
C:\Users\betom\OneDrive\Escritorio\veterinaria\Helpetd2.0\HealthPetsfrontend\FrontEndHealthPets\ViewModels\VaccinationViewModel.cs(24,16): warning CS8618: El elemento campo "selectedPet" que no acepta valores NULL debe contener un valor distinto de NULL al salir del constructor. Considere la posibilidad de agregar el modificador "required'"o declarar el campo como un valor que acepta valores NULL. [C:\Users\betom\OneDrive\Escritorio\veterinaria\Helpetd2.0\HealthPetsfrontend\FrontEndHealthPets\FrontEndHealthPets.csproj::TargetFramework=net8.0-ios]
C:\Users\betom\OneDrive\Escritorio\veterinaria\Helpetd2.0\HealthPetsfrontend\FrontEndHealthPets\ViewModels\SettingsViewModel.cs(86,16): warning CS8618: El elemento campo "_userName" que no acepta valores NULL debe contener un valor distinto de NULL al salir del constructor. Considere la posibilidad de agregar el modificador "required'"o declarar el campo como un valor que acepta valores NULL. [C:\Users\betom\OneDrive\Escritorio\veterinaria\Helpetd2.0\HealthPetsfrontend\FrontEndHealthPets\FrontEndHealthPets.csproj::TargetFramework=net8.0-ios]
C:\Users\betom\OneDrive\Escritorio\veterinaria\Helpetd2.0\HealthPetsfrontend\FrontEndHealthPets\ViewModels\SettingsViewModel.cs(86,16): warning CS8618: El elemento campo "_userEmail" que no acepta valores NULL debe contener un valor distinto de NULL al salir del constructor. Considere la posibilidad de agregar el modificador "required'"o declarar el campo como un valor que acepta valores NULL. [C:\Users\betom\OneDrive\Escritorio\veterinaria\Helpetd2.0\HealthPetsfrontend\FrontEndHealthPets\FrontEndHealthPets.csproj::TargetFramework=net8.0-ios]
C:\Users\betom\OneDrive\Escritorio\veterinaria\Helpetd2.0\HealthPetsfrontend\FrontEndHealthPets\ViewModels\SettingsViewModel.cs(86,16): warning CS8618: El elemento campo "_appVersion" que no acepta valores NULL debe contener un valor distinto de NULL al salir del constructor. Considere la posibilidad de agregar el modificador "required'"o declarar el campo como un valor que acepta valores NULL. [C:\Users\betom\OneDrive\Escritorio\veterinaria\Helpetd2.0\HealthPetsfrontend\FrontEndHealthPets\FrontEndHealthPets.csproj::TargetFramework=net8.0-ios]
C:\Users\betom\OneDrive\Escritorio\veterinaria\Helpetd2.0\HealthPetsfrontend\FrontEndHealthPets\ViewModels\VeterinarianProfileViewModel.cs(46,16): warning CS8618: El elemento campo "veterinarian" que no acepta valores NULL debe contener un valor distinto de NULL al salir del constructor. Considere la posibilidad de agregar el modificador "required'"o declarar el campo como un valor que acepta valores NULL. [C:\Users\betom\OneDrive\Escritorio\veterinaria\Helpetd2.0\HealthPetsfrontend\FrontEndHealthPets\FrontEndHealthPets.csproj::TargetFramework=net8.0-ios]
C:\Users\betom\OneDrive\Escritorio\veterinaria\Helpetd2.0\HealthPetsfrontend\FrontEndHealthPets\ViewModels\VeterinarianProfileViewModel.cs(46,16): warning CS8618: El elemento campo "selectedSlot" que no acepta valores NULL debe contener un valor distinto de NULL al salir del constructor. Considere la posibilidad de agregar el modificador "required'"o declarar el campo como un valor que acepta valores NULL. [C:\Users\betom\OneDrive\Escritorio\veterinaria\Helpetd2.0\HealthPetsfrontend\FrontEndHealthPets\FrontEndHealthPets.csproj::TargetFramework=net8.0-ios]
C:\Users\betom\OneDrive\Escritorio\veterinaria\Helpetd2.0\HealthPetsfrontend\FrontEndHealthPets\ViewModels\VeterinarianProfileViewModel.cs(46,16): warning CS8618: El elemento campo "selectedPet" que no acepta valores NULL debe contener un valor distinto de NULL al salir del constructor. Considere la posibilidad de agregar el modificador "required'"o declarar el campo como un valor que acepta valores NULL. [C:\Users\betom\OneDrive\Escritorio\veterinaria\Helpetd2.0\HealthPetsfrontend\FrontEndHealthPets\FrontEndHealthPets.csproj::TargetFramework=net8.0-ios]
C:\Users\betom\OneDrive\Escritorio\veterinaria\Helpetd2.0\HealthPetsfrontend\FrontEndHealthPets\ViewModels\VeterinarianProfileViewModel.cs(46,16): warning CS8618: El elemento campo "reason" que no acepta valores NULL debe contener un valor distinto de NULL al salir del constructor. Considere la posibilidad de agregar el modificador "required'"o declarar el campo como un valor que acepta valores NULL. [C:\Users\betom\OneDrive\Escritorio\veterinaria\Helpetd2.0\HealthPetsfrontend\FrontEndHealthPets\FrontEndHealthPets.csproj::TargetFramework=net8.0-ios]
C:\Users\betom\OneDrive\Escritorio\veterinaria\Helpetd2.0\HealthPetsfrontend\FrontEndHealthPets\ViewModels\VeterinarianProfileViewModel.cs(46,16): warning CS8618: El elemento campo "notes" que no acepta valores NULL debe contener un valor distinto de NULL al salir del constructor. Considere la posibilidad de agregar el modificador "required'"o declarar el campo como un valor que acepta valores NULL. [C:\Users\betom\OneDrive\Escritorio\veterinaria\Helpetd2.0\HealthPetsfrontend\FrontEndHealthPets\FrontEndHealthPets.csproj::TargetFramework=net8.0-ios]
C:\Users\betom\OneDrive\Escritorio\veterinaria\Helpetd2.0\HealthPetsfrontend\FrontEndHealthPets\ViewModels\VeterinarianProfileViewModel.cs(74,32): warning CS8601: Posible asignaci├│n de referencia nula. [C:\Users\betom\OneDrive\Escritorio\veterinaria\Helpetd2.0\HealthPetsfrontend\FrontEndHealthPets\FrontEndHealthPets.csproj::TargetFramework=net8.0-ios]
C:\Users\betom\OneDrive\Escritorio\veterinaria\Helpetd2.0\HealthPetsfrontend\FrontEndHealthPets\ViewModels\VeterinariansViewModel.cs(22,16): warning CS8618: El elemento campo "searchText" que no acepta valores NULL debe contener un valor distinto de NULL al salir del constructor. Considere la posibilidad de agregar el modificador "required'"o declarar el campo como un valor que acepta valores NULL. [C:\Users\betom\OneDrive\Escritorio\veterinaria\Helpetd2.0\HealthPetsfrontend\FrontEndHealthPets\FrontEndHealthPets.csproj::TargetFramework=net8.0-ios]
C:\Users\betom\OneDrive\Escritorio\veterinaria\Helpetd2.0\HealthPetsfrontend\FrontEndHealthPets\ViewModels\VeterinarianProfileViewModel.cs(102,32): warning CS8625: No se puede convertir un literal NULL en un tipo de referencia que no acepta valores NULL. [C:\Users\betom\OneDrive\Escritorio\veterinaria\Helpetd2.0\HealthPetsfrontend\FrontEndHealthPets\FrontEndHealthPets.csproj::TargetFramework=net8.0-ios]
C:\Users\betom\OneDrive\Escritorio\veterinaria\Helpetd2.0\HealthPetsfrontend\FrontEndHealthPets\ViewModels\ResetPasswordViewModel.cs(41,23): warning CS8602: Desreferencia de una referencia posiblemente NULL. [C:\Users\betom\OneDrive\Escritorio\veterinaria\Helpetd2.0\HealthPetsfrontend\FrontEndHealthPets\FrontEndHealthPets.csproj::TargetFramework=net8.0-ios]
C:\Users\betom\OneDrive\Escritorio\veterinaria\Helpetd2.0\HealthPetsfrontend\FrontEndHealthPets\ViewModels\ResetPasswordViewModel.cs(41,23): warning CS8602: Desreferencia de una referencia posiblemente NULL. [C:\Users\betom\OneDrive\Escritorio\veterinaria\Helpetd2.0\HealthPetsfrontend\FrontEndHealthPets\FrontEndHealthPets.csproj::TargetFramework=net8.0-ios]
C:\Users\betom\OneDrive\Escritorio\veterinaria\Helpetd2.0\HealthPetsfrontend\FrontEndHealthPets\ViewModels\ResetPasswordViewModel.cs(47,23): warning CS8602: Desreferencia de una referencia posiblemente NULL. [C:\Users\betom\OneDrive\Escritorio\veterinaria\Helpetd2.0\HealthPetsfrontend\FrontEndHealthPets\FrontEndHealthPets.csproj::TargetFramework=net8.0-ios]
C:\Users\betom\OneDrive\Escritorio\veterinaria\Helpetd2.0\HealthPetsfrontend\FrontEndHealthPets\ViewModels\ResetPasswordViewModel.cs(47,23): warning CS8602: Desreferencia de una referencia posiblemente NULL. [C:\Users\betom\OneDrive\Escritorio\veterinaria\Helpetd2.0\HealthPetsfrontend\FrontEndHealthPets\FrontEndHealthPets.csproj::TargetFramework=net8.0-ios]
C:\Users\betom\OneDrive\Escritorio\veterinaria\Helpetd2.0\HealthPetsfrontend\FrontEndHealthPets\ViewModels\ResetPasswordViewModel.cs(58,27): warning CS8602: Desreferencia de una referencia posiblemente NULL. [C:\Users\betom\OneDrive\Escritorio\veterinaria\Helpetd2.0\HealthPetsfrontend\FrontEndHealthPets\FrontEndHealthPets.csproj::TargetFramework=net8.0-ios]
C:\Users\betom\OneDrive\Escritorio\veterinaria\Helpetd2.0\HealthPetsfrontend\FrontEndHealthPets\ViewModels\ResetPasswordViewModel.cs(58,27): warning CS8602: Desreferencia de una referencia posiblemente NULL. [C:\Users\betom\OneDrive\Escritorio\veterinaria\Helpetd2.0\HealthPetsfrontend\FrontEndHealthPets\FrontEndHealthPets.csproj::TargetFramework=net8.0-ios]
C:\Users\betom\OneDrive\Escritorio\veterinaria\Helpetd2.0\HealthPetsfrontend\FrontEndHealthPets\ViewModels\ResetPasswordViewModel.cs(66,27): warning CS8602: Desreferencia de una referencia posiblemente NULL. [C:\Users\betom\OneDrive\Escritorio\veterinaria\Helpetd2.0\HealthPetsfrontend\FrontEndHealthPets\FrontEndHealthPets.csproj::TargetFramework=net8.0-ios]
C:\Users\betom\OneDrive\Escritorio\veterinaria\Helpetd2.0\HealthPetsfrontend\FrontEndHealthPets\ViewModels\ResetPasswordViewModel.cs(66,27): warning CS8602: Desreferencia de una referencia posiblemente NULL. [C:\Users\betom\OneDrive\Escritorio\veterinaria\Helpetd2.0\HealthPetsfrontend\FrontEndHealthPets\FrontEndHealthPets.csproj::TargetFramework=net8.0-ios]
C:\Users\betom\OneDrive\Escritorio\veterinaria\Helpetd2.0\HealthPetsfrontend\FrontEndHealthPets\ViewModels\ResetPasswordViewModel.cs(71,23): warning CS8602: Desreferencia de una referencia posiblemente NULL. [C:\Users\betom\OneDrive\Escritorio\veterinaria\Helpetd2.0\HealthPetsfrontend\FrontEndHealthPets\FrontEndHealthPets.csproj::TargetFramework=net8.0-ios]
C:\Users\betom\OneDrive\Escritorio\veterinaria\Helpetd2.0\HealthPetsfrontend\FrontEndHealthPets\ViewModels\ResetPasswordViewModel.cs(71,23): warning CS8602: Desreferencia de una referencia posiblemente NULL. [C:\Users\betom\OneDrive\Escritorio\veterinaria\Helpetd2.0\HealthPetsfrontend\FrontEndHealthPets\FrontEndHealthPets.csproj::TargetFramework=net8.0-ios]
C:\Users\betom\OneDrive\Escritorio\veterinaria\Helpetd2.0\HealthPetsfrontend\FrontEndHealthPets\Services\PetService.cs(244,33): warning CS1998: El m├®todo asincr├│nico carece de operadores "await" y se ejecutar├í de forma sincr├│nica. Puede usar el operador 'await' para esperar llamadas API que no sean de bloqueo o 'await Task.Run(...)' para hacer tareas enlazadas a la CPU en un subproceso en segundo plano. [C:\Users\betom\OneDrive\Escritorio\veterinaria\Helpetd2.0\HealthPetsfrontend\FrontEndHealthPets\FrontEndHealthPets.csproj::TargetFramework=net8.0-ios]
C:\Users\betom\OneDrive\Escritorio\veterinaria\Helpetd2.0\HealthPetsfrontend\FrontEndHealthPets\ViewModels\VeterinarianProfileViewModel.cs(121,23): warning CS8602: Desreferencia de una referencia posiblemente NULL. [C:\Users\betom\OneDrive\Escritorio\veterinaria\Helpetd2.0\HealthPetsfrontend\FrontEndHealthPets\FrontEndHealthPets.csproj::TargetFramework=net8.0-ios]
C:\Users\betom\OneDrive\Escritorio\veterinaria\Helpetd2.0\HealthPetsfrontend\FrontEndHealthPets\ViewModels\VeterinarianProfileViewModel.cs(121,23): warning CS8602: Desreferencia de una referencia posiblemente NULL. [C:\Users\betom\OneDrive\Escritorio\veterinaria\Helpetd2.0\HealthPetsfrontend\FrontEndHealthPets\FrontEndHealthPets.csproj::TargetFramework=net8.0-ios]
C:\Users\betom\OneDrive\Escritorio\veterinaria\Helpetd2.0\HealthPetsfrontend\FrontEndHealthPets\ViewModels\VeterinarianProfileViewModel.cs(127,23): warning CS8602: Desreferencia de una referencia posiblemente NULL. [C:\Users\betom\OneDrive\Escritorio\veterinaria\Helpetd2.0\HealthPetsfrontend\FrontEndHealthPets\FrontEndHealthPets.csproj::TargetFramework=net8.0-ios]
C:\Users\betom\OneDrive\Escritorio\veterinaria\Helpetd2.0\HealthPetsfrontend\FrontEndHealthPets\ViewModels\VeterinarianProfileViewModel.cs(127,23): warning CS8602: Desreferencia de una referencia posiblemente NULL. [C:\Users\betom\OneDrive\Escritorio\veterinaria\Helpetd2.0\HealthPetsfrontend\FrontEndHealthPets\FrontEndHealthPets.csproj::TargetFramework=net8.0-ios]
C:\Users\betom\OneDrive\Escritorio\veterinaria\Helpetd2.0\HealthPetsfrontend\FrontEndHealthPets\ViewModels\VeterinarianProfileViewModel.cs(148,27): warning CS8602: Desreferencia de una referencia posiblemente NULL. [C:\Users\betom\OneDrive\Escritorio\veterinaria\Helpetd2.0\HealthPetsfrontend\FrontEndHealthPets\FrontEndHealthPets.csproj::TargetFramework=net8.0-ios]
C:\Users\betom\OneDrive\Escritorio\veterinaria\Helpetd2.0\HealthPetsfrontend\FrontEndHealthPets\ViewModels\VeterinarianProfileViewModel.cs(148,27): warning CS8602: Desreferencia de una referencia posiblemente NULL. [C:\Users\betom\OneDrive\Escritorio\veterinaria\Helpetd2.0\HealthPetsfrontend\FrontEndHealthPets\FrontEndHealthPets.csproj::TargetFramework=net8.0-ios]
C:\Users\betom\OneDrive\Escritorio\veterinaria\Helpetd2.0\HealthPetsfrontend\FrontEndHealthPets\ViewModels\VeterinarianProfileViewModel.cs(153,27): warning CS8602: Desreferencia de una referencia posiblemente NULL. [C:\Users\betom\OneDrive\Escritorio\veterinaria\Helpetd2.0\HealthPetsfrontend\FrontEndHealthPets\FrontEndHealthPets.csproj::TargetFramework=net8.0-ios]
C:\Users\betom\OneDrive\Escritorio\veterinaria\Helpetd2.0\HealthPetsfrontend\FrontEndHealthPets\ViewModels\VeterinarianProfileViewModel.cs(153,27): warning CS8602: Desreferencia de una referencia posiblemente NULL. [C:\Users\betom\OneDrive\Escritorio\veterinaria\Helpetd2.0\HealthPetsfrontend\FrontEndHealthPets\FrontEndHealthPets.csproj::TargetFramework=net8.0-ios]
C:\Users\betom\OneDrive\Escritorio\veterinaria\Helpetd2.0\HealthPetsfrontend\FrontEndHealthPets\ViewModels\VeterinarianProfileViewModel.cs(158,23): warning CS8602: Desreferencia de una referencia posiblemente NULL. [C:\Users\betom\OneDrive\Escritorio\veterinaria\Helpetd2.0\HealthPetsfrontend\FrontEndHealthPets\FrontEndHealthPets.csproj::TargetFramework=net8.0-ios]
C:\Users\betom\OneDrive\Escritorio\veterinaria\Helpetd2.0\HealthPetsfrontend\FrontEndHealthPets\ViewModels\VeterinarianProfileViewModel.cs(158,23): warning CS8602: Desreferencia de una referencia posiblemente NULL. [C:\Users\betom\OneDrive\Escritorio\veterinaria\Helpetd2.0\HealthPetsfrontend\FrontEndHealthPets\FrontEndHealthPets.csproj::TargetFramework=net8.0-ios]
C:\Users\betom\OneDrive\Escritorio\veterinaria\Helpetd2.0\HealthPetsfrontend\FrontEndHealthPets\ViewModels\PetProfileViewModel.cs(229,34): warning CS8602: Desreferencia de una referencia posiblemente NULL. [C:\Users\betom\OneDrive\Escritorio\veterinaria\Helpetd2.0\HealthPetsfrontend\FrontEndHealthPets\FrontEndHealthPets.csproj::TargetFramework=net8.0-ios]
C:\Users\betom\OneDrive\Escritorio\veterinaria\Helpetd2.0\HealthPetsfrontend\FrontEndHealthPets\ViewModels\PetProfileViewModel.cs(229,34): warning CS8602: Desreferencia de una referencia posiblemente NULL. [C:\Users\betom\OneDrive\Escritorio\veterinaria\Helpetd2.0\HealthPetsfrontend\FrontEndHealthPets\FrontEndHealthPets.csproj::TargetFramework=net8.0-ios]
C:\Users\betom\OneDrive\Escritorio\veterinaria\Helpetd2.0\HealthPetsfrontend\FrontEndHealthPets\ViewModels\VeterinariansViewModel.cs(48,23): warning CS8602: Desreferencia de una referencia posiblemente NULL. [C:\Users\betom\OneDrive\Escritorio\veterinaria\Helpetd2.0\HealthPetsfrontend\FrontEndHealthPets\FrontEndHealthPets.csproj::TargetFramework=net8.0-ios]
C:\Users\betom\OneDrive\Escritorio\veterinaria\Helpetd2.0\HealthPetsfrontend\FrontEndHealthPets\ViewModels\VeterinariansViewModel.cs(48,23): warning CS8602: Desreferencia de una referencia posiblemente NULL. [C:\Users\betom\OneDrive\Escritorio\veterinaria\Helpetd2.0\HealthPetsfrontend\FrontEndHealthPets\FrontEndHealthPets.csproj::TargetFramework=net8.0-ios]
C:\Users\betom\OneDrive\Escritorio\veterinaria\Helpetd2.0\HealthPetsfrontend\FrontEndHealthPets\ViewModels\VeterinariansViewModel.cs(90,23): warning CS8602: Desreferencia de una referencia posiblemente NULL. [C:\Users\betom\OneDrive\Escritorio\veterinaria\Helpetd2.0\HealthPetsfrontend\FrontEndHealthPets\FrontEndHealthPets.csproj::TargetFramework=net8.0-ios]
C:\Users\betom\OneDrive\Escritorio\veterinaria\Helpetd2.0\HealthPetsfrontend\FrontEndHealthPets\ViewModels\VeterinariansViewModel.cs(90,23): warning CS8602: Desreferencia de una referencia posiblemente NULL. [C:\Users\betom\OneDrive\Escritorio\veterinaria\Helpetd2.0\HealthPetsfrontend\FrontEndHealthPets\FrontEndHealthPets.csproj::TargetFramework=net8.0-ios]
C:\Users\betom\OneDrive\Escritorio\veterinaria\Helpetd2.0\HealthPetsfrontend\FrontEndHealthPets\ViewModels\VetProfileEditViewModel.cs(34,16): warning CS8618: El elemento campo "name" que no acepta valores NULL debe contener un valor distinto de NULL al salir del constructor. Considere la posibilidad de agregar el modificador "required'"o declarar el campo como un valor que acepta valores NULL. [C:\Users\betom\OneDrive\Escritorio\veterinaria\Helpetd2.0\HealthPetsfrontend\FrontEndHealthPets\FrontEndHealthPets.csproj::TargetFramework=net8.0-ios]
C:\Users\betom\OneDrive\Escritorio\veterinaria\Helpetd2.0\HealthPetsfrontend\FrontEndHealthPets\ViewModels\VetProfileEditViewModel.cs(34,16): warning CS8618: El elemento campo "specialty" que no acepta valores NULL debe contener un valor distinto de NULL al salir del constructor. Considere la posibilidad de agregar el modificador "required'"o declarar el campo como un valor que acepta valores NULL. [C:\Users\betom\OneDrive\Escritorio\veterinaria\Helpetd2.0\HealthPetsfrontend\FrontEndHealthPets\FrontEndHealthPets.csproj::TargetFramework=net8.0-ios]
C:\Users\betom\OneDrive\Escritorio\veterinaria\Helpetd2.0\HealthPetsfrontend\FrontEndHealthPets\ViewModels\VetProfileEditViewModel.cs(34,16): warning CS8618: El elemento campo "description" que no acepta valores NULL debe contener un valor distinto de NULL al salir del constructor. Considere la posibilidad de agregar el modificador "required'"o declarar el campo como un valor que acepta valores NULL. [C:\Users\betom\OneDrive\Escritorio\veterinaria\Helpetd2.0\HealthPetsfrontend\FrontEndHealthPets\FrontEndHealthPets.csproj::TargetFramework=net8.0-ios]
C:\Users\betom\OneDrive\Escritorio\veterinaria\Helpetd2.0\HealthPetsfrontend\FrontEndHealthPets\ViewModels\VetProfileEditViewModel.cs(34,16): warning CS8618: El elemento campo "phone" que no acepta valores NULL debe contener un valor distinto de NULL al salir del constructor. Considere la posibilidad de agregar el modificador "required'"o declarar el campo como un valor que acepta valores NULL. [C:\Users\betom\OneDrive\Escritorio\veterinaria\Helpetd2.0\HealthPetsfrontend\FrontEndHealthPets\FrontEndHealthPets.csproj::TargetFramework=net8.0-ios]
C:\Users\betom\OneDrive\Escritorio\veterinaria\Helpetd2.0\HealthPetsfrontend\FrontEndHealthPets\ViewModels\VetProfileEditViewModel.cs(34,16): warning CS8618: El elemento campo "consultationPrice" que no acepta valores NULL debe contener un valor distinto de NULL al salir del constructor. Considere la posibilidad de agregar el modificador "required'"o declarar el campo como un valor que acepta valores NULL. [C:\Users\betom\OneDrive\Escritorio\veterinaria\Helpetd2.0\HealthPetsfrontend\FrontEndHealthPets\FrontEndHealthPets.csproj::TargetFramework=net8.0-ios]
C:\Users\betom\OneDrive\Escritorio\veterinaria\Helpetd2.0\HealthPetsfrontend\FrontEndHealthPets\ViewModels\VetProfileEditViewModel.cs(34,16): warning CS8618: El elemento campo "profileImageUrl" que no acepta valores NULL debe contener un valor distinto de NULL al salir del constructor. Considere la posibilidad de agregar el modificador "required'"o declarar el campo como un valor que acepta valores NULL. [C:\Users\betom\OneDrive\Escritorio\veterinaria\Helpetd2.0\HealthPetsfrontend\FrontEndHealthPets\FrontEndHealthPets.csproj::TargetFramework=net8.0-ios]
C:\Users\betom\OneDrive\Escritorio\veterinaria\Helpetd2.0\HealthPetsfrontend\FrontEndHealthPets\ViewModels\VetProfileEditViewModel.cs(60,33): warning CS8601: Posible asignaci├│n de referencia nula. [C:\Users\betom\OneDrive\Escritorio\veterinaria\Helpetd2.0\HealthPetsfrontend\FrontEndHealthPets\FrontEndHealthPets.csproj::TargetFramework=net8.0-ios]
C:\Users\betom\OneDrive\Escritorio\veterinaria\Helpetd2.0\HealthPetsfrontend\FrontEndHealthPets\ViewModels\VetProfileEditViewModel.cs(61,35): warning CS8601: Posible asignaci├│n de referencia nula. [C:\Users\betom\OneDrive\Escritorio\veterinaria\Helpetd2.0\HealthPetsfrontend\FrontEndHealthPets\FrontEndHealthPets.csproj::TargetFramework=net8.0-ios]
C:\Users\betom\OneDrive\Escritorio\veterinaria\Helpetd2.0\HealthPetsfrontend\FrontEndHealthPets\ViewModels\VetProfileEditViewModel.cs(62,29): warning CS8601: Posible asignaci├│n de referencia nula. [C:\Users\betom\OneDrive\Escritorio\veterinaria\Helpetd2.0\HealthPetsfrontend\FrontEndHealthPets\FrontEndHealthPets.csproj::TargetFramework=net8.0-ios]
C:\Users\betom\OneDrive\Escritorio\veterinaria\Helpetd2.0\HealthPetsfrontend\FrontEndHealthPets\ViewModels\VetProfileEditViewModel.cs(64,39): warning CS8601: Posible asignaci├│n de referencia nula. [C:\Users\betom\OneDrive\Escritorio\veterinaria\Helpetd2.0\HealthPetsfrontend\FrontEndHealthPets\FrontEndHealthPets.csproj::TargetFramework=net8.0-ios]
C:\Users\betom\OneDrive\Escritorio\veterinaria\Helpetd2.0\HealthPetsfrontend\FrontEndHealthPets\ViewModels\VetProfileEditViewModel.cs(109,31): warning CS8602: Desreferencia de una referencia posiblemente NULL. [C:\Users\betom\OneDrive\Escritorio\veterinaria\Helpetd2.0\HealthPetsfrontend\FrontEndHealthPets\FrontEndHealthPets.csproj::TargetFramework=net8.0-ios]
C:\Users\betom\OneDrive\Escritorio\veterinaria\Helpetd2.0\HealthPetsfrontend\FrontEndHealthPets\ViewModels\VetProfileEditViewModel.cs(109,31): warning CS8602: Desreferencia de una referencia posiblemente NULL. [C:\Users\betom\OneDrive\Escritorio\veterinaria\Helpetd2.0\HealthPetsfrontend\FrontEndHealthPets\FrontEndHealthPets.csproj::TargetFramework=net8.0-ios]
C:\Users\betom\OneDrive\Escritorio\veterinaria\Helpetd2.0\HealthPetsfrontend\FrontEndHealthPets\ViewModels\VetProfileEditViewModel.cs(113,31): warning CS8602: Desreferencia de una referencia posiblemente NULL. [C:\Users\betom\OneDrive\Escritorio\veterinaria\Helpetd2.0\HealthPetsfrontend\FrontEndHealthPets\FrontEndHealthPets.csproj::TargetFramework=net8.0-ios]
C:\Users\betom\OneDrive\Escritorio\veterinaria\Helpetd2.0\HealthPetsfrontend\FrontEndHealthPets\ViewModels\VetProfileEditViewModel.cs(113,31): warning CS8602: Desreferencia de una referencia posiblemente NULL. [C:\Users\betom\OneDrive\Escritorio\veterinaria\Helpetd2.0\HealthPetsfrontend\FrontEndHealthPets\FrontEndHealthPets.csproj::TargetFramework=net8.0-ios]
C:\Users\betom\OneDrive\Escritorio\veterinaria\Helpetd2.0\HealthPetsfrontend\FrontEndHealthPets\ViewModels\VetProfileEditViewModel.cs(119,23): warning CS8602: Desreferencia de una referencia posiblemente NULL. [C:\Users\betom\OneDrive\Escritorio\veterinaria\Helpetd2.0\HealthPetsfrontend\FrontEndHealthPets\FrontEndHealthPets.csproj::TargetFramework=net8.0-ios]
C:\Users\betom\OneDrive\Escritorio\veterinaria\Helpetd2.0\HealthPetsfrontend\FrontEndHealthPets\ViewModels\VetProfileEditViewModel.cs(119,23): warning CS8602: Desreferencia de una referencia posiblemente NULL. [C:\Users\betom\OneDrive\Escritorio\veterinaria\Helpetd2.0\HealthPetsfrontend\FrontEndHealthPets\FrontEndHealthPets.csproj::TargetFramework=net8.0-ios]
C:\Users\betom\OneDrive\Escritorio\veterinaria\Helpetd2.0\HealthPetsfrontend\FrontEndHealthPets\ViewModels\VetProfileEditViewModel.cs(132,23): warning CS8602: Desreferencia de una referencia posiblemente NULL. [C:\Users\betom\OneDrive\Escritorio\veterinaria\Helpetd2.0\HealthPetsfrontend\FrontEndHealthPets\FrontEndHealthPets.csproj::TargetFramework=net8.0-ios]
C:\Users\betom\OneDrive\Escritorio\veterinaria\Helpetd2.0\HealthPetsfrontend\FrontEndHealthPets\ViewModels\VetProfileEditViewModel.cs(132,23): warning CS8602: Desreferencia de una referencia posiblemente NULL. [C:\Users\betom\OneDrive\Escritorio\veterinaria\Helpetd2.0\HealthPetsfrontend\FrontEndHealthPets\FrontEndHealthPets.csproj::TargetFramework=net8.0-ios]
C:\Users\betom\OneDrive\Escritorio\veterinaria\Helpetd2.0\HealthPetsfrontend\FrontEndHealthPets\ViewModels\VetProfileEditViewModel.cs(148,27): warning CS8602: Desreferencia de una referencia posiblemente NULL. [C:\Users\betom\OneDrive\Escritorio\veterinaria\Helpetd2.0\HealthPetsfrontend\FrontEndHealthPets\FrontEndHealthPets.csproj::TargetFramework=net8.0-ios]
C:\Users\betom\OneDrive\Escritorio\veterinaria\Helpetd2.0\HealthPetsfrontend\FrontEndHealthPets\ViewModels\VetProfileEditViewModel.cs(148,27): warning CS8602: Desreferencia de una referencia posiblemente NULL. [C:\Users\betom\OneDrive\Escritorio\veterinaria\Helpetd2.0\HealthPetsfrontend\FrontEndHealthPets\FrontEndHealthPets.csproj::TargetFramework=net8.0-ios]
C:\Users\betom\OneDrive\Escritorio\veterinaria\Helpetd2.0\HealthPetsfrontend\FrontEndHealthPets\ViewModels\VetProfileEditViewModel.cs(152,27): warning CS8602: Desreferencia de una referencia posiblemente NULL. [C:\Users\betom\OneDrive\Escritorio\veterinaria\Helpetd2.0\HealthPetsfrontend\FrontEndHealthPets\FrontEndHealthPets.csproj::TargetFramework=net8.0-ios]
C:\Users\betom\OneDrive\Escritorio\veterinaria\Helpetd2.0\HealthPetsfrontend\FrontEndHealthPets\ViewModels\VetProfileEditViewModel.cs(152,27): warning CS8602: Desreferencia de una referencia posiblemente NULL. [C:\Users\betom\OneDrive\Escritorio\veterinaria\Helpetd2.0\HealthPetsfrontend\FrontEndHealthPets\FrontEndHealthPets.csproj::TargetFramework=net8.0-ios]
C:\Users\betom\OneDrive\Escritorio\veterinaria\Helpetd2.0\HealthPetsfrontend\FrontEndHealthPets\ViewModels\VetProfileEditViewModel.cs(157,23): warning CS8602: Desreferencia de una referencia posiblemente NULL. [C:\Users\betom\OneDrive\Escritorio\veterinaria\Helpetd2.0\HealthPetsfrontend\FrontEndHealthPets\FrontEndHealthPets.csproj::TargetFramework=net8.0-ios]
C:\Users\betom\OneDrive\Escritorio\veterinaria\Helpetd2.0\HealthPetsfrontend\FrontEndHealthPets\ViewModels\VetProfileEditViewModel.cs(157,23): warning CS8602: Desreferencia de una referencia posiblemente NULL. [C:\Users\betom\OneDrive\Escritorio\veterinaria\Helpetd2.0\HealthPetsfrontend\FrontEndHealthPets\FrontEndHealthPets.csproj::TargetFramework=net8.0-ios]
C:\Users\betom\OneDrive\Escritorio\veterinaria\Helpetd2.0\HealthPetsfrontend\FrontEndHealthPets\Services\PetService.cs(271,29): warning CS8601: Posible asignaci├│n de referencia nula. [C:\Users\betom\OneDrive\Escritorio\veterinaria\Helpetd2.0\HealthPetsfrontend\FrontEndHealthPets\FrontEndHealthPets.csproj::TargetFramework=net8.0-ios]
C:\Users\betom\OneDrive\Escritorio\veterinaria\Helpetd2.0\HealthPetsfrontend\FrontEndHealthPets\Paginas\IngresarMascotas.xaml.cs(43,36): warning CA1416: Se puede acceder a este sitio de llamada en "iOS" 11.0 y versiones posteriores, "maccatalyst" 11.0 y versiones posteriores. "Permissions.Photos" solo se admite en "ios" 14.0 y versiones posteriores, "maccatalyst" 14.0 y versiones posteriores, "macOS/OSX" 11.0 y versiones posteriores, "tvos" 14.0 y versiones posteriores. (https://learn.microsoft.com/dotnet/fundamentals/code-analysis/quality-rules/ca1416) [C:\Users\betom\OneDrive\Escritorio\veterinaria\Helpetd2.0\HealthPetsfrontend\FrontEndHealthPets\FrontEndHealthPets.csproj::TargetFramework=net8.0-ios]
C:\Users\betom\OneDrive\Escritorio\veterinaria\Helpetd2.0\HealthPetsfrontend\FrontEndHealthPets\Paginas\IngresarMascotas.xaml.cs(40,36): warning CA1416: Se puede acceder a este sitio de llamada en "iOS" 11.0 y versiones posteriores, "maccatalyst" 11.0 y versiones posteriores. "Permissions.Photos" solo se admite en "ios" 14.0 y versiones posteriores, "maccatalyst" 14.0 y versiones posteriores, "macOS/OSX" 11.0 y versiones posteriores, "tvos" 14.0 y versiones posteriores. (https://learn.microsoft.com/dotnet/fundamentals/code-analysis/quality-rules/ca1416) [C:\Users\betom\OneDrive\Escritorio\veterinaria\Helpetd2.0\HealthPetsfrontend\FrontEndHealthPets\FrontEndHealthPets.csproj::TargetFramework=net8.0-ios]
C:\Users\betom\OneDrive\Escritorio\veterinaria\Helpetd2.0\HealthPetsfrontend\FrontEndHealthPets\pruevasession.xaml.cs(7,22): warning CS8981: El nombre de tipo 'pruevasession' solo contiene caracteres ASCII en min├║sculas. Estos nombres pueden quedar reservados para el idioma. [C:\Users\betom\OneDrive\Escritorio\veterinaria\Helpetd2.0\HealthPetsfrontend\FrontEndHealthPets\FrontEndHealthPets.csproj::TargetFramework=net8.0-android]
C:\Users\betom\OneDrive\Escritorio\veterinaria\Helpetd2.0\HealthPetsfrontend\FrontEndHealthPets\obj\Debug\net8.0-android\Microsoft.Maui.Controls.SourceGen\Microsoft.Maui.Controls.SourceGen.CodeBehindGenerator\pruevasession.xaml.sg.cs(15,23): warning CS8981: El nombre de tipo 'pruevasession' solo contiene caracteres ASCII en min├║sculas. Estos nombres pueden quedar reservados para el idioma. [C:\Users\betom\OneDrive\Escritorio\veterinaria\Helpetd2.0\HealthPetsfrontend\FrontEndHealthPets\FrontEndHealthPets.csproj::TargetFramework=net8.0-android]
C:\Users\betom\OneDrive\Escritorio\veterinaria\Helpetd2.0\HealthPetsfrontend\FrontEndHealthPets\Datos\Pagina_Flyout_Items.cs(12,23): warning CS8618: El elemento propiedad "Titulo" que no acepta valores NULL debe contener un valor distinto de NULL al salir del constructor. Considere la posibilidad de agregar el modificador "required'"o declarar el propiedad como un valor que acepta valores NULL. [C:\Users\betom\OneDrive\Escritorio\veterinaria\Helpetd2.0\HealthPetsfrontend\FrontEndHealthPets\FrontEndHealthPets.csproj::TargetFramework=net8.0-android]
C:\Users\betom\OneDrive\Escritorio\veterinaria\Helpetd2.0\HealthPetsfrontend\FrontEndHealthPets\Datos\Pagina_Flyout_Items.cs(14,23): warning CS8618: El elemento propiedad "Icono" que no acepta valores NULL debe contener un valor distinto de NULL al salir del constructor. Considere la posibilidad de agregar el modificador "required'"o declarar el propiedad como un valor que acepta valores NULL. [C:\Users\betom\OneDrive\Escritorio\veterinaria\Helpetd2.0\HealthPetsfrontend\FrontEndHealthPets\FrontEndHealthPets.csproj::TargetFramework=net8.0-android]
C:\Users\betom\OneDrive\Escritorio\veterinaria\Helpetd2.0\HealthPetsfrontend\FrontEndHealthPets\ViewModels\VetScheduleManagementViewModel.cs(168,23): warning CS8618: El elemento propiedad "DayName" que no acepta valores NULL debe contener un valor distinto de NULL al salir del constructor. Considere la posibilidad de agregar el modificador "required'"o declarar el propiedad como un valor que acepta valores NULL. [C:\Users\betom\OneDrive\Escritorio\veterinaria\Helpetd2.0\HealthPetsfrontend\FrontEndHealthPets\FrontEndHealthPets.csproj::TargetFramework=net8.0-android]
C:\Users\betom\OneDrive\Escritorio\veterinaria\Helpetd2.0\HealthPetsfrontend\FrontEndHealthPets\ViewModels\VetScheduleManagementViewModel.cs(172,23): warning CS8618: El elemento propiedad "TimeRange" que no acepta valores NULL debe contener un valor distinto de NULL al salir del constructor. Considere la posibilidad de agregar el modificador "required'"o declarar el propiedad como un valor que acepta valores NULL. [C:\Users\betom\OneDrive\Escritorio\veterinaria\Helpetd2.0\HealthPetsfrontend\FrontEndHealthPets\FrontEndHealthPets.csproj::TargetFramework=net8.0-android]
C:\Users\betom\OneDrive\Escritorio\veterinaria\Helpetd2.0\HealthPetsfrontend\FrontEndHealthPets\ViewModels\VetScheduleManagementViewModel.cs(173,23): warning CS8618: El elemento propiedad "SlotInfo" que no acepta valores NULL debe contener un valor distinto de NULL al salir del constructor. Considere la posibilidad de agregar el modificador "required'"o declarar el propiedad como un valor que acepta valores NULL. [C:\Users\betom\OneDrive\Escritorio\veterinaria\Helpetd2.0\HealthPetsfrontend\FrontEndHealthPets\FrontEndHealthPets.csproj::TargetFramework=net8.0-android]
C:\Users\betom\OneDrive\Escritorio\veterinaria\Helpetd2.0\HealthPetsfrontend\FrontEndHealthPets\Entidades\Response\Res_ObtenerBreeds.cs(12,49): warning CS8618: El elemento propiedad "Breeds" que no acepta valores NULL debe contener un valor distinto de NULL al salir del constructor. Considere la posibilidad de agregar el modificador "required'"o declarar el propiedad como un valor que acepta valores NULL. [C:\Users\betom\OneDrive\Escritorio\veterinaria\Helpetd2.0\HealthPetsfrontend\FrontEndHealthPets\FrontEndHealthPets.csproj::TargetFramework=net8.0-android]
C:\Users\betom\OneDrive\Escritorio\veterinaria\Helpetd2.0\HealthPetsfrontend\FrontEndHealthPets\Entidades\Response\Res_Login.cs(13,33): warning CS8618: El elemento propiedad "Registro_Usuario" que no acepta valores NULL debe contener un valor distinto de NULL al salir del constructor. Considere la posibilidad de agregar el modificador "required'"o declarar el propiedad como un valor que acepta valores NULL. [C:\Users\betom\OneDrive\Escritorio\veterinaria\Helpetd2.0\HealthPetsfrontend\FrontEndHealthPets\FrontEndHealthPets.csproj::TargetFramework=net8.0-android]
C:\Users\betom\OneDrive\Escritorio\veterinaria\Helpetd2.0\HealthPetsfrontend\FrontEndHealthPets\Entidades\Response\Res_Base.cs(14,23): warning CS8618: El elemento propiedad "Error" que no acepta valores NULL debe contener un valor distinto de NULL al salir del constructor. Considere la posibilidad de agregar el modificador "required'"o declarar el propiedad como un valor que acepta valores NULL. [C:\Users\betom\OneDrive\Escritorio\veterinaria\Helpetd2.0\HealthPetsfrontend\FrontEndHealthPets\FrontEndHealthPets.csproj::TargetFramework=net8.0-android]
C:\Users\betom\OneDrive\Escritorio\veterinaria\Helpetd2.0\HealthPetsfrontend\FrontEndHealthPets\Entidades\Request\Req_Usuario.cs(12,33): warning CS8618: El elemento propiedad "registro_Usuario" que no acepta valores NULL debe contener un valor distinto de NULL al salir del constructor. Considere la posibilidad de agregar el modificador "required'"o declarar el propiedad como un valor que acepta valores NULL. [C:\Users\betom\OneDrive\Escritorio\veterinaria\Helpetd2.0\HealthPetsfrontend\FrontEndHealthPets\FrontEndHealthPets.csproj::TargetFramework=net8.0-android]
C:\Users\betom\OneDrive\Escritorio\veterinaria\Helpetd2.0\HealthPetsfrontend\FrontEndHealthPets\Entidades\Request\Req_Login.cs(11,23): warning CS8618: El elemento propiedad "Correo_Electronico" que no acepta valores NULL debe contener un valor distinto de NULL al salir del constructor. Considere la posibilidad de agregar el modificador "required'"o declarar el propiedad como un valor que acepta valores NULL. [C:\Users\betom\OneDrive\Escritorio\veterinaria\Helpetd2.0\HealthPetsfrontend\FrontEndHealthPets\FrontEndHealthPets.csproj::TargetFramework=net8.0-android]
C:\Users\betom\OneDrive\Escritorio\veterinaria\Helpetd2.0\HealthPetsfrontend\FrontEndHealthPets\Entidades\Request\Req_Login.cs(12,23): warning CS8618: El elemento propiedad "Contrasena" que no acepta valores NULL debe contener un valor distinto de NULL al salir del constructor. Considere la posibilidad de agregar el modificador "required'"o declarar el propiedad como un valor que acepta valores NULL. [C:\Users\betom\OneDrive\Escritorio\veterinaria\Helpetd2.0\HealthPetsfrontend\FrontEndHealthPets\FrontEndHealthPets.csproj::TargetFramework=net8.0-android]
C:\Users\betom\OneDrive\Escritorio\veterinaria\Helpetd2.0\HealthPetsfrontend\FrontEndHealthPets\Entidades\Entitys\Registro_Usuario.cs(14,23): warning CS8618: El elemento propiedad "Nombre" que no acepta valores NULL debe contener un valor distinto de NULL al salir del constructor. Considere la posibilidad de agregar el modificador "required'"o declarar el propiedad como un valor que acepta valores NULL. [C:\Users\betom\OneDrive\Escritorio\veterinaria\Helpetd2.0\HealthPetsfrontend\FrontEndHealthPets\FrontEndHealthPets.csproj::TargetFramework=net8.0-android]
C:\Users\betom\OneDrive\Escritorio\veterinaria\Helpetd2.0\HealthPetsfrontend\FrontEndHealthPets\Entidades\Entitys\Registro_Usuario.cs(15,23): warning CS8618: El elemento propiedad "Apellidos" que no acepta valores NULL debe contener un valor distinto de NULL al salir del constructor. Considere la posibilidad de agregar el modificador "required'"o declarar el propiedad como un valor que acepta valores NULL. [C:\Users\betom\OneDrive\Escritorio\veterinaria\Helpetd2.0\HealthPetsfrontend\FrontEndHealthPets\FrontEndHealthPets.csproj::TargetFramework=net8.0-android]
C:\Users\betom\OneDrive\Escritorio\veterinaria\Helpetd2.0\HealthPetsfrontend\FrontEndHealthPets\Entidades\Entitys\Registro_Usuario.cs(16,23): warning CS8618: El elemento propiedad "Correo_Electronico" que no acepta valores NULL debe contener un valor distinto de NULL al salir del constructor. Considere la posibilidad de agregar el modificador "required'"o declarar el propiedad como un valor que acepta valores NULL. [C:\Users\betom\OneDrive\Escritorio\veterinaria\Helpetd2.0\HealthPetsfrontend\FrontEndHealthPets\FrontEndHealthPets.csproj::TargetFramework=net8.0-android]
C:\Users\betom\OneDrive\Escritorio\veterinaria\Helpetd2.0\HealthPetsfrontend\FrontEndHealthPets\Entidades\Entitys\Registro_Usuario.cs(18,23): warning CS8618: El elemento propiedad "Confirmacion_Correo_Electronico" que no acepta valores NULL debe contener un valor distinto de NULL al salir del constructor. Considere la posibilidad de agregar el modificador "required'"o declarar el propiedad como un valor que acepta valores NULL. [C:\Users\betom\OneDrive\Escritorio\veterinaria\Helpetd2.0\HealthPetsfrontend\FrontEndHealthPets\FrontEndHealthPets.csproj::TargetFramework=net8.0-android]
C:\Users\betom\OneDrive\Escritorio\veterinaria\Helpetd2.0\HealthPetsfrontend\FrontEndHealthPets\Entidades\Entitys\Registro_Usuario.cs(19,23): warning CS8618: El elemento propiedad "Password" que no acepta valores NULL debe contener un valor distinto de NULL al salir del constructor. Considere la posibilidad de agregar el modificador "required'"o declarar el propiedad como un valor que acepta valores NULL. [C:\Users\betom\OneDrive\Escritorio\veterinaria\Helpetd2.0\HealthPetsfrontend\FrontEndHealthPets\FrontEndHealthPets.csproj::TargetFramework=net8.0-android]
C:\Users\betom\OneDrive\Escritorio\veterinaria\Helpetd2.0\HealthPetsfrontend\FrontEndHealthPets\Entidades\Entitys\Registro_Usuario.cs(21,23): warning CS8618: El elemento propiedad "Confirmar_Password" que no acepta valores NULL debe contener un valor distinto de NULL al salir del constructor. Considere la posibilidad de agregar el modificador "required'"o declarar el propiedad como un valor que acepta valores NULL. [C:\Users\betom\OneDrive\Escritorio\veterinaria\Helpetd2.0\HealthPetsfrontend\FrontEndHealthPets\FrontEndHealthPets.csproj::TargetFramework=net8.0-android]
C:\Users\betom\OneDrive\Escritorio\veterinaria\Helpetd2.0\HealthPetsfrontend\FrontEndHealthPets\Entidades\Entitys\Registro_Usuario.cs(23,23): warning CS8618: El elemento propiedad "numero_verificacion" que no acepta valores NULL debe contener un valor distinto de NULL al salir del constructor. Considere la posibilidad de agregar el modificador "required'"o declarar el propiedad como un valor que acepta valores NULL. [C:\Users\betom\OneDrive\Escritorio\veterinaria\Helpetd2.0\HealthPetsfrontend\FrontEndHealthPets\FrontEndHealthPets.csproj::TargetFramework=net8.0-android]
C:\Users\betom\OneDrive\Escritorio\veterinaria\Helpetd2.0\HealthPetsfrontend\FrontEndHealthPets\Entidades\Entitys\Registro_Usuario.cs(25,23): warning CS8618: El elemento propiedad "token" que no acepta valores NULL debe contener un valor distinto de NULL al salir del constructor. Considere la posibilidad de agregar el modificador "required'"o declarar el propiedad como un valor que acepta valores NULL. [C:\Users\betom\OneDrive\Escritorio\veterinaria\Helpetd2.0\HealthPetsfrontend\FrontEndHealthPets\FrontEndHealthPets.csproj::TargetFramework=net8.0-android]
C:\Users\betom\OneDrive\Escritorio\veterinaria\Helpetd2.0\HealthPetsfrontend\FrontEndHealthPets\ViewModels\VetScheduleManagementViewModel.cs(76,23): warning CS8602: Desreferencia de una referencia posiblemente NULL. [C:\Users\betom\OneDrive\Escritorio\veterinaria\Helpetd2.0\HealthPetsfrontend\FrontEndHealthPets\FrontEndHealthPets.csproj::TargetFramework=net8.0-android]
C:\Users\betom\OneDrive\Escritorio\veterinaria\Helpetd2.0\HealthPetsfrontend\FrontEndHealthPets\ViewModels\VetScheduleManagementViewModel.cs(76,23): warning CS8602: Desreferencia de una referencia posiblemente NULL. [C:\Users\betom\OneDrive\Escritorio\veterinaria\Helpetd2.0\HealthPetsfrontend\FrontEndHealthPets\FrontEndHealthPets.csproj::TargetFramework=net8.0-android]
C:\Users\betom\OneDrive\Escritorio\veterinaria\Helpetd2.0\HealthPetsfrontend\FrontEndHealthPets\ViewModels\VetScheduleManagementViewModel.cs(89,23): warning CS8602: Desreferencia de una referencia posiblemente NULL. [C:\Users\betom\OneDrive\Escritorio\veterinaria\Helpetd2.0\HealthPetsfrontend\FrontEndHealthPets\FrontEndHealthPets.csproj::TargetFramework=net8.0-android]
C:\Users\betom\OneDrive\Escritorio\veterinaria\Helpetd2.0\HealthPetsfrontend\FrontEndHealthPets\ViewModels\VetScheduleManagementViewModel.cs(89,23): warning CS8602: Desreferencia de una referencia posiblemente NULL. [C:\Users\betom\OneDrive\Escritorio\veterinaria\Helpetd2.0\HealthPetsfrontend\FrontEndHealthPets\FrontEndHealthPets.csproj::TargetFramework=net8.0-android]
C:\Users\betom\OneDrive\Escritorio\veterinaria\Helpetd2.0\HealthPetsfrontend\FrontEndHealthPets\ViewModels\VetScheduleManagementViewModel.cs(95,23): warning CS8602: Desreferencia de una referencia posiblemente NULL. [C:\Users\betom\OneDrive\Escritorio\veterinaria\Helpetd2.0\HealthPetsfrontend\FrontEndHealthPets\FrontEndHealthPets.csproj::TargetFramework=net8.0-android]
C:\Users\betom\OneDrive\Escritorio\veterinaria\Helpetd2.0\HealthPetsfrontend\FrontEndHealthPets\ViewModels\VetScheduleManagementViewModel.cs(95,23): warning CS8602: Desreferencia de una referencia posiblemente NULL. [C:\Users\betom\OneDrive\Escritorio\veterinaria\Helpetd2.0\HealthPetsfrontend\FrontEndHealthPets\FrontEndHealthPets.csproj::TargetFramework=net8.0-android]
C:\Users\betom\OneDrive\Escritorio\veterinaria\Helpetd2.0\HealthPetsfrontend\FrontEndHealthPets\ViewModels\VetScheduleManagementViewModel.cs(108,27): warning CS8602: Desreferencia de una referencia posiblemente NULL. [C:\Users\betom\OneDrive\Escritorio\veterinaria\Helpetd2.0\HealthPetsfrontend\FrontEndHealthPets\FrontEndHealthPets.csproj::TargetFramework=net8.0-android]
C:\Users\betom\OneDrive\Escritorio\veterinaria\Helpetd2.0\HealthPetsfrontend\FrontEndHealthPets\ViewModels\VetScheduleManagementViewModel.cs(108,27): warning CS8602: Desreferencia de una referencia posiblemente NULL. [C:\Users\betom\OneDrive\Escritorio\veterinaria\Helpetd2.0\HealthPetsfrontend\FrontEndHealthPets\FrontEndHealthPets.csproj::TargetFramework=net8.0-android]
C:\Users\betom\OneDrive\Escritorio\veterinaria\Helpetd2.0\HealthPetsfrontend\FrontEndHealthPets\ViewModels\VetScheduleManagementViewModel.cs(113,27): warning CS8602: Desreferencia de una referencia posiblemente NULL. [C:\Users\betom\OneDrive\Escritorio\veterinaria\Helpetd2.0\HealthPetsfrontend\FrontEndHealthPets\FrontEndHealthPets.csproj::TargetFramework=net8.0-android]
C:\Users\betom\OneDrive\Escritorio\veterinaria\Helpetd2.0\HealthPetsfrontend\FrontEndHealthPets\ViewModels\VetScheduleManagementViewModel.cs(113,27): warning CS8602: Desreferencia de una referencia posiblemente NULL. [C:\Users\betom\OneDrive\Escritorio\veterinaria\Helpetd2.0\HealthPetsfrontend\FrontEndHealthPets\FrontEndHealthPets.csproj::TargetFramework=net8.0-android]
C:\Users\betom\OneDrive\Escritorio\veterinaria\Helpetd2.0\HealthPetsfrontend\FrontEndHealthPets\ViewModels\VetScheduleManagementViewModel.cs(118,23): warning CS8602: Desreferencia de una referencia posiblemente NULL. [C:\Users\betom\OneDrive\Escritorio\veterinaria\Helpetd2.0\HealthPetsfrontend\FrontEndHealthPets\FrontEndHealthPets.csproj::TargetFramework=net8.0-android]
C:\Users\betom\OneDrive\Escritorio\veterinaria\Helpetd2.0\HealthPetsfrontend\FrontEndHealthPets\ViewModels\VetScheduleManagementViewModel.cs(118,23): warning CS8602: Desreferencia de una referencia posiblemente NULL. [C:\Users\betom\OneDrive\Escritorio\veterinaria\Helpetd2.0\HealthPetsfrontend\FrontEndHealthPets\FrontEndHealthPets.csproj::TargetFramework=net8.0-android]
C:\Users\betom\OneDrive\Escritorio\veterinaria\Helpetd2.0\HealthPetsfrontend\FrontEndHealthPets\Entidades\Entitys\Sesion.cs(12,30): warning CS8618: El elemento propiedad "nombre" que no acepta valores NULL debe contener un valor distinto de NULL al salir del constructor. Considere la posibilidad de agregar el modificador "required'"o declarar el propiedad como un valor que acepta valores NULL. [C:\Users\betom\OneDrive\Escritorio\veterinaria\Helpetd2.0\HealthPetsfrontend\FrontEndHealthPets\FrontEndHealthPets.csproj::TargetFramework=net8.0-android]
C:\Users\betom\OneDrive\Escritorio\veterinaria\Helpetd2.0\HealthPetsfrontend\FrontEndHealthPets\Entidades\Entitys\Sesion.cs(13,30): warning CS8618: El elemento propiedad "apellidos" que no acepta valores NULL debe contener un valor distinto de NULL al salir del constructor. Considere la posibilidad de agregar el modificador "required'"o declarar el propiedad como un valor que acepta valores NULL. [C:\Users\betom\OneDrive\Escritorio\veterinaria\Helpetd2.0\HealthPetsfrontend\FrontEndHealthPets\FrontEndHealthPets.csproj::TargetFramework=net8.0-android]
C:\Users\betom\OneDrive\Escritorio\veterinaria\Helpetd2.0\HealthPetsfrontend\FrontEndHealthPets\Entidades\Entitys\Sesion.cs(15,30): warning CS8618: El elemento propiedad "Correo_Electronico" que no acepta valores NULL debe contener un valor distinto de NULL al salir del constructor. Considere la posibilidad de agregar el modificador "required'"o declarar el propiedad como un valor que acepta valores NULL. [C:\Users\betom\OneDrive\Escritorio\veterinaria\Helpetd2.0\HealthPetsfrontend\FrontEndHealthPets\FrontEndHealthPets.csproj::TargetFramework=net8.0-android]
C:\Users\betom\OneDrive\Escritorio\veterinaria\Helpetd2.0\HealthPetsfrontend\FrontEndHealthPets\Entidades\Entitys\Sesion.cs(17,30): warning CS8618: El elemento propiedad "Password" que no acepta valores NULL debe contener un valor distinto de NULL al salir del constructor. Considere la posibilidad de agregar el modificador "required'"o declarar el propiedad como un valor que acepta valores NULL. [C:\Users\betom\OneDrive\Escritorio\veterinaria\Helpetd2.0\HealthPetsfrontend\FrontEndHealthPets\FrontEndHealthPets.csproj::TargetFramework=net8.0-android]
C:\Users\betom\OneDrive\Escritorio\veterinaria\Helpetd2.0\HealthPetsfrontend\FrontEndHealthPets\Entidades\Entitys\Sesion.cs(19,30): warning CS8618: El elemento propiedad "token" que no acepta valores NULL debe contener un valor distinto de NULL al salir del constructor. Considere la posibilidad de agregar el modificador "required'"o declarar el propiedad como un valor que acepta valores NULL. [C:\Users\betom\OneDrive\Escritorio\veterinaria\Helpetd2.0\HealthPetsfrontend\FrontEndHealthPets\FrontEndHealthPets.csproj::TargetFramework=net8.0-android]
C:\Users\betom\OneDrive\Escritorio\veterinaria\Helpetd2.0\HealthPetsfrontend\FrontEndHealthPets\ViewModels\VetScheduleManagementViewModel.cs(131,34): warning CS8602: Desreferencia de una referencia posiblemente NULL. [C:\Users\betom\OneDrive\Escritorio\veterinaria\Helpetd2.0\HealthPetsfrontend\FrontEndHealthPets\FrontEndHealthPets.csproj::TargetFramework=net8.0-android]
C:\Users\betom\OneDrive\Escritorio\veterinaria\Helpetd2.0\HealthPetsfrontend\FrontEndHealthPets\ViewModels\VetScheduleManagementViewModel.cs(131,34): warning CS8602: Desreferencia de una referencia posiblemente NULL. [C:\Users\betom\OneDrive\Escritorio\veterinaria\Helpetd2.0\HealthPetsfrontend\FrontEndHealthPets\FrontEndHealthPets.csproj::TargetFramework=net8.0-android]
C:\Users\betom\OneDrive\Escritorio\veterinaria\Helpetd2.0\HealthPetsfrontend\FrontEndHealthPets\Entidades\Entitys\Razas_Perros.cs(12,23): warning CS8618: El elemento propiedad "Nombre" que no acepta valores NULL debe contener un valor distinto de NULL al salir del constructor. Considere la posibilidad de agregar el modificador "required'"o declarar el propiedad como un valor que acepta valores NULL. [C:\Users\betom\OneDrive\Escritorio\veterinaria\Helpetd2.0\HealthPetsfrontend\FrontEndHealthPets\FrontEndHealthPets.csproj::TargetFramework=net8.0-android]
C:\Users\betom\OneDrive\Escritorio\veterinaria\Helpetd2.0\HealthPetsfrontend\FrontEndHealthPets\Entidades\Entitys\Razas_Perros.cs(13,23): warning CS8618: El elemento propiedad "Descripcion" que no acepta valores NULL debe contener un valor distinto de NULL al salir del constructor. Considere la posibilidad de agregar el modificador "required'"o declarar el propiedad como un valor que acepta valores NULL. [C:\Users\betom\OneDrive\Escritorio\veterinaria\Helpetd2.0\HealthPetsfrontend\FrontEndHealthPets\FrontEndHealthPets.csproj::TargetFramework=net8.0-android]
C:\Users\betom\OneDrive\Escritorio\veterinaria\Helpetd2.0\HealthPetsfrontend\FrontEndHealthPets\Modelos\DogApiService.cs(22,20): warning CS8603: Posible tipo de valor devuelto de referencia nulo. [C:\Users\betom\OneDrive\Escritorio\veterinaria\Helpetd2.0\HealthPetsfrontend\FrontEndHealthPets\FrontEndHealthPets.csproj::TargetFramework=net8.0-android]
C:\Users\betom\OneDrive\Escritorio\veterinaria\Helpetd2.0\HealthPetsfrontend\FrontEndHealthPets\Modelos\DogApiService.cs(29,20): warning CS8603: Posible tipo de valor devuelto de referencia nulo. [C:\Users\betom\OneDrive\Escritorio\veterinaria\Helpetd2.0\HealthPetsfrontend\FrontEndHealthPets\FrontEndHealthPets.csproj::TargetFramework=net8.0-android]
C:\Users\betom\OneDrive\Escritorio\veterinaria\Helpetd2.0\HealthPetsfrontend\FrontEndHealthPets\Modelos\UsuarioViewModel.cs(12,23): warning CS8618: El elemento propiedad "Nombre" que no acepta valores NULL debe contener un valor distinto de NULL al salir del constructor. Considere la posibilidad de agregar el modificador "required'"o declarar el propiedad como un valor que acepta valores NULL. [C:\Users\betom\OneDrive\Escritorio\veterinaria\Helpetd2.0\HealthPetsfrontend\FrontEndHealthPets\FrontEndHealthPets.csproj::TargetFramework=net8.0-android]
C:\Users\betom\OneDrive\Escritorio\veterinaria\Helpetd2.0\HealthPetsfrontend\FrontEndHealthPets\Modelos\UsuarioViewModel.cs(13,23): warning CS8618: El elemento propiedad "Apellido" que no acepta valores NULL debe contener un valor distinto de NULL al salir del constructor. Considere la posibilidad de agregar el modificador "required'"o declarar el propiedad como un valor que acepta valores NULL. [C:\Users\betom\OneDrive\Escritorio\veterinaria\Helpetd2.0\HealthPetsfrontend\FrontEndHealthPets\FrontEndHealthPets.csproj::TargetFramework=net8.0-android]
C:\Users\betom\OneDrive\Escritorio\veterinaria\Helpetd2.0\HealthPetsfrontend\FrontEndHealthPets\Modelos\UsuarioViewModel.cs(14,23): warning CS8618: El elemento propiedad "CorreoElectronico" que no acepta valores NULL debe contener un valor distinto de NULL al salir del constructor. Considere la posibilidad de agregar el modificador "required'"o declarar el propiedad como un valor que acepta valores NULL. [C:\Users\betom\OneDrive\Escritorio\veterinaria\Helpetd2.0\HealthPetsfrontend\FrontEndHealthPets\FrontEndHealthPets.csproj::TargetFramework=net8.0-android]
C:\Users\betom\OneDrive\Escritorio\veterinaria\Helpetd2.0\HealthPetsfrontend\FrontEndHealthPets\Modelos\UsuarioViewModel.cs(16,23): warning CS8618: El elemento propiedad "Password" que no acepta valores NULL debe contener un valor distinto de NULL al salir del constructor. Considere la posibilidad de agregar el modificador "required'"o declarar el propiedad como un valor que acepta valores NULL. [C:\Users\betom\OneDrive\Escritorio\veterinaria\Helpetd2.0\HealthPetsfrontend\FrontEndHealthPets\FrontEndHealthPets.csproj::TargetFramework=net8.0-android]
C:\Users\betom\OneDrive\Escritorio\veterinaria\Helpetd2.0\HealthPetsfrontend\FrontEndHealthPets\Modelos\UsuarioViewModel.cs(18,23): warning CS8618: El elemento propiedad "Passwoord" que no acepta valores NULL debe contener un valor distinto de NULL al salir del constructor. Considere la posibilidad de agregar el modificador "required'"o declarar el propiedad como un valor que acepta valores NULL. [C:\Users\betom\OneDrive\Escritorio\veterinaria\Helpetd2.0\HealthPetsfrontend\FrontEndHealthPets\FrontEndHealthPets.csproj::TargetFramework=net8.0-android]
C:\Users\betom\OneDrive\Escritorio\veterinaria\Helpetd2.0\HealthPetsfrontend\FrontEndHealthPets\Models\VetSchedule.cs(18,23): warning CS8618: El elemento propiedad "DayName" que no acepta valores NULL debe contener un valor distinto de NULL al salir del constructor. Considere la posibilidad de agregar el modificador "required'"o declarar el propiedad como un valor que acepta valores NULL. [C:\Users\betom\OneDrive\Escritorio\veterinaria\Helpetd2.0\HealthPetsfrontend\FrontEndHealthPets\FrontEndHealthPets.csproj::TargetFramework=net8.0-android]
C:\Users\betom\OneDrive\Escritorio\veterinaria\Helpetd2.0\HealthPetsfrontend\FrontEndHealthPets\Models\Veterinarian.cs(12,23): warning CS8618: El elemento propiedad "Name" que no acepta valores NULL debe contener un valor distinto de NULL al salir del constructor. Considere la posibilidad de agregar el modificador "required'"o declarar el propiedad como un valor que acepta valores NULL. [C:\Users\betom\OneDrive\Escritorio\veterinaria\Helpetd2.0\HealthPetsfrontend\FrontEndHealthPets\FrontEndHealthPets.csproj::TargetFramework=net8.0-android]
C:\Users\betom\OneDrive\Escritorio\veterinaria\Helpetd2.0\HealthPetsfrontend\FrontEndHealthPets\Models\Veterinarian.cs(15,23): warning CS8618: El elemento propiedad "Email" que no acepta valores NULL debe contener un valor distinto de NULL al salir del constructor. Considere la posibilidad de agregar el modificador "required'"o declarar el propiedad como un valor que acepta valores NULL. [C:\Users\betom\OneDrive\Escritorio\veterinaria\Helpetd2.0\HealthPetsfrontend\FrontEndHealthPets\FrontEndHealthPets.csproj::TargetFramework=net8.0-android]
C:\Users\betom\OneDrive\Escritorio\veterinaria\Helpetd2.0\HealthPetsfrontend\FrontEndHealthPets\Pages\SettingsPage.xaml.cs(134,17): warning CS8602: Desreferencia de una referencia posiblemente NULL. [C:\Users\betom\OneDrive\Escritorio\veterinaria\Helpetd2.0\HealthPetsfrontend\FrontEndHealthPets\FrontEndHealthPets.csproj::TargetFramework=net8.0-android]
C:\Users\betom\OneDrive\Escritorio\veterinaria\Helpetd2.0\HealthPetsfrontend\FrontEndHealthPets\Models\VetAppointment.cs(15,23): warning CS8618: El elemento propiedad "VeterinarianName" que no acepta valores NULL debe contener un valor distinto de NULL al salir del constructor. Considere la posibilidad de agregar el modificador "required'"o declarar el propiedad como un valor que acepta valores NULL. [C:\Users\betom\OneDrive\Escritorio\veterinaria\Helpetd2.0\HealthPetsfrontend\FrontEndHealthPets\FrontEndHealthPets.csproj::TargetFramework=net8.0-android]
C:\Users\betom\OneDrive\Escritorio\veterinaria\Helpetd2.0\HealthPetsfrontend\FrontEndHealthPets\Models\VetAppointment.cs(21,23): warning CS8618: El elemento propiedad "UserName" que no acepta valores NULL debe contener un valor distinto de NULL al salir del constructor. Considere la posibilidad de agregar el modificador "required'"o declarar el propiedad como un valor que acepta valores NULL. [C:\Users\betom\OneDrive\Escritorio\veterinaria\Helpetd2.0\HealthPetsfrontend\FrontEndHealthPets\FrontEndHealthPets.csproj::TargetFramework=net8.0-android]
C:\Users\betom\OneDrive\Escritorio\veterinaria\Helpetd2.0\HealthPetsfrontend\FrontEndHealthPets\Models\VetAppointment.cs(33,23): warning CS8618: El elemento propiedad "Status" que no acepta valores NULL debe contener un valor distinto de NULL al salir del constructor. Considere la posibilidad de agregar el modificador "required'"o declarar el propiedad como un valor que acepta valores NULL. [C:\Users\betom\OneDrive\Escritorio\veterinaria\Helpetd2.0\HealthPetsfrontend\FrontEndHealthPets\FrontEndHealthPets.csproj::TargetFramework=net8.0-android]
C:\Users\betom\OneDrive\Escritorio\veterinaria\Helpetd2.0\HealthPetsfrontend\FrontEndHealthPets\Models\BathRecord.cs(10,23): warning CS8618: El elemento propiedad "Notes" que no acepta valores NULL debe contener un valor distinto de NULL al salir del constructor. Considere la posibilidad de agregar el modificador "required'"o declarar el propiedad como un valor que acepta valores NULL. [C:\Users\betom\OneDrive\Escritorio\veterinaria\Helpetd2.0\HealthPetsfrontend\FrontEndHealthPets\FrontEndHealthPets.csproj::TargetFramework=net8.0-android]
C:\Users\betom\OneDrive\Escritorio\veterinaria\Helpetd2.0\HealthPetsfrontend\FrontEndHealthPets\Models\BathRecord.cs(11,23): warning CS8618: El elemento propiedad "GroomerName" que no acepta valores NULL debe contener un valor distinto de NULL al salir del constructor. Considere la posibilidad de agregar el modificador "required'"o declarar el propiedad como un valor que acepta valores NULL. [C:\Users\betom\OneDrive\Escritorio\veterinaria\Helpetd2.0\HealthPetsfrontend\FrontEndHealthPets\FrontEndHealthPets.csproj::TargetFramework=net8.0-android]
C:\Users\betom\OneDrive\Escritorio\veterinaria\Helpetd2.0\HealthPetsfrontend\FrontEndHealthPets\Paginas\FlyPaginas\RazasAnimales.xaml.cs(14,9): warning CS4014: Como esta llamada no es 'awaited', la ejecuci├│n del m├®todo actual continuar├í antes de que se complete la llamada. Puede aplicar el operador 'await' al resultado de la llamada. [C:\Users\betom\OneDrive\Escritorio\veterinaria\Helpetd2.0\HealthPetsfrontend\FrontEndHealthPets\FrontEndHealthPets.csproj::TargetFramework=net8.0-android]
C:\Users\betom\OneDrive\Escritorio\veterinaria\Helpetd2.0\HealthPetsfrontend\FrontEndHealthPets\Paginas\FlyPaginas\RazasAnimales.xaml.cs(10,12): warning CS8618: El elemento campo "_breeds" que no acepta valores NULL debe contener un valor distinto de NULL al salir del constructor. Considere la posibilidad de agregar el modificador "required'"o declarar el campo como un valor que acepta valores NULL. [C:\Users\betom\OneDrive\Escritorio\veterinaria\Helpetd2.0\HealthPetsfrontend\FrontEndHealthPets\FrontEndHealthPets.csproj::TargetFramework=net8.0-android]
C:\Users\betom\OneDrive\Escritorio\veterinaria\Helpetd2.0\HealthPetsfrontend\FrontEndHealthPets\ViewModels\VetProfileEditViewModel.cs(34,16): warning CS8618: El elemento campo "name" que no acepta valores NULL debe contener un valor distinto de NULL al salir del constructor. Considere la posibilidad de agregar el modificador "required'"o declarar el campo como un valor que acepta valores NULL. [C:\Users\betom\OneDrive\Escritorio\veterinaria\Helpetd2.0\HealthPetsfrontend\FrontEndHealthPets\FrontEndHealthPets.csproj::TargetFramework=net8.0-android]
C:\Users\betom\OneDrive\Escritorio\veterinaria\Helpetd2.0\HealthPetsfrontend\FrontEndHealthPets\ViewModels\VetProfileEditViewModel.cs(34,16): warning CS8618: El elemento campo "specialty" que no acepta valores NULL debe contener un valor distinto de NULL al salir del constructor. Considere la posibilidad de agregar el modificador "required'"o declarar el campo como un valor que acepta valores NULL. [C:\Users\betom\OneDrive\Escritorio\veterinaria\Helpetd2.0\HealthPetsfrontend\FrontEndHealthPets\FrontEndHealthPets.csproj::TargetFramework=net8.0-android]
C:\Users\betom\OneDrive\Escritorio\veterinaria\Helpetd2.0\HealthPetsfrontend\FrontEndHealthPets\ViewModels\VetProfileEditViewModel.cs(34,16): warning CS8618: El elemento campo "description" que no acepta valores NULL debe contener un valor distinto de NULL al salir del constructor. Considere la posibilidad de agregar el modificador "required'"o declarar el campo como un valor que acepta valores NULL. [C:\Users\betom\OneDrive\Escritorio\veterinaria\Helpetd2.0\HealthPetsfrontend\FrontEndHealthPets\FrontEndHealthPets.csproj::TargetFramework=net8.0-android]
C:\Users\betom\OneDrive\Escritorio\veterinaria\Helpetd2.0\HealthPetsfrontend\FrontEndHealthPets\ViewModels\VetProfileEditViewModel.cs(34,16): warning CS8618: El elemento campo "phone" que no acepta valores NULL debe contener un valor distinto de NULL al salir del constructor. Considere la posibilidad de agregar el modificador "required'"o declarar el campo como un valor que acepta valores NULL. [C:\Users\betom\OneDrive\Escritorio\veterinaria\Helpetd2.0\HealthPetsfrontend\FrontEndHealthPets\FrontEndHealthPets.csproj::TargetFramework=net8.0-android]
C:\Users\betom\OneDrive\Escritorio\veterinaria\Helpetd2.0\HealthPetsfrontend\FrontEndHealthPets\ViewModels\VetProfileEditViewModel.cs(34,16): warning CS8618: El elemento campo "consultationPrice" que no acepta valores NULL debe contener un valor distinto de NULL al salir del constructor. Considere la posibilidad de agregar el modificador "required'"o declarar el campo como un valor que acepta valores NULL. [C:\Users\betom\OneDrive\Escritorio\veterinaria\Helpetd2.0\HealthPetsfrontend\FrontEndHealthPets\FrontEndHealthPets.csproj::TargetFramework=net8.0-android]
C:\Users\betom\OneDrive\Escritorio\veterinaria\Helpetd2.0\HealthPetsfrontend\FrontEndHealthPets\ViewModels\VetProfileEditViewModel.cs(34,16): warning CS8618: El elemento campo "profileImageUrl" que no acepta valores NULL debe contener un valor distinto de NULL al salir del constructor. Considere la posibilidad de agregar el modificador "required'"o declarar el campo como un valor que acepta valores NULL. [C:\Users\betom\OneDrive\Escritorio\veterinaria\Helpetd2.0\HealthPetsfrontend\FrontEndHealthPets\FrontEndHealthPets.csproj::TargetFramework=net8.0-android]
C:\Users\betom\OneDrive\Escritorio\veterinaria\Helpetd2.0\HealthPetsfrontend\FrontEndHealthPets\ViewModels\VetProfileEditViewModel.cs(60,33): warning CS8601: Posible asignaci├│n de referencia nula. [C:\Users\betom\OneDrive\Escritorio\veterinaria\Helpetd2.0\HealthPetsfrontend\FrontEndHealthPets\FrontEndHealthPets.csproj::TargetFramework=net8.0-android]
C:\Users\betom\OneDrive\Escritorio\veterinaria\Helpetd2.0\HealthPetsfrontend\FrontEndHealthPets\ViewModels\VetProfileEditViewModel.cs(61,35): warning CS8601: Posible asignaci├│n de referencia nula. [C:\Users\betom\OneDrive\Escritorio\veterinaria\Helpetd2.0\HealthPetsfrontend\FrontEndHealthPets\FrontEndHealthPets.csproj::TargetFramework=net8.0-android]
C:\Users\betom\OneDrive\Escritorio\veterinaria\Helpetd2.0\HealthPetsfrontend\FrontEndHealthPets\ViewModels\VetProfileEditViewModel.cs(62,29): warning CS8601: Posible asignaci├│n de referencia nula. [C:\Users\betom\OneDrive\Escritorio\veterinaria\Helpetd2.0\HealthPetsfrontend\FrontEndHealthPets\FrontEndHealthPets.csproj::TargetFramework=net8.0-android]
C:\Users\betom\OneDrive\Escritorio\veterinaria\Helpetd2.0\HealthPetsfrontend\FrontEndHealthPets\ViewModels\VetProfileEditViewModel.cs(64,39): warning CS8601: Posible asignaci├│n de referencia nula. [C:\Users\betom\OneDrive\Escritorio\veterinaria\Helpetd2.0\HealthPetsfrontend\FrontEndHealthPets\FrontEndHealthPets.csproj::TargetFramework=net8.0-android]
C:\Users\betom\OneDrive\Escritorio\veterinaria\Helpetd2.0\HealthPetsfrontend\FrontEndHealthPets\ViewModels\VetProfileEditViewModel.cs(109,31): warning CS8602: Desreferencia de una referencia posiblemente NULL. [C:\Users\betom\OneDrive\Escritorio\veterinaria\Helpetd2.0\HealthPetsfrontend\FrontEndHealthPets\FrontEndHealthPets.csproj::TargetFramework=net8.0-android]
C:\Users\betom\OneDrive\Escritorio\veterinaria\Helpetd2.0\HealthPetsfrontend\FrontEndHealthPets\ViewModels\VetProfileEditViewModel.cs(109,31): warning CS8602: Desreferencia de una referencia posiblemente NULL. [C:\Users\betom\OneDrive\Escritorio\veterinaria\Helpetd2.0\HealthPetsfrontend\FrontEndHealthPets\FrontEndHealthPets.csproj::TargetFramework=net8.0-android]
C:\Users\betom\OneDrive\Escritorio\veterinaria\Helpetd2.0\HealthPetsfrontend\FrontEndHealthPets\ViewModels\VetProfileEditViewModel.cs(113,31): warning CS8602: Desreferencia de una referencia posiblemente NULL. [C:\Users\betom\OneDrive\Escritorio\veterinaria\Helpetd2.0\HealthPetsfrontend\FrontEndHealthPets\FrontEndHealthPets.csproj::TargetFramework=net8.0-android]
C:\Users\betom\OneDrive\Escritorio\veterinaria\Helpetd2.0\HealthPetsfrontend\FrontEndHealthPets\ViewModels\VetProfileEditViewModel.cs(113,31): warning CS8602: Desreferencia de una referencia posiblemente NULL. [C:\Users\betom\OneDrive\Escritorio\veterinaria\Helpetd2.0\HealthPetsfrontend\FrontEndHealthPets\FrontEndHealthPets.csproj::TargetFramework=net8.0-android]
C:\Users\betom\OneDrive\Escritorio\veterinaria\Helpetd2.0\HealthPetsfrontend\FrontEndHealthPets\ViewModels\VetProfileEditViewModel.cs(119,23): warning CS8602: Desreferencia de una referencia posiblemente NULL. [C:\Users\betom\OneDrive\Escritorio\veterinaria\Helpetd2.0\HealthPetsfrontend\FrontEndHealthPets\FrontEndHealthPets.csproj::TargetFramework=net8.0-android]
C:\Users\betom\OneDrive\Escritorio\veterinaria\Helpetd2.0\HealthPetsfrontend\FrontEndHealthPets\ViewModels\VetProfileEditViewModel.cs(119,23): warning CS8602: Desreferencia de una referencia posiblemente NULL. [C:\Users\betom\OneDrive\Escritorio\veterinaria\Helpetd2.0\HealthPetsfrontend\FrontEndHealthPets\FrontEndHealthPets.csproj::TargetFramework=net8.0-android]
C:\Users\betom\OneDrive\Escritorio\veterinaria\Helpetd2.0\HealthPetsfrontend\FrontEndHealthPets\ViewModels\VetProfileEditViewModel.cs(132,23): warning CS8602: Desreferencia de una referencia posiblemente NULL. [C:\Users\betom\OneDrive\Escritorio\veterinaria\Helpetd2.0\HealthPetsfrontend\FrontEndHealthPets\FrontEndHealthPets.csproj::TargetFramework=net8.0-android]
C:\Users\betom\OneDrive\Escritorio\veterinaria\Helpetd2.0\HealthPetsfrontend\FrontEndHealthPets\ViewModels\VetProfileEditViewModel.cs(132,23): warning CS8602: Desreferencia de una referencia posiblemente NULL. [C:\Users\betom\OneDrive\Escritorio\veterinaria\Helpetd2.0\HealthPetsfrontend\FrontEndHealthPets\FrontEndHealthPets.csproj::TargetFramework=net8.0-android]
C:\Users\betom\OneDrive\Escritorio\veterinaria\Helpetd2.0\HealthPetsfrontend\FrontEndHealthPets\ViewModels\VetProfileEditViewModel.cs(148,27): warning CS8602: Desreferencia de una referencia posiblemente NULL. [C:\Users\betom\OneDrive\Escritorio\veterinaria\Helpetd2.0\HealthPetsfrontend\FrontEndHealthPets\FrontEndHealthPets.csproj::TargetFramework=net8.0-android]
C:\Users\betom\OneDrive\Escritorio\veterinaria\Helpetd2.0\HealthPetsfrontend\FrontEndHealthPets\ViewModels\VetProfileEditViewModel.cs(148,27): warning CS8602: Desreferencia de una referencia posiblemente NULL. [C:\Users\betom\OneDrive\Escritorio\veterinaria\Helpetd2.0\HealthPetsfrontend\FrontEndHealthPets\FrontEndHealthPets.csproj::TargetFramework=net8.0-android]
C:\Users\betom\OneDrive\Escritorio\veterinaria\Helpetd2.0\HealthPetsfrontend\FrontEndHealthPets\ViewModels\VetProfileEditViewModel.cs(152,27): warning CS8602: Desreferencia de una referencia posiblemente NULL. [C:\Users\betom\OneDrive\Escritorio\veterinaria\Helpetd2.0\HealthPetsfrontend\FrontEndHealthPets\FrontEndHealthPets.csproj::TargetFramework=net8.0-android]
C:\Users\betom\OneDrive\Escritorio\veterinaria\Helpetd2.0\HealthPetsfrontend\FrontEndHealthPets\ViewModels\VetProfileEditViewModel.cs(152,27): warning CS8602: Desreferencia de una referencia posiblemente NULL. [C:\Users\betom\OneDrive\Escritorio\veterinaria\Helpetd2.0\HealthPetsfrontend\FrontEndHealthPets\FrontEndHealthPets.csproj::TargetFramework=net8.0-android]
C:\Users\betom\OneDrive\Escritorio\veterinaria\Helpetd2.0\HealthPetsfrontend\FrontEndHealthPets\ViewModels\VetProfileEditViewModel.cs(157,23): warning CS8602: Desreferencia de una referencia posiblemente NULL. [C:\Users\betom\OneDrive\Escritorio\veterinaria\Helpetd2.0\HealthPetsfrontend\FrontEndHealthPets\FrontEndHealthPets.csproj::TargetFramework=net8.0-android]
C:\Users\betom\OneDrive\Escritorio\veterinaria\Helpetd2.0\HealthPetsfrontend\FrontEndHealthPets\ViewModels\VetProfileEditViewModel.cs(157,23): warning CS8602: Desreferencia de una referencia posiblemente NULL. [C:\Users\betom\OneDrive\Escritorio\veterinaria\Helpetd2.0\HealthPetsfrontend\FrontEndHealthPets\FrontEndHealthPets.csproj::TargetFramework=net8.0-android]
C:\Users\betom\OneDrive\Escritorio\veterinaria\Helpetd2.0\HealthPetsfrontend\FrontEndHealthPets\Paginas\FlyPaginas\PaginaFlyMenu.xaml.cs(184,17): warning CS8602: Desreferencia de una referencia posiblemente NULL. [C:\Users\betom\OneDrive\Escritorio\veterinaria\Helpetd2.0\HealthPetsfrontend\FrontEndHealthPets\FrontEndHealthPets.csproj::TargetFramework=net8.0-android]
C:\Users\betom\OneDrive\Escritorio\veterinaria\Helpetd2.0\HealthPetsfrontend\FrontEndHealthPets\ViewModels\BathControlViewModel.cs(18,16): warning CS8618: El elemento campo "_selectedPet" que no acepta valores NULL debe contener un valor distinto de NULL al salir del constructor. Considere la posibilidad de agregar el modificador "required'"o declarar el campo como un valor que acepta valores NULL. [C:\Users\betom\OneDrive\Escritorio\veterinaria\Helpetd2.0\HealthPetsfrontend\FrontEndHealthPets\FrontEndHealthPets.csproj::TargetFramework=net8.0-android]
C:\Users\betom\OneDrive\Escritorio\veterinaria\Helpetd2.0\HealthPetsfrontend\FrontEndHealthPets\ViewModels\BathControlViewModel.cs(64,25): warning CS4014: Como esta llamada no es 'awaited', la ejecuci├│n del m├®todo actual continuar├í antes de que se complete la llamada. Puede aplicar el operador 'await' al resultado de la llamada. [C:\Users\betom\OneDrive\Escritorio\veterinaria\Helpetd2.0\HealthPetsfrontend\FrontEndHealthPets\FrontEndHealthPets.csproj::TargetFramework=net8.0-android]
C:\Users\betom\OneDrive\Escritorio\veterinaria\Helpetd2.0\HealthPetsfrontend\FrontEndHealthPets\ViewModels\BathControlViewModel.cs(120,23): warning CS8602: Desreferencia de una referencia posiblemente NULL. [C:\Users\betom\OneDrive\Escritorio\veterinaria\Helpetd2.0\HealthPetsfrontend\FrontEndHealthPets\FrontEndHealthPets.csproj::TargetFramework=net8.0-android]
C:\Users\betom\OneDrive\Escritorio\veterinaria\Helpetd2.0\HealthPetsfrontend\FrontEndHealthPets\ViewModels\BathControlViewModel.cs(120,23): warning CS8602: Desreferencia de una referencia posiblemente NULL. [C:\Users\betom\OneDrive\Escritorio\veterinaria\Helpetd2.0\HealthPetsfrontend\FrontEndHealthPets\FrontEndHealthPets.csproj::TargetFramework=net8.0-android]
C:\Users\betom\OneDrive\Escritorio\veterinaria\Helpetd2.0\HealthPetsfrontend\FrontEndHealthPets\ViewModels\BathControlViewModel.cs(154,23): warning CS8602: Desreferencia de una referencia posiblemente NULL. [C:\Users\betom\OneDrive\Escritorio\veterinaria\Helpetd2.0\HealthPetsfrontend\FrontEndHealthPets\FrontEndHealthPets.csproj::TargetFramework=net8.0-android]
C:\Users\betom\OneDrive\Escritorio\veterinaria\Helpetd2.0\HealthPetsfrontend\FrontEndHealthPets\ViewModels\BathControlViewModel.cs(154,23): warning CS8602: Desreferencia de una referencia posiblemente NULL. [C:\Users\betom\OneDrive\Escritorio\veterinaria\Helpetd2.0\HealthPetsfrontend\FrontEndHealthPets\FrontEndHealthPets.csproj::TargetFramework=net8.0-android]
C:\Users\betom\OneDrive\Escritorio\veterinaria\Helpetd2.0\HealthPetsfrontend\FrontEndHealthPets\ViewModels\BathControlViewModel.cs(159,36): warning CS8602: Desreferencia de una referencia posiblemente NULL. [C:\Users\betom\OneDrive\Escritorio\veterinaria\Helpetd2.0\HealthPetsfrontend\FrontEndHealthPets\FrontEndHealthPets.csproj::TargetFramework=net8.0-android]
C:\Users\betom\OneDrive\Escritorio\veterinaria\Helpetd2.0\HealthPetsfrontend\FrontEndHealthPets\ViewModels\BathControlViewModel.cs(159,36): warning CS8602: Desreferencia de una referencia posiblemente NULL. [C:\Users\betom\OneDrive\Escritorio\veterinaria\Helpetd2.0\HealthPetsfrontend\FrontEndHealthPets\FrontEndHealthPets.csproj::TargetFramework=net8.0-android]
C:\Users\betom\OneDrive\Escritorio\veterinaria\Helpetd2.0\HealthPetsfrontend\FrontEndHealthPets\ViewModels\BathControlViewModel.cs(179,34): warning CS8602: Desreferencia de una referencia posiblemente NULL. [C:\Users\betom\OneDrive\Escritorio\veterinaria\Helpetd2.0\HealthPetsfrontend\FrontEndHealthPets\FrontEndHealthPets.csproj::TargetFramework=net8.0-android]
C:\Users\betom\OneDrive\Escritorio\veterinaria\Helpetd2.0\HealthPetsfrontend\FrontEndHealthPets\ViewModels\BathControlViewModel.cs(179,34): warning CS8602: Desreferencia de una referencia posiblemente NULL. [C:\Users\betom\OneDrive\Escritorio\veterinaria\Helpetd2.0\HealthPetsfrontend\FrontEndHealthPets\FrontEndHealthPets.csproj::TargetFramework=net8.0-android]
C:\Users\betom\OneDrive\Escritorio\veterinaria\Helpetd2.0\HealthPetsfrontend\FrontEndHealthPets\ViewModels\ForgotPasswordViewModel.cs(18,16): warning CS8618: El elemento campo "email" que no acepta valores NULL debe contener un valor distinto de NULL al salir del constructor. Considere la posibilidad de agregar el modificador "required'"o declarar el campo como un valor que acepta valores NULL. [C:\Users\betom\OneDrive\Escritorio\veterinaria\Helpetd2.0\HealthPetsfrontend\FrontEndHealthPets\FrontEndHealthPets.csproj::TargetFramework=net8.0-android]
C:\Users\betom\OneDrive\Escritorio\veterinaria\Helpetd2.0\HealthPetsfrontend\FrontEndHealthPets\ViewModels\ForgotPasswordViewModel.cs(31,23): warning CS8602: Desreferencia de una referencia posiblemente NULL. [C:\Users\betom\OneDrive\Escritorio\veterinaria\Helpetd2.0\HealthPetsfrontend\FrontEndHealthPets\FrontEndHealthPets.csproj::TargetFramework=net8.0-android]
C:\Users\betom\OneDrive\Escritorio\veterinaria\Helpetd2.0\HealthPetsfrontend\FrontEndHealthPets\ViewModels\ForgotPasswordViewModel.cs(31,23): warning CS8602: Desreferencia de una referencia posiblemente NULL. [C:\Users\betom\OneDrive\Escritorio\veterinaria\Helpetd2.0\HealthPetsfrontend\FrontEndHealthPets\FrontEndHealthPets.csproj::TargetFramework=net8.0-android]
C:\Users\betom\OneDrive\Escritorio\veterinaria\Helpetd2.0\HealthPetsfrontend\FrontEndHealthPets\ViewModels\ForgotPasswordViewModel.cs(42,27): warning CS8602: Desreferencia de una referencia posiblemente NULL. [C:\Users\betom\OneDrive\Escritorio\veterinaria\Helpetd2.0\HealthPetsfrontend\FrontEndHealthPets\FrontEndHealthPets.csproj::TargetFramework=net8.0-android]
C:\Users\betom\OneDrive\Escritorio\veterinaria\Helpetd2.0\HealthPetsfrontend\FrontEndHealthPets\ViewModels\ForgotPasswordViewModel.cs(42,27): warning CS8602: Desreferencia de una referencia posiblemente NULL. [C:\Users\betom\OneDrive\Escritorio\veterinaria\Helpetd2.0\HealthPetsfrontend\FrontEndHealthPets\FrontEndHealthPets.csproj::TargetFramework=net8.0-android]
C:\Users\betom\OneDrive\Escritorio\veterinaria\Helpetd2.0\HealthPetsfrontend\FrontEndHealthPets\ViewModels\ForgotPasswordViewModel.cs(52,27): warning CS8602: Desreferencia de una referencia posiblemente NULL. [C:\Users\betom\OneDrive\Escritorio\veterinaria\Helpetd2.0\HealthPetsfrontend\FrontEndHealthPets\FrontEndHealthPets.csproj::TargetFramework=net8.0-android]
C:\Users\betom\OneDrive\Escritorio\veterinaria\Helpetd2.0\HealthPetsfrontend\FrontEndHealthPets\ViewModels\ForgotPasswordViewModel.cs(52,27): warning CS8602: Desreferencia de una referencia posiblemente NULL. [C:\Users\betom\OneDrive\Escritorio\veterinaria\Helpetd2.0\HealthPetsfrontend\FrontEndHealthPets\FrontEndHealthPets.csproj::TargetFramework=net8.0-android]
C:\Users\betom\OneDrive\Escritorio\veterinaria\Helpetd2.0\HealthPetsfrontend\FrontEndHealthPets\ViewModels\ForgotPasswordViewModel.cs(57,23): warning CS8602: Desreferencia de una referencia posiblemente NULL. [C:\Users\betom\OneDrive\Escritorio\veterinaria\Helpetd2.0\HealthPetsfrontend\FrontEndHealthPets\FrontEndHealthPets.csproj::TargetFramework=net8.0-android]
C:\Users\betom\OneDrive\Escritorio\veterinaria\Helpetd2.0\HealthPetsfrontend\FrontEndHealthPets\ViewModels\ForgotPasswordViewModel.cs(57,23): warning CS8602: Desreferencia de una referencia posiblemente NULL. [C:\Users\betom\OneDrive\Escritorio\veterinaria\Helpetd2.0\HealthPetsfrontend\FrontEndHealthPets\FrontEndHealthPets.csproj::TargetFramework=net8.0-android]
C:\Users\betom\OneDrive\Escritorio\veterinaria\Helpetd2.0\HealthPetsfrontend\FrontEndHealthPets\ViewModels\MyAppointmentsViewModel.cs(43,23): warning CS8602: Desreferencia de una referencia posiblemente NULL. [C:\Users\betom\OneDrive\Escritorio\veterinaria\Helpetd2.0\HealthPetsfrontend\FrontEndHealthPets\FrontEndHealthPets.csproj::TargetFramework=net8.0-android]
C:\Users\betom\OneDrive\Escritorio\veterinaria\Helpetd2.0\HealthPetsfrontend\FrontEndHealthPets\ViewModels\MyAppointmentsViewModel.cs(43,23): warning CS8602: Desreferencia de una referencia posiblemente NULL. [C:\Users\betom\OneDrive\Escritorio\veterinaria\Helpetd2.0\HealthPetsfrontend\FrontEndHealthPets\FrontEndHealthPets.csproj::TargetFramework=net8.0-android]
C:\Users\betom\OneDrive\Escritorio\veterinaria\Helpetd2.0\HealthPetsfrontend\FrontEndHealthPets\ViewModels\MyAppointmentsViewModel.cs(57,34): warning CS8602: Desreferencia de una referencia posiblemente NULL. [C:\Users\betom\OneDrive\Escritorio\veterinaria\Helpetd2.0\HealthPetsfrontend\FrontEndHealthPets\FrontEndHealthPets.csproj::TargetFramework=net8.0-android]
C:\Users\betom\OneDrive\Escritorio\veterinaria\Helpetd2.0\HealthPetsfrontend\FrontEndHealthPets\ViewModels\MyAppointmentsViewModel.cs(57,34): warning CS8602: Desreferencia de una referencia posiblemente NULL. [C:\Users\betom\OneDrive\Escritorio\veterinaria\Helpetd2.0\HealthPetsfrontend\FrontEndHealthPets\FrontEndHealthPets.csproj::TargetFramework=net8.0-android]
C:\Users\betom\OneDrive\Escritorio\veterinaria\Helpetd2.0\HealthPetsfrontend\FrontEndHealthPets\Services\HistorialClinicoService.cs(47,33): warning CS8601: Posible asignaci├│n de referencia nula. [C:\Users\betom\OneDrive\Escritorio\veterinaria\Helpetd2.0\HealthPetsfrontend\FrontEndHealthPets\FrontEndHealthPets.csproj::TargetFramework=net8.0-android]
C:\Users\betom\OneDrive\Escritorio\veterinaria\Helpetd2.0\HealthPetsfrontend\FrontEndHealthPets\ViewModels\PetDetailViewModel.cs(45,16): warning CS8618: El elemento campo "_pet" que no acepta valores NULL debe contener un valor distinto de NULL al salir del constructor. Considere la posibilidad de agregar el modificador "required'"o declarar el campo como un valor que acepta valores NULL. [C:\Users\betom\OneDrive\Escritorio\veterinaria\Helpetd2.0\HealthPetsfrontend\FrontEndHealthPets\FrontEndHealthPets.csproj::TargetFramework=net8.0-android]
C:\Users\betom\OneDrive\Escritorio\veterinaria\Helpetd2.0\HealthPetsfrontend\FrontEndHealthPets\ViewModels\PetProfileViewModel.cs(107,30): warning CS0168: La variable 'ex' se ha declarado pero nunca se usa [C:\Users\betom\OneDrive\Escritorio\veterinaria\Helpetd2.0\HealthPetsfrontend\FrontEndHealthPets\FrontEndHealthPets.csproj::TargetFramework=net8.0-android]
C:\Users\betom\OneDrive\Escritorio\veterinaria\Helpetd2.0\HealthPetsfrontend\FrontEndHealthPets\ViewModels\PetDetailViewModel.cs(69,23): warning CS8601: Posible asignaci├│n de referencia nula. [C:\Users\betom\OneDrive\Escritorio\veterinaria\Helpetd2.0\HealthPetsfrontend\FrontEndHealthPets\FrontEndHealthPets.csproj::TargetFramework=net8.0-android]
C:\Users\betom\OneDrive\Escritorio\veterinaria\Helpetd2.0\HealthPetsfrontend\FrontEndHealthPets\ViewModels\ResenasViewModel.cs(100,29): warning CS8601: Posible asignaci├│n de referencia nula. [C:\Users\betom\OneDrive\Escritorio\veterinaria\Helpetd2.0\HealthPetsfrontend\FrontEndHealthPets\FrontEndHealthPets.csproj::TargetFramework=net8.0-android]
C:\Users\betom\OneDrive\Escritorio\veterinaria\Helpetd2.0\HealthPetsfrontend\FrontEndHealthPets\ViewModels\ResetPasswordViewModel.cs(28,16): warning CS8618: El elemento campo "email" que no acepta valores NULL debe contener un valor distinto de NULL al salir del constructor. Considere la posibilidad de agregar el modificador "required'"o declarar el campo como un valor que acepta valores NULL. [C:\Users\betom\OneDrive\Escritorio\veterinaria\Helpetd2.0\HealthPetsfrontend\FrontEndHealthPets\FrontEndHealthPets.csproj::TargetFramework=net8.0-android]
C:\Users\betom\OneDrive\Escritorio\veterinaria\Helpetd2.0\HealthPetsfrontend\FrontEndHealthPets\ViewModels\ResetPasswordViewModel.cs(28,16): warning CS8618: El elemento campo "code" que no acepta valores NULL debe contener un valor distinto de NULL al salir del constructor. Considere la posibilidad de agregar el modificador "required'"o declarar el campo como un valor que acepta valores NULL. [C:\Users\betom\OneDrive\Escritorio\veterinaria\Helpetd2.0\HealthPetsfrontend\FrontEndHealthPets\FrontEndHealthPets.csproj::TargetFramework=net8.0-android]
C:\Users\betom\OneDrive\Escritorio\veterinaria\Helpetd2.0\HealthPetsfrontend\FrontEndHealthPets\ViewModels\ResetPasswordViewModel.cs(28,16): warning CS8618: El elemento campo "newPassword" que no acepta valores NULL debe contener un valor distinto de NULL al salir del constructor. Considere la posibilidad de agregar el modificador "required'"o declarar el campo como un valor que acepta valores NULL. [C:\Users\betom\OneDrive\Escritorio\veterinaria\Helpetd2.0\HealthPetsfrontend\FrontEndHealthPets\FrontEndHealthPets.csproj::TargetFramework=net8.0-android]
C:\Users\betom\OneDrive\Escritorio\veterinaria\Helpetd2.0\HealthPetsfrontend\FrontEndHealthPets\ViewModels\ResetPasswordViewModel.cs(28,16): warning CS8618: El elemento campo "confirmPassword" que no acepta valores NULL debe contener un valor distinto de NULL al salir del constructor. Considere la posibilidad de agregar el modificador "required'"o declarar el campo como un valor que acepta valores NULL. [C:\Users\betom\OneDrive\Escritorio\veterinaria\Helpetd2.0\HealthPetsfrontend\FrontEndHealthPets\FrontEndHealthPets.csproj::TargetFramework=net8.0-android]
C:\Users\betom\OneDrive\Escritorio\veterinaria\Helpetd2.0\HealthPetsfrontend\FrontEndHealthPets\ViewModels\SettingsViewModel.cs(86,16): warning CS8618: El elemento campo "_userName" que no acepta valores NULL debe contener un valor distinto de NULL al salir del constructor. Considere la posibilidad de agregar el modificador "required'"o declarar el campo como un valor que acepta valores NULL. [C:\Users\betom\OneDrive\Escritorio\veterinaria\Helpetd2.0\HealthPetsfrontend\FrontEndHealthPets\FrontEndHealthPets.csproj::TargetFramework=net8.0-android]
C:\Users\betom\OneDrive\Escritorio\veterinaria\Helpetd2.0\HealthPetsfrontend\FrontEndHealthPets\ViewModels\SettingsViewModel.cs(86,16): warning CS8618: El elemento campo "_userEmail" que no acepta valores NULL debe contener un valor distinto de NULL al salir del constructor. Considere la posibilidad de agregar el modificador "required'"o declarar el campo como un valor que acepta valores NULL. [C:\Users\betom\OneDrive\Escritorio\veterinaria\Helpetd2.0\HealthPetsfrontend\FrontEndHealthPets\FrontEndHealthPets.csproj::TargetFramework=net8.0-android]
C:\Users\betom\OneDrive\Escritorio\veterinaria\Helpetd2.0\HealthPetsfrontend\FrontEndHealthPets\ViewModels\SettingsViewModel.cs(86,16): warning CS8618: El elemento campo "_appVersion" que no acepta valores NULL debe contener un valor distinto de NULL al salir del constructor. Considere la posibilidad de agregar el modificador "required'"o declarar el campo como un valor que acepta valores NULL. [C:\Users\betom\OneDrive\Escritorio\veterinaria\Helpetd2.0\HealthPetsfrontend\FrontEndHealthPets\FrontEndHealthPets.csproj::TargetFramework=net8.0-android]
C:\Users\betom\OneDrive\Escritorio\veterinaria\Helpetd2.0\HealthPetsfrontend\FrontEndHealthPets\ViewModels\VaccinationViewModel.cs(24,16): warning CS8618: El elemento campo "selectedPet" que no acepta valores NULL debe contener un valor distinto de NULL al salir del constructor. Considere la posibilidad de agregar el modificador "required'"o declarar el campo como un valor que acepta valores NULL. [C:\Users\betom\OneDrive\Escritorio\veterinaria\Helpetd2.0\HealthPetsfrontend\FrontEndHealthPets\FrontEndHealthPets.csproj::TargetFramework=net8.0-android]
C:\Users\betom\OneDrive\Escritorio\veterinaria\Helpetd2.0\HealthPetsfrontend\FrontEndHealthPets\ViewModels\VeterinarianProfileViewModel.cs(46,16): warning CS8618: El elemento campo "veterinarian" que no acepta valores NULL debe contener un valor distinto de NULL al salir del constructor. Considere la posibilidad de agregar el modificador "required'"o declarar el campo como un valor que acepta valores NULL. [C:\Users\betom\OneDrive\Escritorio\veterinaria\Helpetd2.0\HealthPetsfrontend\FrontEndHealthPets\FrontEndHealthPets.csproj::TargetFramework=net8.0-android]
C:\Users\betom\OneDrive\Escritorio\veterinaria\Helpetd2.0\HealthPetsfrontend\FrontEndHealthPets\ViewModels\VeterinarianProfileViewModel.cs(46,16): warning CS8618: El elemento campo "selectedSlot" que no acepta valores NULL debe contener un valor distinto de NULL al salir del constructor. Considere la posibilidad de agregar el modificador "required'"o declarar el campo como un valor que acepta valores NULL. [C:\Users\betom\OneDrive\Escritorio\veterinaria\Helpetd2.0\HealthPetsfrontend\FrontEndHealthPets\FrontEndHealthPets.csproj::TargetFramework=net8.0-android]
C:\Users\betom\OneDrive\Escritorio\veterinaria\Helpetd2.0\HealthPetsfrontend\FrontEndHealthPets\ViewModels\VeterinarianProfileViewModel.cs(46,16): warning CS8618: El elemento campo "selectedPet" que no acepta valores NULL debe contener un valor distinto de NULL al salir del constructor. Considere la posibilidad de agregar el modificador "required'"o declarar el campo como un valor que acepta valores NULL. [C:\Users\betom\OneDrive\Escritorio\veterinaria\Helpetd2.0\HealthPetsfrontend\FrontEndHealthPets\FrontEndHealthPets.csproj::TargetFramework=net8.0-android]
C:\Users\betom\OneDrive\Escritorio\veterinaria\Helpetd2.0\HealthPetsfrontend\FrontEndHealthPets\ViewModels\VeterinarianProfileViewModel.cs(46,16): warning CS8618: El elemento campo "reason" que no acepta valores NULL debe contener un valor distinto de NULL al salir del constructor. Considere la posibilidad de agregar el modificador "required'"o declarar el campo como un valor que acepta valores NULL. [C:\Users\betom\OneDrive\Escritorio\veterinaria\Helpetd2.0\HealthPetsfrontend\FrontEndHealthPets\FrontEndHealthPets.csproj::TargetFramework=net8.0-android]
C:\Users\betom\OneDrive\Escritorio\veterinaria\Helpetd2.0\HealthPetsfrontend\FrontEndHealthPets\ViewModels\VeterinarianProfileViewModel.cs(46,16): warning CS8618: El elemento campo "notes" que no acepta valores NULL debe contener un valor distinto de NULL al salir del constructor. Considere la posibilidad de agregar el modificador "required'"o declarar el campo como un valor que acepta valores NULL. [C:\Users\betom\OneDrive\Escritorio\veterinaria\Helpetd2.0\HealthPetsfrontend\FrontEndHealthPets\FrontEndHealthPets.csproj::TargetFramework=net8.0-android]
C:\Users\betom\OneDrive\Escritorio\veterinaria\Helpetd2.0\HealthPetsfrontend\FrontEndHealthPets\ViewModels\VeterinariansViewModel.cs(22,16): warning CS8618: El elemento campo "searchText" que no acepta valores NULL debe contener un valor distinto de NULL al salir del constructor. Considere la posibilidad de agregar el modificador "required'"o declarar el campo como un valor que acepta valores NULL. [C:\Users\betom\OneDrive\Escritorio\veterinaria\Helpetd2.0\HealthPetsfrontend\FrontEndHealthPets\FrontEndHealthPets.csproj::TargetFramework=net8.0-android]
C:\Users\betom\OneDrive\Escritorio\veterinaria\Helpetd2.0\HealthPetsfrontend\FrontEndHealthPets\ViewModels\VeterinarianProfileViewModel.cs(74,32): warning CS8601: Posible asignaci├│n de referencia nula. [C:\Users\betom\OneDrive\Escritorio\veterinaria\Helpetd2.0\HealthPetsfrontend\FrontEndHealthPets\FrontEndHealthPets.csproj::TargetFramework=net8.0-android]
C:\Users\betom\OneDrive\Escritorio\veterinaria\Helpetd2.0\HealthPetsfrontend\FrontEndHealthPets\ViewModels\VeterinariansViewModel.cs(48,23): warning CS8602: Desreferencia de una referencia posiblemente NULL. [C:\Users\betom\OneDrive\Escritorio\veterinaria\Helpetd2.0\HealthPetsfrontend\FrontEndHealthPets\FrontEndHealthPets.csproj::TargetFramework=net8.0-android]
C:\Users\betom\OneDrive\Escritorio\veterinaria\Helpetd2.0\HealthPetsfrontend\FrontEndHealthPets\ViewModels\VeterinariansViewModel.cs(48,23): warning CS8602: Desreferencia de una referencia posiblemente NULL. [C:\Users\betom\OneDrive\Escritorio\veterinaria\Helpetd2.0\HealthPetsfrontend\FrontEndHealthPets\FrontEndHealthPets.csproj::TargetFramework=net8.0-android]
C:\Users\betom\OneDrive\Escritorio\veterinaria\Helpetd2.0\HealthPetsfrontend\FrontEndHealthPets\ViewModels\VeterinarianProfileViewModel.cs(102,32): warning CS8625: No se puede convertir un literal NULL en un tipo de referencia que no acepta valores NULL. [C:\Users\betom\OneDrive\Escritorio\veterinaria\Helpetd2.0\HealthPetsfrontend\FrontEndHealthPets\FrontEndHealthPets.csproj::TargetFramework=net8.0-android]
C:\Users\betom\OneDrive\Escritorio\veterinaria\Helpetd2.0\HealthPetsfrontend\FrontEndHealthPets\ViewModels\VeterinariansViewModel.cs(90,23): warning CS8602: Desreferencia de una referencia posiblemente NULL. [C:\Users\betom\OneDrive\Escritorio\veterinaria\Helpetd2.0\HealthPetsfrontend\FrontEndHealthPets\FrontEndHealthPets.csproj::TargetFramework=net8.0-android]
C:\Users\betom\OneDrive\Escritorio\veterinaria\Helpetd2.0\HealthPetsfrontend\FrontEndHealthPets\ViewModels\VeterinariansViewModel.cs(90,23): warning CS8602: Desreferencia de una referencia posiblemente NULL. [C:\Users\betom\OneDrive\Escritorio\veterinaria\Helpetd2.0\HealthPetsfrontend\FrontEndHealthPets\FrontEndHealthPets.csproj::TargetFramework=net8.0-android]
C:\Users\betom\OneDrive\Escritorio\veterinaria\Helpetd2.0\HealthPetsfrontend\FrontEndHealthPets\ViewModels\VeterinarianProfileViewModel.cs(121,23): warning CS8602: Desreferencia de una referencia posiblemente NULL. [C:\Users\betom\OneDrive\Escritorio\veterinaria\Helpetd2.0\HealthPetsfrontend\FrontEndHealthPets\FrontEndHealthPets.csproj::TargetFramework=net8.0-android]
C:\Users\betom\OneDrive\Escritorio\veterinaria\Helpetd2.0\HealthPetsfrontend\FrontEndHealthPets\ViewModels\VeterinarianProfileViewModel.cs(121,23): warning CS8602: Desreferencia de una referencia posiblemente NULL. [C:\Users\betom\OneDrive\Escritorio\veterinaria\Helpetd2.0\HealthPetsfrontend\FrontEndHealthPets\FrontEndHealthPets.csproj::TargetFramework=net8.0-android]
C:\Users\betom\OneDrive\Escritorio\veterinaria\Helpetd2.0\HealthPetsfrontend\FrontEndHealthPets\ViewModels\VeterinarianProfileViewModel.cs(127,23): warning CS8602: Desreferencia de una referencia posiblemente NULL. [C:\Users\betom\OneDrive\Escritorio\veterinaria\Helpetd2.0\HealthPetsfrontend\FrontEndHealthPets\FrontEndHealthPets.csproj::TargetFramework=net8.0-android]
C:\Users\betom\OneDrive\Escritorio\veterinaria\Helpetd2.0\HealthPetsfrontend\FrontEndHealthPets\ViewModels\VeterinarianProfileViewModel.cs(127,23): warning CS8602: Desreferencia de una referencia posiblemente NULL. [C:\Users\betom\OneDrive\Escritorio\veterinaria\Helpetd2.0\HealthPetsfrontend\FrontEndHealthPets\FrontEndHealthPets.csproj::TargetFramework=net8.0-android]
C:\Users\betom\OneDrive\Escritorio\veterinaria\Helpetd2.0\HealthPetsfrontend\FrontEndHealthPets\ViewModels\VeterinarianProfileViewModel.cs(148,27): warning CS8602: Desreferencia de una referencia posiblemente NULL. [C:\Users\betom\OneDrive\Escritorio\veterinaria\Helpetd2.0\HealthPetsfrontend\FrontEndHealthPets\FrontEndHealthPets.csproj::TargetFramework=net8.0-android]
C:\Users\betom\OneDrive\Escritorio\veterinaria\Helpetd2.0\HealthPetsfrontend\FrontEndHealthPets\ViewModels\VeterinarianProfileViewModel.cs(148,27): warning CS8602: Desreferencia de una referencia posiblemente NULL. [C:\Users\betom\OneDrive\Escritorio\veterinaria\Helpetd2.0\HealthPetsfrontend\FrontEndHealthPets\FrontEndHealthPets.csproj::TargetFramework=net8.0-android]
C:\Users\betom\OneDrive\Escritorio\veterinaria\Helpetd2.0\HealthPetsfrontend\FrontEndHealthPets\ViewModels\VeterinarianProfileViewModel.cs(153,27): warning CS8602: Desreferencia de una referencia posiblemente NULL. [C:\Users\betom\OneDrive\Escritorio\veterinaria\Helpetd2.0\HealthPetsfrontend\FrontEndHealthPets\FrontEndHealthPets.csproj::TargetFramework=net8.0-android]
C:\Users\betom\OneDrive\Escritorio\veterinaria\Helpetd2.0\HealthPetsfrontend\FrontEndHealthPets\ViewModels\VeterinarianProfileViewModel.cs(153,27): warning CS8602: Desreferencia de una referencia posiblemente NULL. [C:\Users\betom\OneDrive\Escritorio\veterinaria\Helpetd2.0\HealthPetsfrontend\FrontEndHealthPets\FrontEndHealthPets.csproj::TargetFramework=net8.0-android]
C:\Users\betom\OneDrive\Escritorio\veterinaria\Helpetd2.0\HealthPetsfrontend\FrontEndHealthPets\ViewModels\VeterinarianProfileViewModel.cs(158,23): warning CS8602: Desreferencia de una referencia posiblemente NULL. [C:\Users\betom\OneDrive\Escritorio\veterinaria\Helpetd2.0\HealthPetsfrontend\FrontEndHealthPets\FrontEndHealthPets.csproj::TargetFramework=net8.0-android]
C:\Users\betom\OneDrive\Escritorio\veterinaria\Helpetd2.0\HealthPetsfrontend\FrontEndHealthPets\ViewModels\VeterinarianProfileViewModel.cs(158,23): warning CS8602: Desreferencia de una referencia posiblemente NULL. [C:\Users\betom\OneDrive\Escritorio\veterinaria\Helpetd2.0\HealthPetsfrontend\FrontEndHealthPets\FrontEndHealthPets.csproj::TargetFramework=net8.0-android]
C:\Users\betom\OneDrive\Escritorio\veterinaria\Helpetd2.0\HealthPetsfrontend\FrontEndHealthPets\ViewModels\PetProfileViewModel.cs(229,34): warning CS8602: Desreferencia de una referencia posiblemente NULL. [C:\Users\betom\OneDrive\Escritorio\veterinaria\Helpetd2.0\HealthPetsfrontend\FrontEndHealthPets\FrontEndHealthPets.csproj::TargetFramework=net8.0-android]
C:\Users\betom\OneDrive\Escritorio\veterinaria\Helpetd2.0\HealthPetsfrontend\FrontEndHealthPets\ViewModels\PetProfileViewModel.cs(229,34): warning CS8602: Desreferencia de una referencia posiblemente NULL. [C:\Users\betom\OneDrive\Escritorio\veterinaria\Helpetd2.0\HealthPetsfrontend\FrontEndHealthPets\FrontEndHealthPets.csproj::TargetFramework=net8.0-android]
C:\Users\betom\OneDrive\Escritorio\veterinaria\Helpetd2.0\HealthPetsfrontend\FrontEndHealthPets\ViewModels\ResetPasswordViewModel.cs(41,23): warning CS8602: Desreferencia de una referencia posiblemente NULL. [C:\Users\betom\OneDrive\Escritorio\veterinaria\Helpetd2.0\HealthPetsfrontend\FrontEndHealthPets\FrontEndHealthPets.csproj::TargetFramework=net8.0-android]
C:\Users\betom\OneDrive\Escritorio\veterinaria\Helpetd2.0\HealthPetsfrontend\FrontEndHealthPets\ViewModels\ResetPasswordViewModel.cs(41,23): warning CS8602: Desreferencia de una referencia posiblemente NULL. [C:\Users\betom\OneDrive\Escritorio\veterinaria\Helpetd2.0\HealthPetsfrontend\FrontEndHealthPets\FrontEndHealthPets.csproj::TargetFramework=net8.0-android]
C:\Users\betom\OneDrive\Escritorio\veterinaria\Helpetd2.0\HealthPetsfrontend\FrontEndHealthPets\ViewModels\ResetPasswordViewModel.cs(47,23): warning CS8602: Desreferencia de una referencia posiblemente NULL. [C:\Users\betom\OneDrive\Escritorio\veterinaria\Helpetd2.0\HealthPetsfrontend\FrontEndHealthPets\FrontEndHealthPets.csproj::TargetFramework=net8.0-android]
C:\Users\betom\OneDrive\Escritorio\veterinaria\Helpetd2.0\HealthPetsfrontend\FrontEndHealthPets\ViewModels\ResetPasswordViewModel.cs(47,23): warning CS8602: Desreferencia de una referencia posiblemente NULL. [C:\Users\betom\OneDrive\Escritorio\veterinaria\Helpetd2.0\HealthPetsfrontend\FrontEndHealthPets\FrontEndHealthPets.csproj::TargetFramework=net8.0-android]
C:\Users\betom\OneDrive\Escritorio\veterinaria\Helpetd2.0\HealthPetsfrontend\FrontEndHealthPets\ViewModels\ResetPasswordViewModel.cs(58,27): warning CS8602: Desreferencia de una referencia posiblemente NULL. [C:\Users\betom\OneDrive\Escritorio\veterinaria\Helpetd2.0\HealthPetsfrontend\FrontEndHealthPets\FrontEndHealthPets.csproj::TargetFramework=net8.0-android]
C:\Users\betom\OneDrive\Escritorio\veterinaria\Helpetd2.0\HealthPetsfrontend\FrontEndHealthPets\ViewModels\ResetPasswordViewModel.cs(58,27): warning CS8602: Desreferencia de una referencia posiblemente NULL. [C:\Users\betom\OneDrive\Escritorio\veterinaria\Helpetd2.0\HealthPetsfrontend\FrontEndHealthPets\FrontEndHealthPets.csproj::TargetFramework=net8.0-android]
C:\Users\betom\OneDrive\Escritorio\veterinaria\Helpetd2.0\HealthPetsfrontend\FrontEndHealthPets\ViewModels\ResetPasswordViewModel.cs(66,27): warning CS8602: Desreferencia de una referencia posiblemente NULL. [C:\Users\betom\OneDrive\Escritorio\veterinaria\Helpetd2.0\HealthPetsfrontend\FrontEndHealthPets\FrontEndHealthPets.csproj::TargetFramework=net8.0-android]
C:\Users\betom\OneDrive\Escritorio\veterinaria\Helpetd2.0\HealthPetsfrontend\FrontEndHealthPets\ViewModels\ResetPasswordViewModel.cs(66,27): warning CS8602: Desreferencia de una referencia posiblemente NULL. [C:\Users\betom\OneDrive\Escritorio\veterinaria\Helpetd2.0\HealthPetsfrontend\FrontEndHealthPets\FrontEndHealthPets.csproj::TargetFramework=net8.0-android]
C:\Users\betom\OneDrive\Escritorio\veterinaria\Helpetd2.0\HealthPetsfrontend\FrontEndHealthPets\ViewModels\ResetPasswordViewModel.cs(71,23): warning CS8602: Desreferencia de una referencia posiblemente NULL. [C:\Users\betom\OneDrive\Escritorio\veterinaria\Helpetd2.0\HealthPetsfrontend\FrontEndHealthPets\FrontEndHealthPets.csproj::TargetFramework=net8.0-android]
C:\Users\betom\OneDrive\Escritorio\veterinaria\Helpetd2.0\HealthPetsfrontend\FrontEndHealthPets\ViewModels\ResetPasswordViewModel.cs(71,23): warning CS8602: Desreferencia de una referencia posiblemente NULL. [C:\Users\betom\OneDrive\Escritorio\veterinaria\Helpetd2.0\HealthPetsfrontend\FrontEndHealthPets\FrontEndHealthPets.csproj::TargetFramework=net8.0-android]
C:\Users\betom\OneDrive\Escritorio\veterinaria\Helpetd2.0\HealthPetsfrontend\FrontEndHealthPets\Services\PetService.cs(244,33): warning CS1998: El m├®todo asincr├│nico carece de operadores "await" y se ejecutar├í de forma sincr├│nica. Puede usar el operador 'await' para esperar llamadas API que no sean de bloqueo o 'await Task.Run(...)' para hacer tareas enlazadas a la CPU en un subproceso en segundo plano. [C:\Users\betom\OneDrive\Escritorio\veterinaria\Helpetd2.0\HealthPetsfrontend\FrontEndHealthPets\FrontEndHealthPets.csproj::TargetFramework=net8.0-android]
C:\Users\betom\OneDrive\Escritorio\veterinaria\Helpetd2.0\HealthPetsfrontend\FrontEndHealthPets\Services\PetService.cs(271,29): warning CS8601: Posible asignaci├│n de referencia nula. [C:\Users\betom\OneDrive\Escritorio\veterinaria\Helpetd2.0\HealthPetsfrontend\FrontEndHealthPets\FrontEndHealthPets.csproj::TargetFramework=net8.0-android]
C:\Users\betom\OneDrive\Escritorio\veterinaria\Helpetd2.0\HealthPetsfrontend\FrontEndHealthPets\pruevasession.xaml.cs(7,22): warning CS8981: El nombre de tipo 'pruevasession' solo contiene caracteres ASCII en min├║sculas. Estos nombres pueden quedar reservados para el idioma. [C:\Users\betom\OneDrive\Escritorio\veterinaria\Helpetd2.0\HealthPetsfrontend\FrontEndHealthPets\FrontEndHealthPets.csproj::TargetFramework=net8.0-windows10.0.19041.0]
C:\Users\betom\OneDrive\Escritorio\veterinaria\Helpetd2.0\HealthPetsfrontend\FrontEndHealthPets\obj\Debug\net8.0-windows10.0.19041.0\win10-x64\Microsoft.Maui.Controls.SourceGen\Microsoft.Maui.Controls.SourceGen.CodeBehindGenerator\pruevasession.xaml.sg.cs(15,23): warning CS8981: El nombre de tipo 'pruevasession' solo contiene caracteres ASCII en min├║sculas. Estos nombres pueden quedar reservados para el idioma. [C:\Users\betom\OneDrive\Escritorio\veterinaria\Helpetd2.0\HealthPetsfrontend\FrontEndHealthPets\FrontEndHealthPets.csproj::TargetFramework=net8.0-windows10.0.19041.0]
C:\Users\betom\OneDrive\Escritorio\veterinaria\Helpetd2.0\HealthPetsfrontend\FrontEndHealthPets\obj\Debug\net8.0-windows10.0.19041.0\win10-x64\WinRT.SourceGenerator\Generator.WinRTAotSourceGenerator\FrontEndHealthPets.pruevasession.WinRTVtable.g.cs(5,15): warning CS8981: El nombre de tipo 'pruevasession' solo contiene caracteres ASCII en min├║sculas. Estos nombres pueden quedar reservados para el idioma. [C:\Users\betom\OneDrive\Escritorio\veterinaria\Helpetd2.0\HealthPetsfrontend\FrontEndHealthPets\FrontEndHealthPets.csproj::TargetFramework=net8.0-windows10.0.19041.0]
C:\Users\betom\OneDrive\Escritorio\veterinaria\Helpetd2.0\HealthPetsfrontend\FrontEndHealthPets\Datos\Pagina_Flyout_Items.cs(12,23): warning CS8618: El elemento propiedad "Titulo" que no acepta valores NULL debe contener un valor distinto de NULL al salir del constructor. Considere la posibilidad de agregar el modificador "required'"o declarar el propiedad como un valor que acepta valores NULL. [C:\Users\betom\OneDrive\Escritorio\veterinaria\Helpetd2.0\HealthPetsfrontend\FrontEndHealthPets\FrontEndHealthPets.csproj::TargetFramework=net8.0-windows10.0.19041.0]
C:\Users\betom\OneDrive\Escritorio\veterinaria\Helpetd2.0\HealthPetsfrontend\FrontEndHealthPets\Datos\Pagina_Flyout_Items.cs(14,23): warning CS8618: El elemento propiedad "Icono" que no acepta valores NULL debe contener un valor distinto de NULL al salir del constructor. Considere la posibilidad de agregar el modificador "required'"o declarar el propiedad como un valor que acepta valores NULL. [C:\Users\betom\OneDrive\Escritorio\veterinaria\Helpetd2.0\HealthPetsfrontend\FrontEndHealthPets\FrontEndHealthPets.csproj::TargetFramework=net8.0-windows10.0.19041.0]
C:\Users\betom\OneDrive\Escritorio\veterinaria\Helpetd2.0\HealthPetsfrontend\FrontEndHealthPets\Entidades\Response\Res_ObtenerBreeds.cs(12,49): warning CS8618: El elemento propiedad "Breeds" que no acepta valores NULL debe contener un valor distinto de NULL al salir del constructor. Considere la posibilidad de agregar el modificador "required'"o declarar el propiedad como un valor que acepta valores NULL. [C:\Users\betom\OneDrive\Escritorio\veterinaria\Helpetd2.0\HealthPetsfrontend\FrontEndHealthPets\FrontEndHealthPets.csproj::TargetFramework=net8.0-windows10.0.19041.0]
C:\Users\betom\OneDrive\Escritorio\veterinaria\Helpetd2.0\HealthPetsfrontend\FrontEndHealthPets\Entidades\Response\Res_Login.cs(13,33): warning CS8618: El elemento propiedad "Registro_Usuario" que no acepta valores NULL debe contener un valor distinto de NULL al salir del constructor. Considere la posibilidad de agregar el modificador "required'"o declarar el propiedad como un valor que acepta valores NULL. [C:\Users\betom\OneDrive\Escritorio\veterinaria\Helpetd2.0\HealthPetsfrontend\FrontEndHealthPets\FrontEndHealthPets.csproj::TargetFramework=net8.0-windows10.0.19041.0]
C:\Users\betom\OneDrive\Escritorio\veterinaria\Helpetd2.0\HealthPetsfrontend\FrontEndHealthPets\Entidades\Response\Res_Base.cs(14,23): warning CS8618: El elemento propiedad "Error" que no acepta valores NULL debe contener un valor distinto de NULL al salir del constructor. Considere la posibilidad de agregar el modificador "required'"o declarar el propiedad como un valor que acepta valores NULL. [C:\Users\betom\OneDrive\Escritorio\veterinaria\Helpetd2.0\HealthPetsfrontend\FrontEndHealthPets\FrontEndHealthPets.csproj::TargetFramework=net8.0-windows10.0.19041.0]
C:\Users\betom\OneDrive\Escritorio\veterinaria\Helpetd2.0\HealthPetsfrontend\FrontEndHealthPets\Entidades\Request\Req_Usuario.cs(12,33): warning CS8618: El elemento propiedad "registro_Usuario" que no acepta valores NULL debe contener un valor distinto de NULL al salir del constructor. Considere la posibilidad de agregar el modificador "required'"o declarar el propiedad como un valor que acepta valores NULL. [C:\Users\betom\OneDrive\Escritorio\veterinaria\Helpetd2.0\HealthPetsfrontend\FrontEndHealthPets\FrontEndHealthPets.csproj::TargetFramework=net8.0-windows10.0.19041.0]
C:\Users\betom\OneDrive\Escritorio\veterinaria\Helpetd2.0\HealthPetsfrontend\FrontEndHealthPets\Entidades\Request\Req_Login.cs(11,23): warning CS8618: El elemento propiedad "Correo_Electronico" que no acepta valores NULL debe contener un valor distinto de NULL al salir del constructor. Considere la posibilidad de agregar el modificador "required'"o declarar el propiedad como un valor que acepta valores NULL. [C:\Users\betom\OneDrive\Escritorio\veterinaria\Helpetd2.0\HealthPetsfrontend\FrontEndHealthPets\FrontEndHealthPets.csproj::TargetFramework=net8.0-windows10.0.19041.0]
C:\Users\betom\OneDrive\Escritorio\veterinaria\Helpetd2.0\HealthPetsfrontend\FrontEndHealthPets\Entidades\Request\Req_Login.cs(12,23): warning CS8618: El elemento propiedad "Contrasena" que no acepta valores NULL debe contener un valor distinto de NULL al salir del constructor. Considere la posibilidad de agregar el modificador "required'"o declarar el propiedad como un valor que acepta valores NULL. [C:\Users\betom\OneDrive\Escritorio\veterinaria\Helpetd2.0\HealthPetsfrontend\FrontEndHealthPets\FrontEndHealthPets.csproj::TargetFramework=net8.0-windows10.0.19041.0]
C:\Users\betom\OneDrive\Escritorio\veterinaria\Helpetd2.0\HealthPetsfrontend\FrontEndHealthPets\Entidades\Entitys\Registro_Usuario.cs(14,23): warning CS8618: El elemento propiedad "Nombre" que no acepta valores NULL debe contener un valor distinto de NULL al salir del constructor. Considere la posibilidad de agregar el modificador "required'"o declarar el propiedad como un valor que acepta valores NULL. [C:\Users\betom\OneDrive\Escritorio\veterinaria\Helpetd2.0\HealthPetsfrontend\FrontEndHealthPets\FrontEndHealthPets.csproj::TargetFramework=net8.0-windows10.0.19041.0]
C:\Users\betom\OneDrive\Escritorio\veterinaria\Helpetd2.0\HealthPetsfrontend\FrontEndHealthPets\Entidades\Entitys\Registro_Usuario.cs(15,23): warning CS8618: El elemento propiedad "Apellidos" que no acepta valores NULL debe contener un valor distinto de NULL al salir del constructor. Considere la posibilidad de agregar el modificador "required'"o declarar el propiedad como un valor que acepta valores NULL. [C:\Users\betom\OneDrive\Escritorio\veterinaria\Helpetd2.0\HealthPetsfrontend\FrontEndHealthPets\FrontEndHealthPets.csproj::TargetFramework=net8.0-windows10.0.19041.0]
C:\Users\betom\OneDrive\Escritorio\veterinaria\Helpetd2.0\HealthPetsfrontend\FrontEndHealthPets\Entidades\Entitys\Registro_Usuario.cs(16,23): warning CS8618: El elemento propiedad "Correo_Electronico" que no acepta valores NULL debe contener un valor distinto de NULL al salir del constructor. Considere la posibilidad de agregar el modificador "required'"o declarar el propiedad como un valor que acepta valores NULL. [C:\Users\betom\OneDrive\Escritorio\veterinaria\Helpetd2.0\HealthPetsfrontend\FrontEndHealthPets\FrontEndHealthPets.csproj::TargetFramework=net8.0-windows10.0.19041.0]
C:\Users\betom\OneDrive\Escritorio\veterinaria\Helpetd2.0\HealthPetsfrontend\FrontEndHealthPets\Entidades\Entitys\Registro_Usuario.cs(18,23): warning CS8618: El elemento propiedad "Confirmacion_Correo_Electronico" que no acepta valores NULL debe contener un valor distinto de NULL al salir del constructor. Considere la posibilidad de agregar el modificador "required'"o declarar el propiedad como un valor que acepta valores NULL. [C:\Users\betom\OneDrive\Escritorio\veterinaria\Helpetd2.0\HealthPetsfrontend\FrontEndHealthPets\FrontEndHealthPets.csproj::TargetFramework=net8.0-windows10.0.19041.0]
C:\Users\betom\OneDrive\Escritorio\veterinaria\Helpetd2.0\HealthPetsfrontend\FrontEndHealthPets\Entidades\Entitys\Registro_Usuario.cs(19,23): warning CS8618: El elemento propiedad "Password" que no acepta valores NULL debe contener un valor distinto de NULL al salir del constructor. Considere la posibilidad de agregar el modificador "required'"o declarar el propiedad como un valor que acepta valores NULL. [C:\Users\betom\OneDrive\Escritorio\veterinaria\Helpetd2.0\HealthPetsfrontend\FrontEndHealthPets\FrontEndHealthPets.csproj::TargetFramework=net8.0-windows10.0.19041.0]
C:\Users\betom\OneDrive\Escritorio\veterinaria\Helpetd2.0\HealthPetsfrontend\FrontEndHealthPets\Entidades\Entitys\Registro_Usuario.cs(21,23): warning CS8618: El elemento propiedad "Confirmar_Password" que no acepta valores NULL debe contener un valor distinto de NULL al salir del constructor. Considere la posibilidad de agregar el modificador "required'"o declarar el propiedad como un valor que acepta valores NULL. [C:\Users\betom\OneDrive\Escritorio\veterinaria\Helpetd2.0\HealthPetsfrontend\FrontEndHealthPets\FrontEndHealthPets.csproj::TargetFramework=net8.0-windows10.0.19041.0]
C:\Users\betom\OneDrive\Escritorio\veterinaria\Helpetd2.0\HealthPetsfrontend\FrontEndHealthPets\Entidades\Entitys\Registro_Usuario.cs(23,23): warning CS8618: El elemento propiedad "numero_verificacion" que no acepta valores NULL debe contener un valor distinto de NULL al salir del constructor. Considere la posibilidad de agregar el modificador "required'"o declarar el propiedad como un valor que acepta valores NULL. [C:\Users\betom\OneDrive\Escritorio\veterinaria\Helpetd2.0\HealthPetsfrontend\FrontEndHealthPets\FrontEndHealthPets.csproj::TargetFramework=net8.0-windows10.0.19041.0]
C:\Users\betom\OneDrive\Escritorio\veterinaria\Helpetd2.0\HealthPetsfrontend\FrontEndHealthPets\Entidades\Entitys\Registro_Usuario.cs(25,23): warning CS8618: El elemento propiedad "token" que no acepta valores NULL debe contener un valor distinto de NULL al salir del constructor. Considere la posibilidad de agregar el modificador "required'"o declarar el propiedad como un valor que acepta valores NULL. [C:\Users\betom\OneDrive\Escritorio\veterinaria\Helpetd2.0\HealthPetsfrontend\FrontEndHealthPets\FrontEndHealthPets.csproj::TargetFramework=net8.0-windows10.0.19041.0]
C:\Users\betom\OneDrive\Escritorio\veterinaria\Helpetd2.0\HealthPetsfrontend\FrontEndHealthPets\Entidades\Entitys\Sesion.cs(12,30): warning CS8618: El elemento propiedad "nombre" que no acepta valores NULL debe contener un valor distinto de NULL al salir del constructor. Considere la posibilidad de agregar el modificador "required'"o declarar el propiedad como un valor que acepta valores NULL. [C:\Users\betom\OneDrive\Escritorio\veterinaria\Helpetd2.0\HealthPetsfrontend\FrontEndHealthPets\FrontEndHealthPets.csproj::TargetFramework=net8.0-windows10.0.19041.0]
C:\Users\betom\OneDrive\Escritorio\veterinaria\Helpetd2.0\HealthPetsfrontend\FrontEndHealthPets\Entidades\Entitys\Sesion.cs(13,30): warning CS8618: El elemento propiedad "apellidos" que no acepta valores NULL debe contener un valor distinto de NULL al salir del constructor. Considere la posibilidad de agregar el modificador "required'"o declarar el propiedad como un valor que acepta valores NULL. [C:\Users\betom\OneDrive\Escritorio\veterinaria\Helpetd2.0\HealthPetsfrontend\FrontEndHealthPets\FrontEndHealthPets.csproj::TargetFramework=net8.0-windows10.0.19041.0]
C:\Users\betom\OneDrive\Escritorio\veterinaria\Helpetd2.0\HealthPetsfrontend\FrontEndHealthPets\Entidades\Entitys\Sesion.cs(15,30): warning CS8618: El elemento propiedad "Correo_Electronico" que no acepta valores NULL debe contener un valor distinto de NULL al salir del constructor. Considere la posibilidad de agregar el modificador "required'"o declarar el propiedad como un valor que acepta valores NULL. [C:\Users\betom\OneDrive\Escritorio\veterinaria\Helpetd2.0\HealthPetsfrontend\FrontEndHealthPets\FrontEndHealthPets.csproj::TargetFramework=net8.0-windows10.0.19041.0]
C:\Users\betom\OneDrive\Escritorio\veterinaria\Helpetd2.0\HealthPetsfrontend\FrontEndHealthPets\Entidades\Entitys\Sesion.cs(17,30): warning CS8618: El elemento propiedad "Password" que no acepta valores NULL debe contener un valor distinto de NULL al salir del constructor. Considere la posibilidad de agregar el modificador "required'"o declarar el propiedad como un valor que acepta valores NULL. [C:\Users\betom\OneDrive\Escritorio\veterinaria\Helpetd2.0\HealthPetsfrontend\FrontEndHealthPets\FrontEndHealthPets.csproj::TargetFramework=net8.0-windows10.0.19041.0]
C:\Users\betom\OneDrive\Escritorio\veterinaria\Helpetd2.0\HealthPetsfrontend\FrontEndHealthPets\Entidades\Entitys\Sesion.cs(19,30): warning CS8618: El elemento propiedad "token" que no acepta valores NULL debe contener un valor distinto de NULL al salir del constructor. Considere la posibilidad de agregar el modificador "required'"o declarar el propiedad como un valor que acepta valores NULL. [C:\Users\betom\OneDrive\Escritorio\veterinaria\Helpetd2.0\HealthPetsfrontend\FrontEndHealthPets\FrontEndHealthPets.csproj::TargetFramework=net8.0-windows10.0.19041.0]
C:\Users\betom\OneDrive\Escritorio\veterinaria\Helpetd2.0\HealthPetsfrontend\FrontEndHealthPets\Entidades\Entitys\Razas_Perros.cs(12,23): warning CS8618: El elemento propiedad "Nombre" que no acepta valores NULL debe contener un valor distinto de NULL al salir del constructor. Considere la posibilidad de agregar el modificador "required'"o declarar el propiedad como un valor que acepta valores NULL. [C:\Users\betom\OneDrive\Escritorio\veterinaria\Helpetd2.0\HealthPetsfrontend\FrontEndHealthPets\FrontEndHealthPets.csproj::TargetFramework=net8.0-windows10.0.19041.0]
C:\Users\betom\OneDrive\Escritorio\veterinaria\Helpetd2.0\HealthPetsfrontend\FrontEndHealthPets\Entidades\Entitys\Razas_Perros.cs(13,23): warning CS8618: El elemento propiedad "Descripcion" que no acepta valores NULL debe contener un valor distinto de NULL al salir del constructor. Considere la posibilidad de agregar el modificador "required'"o declarar el propiedad como un valor que acepta valores NULL. [C:\Users\betom\OneDrive\Escritorio\veterinaria\Helpetd2.0\HealthPetsfrontend\FrontEndHealthPets\FrontEndHealthPets.csproj::TargetFramework=net8.0-windows10.0.19041.0]
C:\Users\betom\OneDrive\Escritorio\veterinaria\Helpetd2.0\HealthPetsfrontend\FrontEndHealthPets\Modelos\DogApiService.cs(22,20): warning CS8603: Posible tipo de valor devuelto de referencia nulo. [C:\Users\betom\OneDrive\Escritorio\veterinaria\Helpetd2.0\HealthPetsfrontend\FrontEndHealthPets\FrontEndHealthPets.csproj::TargetFramework=net8.0-windows10.0.19041.0]
C:\Users\betom\OneDrive\Escritorio\veterinaria\Helpetd2.0\HealthPetsfrontend\FrontEndHealthPets\Modelos\DogApiService.cs(29,20): warning CS8603: Posible tipo de valor devuelto de referencia nulo. [C:\Users\betom\OneDrive\Escritorio\veterinaria\Helpetd2.0\HealthPetsfrontend\FrontEndHealthPets\FrontEndHealthPets.csproj::TargetFramework=net8.0-windows10.0.19041.0]
C:\Users\betom\OneDrive\Escritorio\veterinaria\Helpetd2.0\HealthPetsfrontend\FrontEndHealthPets\Modelos\UsuarioViewModel.cs(12,23): warning CS8618: El elemento propiedad "Nombre" que no acepta valores NULL debe contener un valor distinto de NULL al salir del constructor. Considere la posibilidad de agregar el modificador "required'"o declarar el propiedad como un valor que acepta valores NULL. [C:\Users\betom\OneDrive\Escritorio\veterinaria\Helpetd2.0\HealthPetsfrontend\FrontEndHealthPets\FrontEndHealthPets.csproj::TargetFramework=net8.0-windows10.0.19041.0]
C:\Users\betom\OneDrive\Escritorio\veterinaria\Helpetd2.0\HealthPetsfrontend\FrontEndHealthPets\Modelos\UsuarioViewModel.cs(13,23): warning CS8618: El elemento propiedad "Apellido" que no acepta valores NULL debe contener un valor distinto de NULL al salir del constructor. Considere la posibilidad de agregar el modificador "required'"o declarar el propiedad como un valor que acepta valores NULL. [C:\Users\betom\OneDrive\Escritorio\veterinaria\Helpetd2.0\HealthPetsfrontend\FrontEndHealthPets\FrontEndHealthPets.csproj::TargetFramework=net8.0-windows10.0.19041.0]
C:\Users\betom\OneDrive\Escritorio\veterinaria\Helpetd2.0\HealthPetsfrontend\FrontEndHealthPets\Modelos\UsuarioViewModel.cs(14,23): warning CS8618: El elemento propiedad "CorreoElectronico" que no acepta valores NULL debe contener un valor distinto de NULL al salir del constructor. Considere la posibilidad de agregar el modificador "required'"o declarar el propiedad como un valor que acepta valores NULL. [C:\Users\betom\OneDrive\Escritorio\veterinaria\Helpetd2.0\HealthPetsfrontend\FrontEndHealthPets\FrontEndHealthPets.csproj::TargetFramework=net8.0-windows10.0.19041.0]
C:\Users\betom\OneDrive\Escritorio\veterinaria\Helpetd2.0\HealthPetsfrontend\FrontEndHealthPets\Modelos\UsuarioViewModel.cs(16,23): warning CS8618: El elemento propiedad "Password" que no acepta valores NULL debe contener un valor distinto de NULL al salir del constructor. Considere la posibilidad de agregar el modificador "required'"o declarar el propiedad como un valor que acepta valores NULL. [C:\Users\betom\OneDrive\Escritorio\veterinaria\Helpetd2.0\HealthPetsfrontend\FrontEndHealthPets\FrontEndHealthPets.csproj::TargetFramework=net8.0-windows10.0.19041.0]
C:\Users\betom\OneDrive\Escritorio\veterinaria\Helpetd2.0\HealthPetsfrontend\FrontEndHealthPets\Modelos\UsuarioViewModel.cs(18,23): warning CS8618: El elemento propiedad "Passwoord" que no acepta valores NULL debe contener un valor distinto de NULL al salir del constructor. Considere la posibilidad de agregar el modificador "required'"o declarar el propiedad como un valor que acepta valores NULL. [C:\Users\betom\OneDrive\Escritorio\veterinaria\Helpetd2.0\HealthPetsfrontend\FrontEndHealthPets\FrontEndHealthPets.csproj::TargetFramework=net8.0-windows10.0.19041.0]
C:\Users\betom\OneDrive\Escritorio\veterinaria\Helpetd2.0\HealthPetsfrontend\FrontEndHealthPets\Models\VetSchedule.cs(18,23): warning CS8618: El elemento propiedad "DayName" que no acepta valores NULL debe contener un valor distinto de NULL al salir del constructor. Considere la posibilidad de agregar el modificador "required'"o declarar el propiedad como un valor que acepta valores NULL. [C:\Users\betom\OneDrive\Escritorio\veterinaria\Helpetd2.0\HealthPetsfrontend\FrontEndHealthPets\FrontEndHealthPets.csproj::TargetFramework=net8.0-windows10.0.19041.0]
C:\Users\betom\OneDrive\Escritorio\veterinaria\Helpetd2.0\HealthPetsfrontend\FrontEndHealthPets\Models\Veterinarian.cs(12,23): warning CS8618: El elemento propiedad "Name" que no acepta valores NULL debe contener un valor distinto de NULL al salir del constructor. Considere la posibilidad de agregar el modificador "required'"o declarar el propiedad como un valor que acepta valores NULL. [C:\Users\betom\OneDrive\Escritorio\veterinaria\Helpetd2.0\HealthPetsfrontend\FrontEndHealthPets\FrontEndHealthPets.csproj::TargetFramework=net8.0-windows10.0.19041.0]
C:\Users\betom\OneDrive\Escritorio\veterinaria\Helpetd2.0\HealthPetsfrontend\FrontEndHealthPets\Models\Veterinarian.cs(15,23): warning CS8618: El elemento propiedad "Email" que no acepta valores NULL debe contener un valor distinto de NULL al salir del constructor. Considere la posibilidad de agregar el modificador "required'"o declarar el propiedad como un valor que acepta valores NULL. [C:\Users\betom\OneDrive\Escritorio\veterinaria\Helpetd2.0\HealthPetsfrontend\FrontEndHealthPets\FrontEndHealthPets.csproj::TargetFramework=net8.0-windows10.0.19041.0]
C:\Users\betom\OneDrive\Escritorio\veterinaria\Helpetd2.0\HealthPetsfrontend\FrontEndHealthPets\Models\VetAppointment.cs(15,23): warning CS8618: El elemento propiedad "VeterinarianName" que no acepta valores NULL debe contener un valor distinto de NULL al salir del constructor. Considere la posibilidad de agregar el modificador "required'"o declarar el propiedad como un valor que acepta valores NULL. [C:\Users\betom\OneDrive\Escritorio\veterinaria\Helpetd2.0\HealthPetsfrontend\FrontEndHealthPets\FrontEndHealthPets.csproj::TargetFramework=net8.0-windows10.0.19041.0]
C:\Users\betom\OneDrive\Escritorio\veterinaria\Helpetd2.0\HealthPetsfrontend\FrontEndHealthPets\Models\VetAppointment.cs(21,23): warning CS8618: El elemento propiedad "UserName" que no acepta valores NULL debe contener un valor distinto de NULL al salir del constructor. Considere la posibilidad de agregar el modificador "required'"o declarar el propiedad como un valor que acepta valores NULL. [C:\Users\betom\OneDrive\Escritorio\veterinaria\Helpetd2.0\HealthPetsfrontend\FrontEndHealthPets\FrontEndHealthPets.csproj::TargetFramework=net8.0-windows10.0.19041.0]
C:\Users\betom\OneDrive\Escritorio\veterinaria\Helpetd2.0\HealthPetsfrontend\FrontEndHealthPets\Models\VetAppointment.cs(33,23): warning CS8618: El elemento propiedad "Status" que no acepta valores NULL debe contener un valor distinto de NULL al salir del constructor. Considere la posibilidad de agregar el modificador "required'"o declarar el propiedad como un valor que acepta valores NULL. [C:\Users\betom\OneDrive\Escritorio\veterinaria\Helpetd2.0\HealthPetsfrontend\FrontEndHealthPets\FrontEndHealthPets.csproj::TargetFramework=net8.0-windows10.0.19041.0]
C:\Users\betom\OneDrive\Escritorio\veterinaria\Helpetd2.0\HealthPetsfrontend\FrontEndHealthPets\Models\BathRecord.cs(10,23): warning CS8618: El elemento propiedad "Notes" que no acepta valores NULL debe contener un valor distinto de NULL al salir del constructor. Considere la posibilidad de agregar el modificador "required'"o declarar el propiedad como un valor que acepta valores NULL. [C:\Users\betom\OneDrive\Escritorio\veterinaria\Helpetd2.0\HealthPetsfrontend\FrontEndHealthPets\FrontEndHealthPets.csproj::TargetFramework=net8.0-windows10.0.19041.0]
C:\Users\betom\OneDrive\Escritorio\veterinaria\Helpetd2.0\HealthPetsfrontend\FrontEndHealthPets\Models\BathRecord.cs(11,23): warning CS8618: El elemento propiedad "GroomerName" que no acepta valores NULL debe contener un valor distinto de NULL al salir del constructor. Considere la posibilidad de agregar el modificador "required'"o declarar el propiedad como un valor que acepta valores NULL. [C:\Users\betom\OneDrive\Escritorio\veterinaria\Helpetd2.0\HealthPetsfrontend\FrontEndHealthPets\FrontEndHealthPets.csproj::TargetFramework=net8.0-windows10.0.19041.0]
C:\Users\betom\OneDrive\Escritorio\veterinaria\Helpetd2.0\HealthPetsfrontend\FrontEndHealthPets\Pages\SettingsPage.xaml.cs(134,17): warning CS8602: Desreferencia de una referencia posiblemente NULL. [C:\Users\betom\OneDrive\Escritorio\veterinaria\Helpetd2.0\HealthPetsfrontend\FrontEndHealthPets\FrontEndHealthPets.csproj::TargetFramework=net8.0-windows10.0.19041.0]
C:\Users\betom\OneDrive\Escritorio\veterinaria\Helpetd2.0\HealthPetsfrontend\FrontEndHealthPets\Paginas\FlyPaginas\RazasAnimales.xaml.cs(14,9): warning CS4014: Como esta llamada no es 'awaited', la ejecuci├│n del m├®todo actual continuar├í antes de que se complete la llamada. Puede aplicar el operador 'await' al resultado de la llamada. [C:\Users\betom\OneDrive\Escritorio\veterinaria\Helpetd2.0\HealthPetsfrontend\FrontEndHealthPets\FrontEndHealthPets.csproj::TargetFramework=net8.0-windows10.0.19041.0]
C:\Users\betom\OneDrive\Escritorio\veterinaria\Helpetd2.0\HealthPetsfrontend\FrontEndHealthPets\Paginas\FlyPaginas\RazasAnimales.xaml.cs(10,12): warning CS8618: El elemento campo "_breeds" que no acepta valores NULL debe contener un valor distinto de NULL al salir del constructor. Considere la posibilidad de agregar el modificador "required'"o declarar el campo como un valor que acepta valores NULL. [C:\Users\betom\OneDrive\Escritorio\veterinaria\Helpetd2.0\HealthPetsfrontend\FrontEndHealthPets\FrontEndHealthPets.csproj::TargetFramework=net8.0-windows10.0.19041.0]
C:\Users\betom\OneDrive\Escritorio\veterinaria\Helpetd2.0\HealthPetsfrontend\FrontEndHealthPets\Paginas\FlyPaginas\PaginaFlyMenu.xaml.cs(184,17): warning CS8602: Desreferencia de una referencia posiblemente NULL. [C:\Users\betom\OneDrive\Escritorio\veterinaria\Helpetd2.0\HealthPetsfrontend\FrontEndHealthPets\FrontEndHealthPets.csproj::TargetFramework=net8.0-windows10.0.19041.0]
C:\Users\betom\OneDrive\Escritorio\veterinaria\Helpetd2.0\HealthPetsfrontend\FrontEndHealthPets\ViewModels\VetScheduleManagementViewModel.cs(168,23): warning CS8618: El elemento propiedad "DayName" que no acepta valores NULL debe contener un valor distinto de NULL al salir del constructor. Considere la posibilidad de agregar el modificador "required'"o declarar el propiedad como un valor que acepta valores NULL. [C:\Users\betom\OneDrive\Escritorio\veterinaria\Helpetd2.0\HealthPetsfrontend\FrontEndHealthPets\FrontEndHealthPets.csproj::TargetFramework=net8.0-windows10.0.19041.0]
C:\Users\betom\OneDrive\Escritorio\veterinaria\Helpetd2.0\HealthPetsfrontend\FrontEndHealthPets\ViewModels\VetScheduleManagementViewModel.cs(172,23): warning CS8618: El elemento propiedad "TimeRange" que no acepta valores NULL debe contener un valor distinto de NULL al salir del constructor. Considere la posibilidad de agregar el modificador "required'"o declarar el propiedad como un valor que acepta valores NULL. [C:\Users\betom\OneDrive\Escritorio\veterinaria\Helpetd2.0\HealthPetsfrontend\FrontEndHealthPets\FrontEndHealthPets.csproj::TargetFramework=net8.0-windows10.0.19041.0]
C:\Users\betom\OneDrive\Escritorio\veterinaria\Helpetd2.0\HealthPetsfrontend\FrontEndHealthPets\ViewModels\VetScheduleManagementViewModel.cs(173,23): warning CS8618: El elemento propiedad "SlotInfo" que no acepta valores NULL debe contener un valor distinto de NULL al salir del constructor. Considere la posibilidad de agregar el modificador "required'"o declarar el propiedad como un valor que acepta valores NULL. [C:\Users\betom\OneDrive\Escritorio\veterinaria\Helpetd2.0\HealthPetsfrontend\FrontEndHealthPets\FrontEndHealthPets.csproj::TargetFramework=net8.0-windows10.0.19041.0]
C:\Users\betom\OneDrive\Escritorio\veterinaria\Helpetd2.0\HealthPetsfrontend\FrontEndHealthPets\ViewModels\VetScheduleManagementViewModel.cs(76,23): warning CS8602: Desreferencia de una referencia posiblemente NULL. [C:\Users\betom\OneDrive\Escritorio\veterinaria\Helpetd2.0\HealthPetsfrontend\FrontEndHealthPets\FrontEndHealthPets.csproj::TargetFramework=net8.0-windows10.0.19041.0]
C:\Users\betom\OneDrive\Escritorio\veterinaria\Helpetd2.0\HealthPetsfrontend\FrontEndHealthPets\ViewModels\VetScheduleManagementViewModel.cs(76,23): warning CS8602: Desreferencia de una referencia posiblemente NULL. [C:\Users\betom\OneDrive\Escritorio\veterinaria\Helpetd2.0\HealthPetsfrontend\FrontEndHealthPets\FrontEndHealthPets.csproj::TargetFramework=net8.0-windows10.0.19041.0]
C:\Users\betom\OneDrive\Escritorio\veterinaria\Helpetd2.0\HealthPetsfrontend\FrontEndHealthPets\ViewModels\VetScheduleManagementViewModel.cs(89,23): warning CS8602: Desreferencia de una referencia posiblemente NULL. [C:\Users\betom\OneDrive\Escritorio\veterinaria\Helpetd2.0\HealthPetsfrontend\FrontEndHealthPets\FrontEndHealthPets.csproj::TargetFramework=net8.0-windows10.0.19041.0]
C:\Users\betom\OneDrive\Escritorio\veterinaria\Helpetd2.0\HealthPetsfrontend\FrontEndHealthPets\ViewModels\VetScheduleManagementViewModel.cs(89,23): warning CS8602: Desreferencia de una referencia posiblemente NULL. [C:\Users\betom\OneDrive\Escritorio\veterinaria\Helpetd2.0\HealthPetsfrontend\FrontEndHealthPets\FrontEndHealthPets.csproj::TargetFramework=net8.0-windows10.0.19041.0]
C:\Users\betom\OneDrive\Escritorio\veterinaria\Helpetd2.0\HealthPetsfrontend\FrontEndHealthPets\ViewModels\VetScheduleManagementViewModel.cs(95,23): warning CS8602: Desreferencia de una referencia posiblemente NULL. [C:\Users\betom\OneDrive\Escritorio\veterinaria\Helpetd2.0\HealthPetsfrontend\FrontEndHealthPets\FrontEndHealthPets.csproj::TargetFramework=net8.0-windows10.0.19041.0]
C:\Users\betom\OneDrive\Escritorio\veterinaria\Helpetd2.0\HealthPetsfrontend\FrontEndHealthPets\ViewModels\VetScheduleManagementViewModel.cs(95,23): warning CS8602: Desreferencia de una referencia posiblemente NULL. [C:\Users\betom\OneDrive\Escritorio\veterinaria\Helpetd2.0\HealthPetsfrontend\FrontEndHealthPets\FrontEndHealthPets.csproj::TargetFramework=net8.0-windows10.0.19041.0]
C:\Users\betom\OneDrive\Escritorio\veterinaria\Helpetd2.0\HealthPetsfrontend\FrontEndHealthPets\ViewModels\VetScheduleManagementViewModel.cs(108,27): warning CS8602: Desreferencia de una referencia posiblemente NULL. [C:\Users\betom\OneDrive\Escritorio\veterinaria\Helpetd2.0\HealthPetsfrontend\FrontEndHealthPets\FrontEndHealthPets.csproj::TargetFramework=net8.0-windows10.0.19041.0]
C:\Users\betom\OneDrive\Escritorio\veterinaria\Helpetd2.0\HealthPetsfrontend\FrontEndHealthPets\ViewModels\VetScheduleManagementViewModel.cs(108,27): warning CS8602: Desreferencia de una referencia posiblemente NULL. [C:\Users\betom\OneDrive\Escritorio\veterinaria\Helpetd2.0\HealthPetsfrontend\FrontEndHealthPets\FrontEndHealthPets.csproj::TargetFramework=net8.0-windows10.0.19041.0]
C:\Users\betom\OneDrive\Escritorio\veterinaria\Helpetd2.0\HealthPetsfrontend\FrontEndHealthPets\ViewModels\VetScheduleManagementViewModel.cs(113,27): warning CS8602: Desreferencia de una referencia posiblemente NULL. [C:\Users\betom\OneDrive\Escritorio\veterinaria\Helpetd2.0\HealthPetsfrontend\FrontEndHealthPets\FrontEndHealthPets.csproj::TargetFramework=net8.0-windows10.0.19041.0]
C:\Users\betom\OneDrive\Escritorio\veterinaria\Helpetd2.0\HealthPetsfrontend\FrontEndHealthPets\ViewModels\VetScheduleManagementViewModel.cs(113,27): warning CS8602: Desreferencia de una referencia posiblemente NULL. [C:\Users\betom\OneDrive\Escritorio\veterinaria\Helpetd2.0\HealthPetsfrontend\FrontEndHealthPets\FrontEndHealthPets.csproj::TargetFramework=net8.0-windows10.0.19041.0]
C:\Users\betom\OneDrive\Escritorio\veterinaria\Helpetd2.0\HealthPetsfrontend\FrontEndHealthPets\ViewModels\VetScheduleManagementViewModel.cs(118,23): warning CS8602: Desreferencia de una referencia posiblemente NULL. [C:\Users\betom\OneDrive\Escritorio\veterinaria\Helpetd2.0\HealthPetsfrontend\FrontEndHealthPets\FrontEndHealthPets.csproj::TargetFramework=net8.0-windows10.0.19041.0]
C:\Users\betom\OneDrive\Escritorio\veterinaria\Helpetd2.0\HealthPetsfrontend\FrontEndHealthPets\ViewModels\VetScheduleManagementViewModel.cs(118,23): warning CS8602: Desreferencia de una referencia posiblemente NULL. [C:\Users\betom\OneDrive\Escritorio\veterinaria\Helpetd2.0\HealthPetsfrontend\FrontEndHealthPets\FrontEndHealthPets.csproj::TargetFramework=net8.0-windows10.0.19041.0]
C:\Users\betom\OneDrive\Escritorio\veterinaria\Helpetd2.0\HealthPetsfrontend\FrontEndHealthPets\ViewModels\VetScheduleManagementViewModel.cs(131,34): warning CS8602: Desreferencia de una referencia posiblemente NULL. [C:\Users\betom\OneDrive\Escritorio\veterinaria\Helpetd2.0\HealthPetsfrontend\FrontEndHealthPets\FrontEndHealthPets.csproj::TargetFramework=net8.0-windows10.0.19041.0]
C:\Users\betom\OneDrive\Escritorio\veterinaria\Helpetd2.0\HealthPetsfrontend\FrontEndHealthPets\ViewModels\VetScheduleManagementViewModel.cs(131,34): warning CS8602: Desreferencia de una referencia posiblemente NULL. [C:\Users\betom\OneDrive\Escritorio\veterinaria\Helpetd2.0\HealthPetsfrontend\FrontEndHealthPets\FrontEndHealthPets.csproj::TargetFramework=net8.0-windows10.0.19041.0]
C:\Users\betom\OneDrive\Escritorio\veterinaria\Helpetd2.0\HealthPetsfrontend\FrontEndHealthPets\ViewModels\ForgotPasswordViewModel.cs(18,16): warning CS8618: El elemento campo "email" que no acepta valores NULL debe contener un valor distinto de NULL al salir del constructor. Considere la posibilidad de agregar el modificador "required'"o declarar el campo como un valor que acepta valores NULL. [C:\Users\betom\OneDrive\Escritorio\veterinaria\Helpetd2.0\HealthPetsfrontend\FrontEndHealthPets\FrontEndHealthPets.csproj::TargetFramework=net8.0-windows10.0.19041.0]
C:\Users\betom\OneDrive\Escritorio\veterinaria\Helpetd2.0\HealthPetsfrontend\FrontEndHealthPets\ViewModels\ForgotPasswordViewModel.cs(31,23): warning CS8602: Desreferencia de una referencia posiblemente NULL. [C:\Users\betom\OneDrive\Escritorio\veterinaria\Helpetd2.0\HealthPetsfrontend\FrontEndHealthPets\FrontEndHealthPets.csproj::TargetFramework=net8.0-windows10.0.19041.0]
C:\Users\betom\OneDrive\Escritorio\veterinaria\Helpetd2.0\HealthPetsfrontend\FrontEndHealthPets\ViewModels\ForgotPasswordViewModel.cs(31,23): warning CS8602: Desreferencia de una referencia posiblemente NULL. [C:\Users\betom\OneDrive\Escritorio\veterinaria\Helpetd2.0\HealthPetsfrontend\FrontEndHealthPets\FrontEndHealthPets.csproj::TargetFramework=net8.0-windows10.0.19041.0]
C:\Users\betom\OneDrive\Escritorio\veterinaria\Helpetd2.0\HealthPetsfrontend\FrontEndHealthPets\ViewModels\ForgotPasswordViewModel.cs(42,27): warning CS8602: Desreferencia de una referencia posiblemente NULL. [C:\Users\betom\OneDrive\Escritorio\veterinaria\Helpetd2.0\HealthPetsfrontend\FrontEndHealthPets\FrontEndHealthPets.csproj::TargetFramework=net8.0-windows10.0.19041.0]
C:\Users\betom\OneDrive\Escritorio\veterinaria\Helpetd2.0\HealthPetsfrontend\FrontEndHealthPets\ViewModels\ForgotPasswordViewModel.cs(42,27): warning CS8602: Desreferencia de una referencia posiblemente NULL. [C:\Users\betom\OneDrive\Escritorio\veterinaria\Helpetd2.0\HealthPetsfrontend\FrontEndHealthPets\FrontEndHealthPets.csproj::TargetFramework=net8.0-windows10.0.19041.0]
C:\Users\betom\OneDrive\Escritorio\veterinaria\Helpetd2.0\HealthPetsfrontend\FrontEndHealthPets\ViewModels\ForgotPasswordViewModel.cs(52,27): warning CS8602: Desreferencia de una referencia posiblemente NULL. [C:\Users\betom\OneDrive\Escritorio\veterinaria\Helpetd2.0\HealthPetsfrontend\FrontEndHealthPets\FrontEndHealthPets.csproj::TargetFramework=net8.0-windows10.0.19041.0]
C:\Users\betom\OneDrive\Escritorio\veterinaria\Helpetd2.0\HealthPetsfrontend\FrontEndHealthPets\ViewModels\ForgotPasswordViewModel.cs(52,27): warning CS8602: Desreferencia de una referencia posiblemente NULL. [C:\Users\betom\OneDrive\Escritorio\veterinaria\Helpetd2.0\HealthPetsfrontend\FrontEndHealthPets\FrontEndHealthPets.csproj::TargetFramework=net8.0-windows10.0.19041.0]
C:\Users\betom\OneDrive\Escritorio\veterinaria\Helpetd2.0\HealthPetsfrontend\FrontEndHealthPets\ViewModels\ForgotPasswordViewModel.cs(57,23): warning CS8602: Desreferencia de una referencia posiblemente NULL. [C:\Users\betom\OneDrive\Escritorio\veterinaria\Helpetd2.0\HealthPetsfrontend\FrontEndHealthPets\FrontEndHealthPets.csproj::TargetFramework=net8.0-windows10.0.19041.0]
C:\Users\betom\OneDrive\Escritorio\veterinaria\Helpetd2.0\HealthPetsfrontend\FrontEndHealthPets\ViewModels\ForgotPasswordViewModel.cs(57,23): warning CS8602: Desreferencia de una referencia posiblemente NULL. [C:\Users\betom\OneDrive\Escritorio\veterinaria\Helpetd2.0\HealthPetsfrontend\FrontEndHealthPets\FrontEndHealthPets.csproj::TargetFramework=net8.0-windows10.0.19041.0]
C:\Users\betom\OneDrive\Escritorio\veterinaria\Helpetd2.0\HealthPetsfrontend\FrontEndHealthPets\ViewModels\BathControlViewModel.cs(18,16): warning CS8618: El elemento campo "_selectedPet" que no acepta valores NULL debe contener un valor distinto de NULL al salir del constructor. Considere la posibilidad de agregar el modificador "required'"o declarar el campo como un valor que acepta valores NULL. [C:\Users\betom\OneDrive\Escritorio\veterinaria\Helpetd2.0\HealthPetsfrontend\FrontEndHealthPets\FrontEndHealthPets.csproj::TargetFramework=net8.0-windows10.0.19041.0]
C:\Users\betom\OneDrive\Escritorio\veterinaria\Helpetd2.0\HealthPetsfrontend\FrontEndHealthPets\ViewModels\BathControlViewModel.cs(64,25): warning CS4014: Como esta llamada no es 'awaited', la ejecuci├│n del m├®todo actual continuar├í antes de que se complete la llamada. Puede aplicar el operador 'await' al resultado de la llamada. [C:\Users\betom\OneDrive\Escritorio\veterinaria\Helpetd2.0\HealthPetsfrontend\FrontEndHealthPets\FrontEndHealthPets.csproj::TargetFramework=net8.0-windows10.0.19041.0]
C:\Users\betom\OneDrive\Escritorio\veterinaria\Helpetd2.0\HealthPetsfrontend\FrontEndHealthPets\ViewModels\MyAppointmentsViewModel.cs(43,23): warning CS8602: Desreferencia de una referencia posiblemente NULL. [C:\Users\betom\OneDrive\Escritorio\veterinaria\Helpetd2.0\HealthPetsfrontend\FrontEndHealthPets\FrontEndHealthPets.csproj::TargetFramework=net8.0-windows10.0.19041.0]
C:\Users\betom\OneDrive\Escritorio\veterinaria\Helpetd2.0\HealthPetsfrontend\FrontEndHealthPets\ViewModels\MyAppointmentsViewModel.cs(43,23): warning CS8602: Desreferencia de una referencia posiblemente NULL. [C:\Users\betom\OneDrive\Escritorio\veterinaria\Helpetd2.0\HealthPetsfrontend\FrontEndHealthPets\FrontEndHealthPets.csproj::TargetFramework=net8.0-windows10.0.19041.0]
C:\Users\betom\OneDrive\Escritorio\veterinaria\Helpetd2.0\HealthPetsfrontend\FrontEndHealthPets\ViewModels\BathControlViewModel.cs(120,23): warning CS8602: Desreferencia de una referencia posiblemente NULL. [C:\Users\betom\OneDrive\Escritorio\veterinaria\Helpetd2.0\HealthPetsfrontend\FrontEndHealthPets\FrontEndHealthPets.csproj::TargetFramework=net8.0-windows10.0.19041.0]
C:\Users\betom\OneDrive\Escritorio\veterinaria\Helpetd2.0\HealthPetsfrontend\FrontEndHealthPets\ViewModels\BathControlViewModel.cs(120,23): warning CS8602: Desreferencia de una referencia posiblemente NULL. [C:\Users\betom\OneDrive\Escritorio\veterinaria\Helpetd2.0\HealthPetsfrontend\FrontEndHealthPets\FrontEndHealthPets.csproj::TargetFramework=net8.0-windows10.0.19041.0]
C:\Users\betom\OneDrive\Escritorio\veterinaria\Helpetd2.0\HealthPetsfrontend\FrontEndHealthPets\ViewModels\MyAppointmentsViewModel.cs(57,34): warning CS8602: Desreferencia de una referencia posiblemente NULL. [C:\Users\betom\OneDrive\Escritorio\veterinaria\Helpetd2.0\HealthPetsfrontend\FrontEndHealthPets\FrontEndHealthPets.csproj::TargetFramework=net8.0-windows10.0.19041.0]
C:\Users\betom\OneDrive\Escritorio\veterinaria\Helpetd2.0\HealthPetsfrontend\FrontEndHealthPets\ViewModels\MyAppointmentsViewModel.cs(57,34): warning CS8602: Desreferencia de una referencia posiblemente NULL. [C:\Users\betom\OneDrive\Escritorio\veterinaria\Helpetd2.0\HealthPetsfrontend\FrontEndHealthPets\FrontEndHealthPets.csproj::TargetFramework=net8.0-windows10.0.19041.0]
C:\Users\betom\OneDrive\Escritorio\veterinaria\Helpetd2.0\HealthPetsfrontend\FrontEndHealthPets\ViewModels\BathControlViewModel.cs(154,23): warning CS8602: Desreferencia de una referencia posiblemente NULL. [C:\Users\betom\OneDrive\Escritorio\veterinaria\Helpetd2.0\HealthPetsfrontend\FrontEndHealthPets\FrontEndHealthPets.csproj::TargetFramework=net8.0-windows10.0.19041.0]
C:\Users\betom\OneDrive\Escritorio\veterinaria\Helpetd2.0\HealthPetsfrontend\FrontEndHealthPets\ViewModels\BathControlViewModel.cs(154,23): warning CS8602: Desreferencia de una referencia posiblemente NULL. [C:\Users\betom\OneDrive\Escritorio\veterinaria\Helpetd2.0\HealthPetsfrontend\FrontEndHealthPets\FrontEndHealthPets.csproj::TargetFramework=net8.0-windows10.0.19041.0]
C:\Users\betom\OneDrive\Escritorio\veterinaria\Helpetd2.0\HealthPetsfrontend\FrontEndHealthPets\ViewModels\BathControlViewModel.cs(159,36): warning CS8602: Desreferencia de una referencia posiblemente NULL. [C:\Users\betom\OneDrive\Escritorio\veterinaria\Helpetd2.0\HealthPetsfrontend\FrontEndHealthPets\FrontEndHealthPets.csproj::TargetFramework=net8.0-windows10.0.19041.0]
C:\Users\betom\OneDrive\Escritorio\veterinaria\Helpetd2.0\HealthPetsfrontend\FrontEndHealthPets\ViewModels\BathControlViewModel.cs(159,36): warning CS8602: Desreferencia de una referencia posiblemente NULL. [C:\Users\betom\OneDrive\Escritorio\veterinaria\Helpetd2.0\HealthPetsfrontend\FrontEndHealthPets\FrontEndHealthPets.csproj::TargetFramework=net8.0-windows10.0.19041.0]
C:\Users\betom\OneDrive\Escritorio\veterinaria\Helpetd2.0\HealthPetsfrontend\FrontEndHealthPets\ViewModels\VetProfileEditViewModel.cs(34,16): warning CS8618: El elemento campo "name" que no acepta valores NULL debe contener un valor distinto de NULL al salir del constructor. Considere la posibilidad de agregar el modificador "required'"o declarar el campo como un valor que acepta valores NULL. [C:\Users\betom\OneDrive\Escritorio\veterinaria\Helpetd2.0\HealthPetsfrontend\FrontEndHealthPets\FrontEndHealthPets.csproj::TargetFramework=net8.0-windows10.0.19041.0]
C:\Users\betom\OneDrive\Escritorio\veterinaria\Helpetd2.0\HealthPetsfrontend\FrontEndHealthPets\ViewModels\VetProfileEditViewModel.cs(34,16): warning CS8618: El elemento campo "specialty" que no acepta valores NULL debe contener un valor distinto de NULL al salir del constructor. Considere la posibilidad de agregar el modificador "required'"o declarar el campo como un valor que acepta valores NULL. [C:\Users\betom\OneDrive\Escritorio\veterinaria\Helpetd2.0\HealthPetsfrontend\FrontEndHealthPets\FrontEndHealthPets.csproj::TargetFramework=net8.0-windows10.0.19041.0]
C:\Users\betom\OneDrive\Escritorio\veterinaria\Helpetd2.0\HealthPetsfrontend\FrontEndHealthPets\ViewModels\VetProfileEditViewModel.cs(34,16): warning CS8618: El elemento campo "description" que no acepta valores NULL debe contener un valor distinto de NULL al salir del constructor. Considere la posibilidad de agregar el modificador "required'"o declarar el campo como un valor que acepta valores NULL. [C:\Users\betom\OneDrive\Escritorio\veterinaria\Helpetd2.0\HealthPetsfrontend\FrontEndHealthPets\FrontEndHealthPets.csproj::TargetFramework=net8.0-windows10.0.19041.0]
C:\Users\betom\OneDrive\Escritorio\veterinaria\Helpetd2.0\HealthPetsfrontend\FrontEndHealthPets\ViewModels\VetProfileEditViewModel.cs(34,16): warning CS8618: El elemento campo "phone" que no acepta valores NULL debe contener un valor distinto de NULL al salir del constructor. Considere la posibilidad de agregar el modificador "required'"o declarar el campo como un valor que acepta valores NULL. [C:\Users\betom\OneDrive\Escritorio\veterinaria\Helpetd2.0\HealthPetsfrontend\FrontEndHealthPets\FrontEndHealthPets.csproj::TargetFramework=net8.0-windows10.0.19041.0]
C:\Users\betom\OneDrive\Escritorio\veterinaria\Helpetd2.0\HealthPetsfrontend\FrontEndHealthPets\ViewModels\VetProfileEditViewModel.cs(34,16): warning CS8618: El elemento campo "consultationPrice" que no acepta valores NULL debe contener un valor distinto de NULL al salir del constructor. Considere la posibilidad de agregar el modificador "required'"o declarar el campo como un valor que acepta valores NULL. [C:\Users\betom\OneDrive\Escritorio\veterinaria\Helpetd2.0\HealthPetsfrontend\FrontEndHealthPets\FrontEndHealthPets.csproj::TargetFramework=net8.0-windows10.0.19041.0]
C:\Users\betom\OneDrive\Escritorio\veterinaria\Helpetd2.0\HealthPetsfrontend\FrontEndHealthPets\ViewModels\VetProfileEditViewModel.cs(34,16): warning CS8618: El elemento campo "profileImageUrl" que no acepta valores NULL debe contener un valor distinto de NULL al salir del constructor. Considere la posibilidad de agregar el modificador "required'"o declarar el campo como un valor que acepta valores NULL. [C:\Users\betom\OneDrive\Escritorio\veterinaria\Helpetd2.0\HealthPetsfrontend\FrontEndHealthPets\FrontEndHealthPets.csproj::TargetFramework=net8.0-windows10.0.19041.0]
C:\Users\betom\OneDrive\Escritorio\veterinaria\Helpetd2.0\HealthPetsfrontend\FrontEndHealthPets\ViewModels\BathControlViewModel.cs(179,34): warning CS8602: Desreferencia de una referencia posiblemente NULL. [C:\Users\betom\OneDrive\Escritorio\veterinaria\Helpetd2.0\HealthPetsfrontend\FrontEndHealthPets\FrontEndHealthPets.csproj::TargetFramework=net8.0-windows10.0.19041.0]
C:\Users\betom\OneDrive\Escritorio\veterinaria\Helpetd2.0\HealthPetsfrontend\FrontEndHealthPets\ViewModels\BathControlViewModel.cs(179,34): warning CS8602: Desreferencia de una referencia posiblemente NULL. [C:\Users\betom\OneDrive\Escritorio\veterinaria\Helpetd2.0\HealthPetsfrontend\FrontEndHealthPets\FrontEndHealthPets.csproj::TargetFramework=net8.0-windows10.0.19041.0]
C:\Users\betom\OneDrive\Escritorio\veterinaria\Helpetd2.0\HealthPetsfrontend\FrontEndHealthPets\ViewModels\VetProfileEditViewModel.cs(60,33): warning CS8601: Posible asignaci├│n de referencia nula. [C:\Users\betom\OneDrive\Escritorio\veterinaria\Helpetd2.0\HealthPetsfrontend\FrontEndHealthPets\FrontEndHealthPets.csproj::TargetFramework=net8.0-windows10.0.19041.0]
C:\Users\betom\OneDrive\Escritorio\veterinaria\Helpetd2.0\HealthPetsfrontend\FrontEndHealthPets\ViewModels\VetProfileEditViewModel.cs(61,35): warning CS8601: Posible asignaci├│n de referencia nula. [C:\Users\betom\OneDrive\Escritorio\veterinaria\Helpetd2.0\HealthPetsfrontend\FrontEndHealthPets\FrontEndHealthPets.csproj::TargetFramework=net8.0-windows10.0.19041.0]
C:\Users\betom\OneDrive\Escritorio\veterinaria\Helpetd2.0\HealthPetsfrontend\FrontEndHealthPets\ViewModels\VetProfileEditViewModel.cs(62,29): warning CS8601: Posible asignaci├│n de referencia nula. [C:\Users\betom\OneDrive\Escritorio\veterinaria\Helpetd2.0\HealthPetsfrontend\FrontEndHealthPets\FrontEndHealthPets.csproj::TargetFramework=net8.0-windows10.0.19041.0]
C:\Users\betom\OneDrive\Escritorio\veterinaria\Helpetd2.0\HealthPetsfrontend\FrontEndHealthPets\ViewModels\VetProfileEditViewModel.cs(64,39): warning CS8601: Posible asignaci├│n de referencia nula. [C:\Users\betom\OneDrive\Escritorio\veterinaria\Helpetd2.0\HealthPetsfrontend\FrontEndHealthPets\FrontEndHealthPets.csproj::TargetFramework=net8.0-windows10.0.19041.0]
C:\Users\betom\OneDrive\Escritorio\veterinaria\Helpetd2.0\HealthPetsfrontend\FrontEndHealthPets\ViewModels\PetDetailViewModel.cs(45,16): warning CS8618: El elemento campo "_pet" que no acepta valores NULL debe contener un valor distinto de NULL al salir del constructor. Considere la posibilidad de agregar el modificador "required'"o declarar el campo como un valor que acepta valores NULL. [C:\Users\betom\OneDrive\Escritorio\veterinaria\Helpetd2.0\HealthPetsfrontend\FrontEndHealthPets\FrontEndHealthPets.csproj::TargetFramework=net8.0-windows10.0.19041.0]
C:\Users\betom\OneDrive\Escritorio\veterinaria\Helpetd2.0\HealthPetsfrontend\FrontEndHealthPets\ViewModels\VetProfileEditViewModel.cs(109,31): warning CS8602: Desreferencia de una referencia posiblemente NULL. [C:\Users\betom\OneDrive\Escritorio\veterinaria\Helpetd2.0\HealthPetsfrontend\FrontEndHealthPets\FrontEndHealthPets.csproj::TargetFramework=net8.0-windows10.0.19041.0]
C:\Users\betom\OneDrive\Escritorio\veterinaria\Helpetd2.0\HealthPetsfrontend\FrontEndHealthPets\ViewModels\VetProfileEditViewModel.cs(109,31): warning CS8602: Desreferencia de una referencia posiblemente NULL. [C:\Users\betom\OneDrive\Escritorio\veterinaria\Helpetd2.0\HealthPetsfrontend\FrontEndHealthPets\FrontEndHealthPets.csproj::TargetFramework=net8.0-windows10.0.19041.0]
C:\Users\betom\OneDrive\Escritorio\veterinaria\Helpetd2.0\HealthPetsfrontend\FrontEndHealthPets\ViewModels\VetProfileEditViewModel.cs(113,31): warning CS8602: Desreferencia de una referencia posiblemente NULL. [C:\Users\betom\OneDrive\Escritorio\veterinaria\Helpetd2.0\HealthPetsfrontend\FrontEndHealthPets\FrontEndHealthPets.csproj::TargetFramework=net8.0-windows10.0.19041.0]
C:\Users\betom\OneDrive\Escritorio\veterinaria\Helpetd2.0\HealthPetsfrontend\FrontEndHealthPets\ViewModels\VetProfileEditViewModel.cs(113,31): warning CS8602: Desreferencia de una referencia posiblemente NULL. [C:\Users\betom\OneDrive\Escritorio\veterinaria\Helpetd2.0\HealthPetsfrontend\FrontEndHealthPets\FrontEndHealthPets.csproj::TargetFramework=net8.0-windows10.0.19041.0]
C:\Users\betom\OneDrive\Escritorio\veterinaria\Helpetd2.0\HealthPetsfrontend\FrontEndHealthPets\ViewModels\VetProfileEditViewModel.cs(119,23): warning CS8602: Desreferencia de una referencia posiblemente NULL. [C:\Users\betom\OneDrive\Escritorio\veterinaria\Helpetd2.0\HealthPetsfrontend\FrontEndHealthPets\FrontEndHealthPets.csproj::TargetFramework=net8.0-windows10.0.19041.0]
C:\Users\betom\OneDrive\Escritorio\veterinaria\Helpetd2.0\HealthPetsfrontend\FrontEndHealthPets\ViewModels\VetProfileEditViewModel.cs(119,23): warning CS8602: Desreferencia de una referencia posiblemente NULL. [C:\Users\betom\OneDrive\Escritorio\veterinaria\Helpetd2.0\HealthPetsfrontend\FrontEndHealthPets\FrontEndHealthPets.csproj::TargetFramework=net8.0-windows10.0.19041.0]
C:\Users\betom\OneDrive\Escritorio\veterinaria\Helpetd2.0\HealthPetsfrontend\FrontEndHealthPets\ViewModels\PetDetailViewModel.cs(69,23): warning CS8601: Posible asignaci├│n de referencia nula. [C:\Users\betom\OneDrive\Escritorio\veterinaria\Helpetd2.0\HealthPetsfrontend\FrontEndHealthPets\FrontEndHealthPets.csproj::TargetFramework=net8.0-windows10.0.19041.0]
C:\Users\betom\OneDrive\Escritorio\veterinaria\Helpetd2.0\HealthPetsfrontend\FrontEndHealthPets\ViewModels\VetProfileEditViewModel.cs(132,23): warning CS8602: Desreferencia de una referencia posiblemente NULL. [C:\Users\betom\OneDrive\Escritorio\veterinaria\Helpetd2.0\HealthPetsfrontend\FrontEndHealthPets\FrontEndHealthPets.csproj::TargetFramework=net8.0-windows10.0.19041.0]
C:\Users\betom\OneDrive\Escritorio\veterinaria\Helpetd2.0\HealthPetsfrontend\FrontEndHealthPets\ViewModels\VetProfileEditViewModel.cs(132,23): warning CS8602: Desreferencia de una referencia posiblemente NULL. [C:\Users\betom\OneDrive\Escritorio\veterinaria\Helpetd2.0\HealthPetsfrontend\FrontEndHealthPets\FrontEndHealthPets.csproj::TargetFramework=net8.0-windows10.0.19041.0]
C:\Users\betom\OneDrive\Escritorio\veterinaria\Helpetd2.0\HealthPetsfrontend\FrontEndHealthPets\ViewModels\VetProfileEditViewModel.cs(148,27): warning CS8602: Desreferencia de una referencia posiblemente NULL. [C:\Users\betom\OneDrive\Escritorio\veterinaria\Helpetd2.0\HealthPetsfrontend\FrontEndHealthPets\FrontEndHealthPets.csproj::TargetFramework=net8.0-windows10.0.19041.0]
C:\Users\betom\OneDrive\Escritorio\veterinaria\Helpetd2.0\HealthPetsfrontend\FrontEndHealthPets\ViewModels\VetProfileEditViewModel.cs(148,27): warning CS8602: Desreferencia de una referencia posiblemente NULL. [C:\Users\betom\OneDrive\Escritorio\veterinaria\Helpetd2.0\HealthPetsfrontend\FrontEndHealthPets\FrontEndHealthPets.csproj::TargetFramework=net8.0-windows10.0.19041.0]
C:\Users\betom\OneDrive\Escritorio\veterinaria\Helpetd2.0\HealthPetsfrontend\FrontEndHealthPets\ViewModels\VetProfileEditViewModel.cs(152,27): warning CS8602: Desreferencia de una referencia posiblemente NULL. [C:\Users\betom\OneDrive\Escritorio\veterinaria\Helpetd2.0\HealthPetsfrontend\FrontEndHealthPets\FrontEndHealthPets.csproj::TargetFramework=net8.0-windows10.0.19041.0]
C:\Users\betom\OneDrive\Escritorio\veterinaria\Helpetd2.0\HealthPetsfrontend\FrontEndHealthPets\ViewModels\VetProfileEditViewModel.cs(152,27): warning CS8602: Desreferencia de una referencia posiblemente NULL. [C:\Users\betom\OneDrive\Escritorio\veterinaria\Helpetd2.0\HealthPetsfrontend\FrontEndHealthPets\FrontEndHealthPets.csproj::TargetFramework=net8.0-windows10.0.19041.0]
C:\Users\betom\OneDrive\Escritorio\veterinaria\Helpetd2.0\HealthPetsfrontend\FrontEndHealthPets\ViewModels\VetProfileEditViewModel.cs(157,23): warning CS8602: Desreferencia de una referencia posiblemente NULL. [C:\Users\betom\OneDrive\Escritorio\veterinaria\Helpetd2.0\HealthPetsfrontend\FrontEndHealthPets\FrontEndHealthPets.csproj::TargetFramework=net8.0-windows10.0.19041.0]
C:\Users\betom\OneDrive\Escritorio\veterinaria\Helpetd2.0\HealthPetsfrontend\FrontEndHealthPets\ViewModels\VetProfileEditViewModel.cs(157,23): warning CS8602: Desreferencia de una referencia posiblemente NULL. [C:\Users\betom\OneDrive\Escritorio\veterinaria\Helpetd2.0\HealthPetsfrontend\FrontEndHealthPets\FrontEndHealthPets.csproj::TargetFramework=net8.0-windows10.0.19041.0]
C:\Users\betom\OneDrive\Escritorio\veterinaria\Helpetd2.0\HealthPetsfrontend\FrontEndHealthPets\ViewModels\ResetPasswordViewModel.cs(28,16): warning CS8618: El elemento campo "email" que no acepta valores NULL debe contener un valor distinto de NULL al salir del constructor. Considere la posibilidad de agregar el modificador "required'"o declarar el campo como un valor que acepta valores NULL. [C:\Users\betom\OneDrive\Escritorio\veterinaria\Helpetd2.0\HealthPetsfrontend\FrontEndHealthPets\FrontEndHealthPets.csproj::TargetFramework=net8.0-windows10.0.19041.0]
C:\Users\betom\OneDrive\Escritorio\veterinaria\Helpetd2.0\HealthPetsfrontend\FrontEndHealthPets\ViewModels\ResetPasswordViewModel.cs(28,16): warning CS8618: El elemento campo "code" que no acepta valores NULL debe contener un valor distinto de NULL al salir del constructor. Considere la posibilidad de agregar el modificador "required'"o declarar el campo como un valor que acepta valores NULL. [C:\Users\betom\OneDrive\Escritorio\veterinaria\Helpetd2.0\HealthPetsfrontend\FrontEndHealthPets\FrontEndHealthPets.csproj::TargetFramework=net8.0-windows10.0.19041.0]
C:\Users\betom\OneDrive\Escritorio\veterinaria\Helpetd2.0\HealthPetsfrontend\FrontEndHealthPets\ViewModels\ResetPasswordViewModel.cs(28,16): warning CS8618: El elemento campo "newPassword" que no acepta valores NULL debe contener un valor distinto de NULL al salir del constructor. Considere la posibilidad de agregar el modificador "required'"o declarar el campo como un valor que acepta valores NULL. [C:\Users\betom\OneDrive\Escritorio\veterinaria\Helpetd2.0\HealthPetsfrontend\FrontEndHealthPets\FrontEndHealthPets.csproj::TargetFramework=net8.0-windows10.0.19041.0]
C:\Users\betom\OneDrive\Escritorio\veterinaria\Helpetd2.0\HealthPetsfrontend\FrontEndHealthPets\ViewModels\ResetPasswordViewModel.cs(28,16): warning CS8618: El elemento campo "confirmPassword" que no acepta valores NULL debe contener un valor distinto de NULL al salir del constructor. Considere la posibilidad de agregar el modificador "required'"o declarar el campo como un valor que acepta valores NULL. [C:\Users\betom\OneDrive\Escritorio\veterinaria\Helpetd2.0\HealthPetsfrontend\FrontEndHealthPets\FrontEndHealthPets.csproj::TargetFramework=net8.0-windows10.0.19041.0]
C:\Users\betom\OneDrive\Escritorio\veterinaria\Helpetd2.0\HealthPetsfrontend\FrontEndHealthPets\ViewModels\ResetPasswordViewModel.cs(41,23): warning CS8602: Desreferencia de una referencia posiblemente NULL. [C:\Users\betom\OneDrive\Escritorio\veterinaria\Helpetd2.0\HealthPetsfrontend\FrontEndHealthPets\FrontEndHealthPets.csproj::TargetFramework=net8.0-windows10.0.19041.0]
C:\Users\betom\OneDrive\Escritorio\veterinaria\Helpetd2.0\HealthPetsfrontend\FrontEndHealthPets\ViewModels\ResetPasswordViewModel.cs(41,23): warning CS8602: Desreferencia de una referencia posiblemente NULL. [C:\Users\betom\OneDrive\Escritorio\veterinaria\Helpetd2.0\HealthPetsfrontend\FrontEndHealthPets\FrontEndHealthPets.csproj::TargetFramework=net8.0-windows10.0.19041.0]
C:\Users\betom\OneDrive\Escritorio\veterinaria\Helpetd2.0\HealthPetsfrontend\FrontEndHealthPets\ViewModels\ResetPasswordViewModel.cs(47,23): warning CS8602: Desreferencia de una referencia posiblemente NULL. [C:\Users\betom\OneDrive\Escritorio\veterinaria\Helpetd2.0\HealthPetsfrontend\FrontEndHealthPets\FrontEndHealthPets.csproj::TargetFramework=net8.0-windows10.0.19041.0]
C:\Users\betom\OneDrive\Escritorio\veterinaria\Helpetd2.0\HealthPetsfrontend\FrontEndHealthPets\ViewModels\ResetPasswordViewModel.cs(47,23): warning CS8602: Desreferencia de una referencia posiblemente NULL. [C:\Users\betom\OneDrive\Escritorio\veterinaria\Helpetd2.0\HealthPetsfrontend\FrontEndHealthPets\FrontEndHealthPets.csproj::TargetFramework=net8.0-windows10.0.19041.0]
C:\Users\betom\OneDrive\Escritorio\veterinaria\Helpetd2.0\HealthPetsfrontend\FrontEndHealthPets\ViewModels\ResetPasswordViewModel.cs(58,27): warning CS8602: Desreferencia de una referencia posiblemente NULL. [C:\Users\betom\OneDrive\Escritorio\veterinaria\Helpetd2.0\HealthPetsfrontend\FrontEndHealthPets\FrontEndHealthPets.csproj::TargetFramework=net8.0-windows10.0.19041.0]
C:\Users\betom\OneDrive\Escritorio\veterinaria\Helpetd2.0\HealthPetsfrontend\FrontEndHealthPets\ViewModels\ResetPasswordViewModel.cs(58,27): warning CS8602: Desreferencia de una referencia posiblemente NULL. [C:\Users\betom\OneDrive\Escritorio\veterinaria\Helpetd2.0\HealthPetsfrontend\FrontEndHealthPets\FrontEndHealthPets.csproj::TargetFramework=net8.0-windows10.0.19041.0]
C:\Users\betom\OneDrive\Escritorio\veterinaria\Helpetd2.0\HealthPetsfrontend\FrontEndHealthPets\ViewModels\ResetPasswordViewModel.cs(66,27): warning CS8602: Desreferencia de una referencia posiblemente NULL. [C:\Users\betom\OneDrive\Escritorio\veterinaria\Helpetd2.0\HealthPetsfrontend\FrontEndHealthPets\FrontEndHealthPets.csproj::TargetFramework=net8.0-windows10.0.19041.0]
C:\Users\betom\OneDrive\Escritorio\veterinaria\Helpetd2.0\HealthPetsfrontend\FrontEndHealthPets\ViewModels\ResetPasswordViewModel.cs(66,27): warning CS8602: Desreferencia de una referencia posiblemente NULL. [C:\Users\betom\OneDrive\Escritorio\veterinaria\Helpetd2.0\HealthPetsfrontend\FrontEndHealthPets\FrontEndHealthPets.csproj::TargetFramework=net8.0-windows10.0.19041.0]
C:\Users\betom\OneDrive\Escritorio\veterinaria\Helpetd2.0\HealthPetsfrontend\FrontEndHealthPets\ViewModels\ResetPasswordViewModel.cs(71,23): warning CS8602: Desreferencia de una referencia posiblemente NULL. [C:\Users\betom\OneDrive\Escritorio\veterinaria\Helpetd2.0\HealthPetsfrontend\FrontEndHealthPets\FrontEndHealthPets.csproj::TargetFramework=net8.0-windows10.0.19041.0]
C:\Users\betom\OneDrive\Escritorio\veterinaria\Helpetd2.0\HealthPetsfrontend\FrontEndHealthPets\ViewModels\ResetPasswordViewModel.cs(71,23): warning CS8602: Desreferencia de una referencia posiblemente NULL. [C:\Users\betom\OneDrive\Escritorio\veterinaria\Helpetd2.0\HealthPetsfrontend\FrontEndHealthPets\FrontEndHealthPets.csproj::TargetFramework=net8.0-windows10.0.19041.0]
C:\Users\betom\OneDrive\Escritorio\veterinaria\Helpetd2.0\HealthPetsfrontend\FrontEndHealthPets\ViewModels\PetProfileViewModel.cs(107,30): warning CS0168: La variable 'ex' se ha declarado pero nunca se usa [C:\Users\betom\OneDrive\Escritorio\veterinaria\Helpetd2.0\HealthPetsfrontend\FrontEndHealthPets\FrontEndHealthPets.csproj::TargetFramework=net8.0-windows10.0.19041.0]
C:\Users\betom\OneDrive\Escritorio\veterinaria\Helpetd2.0\HealthPetsfrontend\FrontEndHealthPets\ViewModels\ResenasViewModel.cs(100,29): warning CS8601: Posible asignaci├│n de referencia nula. [C:\Users\betom\OneDrive\Escritorio\veterinaria\Helpetd2.0\HealthPetsfrontend\FrontEndHealthPets\FrontEndHealthPets.csproj::TargetFramework=net8.0-windows10.0.19041.0]
C:\Users\betom\OneDrive\Escritorio\veterinaria\Helpetd2.0\HealthPetsfrontend\FrontEndHealthPets\ViewModels\VaccinationViewModel.cs(24,16): warning CS8618: El elemento campo "selectedPet" que no acepta valores NULL debe contener un valor distinto de NULL al salir del constructor. Considere la posibilidad de agregar el modificador "required'"o declarar el campo como un valor que acepta valores NULL. [C:\Users\betom\OneDrive\Escritorio\veterinaria\Helpetd2.0\HealthPetsfrontend\FrontEndHealthPets\FrontEndHealthPets.csproj::TargetFramework=net8.0-windows10.0.19041.0]
C:\Users\betom\OneDrive\Escritorio\veterinaria\Helpetd2.0\HealthPetsfrontend\FrontEndHealthPets\ViewModels\SettingsViewModel.cs(86,16): warning CS8618: El elemento campo "_userName" que no acepta valores NULL debe contener un valor distinto de NULL al salir del constructor. Considere la posibilidad de agregar el modificador "required'"o declarar el campo como un valor que acepta valores NULL. [C:\Users\betom\OneDrive\Escritorio\veterinaria\Helpetd2.0\HealthPetsfrontend\FrontEndHealthPets\FrontEndHealthPets.csproj::TargetFramework=net8.0-windows10.0.19041.0]
C:\Users\betom\OneDrive\Escritorio\veterinaria\Helpetd2.0\HealthPetsfrontend\FrontEndHealthPets\ViewModels\SettingsViewModel.cs(86,16): warning CS8618: El elemento campo "_userEmail" que no acepta valores NULL debe contener un valor distinto de NULL al salir del constructor. Considere la posibilidad de agregar el modificador "required'"o declarar el campo como un valor que acepta valores NULL. [C:\Users\betom\OneDrive\Escritorio\veterinaria\Helpetd2.0\HealthPetsfrontend\FrontEndHealthPets\FrontEndHealthPets.csproj::TargetFramework=net8.0-windows10.0.19041.0]
C:\Users\betom\OneDrive\Escritorio\veterinaria\Helpetd2.0\HealthPetsfrontend\FrontEndHealthPets\ViewModels\SettingsViewModel.cs(86,16): warning CS8618: El elemento campo "_appVersion" que no acepta valores NULL debe contener un valor distinto de NULL al salir del constructor. Considere la posibilidad de agregar el modificador "required'"o declarar el campo como un valor que acepta valores NULL. [C:\Users\betom\OneDrive\Escritorio\veterinaria\Helpetd2.0\HealthPetsfrontend\FrontEndHealthPets\FrontEndHealthPets.csproj::TargetFramework=net8.0-windows10.0.19041.0]
C:\Users\betom\OneDrive\Escritorio\veterinaria\Helpetd2.0\HealthPetsfrontend\FrontEndHealthPets\ViewModels\PetProfileViewModel.cs(229,34): warning CS8602: Desreferencia de una referencia posiblemente NULL. [C:\Users\betom\OneDrive\Escritorio\veterinaria\Helpetd2.0\HealthPetsfrontend\FrontEndHealthPets\FrontEndHealthPets.csproj::TargetFramework=net8.0-windows10.0.19041.0]
C:\Users\betom\OneDrive\Escritorio\veterinaria\Helpetd2.0\HealthPetsfrontend\FrontEndHealthPets\ViewModels\PetProfileViewModel.cs(229,34): warning CS8602: Desreferencia de una referencia posiblemente NULL. [C:\Users\betom\OneDrive\Escritorio\veterinaria\Helpetd2.0\HealthPetsfrontend\FrontEndHealthPets\FrontEndHealthPets.csproj::TargetFramework=net8.0-windows10.0.19041.0]
C:\Users\betom\OneDrive\Escritorio\veterinaria\Helpetd2.0\HealthPetsfrontend\FrontEndHealthPets\ViewModels\VeterinarianProfileViewModel.cs(46,16): warning CS8618: El elemento campo "veterinarian" que no acepta valores NULL debe contener un valor distinto de NULL al salir del constructor. Considere la posibilidad de agregar el modificador "required'"o declarar el campo como un valor que acepta valores NULL. [C:\Users\betom\OneDrive\Escritorio\veterinaria\Helpetd2.0\HealthPetsfrontend\FrontEndHealthPets\FrontEndHealthPets.csproj::TargetFramework=net8.0-windows10.0.19041.0]
C:\Users\betom\OneDrive\Escritorio\veterinaria\Helpetd2.0\HealthPetsfrontend\FrontEndHealthPets\ViewModels\VeterinarianProfileViewModel.cs(46,16): warning CS8618: El elemento campo "selectedSlot" que no acepta valores NULL debe contener un valor distinto de NULL al salir del constructor. Considere la posibilidad de agregar el modificador "required'"o declarar el campo como un valor que acepta valores NULL. [C:\Users\betom\OneDrive\Escritorio\veterinaria\Helpetd2.0\HealthPetsfrontend\FrontEndHealthPets\FrontEndHealthPets.csproj::TargetFramework=net8.0-windows10.0.19041.0]
C:\Users\betom\OneDrive\Escritorio\veterinaria\Helpetd2.0\HealthPetsfrontend\FrontEndHealthPets\ViewModels\VeterinarianProfileViewModel.cs(46,16): warning CS8618: El elemento campo "selectedPet" que no acepta valores NULL debe contener un valor distinto de NULL al salir del constructor. Considere la posibilidad de agregar el modificador "required'"o declarar el campo como un valor que acepta valores NULL. [C:\Users\betom\OneDrive\Escritorio\veterinaria\Helpetd2.0\HealthPetsfrontend\FrontEndHealthPets\FrontEndHealthPets.csproj::TargetFramework=net8.0-windows10.0.19041.0]
C:\Users\betom\OneDrive\Escritorio\veterinaria\Helpetd2.0\HealthPetsfrontend\FrontEndHealthPets\ViewModels\VeterinarianProfileViewModel.cs(46,16): warning CS8618: El elemento campo "reason" que no acepta valores NULL debe contener un valor distinto de NULL al salir del constructor. Considere la posibilidad de agregar el modificador "required'"o declarar el campo como un valor que acepta valores NULL. [C:\Users\betom\OneDrive\Escritorio\veterinaria\Helpetd2.0\HealthPetsfrontend\FrontEndHealthPets\FrontEndHealthPets.csproj::TargetFramework=net8.0-windows10.0.19041.0]
C:\Users\betom\OneDrive\Escritorio\veterinaria\Helpetd2.0\HealthPetsfrontend\FrontEndHealthPets\ViewModels\VeterinarianProfileViewModel.cs(46,16): warning CS8618: El elemento campo "notes" que no acepta valores NULL debe contener un valor distinto de NULL al salir del constructor. Considere la posibilidad de agregar el modificador "required'"o declarar el campo como un valor que acepta valores NULL. [C:\Users\betom\OneDrive\Escritorio\veterinaria\Helpetd2.0\HealthPetsfrontend\FrontEndHealthPets\FrontEndHealthPets.csproj::TargetFramework=net8.0-windows10.0.19041.0]
C:\Users\betom\OneDrive\Escritorio\veterinaria\Helpetd2.0\HealthPetsfrontend\FrontEndHealthPets\ViewModels\VeterinarianProfileViewModel.cs(74,32): warning CS8601: Posible asignaci├│n de referencia nula. [C:\Users\betom\OneDrive\Escritorio\veterinaria\Helpetd2.0\HealthPetsfrontend\FrontEndHealthPets\FrontEndHealthPets.csproj::TargetFramework=net8.0-windows10.0.19041.0]
C:\Users\betom\OneDrive\Escritorio\veterinaria\Helpetd2.0\HealthPetsfrontend\FrontEndHealthPets\ViewModels\VeterinariansViewModel.cs(22,16): warning CS8618: El elemento campo "searchText" que no acepta valores NULL debe contener un valor distinto de NULL al salir del constructor. Considere la posibilidad de agregar el modificador "required'"o declarar el campo como un valor que acepta valores NULL. [C:\Users\betom\OneDrive\Escritorio\veterinaria\Helpetd2.0\HealthPetsfrontend\FrontEndHealthPets\FrontEndHealthPets.csproj::TargetFramework=net8.0-windows10.0.19041.0]
C:\Users\betom\OneDrive\Escritorio\veterinaria\Helpetd2.0\HealthPetsfrontend\FrontEndHealthPets\Services\HistorialClinicoService.cs(47,33): warning CS8601: Posible asignaci├│n de referencia nula. [C:\Users\betom\OneDrive\Escritorio\veterinaria\Helpetd2.0\HealthPetsfrontend\FrontEndHealthPets\FrontEndHealthPets.csproj::TargetFramework=net8.0-windows10.0.19041.0]
C:\Users\betom\OneDrive\Escritorio\veterinaria\Helpetd2.0\HealthPetsfrontend\FrontEndHealthPets\ViewModels\VeterinarianProfileViewModel.cs(102,32): warning CS8625: No se puede convertir un literal NULL en un tipo de referencia que no acepta valores NULL. [C:\Users\betom\OneDrive\Escritorio\veterinaria\Helpetd2.0\HealthPetsfrontend\FrontEndHealthPets\FrontEndHealthPets.csproj::TargetFramework=net8.0-windows10.0.19041.0]
C:\Users\betom\OneDrive\Escritorio\veterinaria\Helpetd2.0\HealthPetsfrontend\FrontEndHealthPets\ViewModels\VeterinariansViewModel.cs(48,23): warning CS8602: Desreferencia de una referencia posiblemente NULL. [C:\Users\betom\OneDrive\Escritorio\veterinaria\Helpetd2.0\HealthPetsfrontend\FrontEndHealthPets\FrontEndHealthPets.csproj::TargetFramework=net8.0-windows10.0.19041.0]
C:\Users\betom\OneDrive\Escritorio\veterinaria\Helpetd2.0\HealthPetsfrontend\FrontEndHealthPets\ViewModels\VeterinariansViewModel.cs(48,23): warning CS8602: Desreferencia de una referencia posiblemente NULL. [C:\Users\betom\OneDrive\Escritorio\veterinaria\Helpetd2.0\HealthPetsfrontend\FrontEndHealthPets\FrontEndHealthPets.csproj::TargetFramework=net8.0-windows10.0.19041.0]
C:\Users\betom\OneDrive\Escritorio\veterinaria\Helpetd2.0\HealthPetsfrontend\FrontEndHealthPets\ViewModels\VeterinarianProfileViewModel.cs(121,23): warning CS8602: Desreferencia de una referencia posiblemente NULL. [C:\Users\betom\OneDrive\Escritorio\veterinaria\Helpetd2.0\HealthPetsfrontend\FrontEndHealthPets\FrontEndHealthPets.csproj::TargetFramework=net8.0-windows10.0.19041.0]
C:\Users\betom\OneDrive\Escritorio\veterinaria\Helpetd2.0\HealthPetsfrontend\FrontEndHealthPets\ViewModels\VeterinarianProfileViewModel.cs(121,23): warning CS8602: Desreferencia de una referencia posiblemente NULL. [C:\Users\betom\OneDrive\Escritorio\veterinaria\Helpetd2.0\HealthPetsfrontend\FrontEndHealthPets\FrontEndHealthPets.csproj::TargetFramework=net8.0-windows10.0.19041.0]
C:\Users\betom\OneDrive\Escritorio\veterinaria\Helpetd2.0\HealthPetsfrontend\FrontEndHealthPets\ViewModels\VeterinarianProfileViewModel.cs(127,23): warning CS8602: Desreferencia de una referencia posiblemente NULL. [C:\Users\betom\OneDrive\Escritorio\veterinaria\Helpetd2.0\HealthPetsfrontend\FrontEndHealthPets\FrontEndHealthPets.csproj::TargetFramework=net8.0-windows10.0.19041.0]
C:\Users\betom\OneDrive\Escritorio\veterinaria\Helpetd2.0\HealthPetsfrontend\FrontEndHealthPets\ViewModels\VeterinarianProfileViewModel.cs(127,23): warning CS8602: Desreferencia de una referencia posiblemente NULL. [C:\Users\betom\OneDrive\Escritorio\veterinaria\Helpetd2.0\HealthPetsfrontend\FrontEndHealthPets\FrontEndHealthPets.csproj::TargetFramework=net8.0-windows10.0.19041.0]
C:\Users\betom\OneDrive\Escritorio\veterinaria\Helpetd2.0\HealthPetsfrontend\FrontEndHealthPets\ViewModels\VeterinarianProfileViewModel.cs(148,27): warning CS8602: Desreferencia de una referencia posiblemente NULL. [C:\Users\betom\OneDrive\Escritorio\veterinaria\Helpetd2.0\HealthPetsfrontend\FrontEndHealthPets\FrontEndHealthPets.csproj::TargetFramework=net8.0-windows10.0.19041.0]
C:\Users\betom\OneDrive\Escritorio\veterinaria\Helpetd2.0\HealthPetsfrontend\FrontEndHealthPets\ViewModels\VeterinarianProfileViewModel.cs(148,27): warning CS8602: Desreferencia de una referencia posiblemente NULL. [C:\Users\betom\OneDrive\Escritorio\veterinaria\Helpetd2.0\HealthPetsfrontend\FrontEndHealthPets\FrontEndHealthPets.csproj::TargetFramework=net8.0-windows10.0.19041.0]
C:\Users\betom\OneDrive\Escritorio\veterinaria\Helpetd2.0\HealthPetsfrontend\FrontEndHealthPets\ViewModels\VeterinarianProfileViewModel.cs(153,27): warning CS8602: Desreferencia de una referencia posiblemente NULL. [C:\Users\betom\OneDrive\Escritorio\veterinaria\Helpetd2.0\HealthPetsfrontend\FrontEndHealthPets\FrontEndHealthPets.csproj::TargetFramework=net8.0-windows10.0.19041.0]
C:\Users\betom\OneDrive\Escritorio\veterinaria\Helpetd2.0\HealthPetsfrontend\FrontEndHealthPets\ViewModels\VeterinarianProfileViewModel.cs(153,27): warning CS8602: Desreferencia de una referencia posiblemente NULL. [C:\Users\betom\OneDrive\Escritorio\veterinaria\Helpetd2.0\HealthPetsfrontend\FrontEndHealthPets\FrontEndHealthPets.csproj::TargetFramework=net8.0-windows10.0.19041.0]
C:\Users\betom\OneDrive\Escritorio\veterinaria\Helpetd2.0\HealthPetsfrontend\FrontEndHealthPets\ViewModels\VeterinarianProfileViewModel.cs(158,23): warning CS8602: Desreferencia de una referencia posiblemente NULL. [C:\Users\betom\OneDrive\Escritorio\veterinaria\Helpetd2.0\HealthPetsfrontend\FrontEndHealthPets\FrontEndHealthPets.csproj::TargetFramework=net8.0-windows10.0.19041.0]
C:\Users\betom\OneDrive\Escritorio\veterinaria\Helpetd2.0\HealthPetsfrontend\FrontEndHealthPets\ViewModels\VeterinarianProfileViewModel.cs(158,23): warning CS8602: Desreferencia de una referencia posiblemente NULL. [C:\Users\betom\OneDrive\Escritorio\veterinaria\Helpetd2.0\HealthPetsfrontend\FrontEndHealthPets\FrontEndHealthPets.csproj::TargetFramework=net8.0-windows10.0.19041.0]
C:\Users\betom\OneDrive\Escritorio\veterinaria\Helpetd2.0\HealthPetsfrontend\FrontEndHealthPets\ViewModels\VeterinariansViewModel.cs(90,23): warning CS8602: Desreferencia de una referencia posiblemente NULL. [C:\Users\betom\OneDrive\Escritorio\veterinaria\Helpetd2.0\HealthPetsfrontend\FrontEndHealthPets\FrontEndHealthPets.csproj::TargetFramework=net8.0-windows10.0.19041.0]
C:\Users\betom\OneDrive\Escritorio\veterinaria\Helpetd2.0\HealthPetsfrontend\FrontEndHealthPets\ViewModels\VeterinariansViewModel.cs(90,23): warning CS8602: Desreferencia de una referencia posiblemente NULL. [C:\Users\betom\OneDrive\Escritorio\veterinaria\Helpetd2.0\HealthPetsfrontend\FrontEndHealthPets\FrontEndHealthPets.csproj::TargetFramework=net8.0-windows10.0.19041.0]
C:\Users\betom\OneDrive\Escritorio\veterinaria\Helpetd2.0\HealthPetsfrontend\FrontEndHealthPets\Services\PetService.cs(244,33): warning CS1998: El m├®todo asincr├│nico carece de operadores "await" y se ejecutar├í de forma sincr├│nica. Puede usar el operador 'await' para esperar llamadas API que no sean de bloqueo o 'await Task.Run(...)' para hacer tareas enlazadas a la CPU en un subproceso en segundo plano. [C:\Users\betom\OneDrive\Escritorio\veterinaria\Helpetd2.0\HealthPetsfrontend\FrontEndHealthPets\FrontEndHealthPets.csproj::TargetFramework=net8.0-windows10.0.19041.0]
C:\Users\betom\OneDrive\Escritorio\veterinaria\Helpetd2.0\HealthPetsfrontend\FrontEndHealthPets\Services\PetService.cs(271,29): warning CS8601: Posible asignaci├│n de referencia nula. [C:\Users\betom\OneDrive\Escritorio\veterinaria\Helpetd2.0\HealthPetsfrontend\FrontEndHealthPets\FrontEndHealthPets.csproj::TargetFramework=net8.0-windows10.0.19041.0]
C:\Users\betom\OneDrive\Escritorio\veterinaria\Helpetd2.0\HealthPetsfrontend\FrontEndHealthPets\ViewModels\ChatViewModel.cs(14,22): warning MVVMTK0045: The field FrontEndHealthPets.ViewModels.ChatViewModel.isLoading using [ObservableProperty] will generate code that is not AOT compatible in WinRT scenarios (such as UWP XAML and WinUI 3 apps), and a partial property should be used instead (as it allows the CsWinRT generators to correctly produce the necessary WinRT marshalling code) (https://aka.ms/mvvmtoolkit/errors/mvvmtk0045) [C:\Users\betom\OneDrive\Escritorio\veterinaria\Helpetd2.0\HealthPetsfrontend\FrontEndHealthPets\FrontEndHealthPets.csproj::TargetFramework=net8.0-windows10.0.19041.0]
C:\Users\betom\OneDrive\Escritorio\veterinaria\Helpetd2.0\HealthPetsfrontend\FrontEndHealthPets\ViewModels\ChatViewModel.cs(17,22): warning MVVMTK0045: The field FrontEndHealthPets.ViewModels.ChatViewModel.isInConversation using [ObservableProperty] will generate code that is not AOT compatible in WinRT scenarios (such as UWP XAML and WinUI 3 apps), and a partial property should be used instead (as it allows the CsWinRT generators to correctly produce the necessary WinRT marshalling code) (https://aka.ms/mvvmtoolkit/errors/mvvmtk0045) [C:\Users\betom\OneDrive\Escritorio\veterinaria\Helpetd2.0\HealthPetsfrontend\FrontEndHealthPets\FrontEndHealthPets.csproj::TargetFramework=net8.0-windows10.0.19041.0]
C:\Users\betom\OneDrive\Escritorio\veterinaria\Helpetd2.0\HealthPetsfrontend\FrontEndHealthPets\ViewModels\ChatViewModel.cs(20,31): warning MVVMTK0045: The field FrontEndHealthPets.ViewModels.ChatViewModel.selectedConversacion using [ObservableProperty] will generate code that is not AOT compatible in WinRT scenarios (such as UWP XAML and WinUI 3 apps), and a partial property should be used instead (as it allows the CsWinRT generators to correctly produce the necessary WinRT marshalling code) (https://aka.ms/mvvmtoolkit/errors/mvvmtk0045) [C:\Users\betom\OneDrive\Escritorio\veterinaria\Helpetd2.0\HealthPetsfrontend\FrontEndHealthPets\FrontEndHealthPets.csproj::TargetFramework=net8.0-windows10.0.19041.0]
C:\Users\betom\OneDrive\Escritorio\veterinaria\Helpetd2.0\HealthPetsfrontend\FrontEndHealthPets\ViewModels\ChatViewModel.cs(23,24): warning MVVMTK0045: The field FrontEndHealthPets.ViewModels.ChatViewModel.newMessage using [ObservableProperty] will generate code that is not AOT compatible in WinRT scenarios (such as UWP XAML and WinUI 3 apps), and a partial property should be used instead (as it allows the CsWinRT generators to correctly produce the necessary WinRT marshalling code) (https://aka.ms/mvvmtoolkit/errors/mvvmtk0045) [C:\Users\betom\OneDrive\Escritorio\veterinaria\Helpetd2.0\HealthPetsfrontend\FrontEndHealthPets\FrontEndHealthPets.csproj::TargetFramework=net8.0-windows10.0.19041.0]
C:\Users\betom\OneDrive\Escritorio\veterinaria\Helpetd2.0\HealthPetsfrontend\FrontEndHealthPets\ViewModels\HistorialClinicoViewModel.cs(19,22): warning MVVMTK0045: The field FrontEndHealthPets.ViewModels.HistorialClinicoViewModel.selectedPet using [ObservableProperty] will generate code that is not AOT compatible in WinRT scenarios (such as UWP XAML and WinUI 3 apps), and a partial property should be used instead (as it allows the CsWinRT generators to correctly produce the necessary WinRT marshalling code) (https://aka.ms/mvvmtoolkit/errors/mvvmtk0045) [C:\Users\betom\OneDrive\Escritorio\veterinaria\Helpetd2.0\HealthPetsfrontend\FrontEndHealthPets\FrontEndHealthPets.csproj::TargetFramework=net8.0-windows10.0.19041.0]
C:\Users\betom\OneDrive\Escritorio\veterinaria\Helpetd2.0\HealthPetsfrontend\FrontEndHealthPets\ViewModels\HistorialClinicoViewModel.cs(16,22): warning MVVMTK0045: The field FrontEndHealthPets.ViewModels.HistorialClinicoViewModel.isLoading using [ObservableProperty] will generate code that is not AOT compatible in WinRT scenarios (such as UWP XAML and WinUI 3 apps), and a partial property should be used instead (as it allows the CsWinRT generators to correctly produce the necessary WinRT marshalling code) (https://aka.ms/mvvmtoolkit/errors/mvvmtk0045) [C:\Users\betom\OneDrive\Escritorio\veterinaria\Helpetd2.0\HealthPetsfrontend\FrontEndHealthPets\FrontEndHealthPets.csproj::TargetFramework=net8.0-windows10.0.19041.0]
C:\Users\betom\OneDrive\Escritorio\veterinaria\Helpetd2.0\HealthPetsfrontend\FrontEndHealthPets\ViewModels\HistorialClinicoViewModel.cs(22,35): warning MVVMTK0045: The field FrontEndHealthPets.ViewModels.HistorialClinicoViewModel.historial using [ObservableProperty] will generate code that is not AOT compatible in WinRT scenarios (such as UWP XAML and WinUI 3 apps), and a partial property should be used instead (as it allows the CsWinRT generators to correctly produce the necessary WinRT marshalling code) (https://aka.ms/mvvmtoolkit/errors/mvvmtk0045) [C:\Users\betom\OneDrive\Escritorio\veterinaria\Helpetd2.0\HealthPetsfrontend\FrontEndHealthPets\FrontEndHealthPets.csproj::TargetFramework=net8.0-windows10.0.19041.0]
C:\Users\betom\OneDrive\Escritorio\veterinaria\Helpetd2.0\HealthPetsfrontend\FrontEndHealthPets\ViewModels\HistorialClinicoViewModel.cs(25,27): warning MVVMTK0045: The field FrontEndHealthPets.ViewModels.HistorialClinicoViewModel.selectedConsulta using [ObservableProperty] will generate code that is not AOT compatible in WinRT scenarios (such as UWP XAML and WinUI 3 apps), and a partial property should be used instead (as it allows the CsWinRT generators to correctly produce the necessary WinRT marshalling code) (https://aka.ms/mvvmtoolkit/errors/mvvmtk0045) [C:\Users\betom\OneDrive\Escritorio\veterinaria\Helpetd2.0\HealthPetsfrontend\FrontEndHealthPets\FrontEndHealthPets.csproj::TargetFramework=net8.0-windows10.0.19041.0]
C:\Users\betom\OneDrive\Escritorio\veterinaria\Helpetd2.0\HealthPetsfrontend\FrontEndHealthPets\ViewModels\ForgotPasswordViewModel.cs(13,24): warning MVVMTK0045: The field FrontEndHealthPets.ViewModels.ForgotPasswordViewModel.email using [ObservableProperty] will generate code that is not AOT compatible in WinRT scenarios (such as UWP XAML and WinUI 3 apps), and a partial property should be used instead (as it allows the CsWinRT generators to correctly produce the necessary WinRT marshalling code) (https://aka.ms/mvvmtoolkit/errors/mvvmtk0045) [C:\Users\betom\OneDrive\Escritorio\veterinaria\Helpetd2.0\HealthPetsfrontend\FrontEndHealthPets\FrontEndHealthPets.csproj::TargetFramework=net8.0-windows10.0.19041.0]
C:\Users\betom\OneDrive\Escritorio\veterinaria\Helpetd2.0\HealthPetsfrontend\FrontEndHealthPets\ViewModels\MyAppointmentsViewModel.cs(14,22): warning MVVMTK0045: The field FrontEndHealthPets.ViewModels.MyAppointmentsViewModel.isLoading using [ObservableProperty] will generate code that is not AOT compatible in WinRT scenarios (such as UWP XAML and WinUI 3 apps), and a partial property should be used instead (as it allows the CsWinRT generators to correctly produce the necessary WinRT marshalling code) (https://aka.ms/mvvmtoolkit/errors/mvvmtk0045) [C:\Users\betom\OneDrive\Escritorio\veterinaria\Helpetd2.0\HealthPetsfrontend\FrontEndHealthPets\FrontEndHealthPets.csproj::TargetFramework=net8.0-windows10.0.19041.0]
C:\Users\betom\OneDrive\Escritorio\veterinaria\Helpetd2.0\HealthPetsfrontend\FrontEndHealthPets\ViewModels\ForgotPasswordViewModel.cs(16,22): warning MVVMTK0045: The field FrontEndHealthPets.ViewModels.ForgotPasswordViewModel.isLoading using [ObservableProperty] will generate code that is not AOT compatible in WinRT scenarios (such as UWP XAML and WinUI 3 apps), and a partial property should be used instead (as it allows the CsWinRT generators to correctly produce the necessary WinRT marshalling code) (https://aka.ms/mvvmtoolkit/errors/mvvmtk0045) [C:\Users\betom\OneDrive\Escritorio\veterinaria\Helpetd2.0\HealthPetsfrontend\FrontEndHealthPets\FrontEndHealthPets.csproj::TargetFramework=net8.0-windows10.0.19041.0]
C:\Users\betom\OneDrive\Escritorio\veterinaria\Helpetd2.0\HealthPetsfrontend\FrontEndHealthPets\ViewModels\NotificacionesViewModel.cs(14,22): warning MVVMTK0045: The field FrontEndHealthPets.ViewModels.NotificacionesViewModel.isLoading using [ObservableProperty] will generate code that is not AOT compatible in WinRT scenarios (such as UWP XAML and WinUI 3 apps), and a partial property should be used instead (as it allows the CsWinRT generators to correctly produce the necessary WinRT marshalling code) (https://aka.ms/mvvmtoolkit/errors/mvvmtk0045) [C:\Users\betom\OneDrive\Escritorio\veterinaria\Helpetd2.0\HealthPetsfrontend\FrontEndHealthPets\FrontEndHealthPets.csproj::TargetFramework=net8.0-windows10.0.19041.0]
C:\Users\betom\OneDrive\Escritorio\veterinaria\Helpetd2.0\HealthPetsfrontend\FrontEndHealthPets\ViewModels\NotificacionesViewModel.cs(17,21): warning MVVMTK0045: The field FrontEndHealthPets.ViewModels.NotificacionesViewModel.unreadCount using [ObservableProperty] will generate code that is not AOT compatible in WinRT scenarios (such as UWP XAML and WinUI 3 apps), and a partial property should be used instead (as it allows the CsWinRT generators to correctly produce the necessary WinRT marshalling code) (https://aka.ms/mvvmtoolkit/errors/mvvmtk0045) [C:\Users\betom\OneDrive\Escritorio\veterinaria\Helpetd2.0\HealthPetsfrontend\FrontEndHealthPets\FrontEndHealthPets.csproj::TargetFramework=net8.0-windows10.0.19041.0]
C:\Users\betom\OneDrive\Escritorio\veterinaria\Helpetd2.0\HealthPetsfrontend\FrontEndHealthPets\ViewModels\NotificacionesViewModel.cs(20,22): warning MVVMTK0045: The field FrontEndHealthPets.ViewModels.NotificacionesViewModel.showUnreadOnly using [ObservableProperty] will generate code that is not AOT compatible in WinRT scenarios (such as UWP XAML and WinUI 3 apps), and a partial property should be used instead (as it allows the CsWinRT generators to correctly produce the necessary WinRT marshalling code) (https://aka.ms/mvvmtoolkit/errors/mvvmtk0045) [C:\Users\betom\OneDrive\Escritorio\veterinaria\Helpetd2.0\HealthPetsfrontend\FrontEndHealthPets\FrontEndHealthPets.csproj::TargetFramework=net8.0-windows10.0.19041.0]
C:\Users\betom\OneDrive\Escritorio\veterinaria\Helpetd2.0\HealthPetsfrontend\FrontEndHealthPets\ViewModels\ResenasViewModel.cs(17,22): warning MVVMTK0045: The field FrontEndHealthPets.ViewModels.ResenasViewModel.isWritingReview using [ObservableProperty] will generate code that is not AOT compatible in WinRT scenarios (such as UWP XAML and WinUI 3 apps), and a partial property should be used instead (as it allows the CsWinRT generators to correctly produce the necessary WinRT marshalling code) (https://aka.ms/mvvmtoolkit/errors/mvvmtk0045) [C:\Users\betom\OneDrive\Escritorio\veterinaria\Helpetd2.0\HealthPetsfrontend\FrontEndHealthPets\FrontEndHealthPets.csproj::TargetFramework=net8.0-windows10.0.19041.0]
C:\Users\betom\OneDrive\Escritorio\veterinaria\Helpetd2.0\HealthPetsfrontend\FrontEndHealthPets\ViewModels\ResenasViewModel.cs(14,22): warning MVVMTK0045: The field FrontEndHealthPets.ViewModels.ResenasViewModel.isLoading using [ObservableProperty] will generate code that is not AOT compatible in WinRT scenarios (such as UWP XAML and WinUI 3 apps), and a partial property should be used instead (as it allows the CsWinRT generators to correctly produce the necessary WinRT marshalling code) (https://aka.ms/mvvmtoolkit/errors/mvvmtk0045) [C:\Users\betom\OneDrive\Escritorio\veterinaria\Helpetd2.0\HealthPetsfrontend\FrontEndHealthPets\FrontEndHealthPets.csproj::TargetFramework=net8.0-windows10.0.19041.0]
C:\Users\betom\OneDrive\Escritorio\veterinaria\Helpetd2.0\HealthPetsfrontend\FrontEndHealthPets\ViewModels\ResenasViewModel.cs(20,21): warning MVVMTK0045: The field FrontEndHealthPets.ViewModels.ResenasViewModel.selectedRating using [ObservableProperty] will generate code that is not AOT compatible in WinRT scenarios (such as UWP XAML and WinUI 3 apps), and a partial property should be used instead (as it allows the CsWinRT generators to correctly produce the necessary WinRT marshalling code) (https://aka.ms/mvvmtoolkit/errors/mvvmtk0045) [C:\Users\betom\OneDrive\Escritorio\veterinaria\Helpetd2.0\HealthPetsfrontend\FrontEndHealthPets\FrontEndHealthPets.csproj::TargetFramework=net8.0-windows10.0.19041.0]
C:\Users\betom\OneDrive\Escritorio\veterinaria\Helpetd2.0\HealthPetsfrontend\FrontEndHealthPets\ViewModels\ResenasViewModel.cs(23,24): warning MVVMTK0045: The field FrontEndHealthPets.ViewModels.ResenasViewModel.reviewComment using [ObservableProperty] will generate code that is not AOT compatible in WinRT scenarios (such as UWP XAML and WinUI 3 apps), and a partial property should be used instead (as it allows the CsWinRT generators to correctly produce the necessary WinRT marshalling code) (https://aka.ms/mvvmtoolkit/errors/mvvmtk0045) [C:\Users\betom\OneDrive\Escritorio\veterinaria\Helpetd2.0\HealthPetsfrontend\FrontEndHealthPets\FrontEndHealthPets.csproj::TargetFramework=net8.0-windows10.0.19041.0]
C:\Users\betom\OneDrive\Escritorio\veterinaria\Helpetd2.0\HealthPetsfrontend\FrontEndHealthPets\ViewModels\ResenasViewModel.cs(26,25): warning MVVMTK0045: The field FrontEndHealthPets.ViewModels.ResenasViewModel.selectedResena using [ObservableProperty] will generate code that is not AOT compatible in WinRT scenarios (such as UWP XAML and WinUI 3 apps), and a partial property should be used instead (as it allows the CsWinRT generators to correctly produce the necessary WinRT marshalling code) (https://aka.ms/mvvmtoolkit/errors/mvvmtk0045) [C:\Users\betom\OneDrive\Escritorio\veterinaria\Helpetd2.0\HealthPetsfrontend\FrontEndHealthPets\FrontEndHealthPets.csproj::TargetFramework=net8.0-windows10.0.19041.0]
C:\Users\betom\OneDrive\Escritorio\veterinaria\Helpetd2.0\HealthPetsfrontend\FrontEndHealthPets\ViewModels\VaccinationViewModel.cs(19,43): warning MVVMTK0045: The field FrontEndHealthPets.ViewModels.VaccinationViewModel.pets using [ObservableProperty] will generate code that is not AOT compatible in WinRT scenarios (such as UWP XAML and WinUI 3 apps), and a partial property should be used instead (as it allows the CsWinRT generators to correctly produce the necessary WinRT marshalling code) (https://aka.ms/mvvmtoolkit/errors/mvvmtk0045) [C:\Users\betom\OneDrive\Escritorio\veterinaria\Helpetd2.0\HealthPetsfrontend\FrontEndHealthPets\FrontEndHealthPets.csproj::TargetFramework=net8.0-windows10.0.19041.0]
C:\Users\betom\OneDrive\Escritorio\veterinaria\Helpetd2.0\HealthPetsfrontend\FrontEndHealthPets\ViewModels\VaccinationViewModel.cs(22,21): warning MVVMTK0045: The field FrontEndHealthPets.ViewModels.VaccinationViewModel.selectedPet using [ObservableProperty] will generate code that is not AOT compatible in WinRT scenarios (such as UWP XAML and WinUI 3 apps), and a partial property should be used instead (as it allows the CsWinRT generators to correctly produce the necessary WinRT marshalling code) (https://aka.ms/mvvmtoolkit/errors/mvvmtk0045) [C:\Users\betom\OneDrive\Escritorio\veterinaria\Helpetd2.0\HealthPetsfrontend\FrontEndHealthPets\FrontEndHealthPets.csproj::TargetFramework=net8.0-windows10.0.19041.0]
C:\Users\betom\OneDrive\Escritorio\veterinaria\Helpetd2.0\HealthPetsfrontend\FrontEndHealthPets\ViewModels\VaccinationViewModel.cs(16,47): warning MVVMTK0045: The field FrontEndHealthPets.ViewModels.VaccinationViewModel.vaccines using [ObservableProperty] will generate code that is not AOT compatible in WinRT scenarios (such as UWP XAML and WinUI 3 apps), and a partial property should be used instead (as it allows the CsWinRT generators to correctly produce the necessary WinRT marshalling code) (https://aka.ms/mvvmtoolkit/errors/mvvmtk0045) [C:\Users\betom\OneDrive\Escritorio\veterinaria\Helpetd2.0\HealthPetsfrontend\FrontEndHealthPets\FrontEndHealthPets.csproj::TargetFramework=net8.0-windows10.0.19041.0]
C:\Users\betom\OneDrive\Escritorio\veterinaria\Helpetd2.0\HealthPetsfrontend\FrontEndHealthPets\ViewModels\VeterinarianProfileViewModel.cs(20,30): warning MVVMTK0045: The field FrontEndHealthPets.ViewModels.VeterinarianProfileViewModel.veterinarian using [ObservableProperty] will generate code that is not AOT compatible in WinRT scenarios (such as UWP XAML and WinUI 3 apps), and a partial property should be used instead (as it allows the CsWinRT generators to correctly produce the necessary WinRT marshalling code) (https://aka.ms/mvvmtoolkit/errors/mvvmtk0045) [C:\Users\betom\OneDrive\Escritorio\veterinaria\Helpetd2.0\HealthPetsfrontend\FrontEndHealthPets\FrontEndHealthPets.csproj::TargetFramework=net8.0-windows10.0.19041.0]
C:\Users\betom\OneDrive\Escritorio\veterinaria\Helpetd2.0\HealthPetsfrontend\FrontEndHealthPets\ViewModels\VeterinarianProfileViewModel.cs(23,26): warning MVVMTK0045: The field FrontEndHealthPets.ViewModels.VeterinarianProfileViewModel.selectedDate using [ObservableProperty] will generate code that is not AOT compatible in WinRT scenarios (such as UWP XAML and WinUI 3 apps), and a partial property should be used instead (as it allows the CsWinRT generators to correctly produce the necessary WinRT marshalling code) (https://aka.ms/mvvmtoolkit/errors/mvvmtk0045) [C:\Users\betom\OneDrive\Escritorio\veterinaria\Helpetd2.0\HealthPetsfrontend\FrontEndHealthPets\FrontEndHealthPets.csproj::TargetFramework=net8.0-windows10.0.19041.0]
C:\Users\betom\OneDrive\Escritorio\veterinaria\Helpetd2.0\HealthPetsfrontend\FrontEndHealthPets\ViewModels\VeterinarianProfileViewModel.cs(17,21): warning MVVMTK0045: The field FrontEndHealthPets.ViewModels.VeterinarianProfileViewModel.vetId using [ObservableProperty] will generate code that is not AOT compatible in WinRT scenarios (such as UWP XAML and WinUI 3 apps), and a partial property should be used instead (as it allows the CsWinRT generators to correctly produce the necessary WinRT marshalling code) (https://aka.ms/mvvmtoolkit/errors/mvvmtk0045) [C:\Users\betom\OneDrive\Escritorio\veterinaria\Helpetd2.0\HealthPetsfrontend\FrontEndHealthPets\FrontEndHealthPets.csproj::TargetFramework=net8.0-windows10.0.19041.0]
C:\Users\betom\OneDrive\Escritorio\veterinaria\Helpetd2.0\HealthPetsfrontend\FrontEndHealthPets\ViewModels\VeterinarianProfileViewModel.cs(26,31): warning MVVMTK0045: The field FrontEndHealthPets.ViewModels.VeterinarianProfileViewModel.selectedSlot using [ObservableProperty] will generate code that is not AOT compatible in WinRT scenarios (such as UWP XAML and WinUI 3 apps), and a partial property should be used instead (as it allows the CsWinRT generators to correctly produce the necessary WinRT marshalling code) (https://aka.ms/mvvmtoolkit/errors/mvvmtk0045) [C:\Users\betom\OneDrive\Escritorio\veterinaria\Helpetd2.0\HealthPetsfrontend\FrontEndHealthPets\FrontEndHealthPets.csproj::TargetFramework=net8.0-windows10.0.19041.0]
C:\Users\betom\OneDrive\Escritorio\veterinaria\Helpetd2.0\HealthPetsfrontend\FrontEndHealthPets\ViewModels\VeterinarianProfileViewModel.cs(29,21): warning MVVMTK0045: The field FrontEndHealthPets.ViewModels.VeterinarianProfileViewModel.selectedPet using [ObservableProperty] will generate code that is not AOT compatible in WinRT scenarios (such as UWP XAML and WinUI 3 apps), and a partial property should be used instead (as it allows the CsWinRT generators to correctly produce the necessary WinRT marshalling code) (https://aka.ms/mvvmtoolkit/errors/mvvmtk0045) [C:\Users\betom\OneDrive\Escritorio\veterinaria\Helpetd2.0\HealthPetsfrontend\FrontEndHealthPets\FrontEndHealthPets.csproj::TargetFramework=net8.0-windows10.0.19041.0]
C:\Users\betom\OneDrive\Escritorio\veterinaria\Helpetd2.0\HealthPetsfrontend\FrontEndHealthPets\ViewModels\VeterinarianProfileViewModel.cs(32,24): warning MVVMTK0045: The field FrontEndHealthPets.ViewModels.VeterinarianProfileViewModel.reason using [ObservableProperty] will generate code that is not AOT compatible in WinRT scenarios (such as UWP XAML and WinUI 3 apps), and a partial property should be used instead (as it allows the CsWinRT generators to correctly produce the necessary WinRT marshalling code) (https://aka.ms/mvvmtoolkit/errors/mvvmtk0045) [C:\Users\betom\OneDrive\Escritorio\veterinaria\Helpetd2.0\HealthPetsfrontend\FrontEndHealthPets\FrontEndHealthPets.csproj::TargetFramework=net8.0-windows10.0.19041.0]
C:\Users\betom\OneDrive\Escritorio\veterinaria\Helpetd2.0\HealthPetsfrontend\FrontEndHealthPets\ViewModels\VeterinarianProfileViewModel.cs(35,24): warning MVVMTK0045: The field FrontEndHealthPets.ViewModels.VeterinarianProfileViewModel.notes using [ObservableProperty] will generate code that is not AOT compatible in WinRT scenarios (such as UWP XAML and WinUI 3 apps), and a partial property should be used instead (as it allows the CsWinRT generators to correctly produce the necessary WinRT marshalling code) (https://aka.ms/mvvmtoolkit/errors/mvvmtk0045) [C:\Users\betom\OneDrive\Escritorio\veterinaria\Helpetd2.0\HealthPetsfrontend\FrontEndHealthPets\FrontEndHealthPets.csproj::TargetFramework=net8.0-windows10.0.19041.0]
C:\Users\betom\OneDrive\Escritorio\veterinaria\Helpetd2.0\HealthPetsfrontend\FrontEndHealthPets\ViewModels\VeterinarianProfileViewModel.cs(41,22): warning MVVMTK0045: The field FrontEndHealthPets.ViewModels.VeterinarianProfileViewModel.isBookLoading using [ObservableProperty] will generate code that is not AOT compatible in WinRT scenarios (such as UWP XAML and WinUI 3 apps), and a partial property should be used instead (as it allows the CsWinRT generators to correctly produce the necessary WinRT marshalling code) (https://aka.ms/mvvmtoolkit/errors/mvvmtk0045) [C:\Users\betom\OneDrive\Escritorio\veterinaria\Helpetd2.0\HealthPetsfrontend\FrontEndHealthPets\FrontEndHealthPets.csproj::TargetFramework=net8.0-windows10.0.19041.0]
C:\Users\betom\OneDrive\Escritorio\veterinaria\Helpetd2.0\HealthPetsfrontend\FrontEndHealthPets\ViewModels\VeterinarianProfileViewModel.cs(38,22): warning MVVMTK0045: The field FrontEndHealthPets.ViewModels.VeterinarianProfileViewModel.isLoading using [ObservableProperty] will generate code that is not AOT compatible in WinRT scenarios (such as UWP XAML and WinUI 3 apps), and a partial property should be used instead (as it allows the CsWinRT generators to correctly produce the necessary WinRT marshalling code) (https://aka.ms/mvvmtoolkit/errors/mvvmtk0045) [C:\Users\betom\OneDrive\Escritorio\veterinaria\Helpetd2.0\HealthPetsfrontend\FrontEndHealthPets\FrontEndHealthPets.csproj::TargetFramework=net8.0-windows10.0.19041.0]
C:\Users\betom\OneDrive\Escritorio\veterinaria\Helpetd2.0\HealthPetsfrontend\FrontEndHealthPets\ViewModels\ResetPasswordViewModel.cs(14,24): warning MVVMTK0045: The field FrontEndHealthPets.ViewModels.ResetPasswordViewModel.email using [ObservableProperty] will generate code that is not AOT compatible in WinRT scenarios (such as UWP XAML and WinUI 3 apps), and a partial property should be used instead (as it allows the CsWinRT generators to correctly produce the necessary WinRT marshalling code) (https://aka.ms/mvvmtoolkit/errors/mvvmtk0045) [C:\Users\betom\OneDrive\Escritorio\veterinaria\Helpetd2.0\HealthPetsfrontend\FrontEndHealthPets\FrontEndHealthPets.csproj::TargetFramework=net8.0-windows10.0.19041.0]
C:\Users\betom\OneDrive\Escritorio\veterinaria\Helpetd2.0\HealthPetsfrontend\FrontEndHealthPets\ViewModels\VeterinariansViewModel.cs(15,22): warning MVVMTK0045: The field FrontEndHealthPets.ViewModels.VeterinariansViewModel.isLoading using [ObservableProperty] will generate code that is not AOT compatible in WinRT scenarios (such as UWP XAML and WinUI 3 apps), and a partial property should be used instead (as it allows the CsWinRT generators to correctly produce the necessary WinRT marshalling code) (https://aka.ms/mvvmtoolkit/errors/mvvmtk0045) [C:\Users\betom\OneDrive\Escritorio\veterinaria\Helpetd2.0\HealthPetsfrontend\FrontEndHealthPets\FrontEndHealthPets.csproj::TargetFramework=net8.0-windows10.0.19041.0]
C:\Users\betom\OneDrive\Escritorio\veterinaria\Helpetd2.0\HealthPetsfrontend\FrontEndHealthPets\ViewModels\VeterinariansViewModel.cs(18,24): warning MVVMTK0045: The field FrontEndHealthPets.ViewModels.VeterinariansViewModel.searchText using [ObservableProperty] will generate code that is not AOT compatible in WinRT scenarios (such as UWP XAML and WinUI 3 apps), and a partial property should be used instead (as it allows the CsWinRT generators to correctly produce the necessary WinRT marshalling code) (https://aka.ms/mvvmtoolkit/errors/mvvmtk0045) [C:\Users\betom\OneDrive\Escritorio\veterinaria\Helpetd2.0\HealthPetsfrontend\FrontEndHealthPets\FrontEndHealthPets.csproj::TargetFramework=net8.0-windows10.0.19041.0]
C:\Users\betom\OneDrive\Escritorio\veterinaria\Helpetd2.0\HealthPetsfrontend\FrontEndHealthPets\ViewModels\ResetPasswordViewModel.cs(17,24): warning MVVMTK0045: The field FrontEndHealthPets.ViewModels.ResetPasswordViewModel.code using [ObservableProperty] will generate code that is not AOT compatible in WinRT scenarios (such as UWP XAML and WinUI 3 apps), and a partial property should be used instead (as it allows the CsWinRT generators to correctly produce the necessary WinRT marshalling code) (https://aka.ms/mvvmtoolkit/errors/mvvmtk0045) [C:\Users\betom\OneDrive\Escritorio\veterinaria\Helpetd2.0\HealthPetsfrontend\FrontEndHealthPets\FrontEndHealthPets.csproj::TargetFramework=net8.0-windows10.0.19041.0]
C:\Users\betom\OneDrive\Escritorio\veterinaria\Helpetd2.0\HealthPetsfrontend\FrontEndHealthPets\ViewModels\ResetPasswordViewModel.cs(20,24): warning MVVMTK0045: The field FrontEndHealthPets.ViewModels.ResetPasswordViewModel.newPassword using [ObservableProperty] will generate code that is not AOT compatible in WinRT scenarios (such as UWP XAML and WinUI 3 apps), and a partial property should be used instead (as it allows the CsWinRT generators to correctly produce the necessary WinRT marshalling code) (https://aka.ms/mvvmtoolkit/errors/mvvmtk0045) [C:\Users\betom\OneDrive\Escritorio\veterinaria\Helpetd2.0\HealthPetsfrontend\FrontEndHealthPets\FrontEndHealthPets.csproj::TargetFramework=net8.0-windows10.0.19041.0]
C:\Users\betom\OneDrive\Escritorio\veterinaria\Helpetd2.0\HealthPetsfrontend\FrontEndHealthPets\ViewModels\ResetPasswordViewModel.cs(23,24): warning MVVMTK0045: The field FrontEndHealthPets.ViewModels.ResetPasswordViewModel.confirmPassword using [ObservableProperty] will generate code that is not AOT compatible in WinRT scenarios (such as UWP XAML and WinUI 3 apps), and a partial property should be used instead (as it allows the CsWinRT generators to correctly produce the necessary WinRT marshalling code) (https://aka.ms/mvvmtoolkit/errors/mvvmtk0045) [C:\Users\betom\OneDrive\Escritorio\veterinaria\Helpetd2.0\HealthPetsfrontend\FrontEndHealthPets\FrontEndHealthPets.csproj::TargetFramework=net8.0-windows10.0.19041.0]
C:\Users\betom\OneDrive\Escritorio\veterinaria\Helpetd2.0\HealthPetsfrontend\FrontEndHealthPets\ViewModels\ResetPasswordViewModel.cs(26,22): warning MVVMTK0045: The field FrontEndHealthPets.ViewModels.ResetPasswordViewModel.isLoading using [ObservableProperty] will generate code that is not AOT compatible in WinRT scenarios (such as UWP XAML and WinUI 3 apps), and a partial property should be used instead (as it allows the CsWinRT generators to correctly produce the necessary WinRT marshalling code) (https://aka.ms/mvvmtoolkit/errors/mvvmtk0045) [C:\Users\betom\OneDrive\Escritorio\veterinaria\Helpetd2.0\HealthPetsfrontend\FrontEndHealthPets\FrontEndHealthPets.csproj::TargetFramework=net8.0-windows10.0.19041.0]
C:\Users\betom\OneDrive\Escritorio\veterinaria\Helpetd2.0\HealthPetsfrontend\FrontEndHealthPets\ViewModels\VetProfileEditViewModel.cs(17,24): warning MVVMTK0045: The field FrontEndHealthPets.ViewModels.VetProfileEditViewModel.specialty using [ObservableProperty] will generate code that is not AOT compatible in WinRT scenarios (such as UWP XAML and WinUI 3 apps), and a partial property should be used instead (as it allows the CsWinRT generators to correctly produce the necessary WinRT marshalling code) (https://aka.ms/mvvmtoolkit/errors/mvvmtk0045) [C:\Users\betom\OneDrive\Escritorio\veterinaria\Helpetd2.0\HealthPetsfrontend\FrontEndHealthPets\FrontEndHealthPets.csproj::TargetFramework=net8.0-windows10.0.19041.0]
C:\Users\betom\OneDrive\Escritorio\veterinaria\Helpetd2.0\HealthPetsfrontend\FrontEndHealthPets\ViewModels\VetProfileEditViewModel.cs(20,24): warning MVVMTK0045: The field FrontEndHealthPets.ViewModels.VetProfileEditViewModel.description using [ObservableProperty] will generate code that is not AOT compatible in WinRT scenarios (such as UWP XAML and WinUI 3 apps), and a partial property should be used instead (as it allows the CsWinRT generators to correctly produce the necessary WinRT marshalling code) (https://aka.ms/mvvmtoolkit/errors/mvvmtk0045) [C:\Users\betom\OneDrive\Escritorio\veterinaria\Helpetd2.0\HealthPetsfrontend\FrontEndHealthPets\FrontEndHealthPets.csproj::TargetFramework=net8.0-windows10.0.19041.0]
C:\Users\betom\OneDrive\Escritorio\veterinaria\Helpetd2.0\HealthPetsfrontend\FrontEndHealthPets\ViewModels\VetProfileEditViewModel.cs(14,24): warning MVVMTK0045: The field FrontEndHealthPets.ViewModels.VetProfileEditViewModel.name using [ObservableProperty] will generate code that is not AOT compatible in WinRT scenarios (such as UWP XAML and WinUI 3 apps), and a partial property should be used instead (as it allows the CsWinRT generators to correctly produce the necessary WinRT marshalling code) (https://aka.ms/mvvmtoolkit/errors/mvvmtk0045) [C:\Users\betom\OneDrive\Escritorio\veterinaria\Helpetd2.0\HealthPetsfrontend\FrontEndHealthPets\FrontEndHealthPets.csproj::TargetFramework=net8.0-windows10.0.19041.0]
C:\Users\betom\OneDrive\Escritorio\veterinaria\Helpetd2.0\HealthPetsfrontend\FrontEndHealthPets\ViewModels\VetProfileEditViewModel.cs(26,24): warning MVVMTK0045: The field FrontEndHealthPets.ViewModels.VetProfileEditViewModel.consultationPrice using [ObservableProperty] will generate code that is not AOT compatible in WinRT scenarios (such as UWP XAML and WinUI 3 apps), and a partial property should be used instead (as it allows the CsWinRT generators to correctly produce the necessary WinRT marshalling code) (https://aka.ms/mvvmtoolkit/errors/mvvmtk0045) [C:\Users\betom\OneDrive\Escritorio\veterinaria\Helpetd2.0\HealthPetsfrontend\FrontEndHealthPets\FrontEndHealthPets.csproj::TargetFramework=net8.0-windows10.0.19041.0]
C:\Users\betom\OneDrive\Escritorio\veterinaria\Helpetd2.0\HealthPetsfrontend\FrontEndHealthPets\ViewModels\VetProfileEditViewModel.cs(23,24): warning MVVMTK0045: The field FrontEndHealthPets.ViewModels.VetProfileEditViewModel.phone using [ObservableProperty] will generate code that is not AOT compatible in WinRT scenarios (such as UWP XAML and WinUI 3 apps), and a partial property should be used instead (as it allows the CsWinRT generators to correctly produce the necessary WinRT marshalling code) (https://aka.ms/mvvmtoolkit/errors/mvvmtk0045) [C:\Users\betom\OneDrive\Escritorio\veterinaria\Helpetd2.0\HealthPetsfrontend\FrontEndHealthPets\FrontEndHealthPets.csproj::TargetFramework=net8.0-windows10.0.19041.0]
C:\Users\betom\OneDrive\Escritorio\veterinaria\Helpetd2.0\HealthPetsfrontend\FrontEndHealthPets\ViewModels\VetProfileEditViewModel.cs(29,24): warning MVVMTK0045: The field FrontEndHealthPets.ViewModels.VetProfileEditViewModel.profileImageUrl using [ObservableProperty] will generate code that is not AOT compatible in WinRT scenarios (such as UWP XAML and WinUI 3 apps), and a partial property should be used instead (as it allows the CsWinRT generators to correctly produce the necessary WinRT marshalling code) (https://aka.ms/mvvmtoolkit/errors/mvvmtk0045) [C:\Users\betom\OneDrive\Escritorio\veterinaria\Helpetd2.0\HealthPetsfrontend\FrontEndHealthPets\FrontEndHealthPets.csproj::TargetFramework=net8.0-windows10.0.19041.0]
C:\Users\betom\OneDrive\Escritorio\veterinaria\Helpetd2.0\HealthPetsfrontend\FrontEndHealthPets\ViewModels\VetProfileEditViewModel.cs(32,22): warning MVVMTK0045: The field FrontEndHealthPets.ViewModels.VetProfileEditViewModel.isLoading using [ObservableProperty] will generate code that is not AOT compatible in WinRT scenarios (such as UWP XAML and WinUI 3 apps), and a partial property should be used instead (as it allows the CsWinRT generators to correctly produce the necessary WinRT marshalling code) (https://aka.ms/mvvmtoolkit/errors/mvvmtk0045) [C:\Users\betom\OneDrive\Escritorio\veterinaria\Helpetd2.0\HealthPetsfrontend\FrontEndHealthPets\FrontEndHealthPets.csproj::TargetFramework=net8.0-windows10.0.19041.0]
C:\Users\betom\OneDrive\Escritorio\veterinaria\Helpetd2.0\HealthPetsfrontend\FrontEndHealthPets\ViewModels\VetScheduleManagementViewModel.cs(31,24): warning MVVMTK0045: The field FrontEndHealthPets.ViewModels.VetScheduleManagementViewModel.slotDuration using [ObservableProperty] will generate code that is not AOT compatible in WinRT scenarios (such as UWP XAML and WinUI 3 apps), and a partial property should be used instead (as it allows the CsWinRT generators to correctly produce the necessary WinRT marshalling code) (https://aka.ms/mvvmtoolkit/errors/mvvmtk0045) [C:\Users\betom\OneDrive\Escritorio\veterinaria\Helpetd2.0\HealthPetsfrontend\FrontEndHealthPets\FrontEndHealthPets.csproj::TargetFramework=net8.0-windows10.0.19041.0]
C:\Users\betom\OneDrive\Escritorio\veterinaria\Helpetd2.0\HealthPetsfrontend\FrontEndHealthPets\ViewModels\VetScheduleManagementViewModel.cs(28,26): warning MVVMTK0045: The field FrontEndHealthPets.ViewModels.VetScheduleManagementViewModel.endTime using [ObservableProperty] will generate code that is not AOT compatible in WinRT scenarios (such as UWP XAML and WinUI 3 apps), and a partial property should be used instead (as it allows the CsWinRT generators to correctly produce the necessary WinRT marshalling code) (https://aka.ms/mvvmtoolkit/errors/mvvmtk0045) [C:\Users\betom\OneDrive\Escritorio\veterinaria\Helpetd2.0\HealthPetsfrontend\FrontEndHealthPets\FrontEndHealthPets.csproj::TargetFramework=net8.0-windows10.0.19041.0]
C:\Users\betom\OneDrive\Escritorio\veterinaria\Helpetd2.0\HealthPetsfrontend\FrontEndHealthPets\ViewModels\VetScheduleManagementViewModel.cs(22,21): warning MVVMTK0045: The field FrontEndHealthPets.ViewModels.VetScheduleManagementViewModel.selectedDayIndex using [ObservableProperty] will generate code that is not AOT compatible in WinRT scenarios (such as UWP XAML and WinUI 3 apps), and a partial property should be used instead (as it allows the CsWinRT generators to correctly produce the necessary WinRT marshalling code) (https://aka.ms/mvvmtoolkit/errors/mvvmtk0045) [C:\Users\betom\OneDrive\Escritorio\veterinaria\Helpetd2.0\HealthPetsfrontend\FrontEndHealthPets\FrontEndHealthPets.csproj::TargetFramework=net8.0-windows10.0.19041.0]
C:\Users\betom\OneDrive\Escritorio\veterinaria\Helpetd2.0\HealthPetsfrontend\FrontEndHealthPets\ViewModels\VetScheduleManagementViewModel.cs(25,26): warning MVVMTK0045: The field FrontEndHealthPets.ViewModels.VetScheduleManagementViewModel.startTime using [ObservableProperty] will generate code that is not AOT compatible in WinRT scenarios (such as UWP XAML and WinUI 3 apps), and a partial property should be used instead (as it allows the CsWinRT generators to correctly produce the necessary WinRT marshalling code) (https://aka.ms/mvvmtoolkit/errors/mvvmtk0045) [C:\Users\betom\OneDrive\Escritorio\veterinaria\Helpetd2.0\HealthPetsfrontend\FrontEndHealthPets\FrontEndHealthPets.csproj::TargetFramework=net8.0-windows10.0.19041.0]
C:\Users\betom\OneDrive\Escritorio\veterinaria\Helpetd2.0\HealthPetsfrontend\FrontEndHealthPets\ViewModels\VetScheduleManagementViewModel.cs(34,22): warning MVVMTK0045: The field FrontEndHealthPets.ViewModels.VetScheduleManagementViewModel.isLoading using [ObservableProperty] will generate code that is not AOT compatible in WinRT scenarios (such as UWP XAML and WinUI 3 apps), and a partial property should be used instead (as it allows the CsWinRT generators to correctly produce the necessary WinRT marshalling code) (https://aka.ms/mvvmtoolkit/errors/mvvmtk0045) [C:\Users\betom\OneDrive\Escritorio\veterinaria\Helpetd2.0\HealthPetsfrontend\FrontEndHealthPets\FrontEndHealthPets.csproj::TargetFramework=net8.0-windows10.0.19041.0]
    683 Advertencia(s)
    0 Errores

Tiempo transcurrido 00:01:14.57

Hay actualizaciones de carga de trabajo disponibles. Ejecute "dotnet workload list" para obtener m├ís informaci├│n.
